#-----------------------------------------------------------
# Vivado v2022.2 (64-bit)
# SW Build 3671981 on Fri Oct 14 05:00:03 MDT 2022
# IP Build 3669848 on Fri Oct 14 08:30:02 MDT 2022
# Start of session at: Tue Apr  7 16:53:11 2026
# Process ID: 13900
# Current directory: C:/Users/narsi/Desktop/projects/Project_BUG/FIR
# Command line: vivado.exe -mode batch -source build.tcl
# Log file: C:/Users/narsi/Desktop/projects/Project_BUG/FIR/vivado.log
# Journal file: C:/Users/narsi/Desktop/projects/Project_BUG/FIR\vivado.jou
# Running On: Milan, OS: Windows, CPU Frequency: 1797 MHz, CPU Physical cores: 16, Host memory: 6297 MB
#-----------------------------------------------------------
source build.tcl
# set main_project_name "FIR_g"
# set proj_name   "FIR_bug"
# set proj_dir    "./$main_project_name/FIR_g_"
# set build_dir   "./$main_project_name/build"
# set part        "xc7z020clg484-1"
# set rtl_glob    "./$main_project_name/rtl/*.vhd"
# set tb_glob     "./$main_project_name/tb/*_tb.vhd"
# set xdc_glob    "./constraints/*.xdc"
# set rtl_top_e   "FIR"
# set tb_top_e   "FIR_tb"
# set rtl_top     "./$main_project_name/rtl"
# set tb_top      "./$main_project_name/tb"
# set vivado_tool "Vivado 2022.2"
# set rtl_dir     "./rtl"
# set tb_dir      "./tb"
# set src_dir [glob -type d ./*.srcs]
# set full_src_rtl "$src_dir/sources_1/new"
# set full_src_tb "$src_dir/sim_1/new"
# catch {file mkdir $main_project_name}
# if {[file exists $build_dir]} {
#     puts "Cleaning build directory: $build_dir"
#     file delete -force $build_dir
# }
# file mkdir $build_dir
# catch { exec cmd.exe /c robocopy "./" "./$main_project_name" build.tcl run_case.dat } result
# if {![file exists $tb_top]} {
# catch {file mkdir $rtl_top}
# catch {file mkdir $tb_top}
# catch { exec cmd.exe /c robocopy "$full_src_tb" "$tb_top" /E } result
# catch { exec cmd.exe /c robocopy "$full_src_rtl" "$rtl_top" /E } result
# }
# create_project $proj_name $proj_dir -part $part -force
create_project: Time (s): cpu = 00:00:09 ; elapsed = 00:00:11 . Memory (MB): peak = 429.828 ; gain = 117.695
# foreach f [glob -nocomplain $rtl_glob] {
#   add_files $f
# }
# set_property top $rtl_top_e [current_fileset]
# update_compile_order -fileset sources_1
CRITICAL WARNING: [filemgmt 20-742] The top module "FIR" specified for this project can not be validated. The current project is using automatic hierarchy update mode, and hence a new suitable replacement top will be automatically selected. If this is not desired, please change the hierarchy update mode to one of the manual compile order modes first, and then set top to any desired value.
Resolution: To switch to manual update order go to the Sources view, right-click on any node in the hierarchy and in the context menu select: 'Hierarchy Update' option 'No Update' or run the following Tcl Command: set_property source_mgmt_mode None [current_project] (which is the Manual Compile Order mode).
# set tb_list [glob -nocomplain $tb_glob]
# set run_sim 0
# if {[llength $tb_list] > 0} {
#   set run_sim 1
#   foreach f $tb_list {
#     add_files -fileset sim_1 $f
#   }
#   catch { set_property top $tb_top_e [get_filesets sim_1] }
#   update_compile_order -fileset sim_1
# }
CRITICAL WARNING: [filemgmt 20-742] The top module "FIR_tb" specified for this project can not be validated. The current project is using automatic hierarchy update mode, and hence a new suitable replacement top will be automatically selected. If this is not desired, please change the hierarchy update mode to one of the manual compile order modes first, and then set top to any desired value.
Resolution: To switch to manual update order go to the Sources view, right-click on any node in the hierarchy and in the context menu select: 'Hierarchy Update' option 'No Update' or run the following Tcl Command: set_property source_mgmt_mode None [current_project] (which is the Manual Compile Order mode).
# launch_runs synth_1
WARNING: [Vivado 12-7122] Auto Incremental Compile:: No reference checkpoint was found in run synth_1. Auto-incremental flow will not be run, the standard flow will be run instead.
[Tue Apr  7 16:53:32 2026] Launched synth_1...
Run output will be captured here: C:/Users/narsi/Desktop/projects/Project_BUG/FIR/FIR_g/FIR_g_/FIR_bug.runs/synth_1/runme.log
# wait_on_run synth_1
[Tue Apr  7 16:53:32 2026] Waiting for synth_1 to finish...

*** Running vivado
    with args -log FIR_Filter.vds -m64 -product Vivado -mode batch -messageDb vivado.pb -notrace -source FIR_Filter.tcl



****** Vivado v2022.2 (64-bit)
  **** SW Build 3671981 on Fri Oct 14 05:00:03 MDT 2022
  **** IP Build 3669848 on Fri Oct 14 08:30:02 MDT 2022
    ** Copyright 1986-2022 Xilinx, Inc. All Rights Reserved.

source FIR_Filter.tcl -notrace
create_project: Time (s): cpu = 00:00:08 ; elapsed = 00:00:08 . Memory (MB): peak = 432.664 ; gain = 108.336
Command: synth_design -top FIR_Filter -part xc7z020clg484-1
Starting synth_design
Attempting to get a license for feature 'Synthesis' and/or device 'xc7z020'
INFO: [Common 17-349] Got license for feature 'Synthesis' and/or device 'xc7z020'
INFO: [Synth 8-7079] Multithreading enabled for synth_design using a maximum of 2 processes.
INFO: [Synth 8-7078] Launching helper process for spawning children vivado processes
INFO: [Synth 8-7075] Helper process launched with PID 33572
INFO: [Synth 8-11241] undeclared symbol 'REGCCE', assumed default net type 'wire' [C:/Xilinx/Vivado/2022.2/data/verilog/src/unimacro/BRAM_SINGLE_MACRO.v:2170]
---------------------------------------------------------------------------------
Starting Synthesize : Time (s): cpu = 00:00:05 ; elapsed = 00:00:06 . Memory (MB): peak = 866.941 ; gain = 409.402
---------------------------------------------------------------------------------
INFO: [Synth 8-638] synthesizing module 'FIR_Filter' [C:/Users/narsi/Desktop/projects/Project_BUG/FIR/FIR_g/rtl/FIR.vhd:47]
INFO: [Synth 8-256] done synthesizing module 'FIR_Filter' (0#1) [C:/Users/narsi/Desktop/projects/Project_BUG/FIR/FIR_g/rtl/FIR.vhd:47]
---------------------------------------------------------------------------------
Finished Synthesize : Time (s): cpu = 00:00:07 ; elapsed = 00:00:08 . Memory (MB): peak = 958.332 ; gain = 500.793
---------------------------------------------------------------------------------
---------------------------------------------------------------------------------
Finished Constraint Validation : Time (s): cpu = 00:00:07 ; elapsed = 00:00:08 . Memory (MB): peak = 958.332 ; gain = 500.793
---------------------------------------------------------------------------------
---------------------------------------------------------------------------------
Start Loading Part and Timing Information
---------------------------------------------------------------------------------
Loading part: xc7z020clg484-1
---------------------------------------------------------------------------------
Finished Loading Part and Timing Information : Time (s): cpu = 00:00:07 ; elapsed = 00:00:08 . Memory (MB): peak = 958.332 ; gain = 500.793
---------------------------------------------------------------------------------
INFO: [Device 21-403] Loading part xc7z020clg484-1
---------------------------------------------------------------------------------
Finished RTL Optimization Phase 2 : Time (s): cpu = 00:00:08 ; elapsed = 00:00:09 . Memory (MB): peak = 958.332 ; gain = 500.793
---------------------------------------------------------------------------------
No constraint files found.
---------------------------------------------------------------------------------
Start RTL Component Statistics 
---------------------------------------------------------------------------------
Detailed RTL Component Info : 
+---Registers : 
	               16 Bit    Registers := 2     
---------------------------------------------------------------------------------
Finished RTL Component Statistics 
---------------------------------------------------------------------------------
---------------------------------------------------------------------------------
Start Part Resource Summary
---------------------------------------------------------------------------------
Part Resources:
DSPs: 220 (col length:60)
BRAMs: 280 (col length: RAMB18 60 RAMB36 30)
---------------------------------------------------------------------------------
Finished Part Resource Summary
---------------------------------------------------------------------------------
No constraint files found.
---------------------------------------------------------------------------------
Start Cross Boundary and Area Optimization
---------------------------------------------------------------------------------
WARNING: [Synth 8-7080] Parallel synthesis criteria is not met
DSP Report: Generating DSP ARG, operation Mode is: A''*(B:0x3ffef).
DSP Report: register delay_line_reg[30] is absorbed into DSP ARG.
DSP Report: register delay_line_reg[31] is absorbed into DSP ARG.
DSP Report: operator ARG is absorbed into DSP ARG.
DSP Report: Generating DSP final_sum0, operation Mode is: PCIN+A2*(B:0x3ffef).
DSP Report: register delay_line_reg[0] is absorbed into DSP final_sum0.
DSP Report: operator final_sum0 is absorbed into DSP final_sum0.
DSP Report: operator ARG is absorbed into DSP final_sum0.
DSP Report: Generating DSP final_sum0, operation Mode is: PCIN+A''*(B:0x3ffec).
DSP Report: register delay_line_reg[29] is absorbed into DSP final_sum0.
DSP Report: register delay_line_reg[30] is absorbed into DSP final_sum0.
DSP Report: operator final_sum0 is absorbed into DSP final_sum0.
DSP Report: operator ARG is absorbed into DSP final_sum0.
DSP Report: Generating DSP final_sum0, operation Mode is: PCIN+A''*(B:0x3ffe6).
DSP Report: register delay_line_reg[28] is absorbed into DSP final_sum0.
DSP Report: register delay_line_reg[29] is absorbed into DSP final_sum0.
DSP Report: operator final_sum0 is absorbed into DSP final_sum0.
DSP Report: operator ARG is absorbed into DSP final_sum0.
DSP Report: Generating DSP final_sum0, operation Mode is: PCIN+ACIN*(B:0x3ffe1).
DSP Report: operator final_sum0 is absorbed into DSP final_sum0.
DSP Report: operator ARG is absorbed into DSP final_sum0.
DSP Report: Generating DSP final_sum0, operation Mode is: PCIN+A''*(B:0x3ffe3).
DSP Report: register delay_line_reg[26] is absorbed into DSP final_sum0.
DSP Report: register delay_line_reg[27] is absorbed into DSP final_sum0.
DSP Report: operator final_sum0 is absorbed into DSP final_sum0.
DSP Report: operator ARG is absorbed into DSP final_sum0.
DSP Report: Generating DSP final_sum0, operation Mode is: PCIN+ACIN*(B:0x3fff1).
DSP Report: operator final_sum0 is absorbed into DSP final_sum0.
DSP Report: operator ARG is absorbed into DSP final_sum0.
DSP Report: Generating DSP final_sum0, operation Mode is: PCIN+A''*(B:0x14).
DSP Report: register delay_line_reg[24] is absorbed into DSP final_sum0.
DSP Report: register delay_line_reg[25] is absorbed into DSP final_sum0.
DSP Report: operator final_sum0 is absorbed into DSP final_sum0.
DSP Report: operator ARG is absorbed into DSP final_sum0.
DSP Report: Generating DSP final_sum0, operation Mode is: PCIN+ACIN*(B:0x52).
DSP Report: operator final_sum0 is absorbed into DSP final_sum0.
DSP Report: operator ARG is absorbed into DSP final_sum0.
DSP Report: Generating DSP final_sum0, operation Mode is: PCIN+A''*(B:0xae).
DSP Report: register delay_line_reg[22] is absorbed into DSP final_sum0.
DSP Report: register delay_line_reg[23] is absorbed into DSP final_sum0.
DSP Report: operator final_sum0 is absorbed into DSP final_sum0.
DSP Report: operator ARG is absorbed into DSP final_sum0.
DSP Report: Generating DSP final_sum0, operation Mode is: PCIN+ACIN*(B:0x126).
DSP Report: operator final_sum0 is absorbed into DSP final_sum0.
DSP Report: operator ARG is absorbed into DSP final_sum0.
DSP Report: Generating DSP final_sum0, operation Mode is: PCIN+A''*(B:0x1b5).
DSP Report: register delay_line_reg[20] is absorbed into DSP final_sum0.
DSP Report: register delay_line_reg[21] is absorbed into DSP final_sum0.
DSP Report: operator final_sum0 is absorbed into DSP final_sum0.
DSP Report: operator ARG is absorbed into DSP final_sum0.
DSP Report: Generating DSP final_sum0, operation Mode is: PCIN+ACIN*(B:0x24f).
DSP Report: operator final_sum0 is absorbed into DSP final_sum0.
DSP Report: operator ARG is absorbed into DSP final_sum0.
DSP Report: Generating DSP final_sum0, operation Mode is: PCIN+A''*(B:0x2e5).
DSP Report: register delay_line_reg[18] is absorbed into DSP final_sum0.
DSP Report: register delay_line_reg[19] is absorbed into DSP final_sum0.
DSP Report: operator final_sum0 is absorbed into DSP final_sum0.
DSP Report: operator ARG is absorbed into DSP final_sum0.
DSP Report: Generating DSP final_sum0, operation Mode is: PCIN+ACIN*(B:0x369).
DSP Report: operator final_sum0 is absorbed into DSP final_sum0.
DSP Report: operator ARG is absorbed into DSP final_sum0.
DSP Report: Generating DSP final_sum0, operation Mode is: PCIN+A''*(B:0x3cb).
DSP Report: register delay_line_reg[16] is absorbed into DSP final_sum0.
DSP Report: register delay_line_reg[17] is absorbed into DSP final_sum0.
DSP Report: operator final_sum0 is absorbed into DSP final_sum0.
DSP Report: operator ARG is absorbed into DSP final_sum0.
DSP Report: Generating DSP final_sum0, operation Mode is: PCIN+ACIN*(B:0x3ff).
DSP Report: operator final_sum0 is absorbed into DSP final_sum0.
DSP Report: operator ARG is absorbed into DSP final_sum0.
DSP Report: Generating DSP final_sum0, operation Mode is: PCIN+A''*(B:0x3ff).
DSP Report: register delay_line_reg[14] is absorbed into DSP final_sum0.
DSP Report: register delay_line_reg[15] is absorbed into DSP final_sum0.
DSP Report: operator final_sum0 is absorbed into DSP final_sum0.
DSP Report: operator ARG is absorbed into DSP final_sum0.
DSP Report: Generating DSP final_sum0, operation Mode is: PCIN+ACIN*(B:0x3cb).
DSP Report: operator final_sum0 is absorbed into DSP final_sum0.
DSP Report: operator ARG is absorbed into DSP final_sum0.
DSP Report: Generating DSP final_sum0, operation Mode is: PCIN+A''*(B:0x369).
DSP Report: register delay_line_reg[12] is absorbed into DSP final_sum0.
DSP Report: register delay_line_reg[13] is absorbed into DSP final_sum0.
DSP Report: operator final_sum0 is absorbed into DSP final_sum0.
DSP Report: operator ARG is absorbed into DSP final_sum0.
DSP Report: Generating DSP final_sum0, operation Mode is: PCIN+ACIN*(B:0x2e5).
DSP Report: operator final_sum0 is absorbed into DSP final_sum0.
DSP Report: operator ARG is absorbed into DSP final_sum0.
DSP Report: Generating DSP final_sum0, operation Mode is: PCIN+A''*(B:0x24f).
DSP Report: register delay_line_reg[10] is absorbed into DSP final_sum0.
DSP Report: register delay_line_reg[11] is absorbed into DSP final_sum0.
DSP Report: operator final_sum0 is absorbed into DSP final_sum0.
DSP Report: operator ARG is absorbed into DSP final_sum0.
DSP Report: Generating DSP final_sum0, operation Mode is: PCIN+ACIN*(B:0x1b5).
DSP Report: operator final_sum0 is absorbed into DSP final_sum0.
DSP Report: operator ARG is absorbed into DSP final_sum0.
DSP Report: Generating DSP final_sum0, operation Mode is: PCIN+A''*(B:0x126).
DSP Report: register delay_line_reg[8] is absorbed into DSP final_sum0.
DSP Report: register delay_line_reg[9] is absorbed into DSP final_sum0.
DSP Report: operator final_sum0 is absorbed into DSP final_sum0.
DSP Report: operator ARG is absorbed into DSP final_sum0.
DSP Report: Generating DSP final_sum0, operation Mode is: PCIN+ACIN*(B:0xae).
DSP Report: operator final_sum0 is absorbed into DSP final_sum0.
DSP Report: operator ARG is absorbed into DSP final_sum0.
DSP Report: Generating DSP final_sum0, operation Mode is: PCIN+A''*(B:0x52).
DSP Report: register delay_line_reg[6] is absorbed into DSP final_sum0.
DSP Report: register delay_line_reg[7] is absorbed into DSP final_sum0.
DSP Report: operator final_sum0 is absorbed into DSP final_sum0.
DSP Report: operator ARG is absorbed into DSP final_sum0.
DSP Report: Generating DSP final_sum0, operation Mode is: PCIN+ACIN*(B:0x14).
DSP Report: operator final_sum0 is absorbed into DSP final_sum0.
DSP Report: operator ARG is absorbed into DSP final_sum0.
DSP Report: Generating DSP final_sum0, operation Mode is: PCIN+A''*(B:0x3fff1).
DSP Report: register delay_line_reg[4] is absorbed into DSP final_sum0.
DSP Report: register delay_line_reg[5] is absorbed into DSP final_sum0.
DSP Report: operator final_sum0 is absorbed into DSP final_sum0.
DSP Report: operator ARG is absorbed into DSP final_sum0.
DSP Report: Generating DSP final_sum0, operation Mode is: PCIN+ACIN*(B:0x3ffe3).
DSP Report: operator final_sum0 is absorbed into DSP final_sum0.
DSP Report: operator ARG is absorbed into DSP final_sum0.
DSP Report: Generating DSP final_sum0, operation Mode is: PCIN+A''*(B:0x3ffe1).
DSP Report: register delay_line_reg[2] is absorbed into DSP final_sum0.
DSP Report: register delay_line_reg[3] is absorbed into DSP final_sum0.
DSP Report: operator final_sum0 is absorbed into DSP final_sum0.
DSP Report: operator ARG is absorbed into DSP final_sum0.
DSP Report: Generating DSP final_sum0, operation Mode is: PCIN+ACIN*(B:0x3ffe6).
DSP Report: operator final_sum0 is absorbed into DSP final_sum0.
DSP Report: operator ARG is absorbed into DSP final_sum0.
DSP Report: Generating DSP final_sum_reg, operation Mode is: PCIN+A''*(B:0x3ffec).
DSP Report: register delay_line_reg[0] is absorbed into DSP final_sum_reg.
DSP Report: register delay_line_reg[1] is absorbed into DSP final_sum_reg.
DSP Report: register final_sum_reg is absorbed into DSP final_sum_reg.
DSP Report: operator final_sum0 is absorbed into DSP final_sum_reg.
DSP Report: operator ARG is absorbed into DSP final_sum_reg.
---------------------------------------------------------------------------------
Finished Cross Boundary and Area Optimization : Time (s): cpu = 00:00:14 ; elapsed = 00:00:17 . Memory (MB): peak = 1168.980 ; gain = 711.441
---------------------------------------------------------------------------------
---------------------------------------------------------------------------------
Start ROM, RAM, DSP, Shift Register and Retiming Reporting
---------------------------------------------------------------------------------

DSP: Preliminary Mapping Report (see note below. The ' indicates corresponding REG is set)
+------------+-----------------------+--------+--------+--------+--------+--------+------+------+------+------+-------+------+------+
|Module Name | DSP Mapping           | A Size | B Size | C Size | D Size | P Size | AREG | BREG | CREG | DREG | ADREG | MREG | PREG | 
+------------+-----------------------+--------+--------+--------+--------+--------+------+------+------+------+-------+------+------+
|FIR_Filter  | A''*(B:0x3ffef)       | 16     | 6      | -      | -      | 22     | 2    | 0    | -    | -    | -     | 0    | 0    | 
|FIR_Filter  | PCIN+A2*(B:0x3ffef)   | 16     | 6      | -      | -      | 32     | 1    | 0    | -    | -    | -     | 0    | 0    | 
|FIR_Filter  | PCIN+A''*(B:0x3ffec)  | 16     | 6      | -      | -      | 32     | 2    | 0    | -    | -    | -     | 0    | 0    | 
|FIR_Filter  | PCIN+A''*(B:0x3ffe6)  | 16     | 6      | -      | -      | 32     | 2    | 0    | -    | -    | -     | 0    | 0    | 
|FIR_Filter  | PCIN+ACIN*(B:0x3ffe1) | 16     | 6      | -      | -      | 32     | 0    | 0    | -    | -    | -     | 0    | 0    | 
|FIR_Filter  | PCIN+A''*(B:0x3ffe3)  | 16     | 6      | -      | -      | 32     | 2    | 0    | -    | -    | -     | 0    | 0    | 
|FIR_Filter  | PCIN+ACIN*(B:0x3fff1) | 16     | 5      | -      | -      | 32     | 0    | 0    | -    | -    | -     | 0    | 0    | 
|FIR_Filter  | PCIN+A''*(B:0x14)     | 16     | 6      | -      | -      | 32     | 2    | 0    | -    | -    | -     | 0    | 0    | 
|FIR_Filter  | PCIN+ACIN*(B:0x52)    | 16     | 8      | -      | -      | 32     | 0    | 0    | -    | -    | -     | 0    | 0    | 
|FIR_Filter  | PCIN+A''*(B:0xae)     | 16     | 9      | -      | -      | 32     | 2    | 0    | -    | -    | -     | 0    | 0    | 
|FIR_Filter  | PCIN+ACIN*(B:0x126)   | 16     | 10     | -      | -      | 32     | 0    | 0    | -    | -    | -     | 0    | 0    | 
|FIR_Filter  | PCIN+A''*(B:0x1b5)    | 16     | 10     | -      | -      | 32     | 2    | 0    | -    | -    | -     | 0    | 0    | 
|FIR_Filter  | PCIN+ACIN*(B:0x24f)   | 16     | 11     | -      | -      | 32     | 0    | 0    | -    | -    | -     | 0    | 0    | 
|FIR_Filter  | PCIN+A''*(B:0x2e5)    | 16     | 11     | -      | -      | 32     | 2    | 0    | -    | -    | -     | 0    | 0    | 
|FIR_Filter  | PCIN+ACIN*(B:0x369)   | 16     | 11     | -      | -      | 32     | 0    | 0    | -    | -    | -     | 0    | 0    | 
|FIR_Filter  | PCIN+A''*(B:0x3cb)    | 16     | 11     | -      | -      | 32     | 2    | 0    | -    | -    | -     | 0    | 0    | 
|FIR_Filter  | PCIN+ACIN*(B:0x3ff)   | 16     | 11     | -      | -      | 32     | 0    | 0    | -    | -    | -     | 0    | 0    | 
|FIR_Filter  | PCIN+A''*(B:0x3ff)    | 16     | 11     | -      | -      | 32     | 2    | 0    | -    | -    | -     | 0    | 0    | 
|FIR_Filter  | PCIN+ACIN*(B:0x3cb)   | 16     | 11     | -      | -      | 32     | 0    | 0    | -    | -    | -     | 0    | 0    | 
|FIR_Filter  | PCIN+A''*(B:0x369)    | 16     | 11     | -      | -      | 32     | 2    | 0    | -    | -    | -     | 0    | 0    | 
|FIR_Filter  | PCIN+ACIN*(B:0x2e5)   | 16     | 11     | -      | -      | 32     | 0    | 0    | -    | -    | -     | 0    | 0    | 
|FIR_Filter  | PCIN+A''*(B:0x24f)    | 16     | 11     | -      | -      | 32     | 2    | 0    | -    | -    | -     | 0    | 0    | 
|FIR_Filter  | PCIN+ACIN*(B:0x1b5)   | 16     | 10     | -      | -      | 32     | 0    | 0    | -    | -    | -     | 0    | 0    | 
|FIR_Filter  | PCIN+A''*(B:0x126)    | 16     | 10     | -      | -      | 32     | 2    | 0    | -    | -    | -     | 0    | 0    | 
|FIR_Filter  | PCIN+ACIN*(B:0xae)    | 16     | 9      | -      | -      | 32     | 0    | 0    | -    | -    | -     | 0    | 0    | 
|FIR_Filter  | PCIN+A''*(B:0x52)     | 16     | 8      | -      | -      | 32     | 2    | 0    | -    | -    | -     | 0    | 0    | 
|FIR_Filter  | PCIN+ACIN*(B:0x14)    | 16     | 6      | -      | -      | 32     | 0    | 0    | -    | -    | -     | 0    | 0    | 
|FIR_Filter  | PCIN+A''*(B:0x3fff1)  | 16     | 5      | -      | -      | 32     | 2    | 0    | -    | -    | -     | 0    | 0    | 
|FIR_Filter  | PCIN+ACIN*(B:0x3ffe3) | 16     | 6      | -      | -      | 32     | 0    | 0    | -    | -    | -     | 0    | 0    | 
|FIR_Filter  | PCIN+A''*(B:0x3ffe1)  | 16     | 6      | -      | -      | 32     | 2    | 0    | -    | -    | -     | 0    | 0    | 
|FIR_Filter  | PCIN+ACIN*(B:0x3ffe6) | 16     | 6      | -      | -      | 32     | 0    | 0    | -    | -    | -     | 0    | 0    | 
|FIR_Filter  | PCIN+A''*(B:0x3ffec)  | 16     | 6      | -      | -      | 32     | 2    | 0    | -    | -    | -     | 0    | 1    | 
+------------+-----------------------+--------+--------+--------+--------+--------+------+------+------+------+-------+------+------+

Note: The table above is a preliminary report that shows the DSPs inferred at the current stage of the synthesis flow. Some DSP may be reimplemented as non DSP primitives later in the synthesis flow. Multiple instantiated DSPs are reported only once.
---------------------------------------------------------------------------------
Finished ROM, RAM, DSP, Shift Register and Retiming Reporting
---------------------------------------------------------------------------------
No constraint files found.
---------------------------------------------------------------------------------
Start Timing Optimization
---------------------------------------------------------------------------------
---------------------------------------------------------------------------------
Finished Timing Optimization : Time (s): cpu = 00:00:14 ; elapsed = 00:00:18 . Memory (MB): peak = 1172.059 ; gain = 714.520
---------------------------------------------------------------------------------
---------------------------------------------------------------------------------
Start Technology Mapping
---------------------------------------------------------------------------------
---------------------------------------------------------------------------------
Finished Technology Mapping : Time (s): cpu = 00:00:14 ; elapsed = 00:00:18 . Memory (MB): peak = 1172.250 ; gain = 714.711
---------------------------------------------------------------------------------
---------------------------------------------------------------------------------
Start IO Insertion
---------------------------------------------------------------------------------
---------------------------------------------------------------------------------
Start Flattening Before IO Insertion
---------------------------------------------------------------------------------
---------------------------------------------------------------------------------
Finished Flattening Before IO Insertion
---------------------------------------------------------------------------------
---------------------------------------------------------------------------------
Start Final Netlist Cleanup
---------------------------------------------------------------------------------
---------------------------------------------------------------------------------
Finished Final Netlist Cleanup
---------------------------------------------------------------------------------
---------------------------------------------------------------------------------
Finished IO Insertion : Time (s): cpu = 00:00:20 ; elapsed = 00:00:23 . Memory (MB): peak = 1172.250 ; gain = 714.711
---------------------------------------------------------------------------------
---------------------------------------------------------------------------------
Start Renaming Generated Instances
---------------------------------------------------------------------------------
---------------------------------------------------------------------------------
Finished Renaming Generated Instances : Time (s): cpu = 00:00:20 ; elapsed = 00:00:23 . Memory (MB): peak = 1172.250 ; gain = 714.711
---------------------------------------------------------------------------------
---------------------------------------------------------------------------------
Start Rebuilding User Hierarchy
---------------------------------------------------------------------------------
---------------------------------------------------------------------------------
Finished Rebuilding User Hierarchy : Time (s): cpu = 00:00:20 ; elapsed = 00:00:23 . Memory (MB): peak = 1172.250 ; gain = 714.711
---------------------------------------------------------------------------------
---------------------------------------------------------------------------------
Start Renaming Generated Ports
---------------------------------------------------------------------------------
---------------------------------------------------------------------------------
Finished Renaming Generated Ports : Time (s): cpu = 00:00:20 ; elapsed = 00:00:23 . Memory (MB): peak = 1172.250 ; gain = 714.711
---------------------------------------------------------------------------------
---------------------------------------------------------------------------------
Start Handling Custom Attributes
---------------------------------------------------------------------------------
---------------------------------------------------------------------------------
Finished Handling Custom Attributes : Time (s): cpu = 00:00:20 ; elapsed = 00:00:23 . Memory (MB): peak = 1172.250 ; gain = 714.711
---------------------------------------------------------------------------------
---------------------------------------------------------------------------------
Start Renaming Generated Nets
---------------------------------------------------------------------------------
---------------------------------------------------------------------------------
Finished Renaming Generated Nets : Time (s): cpu = 00:00:20 ; elapsed = 00:00:23 . Memory (MB): peak = 1172.250 ; gain = 714.711
---------------------------------------------------------------------------------
---------------------------------------------------------------------------------
Start Writing Synthesis Report
---------------------------------------------------------------------------------

DSP Final Report (the ' indicates corresponding REG is set)
+------------+---------------+--------+--------+--------+--------+--------+------+------+------+------+-------+------+------+
|Module Name | DSP Mapping   | A Size | B Size | C Size | D Size | P Size | AREG | BREG | CREG | DREG | ADREG | MREG | PREG | 
+------------+---------------+--------+--------+--------+--------+--------+------+------+------+------+-------+------+------+
|FIR_Filter  | A''*B         | 30     | 18     | -      | -      | 0      | 2    | 0    | -    | -    | -     | 0    | 0    | 
|FIR_Filter  | PCIN+A'*B     | 30     | 0      | -      | -      | 0      | 1    | 0    | -    | -    | -     | 0    | 0    | 
|FIR_Filter  | PCIN+A''*B    | 30     | 18     | -      | -      | 0      | 2    | 0    | -    | -    | -     | 0    | 0    | 
|FIR_Filter  | PCIN+A''*B    | 30     | 18     | -      | -      | 0      | 2    | 0    | -    | -    | -     | 0    | 0    | 
|FIR_Filter  | PCIN+A*B      | 0      | 18     | -      | -      | 0      | 0    | 0    | -    | -    | -     | 0    | 0    | 
|FIR_Filter  | PCIN+A''*B    | 30     | 18     | -      | -      | 0      | 2    | 0    | -    | -    | -     | 0    | 0    | 
|FIR_Filter  | PCIN+A*B      | 0      | 18     | -      | -      | 0      | 0    | 0    | -    | -    | -     | 0    | 0    | 
|FIR_Filter  | PCIN+A''*B    | 30     | 5      | -      | -      | 0      | 2    | 0    | -    | -    | -     | 0    | 0    | 
|FIR_Filter  | PCIN+A*B      | 0      | 7      | -      | -      | 0      | 0    | 0    | -    | -    | -     | 0    | 0    | 
|FIR_Filter  | PCIN+A''*B    | 30     | 8      | -      | -      | 0      | 2    | 0    | -    | -    | -     | 0    | 0    | 
|FIR_Filter  | PCIN+A*B      | 0      | 9      | -      | -      | 0      | 0    | 0    | -    | -    | -     | 0    | 0    | 
|FIR_Filter  | PCIN+A''*B    | 30     | 9      | -      | -      | 0      | 2    | 0    | -    | -    | -     | 0    | 0    | 
|FIR_Filter  | PCIN+A*B      | 0      | 10     | -      | -      | 0      | 0    | 0    | -    | -    | -     | 0    | 0    | 
|FIR_Filter  | PCIN+A''*B    | 30     | 10     | -      | -      | 0      | 2    | 0    | -    | -    | -     | 0    | 0    | 
|FIR_Filter  | PCIN+A*B      | 0      | 10     | -      | -      | 0      | 0    | 0    | -    | -    | -     | 0    | 0    | 
|FIR_Filter  | PCIN+A''*B    | 30     | 10     | -      | -      | 0      | 2    | 0    | -    | -    | -     | 0    | 0    | 
|FIR_Filter  | PCIN+A*B      | 0      | 10     | -      | -      | 0      | 0    | 0    | -    | -    | -     | 0    | 0    | 
|FIR_Filter  | PCIN+A''*B    | 30     | 0      | -      | -      | 0      | 2    | 0    | -    | -    | -     | 0    | 0    | 
|FIR_Filter  | PCIN+A*B      | 0      | 10     | -      | -      | 0      | 0    | 0    | -    | -    | -     | 0    | 0    | 
|FIR_Filter  | PCIN+A''*B    | 30     | 10     | -      | -      | 0      | 2    | 0    | -    | -    | -     | 0    | 0    | 
|FIR_Filter  | PCIN+A*B      | 0      | 10     | -      | -      | 0      | 0    | 0    | -    | -    | -     | 0    | 0    | 
|FIR_Filter  | PCIN+A''*B    | 30     | 10     | -      | -      | 0      | 2    | 0    | -    | -    | -     | 0    | 0    | 
|FIR_Filter  | PCIN+A*B      | 0      | 9      | -      | -      | 0      | 0    | 0    | -    | -    | -     | 0    | 0    | 
|FIR_Filter  | PCIN+A''*B    | 30     | 9      | -      | -      | 0      | 2    | 0    | -    | -    | -     | 0    | 0    | 
|FIR_Filter  | PCIN+A*B      | 0      | 8      | -      | -      | 0      | 0    | 0    | -    | -    | -     | 0    | 0    | 
|FIR_Filter  | PCIN+A''*B    | 30     | 7      | -      | -      | 0      | 2    | 0    | -    | -    | -     | 0    | 0    | 
|FIR_Filter  | PCIN+A*B      | 0      | 5      | -      | -      | 0      | 0    | 0    | -    | -    | -     | 0    | 0    | 
|FIR_Filter  | PCIN+A''*B    | 30     | 18     | -      | -      | 0      | 2    | 0    | -    | -    | -     | 0    | 0    | 
|FIR_Filter  | PCIN+A*B      | 0      | 18     | -      | -      | 0      | 0    | 0    | -    | -    | -     | 0    | 0    | 
|FIR_Filter  | PCIN+A''*B    | 30     | 18     | -      | -      | 0      | 2    | 0    | -    | -    | -     | 0    | 0    | 
|FIR_Filter  | PCIN+A*B      | 0      | 18     | -      | -      | 0      | 0    | 0    | -    | -    | -     | 0    | 0    | 
|FIR_Filter  | (PCIN+A''*B)' | 30     | 18     | -      | -      | 32     | 2    | 0    | -    | -    | -     | 0    | 1    | 
+------------+---------------+--------+--------+--------+--------+--------+------+------+------+------+-------+------+------+


Report BlackBoxes: 
+-+--------------+----------+
| |BlackBox name |Instances |
+-+--------------+----------+
+-+--------------+----------+

Report Cell Usage: 
+------+--------+------+
|      |Cell    |Count |
+------+--------+------+
|1     |BUFG    |     1|
|2     |DSP48E1 |    32|
|3     |FDRE    |   480|
|4     |IBUF    |    18|
|5     |OBUF    |    32|
+------+--------+------+

Report Instance Areas: 
+------+---------+-------+------+
|      |Instance |Module |Cells |
+------+---------+-------+------+
|1     |top      |       |   563|
+------+---------+-------+------+
---------------------------------------------------------------------------------
Finished Writing Synthesis Report : Time (s): cpu = 00:00:20 ; elapsed = 00:00:23 . Memory (MB): peak = 1172.250 ; gain = 714.711
---------------------------------------------------------------------------------
Synthesis finished with 0 errors, 0 critical warnings and 1 warnings.
Synthesis Optimization Runtime : Time (s): cpu = 00:00:20 ; elapsed = 00:00:23 . Memory (MB): peak = 1172.250 ; gain = 714.711
Synthesis Optimization Complete : Time (s): cpu = 00:00:20 ; elapsed = 00:00:23 . Memory (MB): peak = 1172.250 ; gain = 714.711
INFO: [Project 1-571] Translating synthesized netlist
Netlist sorting complete. Time (s): cpu = 00:00:00 ; elapsed = 00:00:00.012 . Memory (MB): peak = 1184.164 ; gain = 0.000
INFO: [Netlist 29-17] Analyzing 32 Unisim elements for replacement
INFO: [Netlist 29-28] Unisim Transformation completed in 0 CPU seconds
INFO: [Project 1-570] Preparing netlist for logic optimization
INFO: [Opt 31-138] Pushed 0 inverter(s) to 0 load pin(s).
Netlist sorting complete. Time (s): cpu = 00:00:00 ; elapsed = 00:00:00 . Memory (MB): peak = 1281.637 ; gain = 0.000
INFO: [Project 1-111] Unisim Transformation Summary:
No Unisim elements were transformed.

Synth Design complete, checksum: d8d39e07
INFO: [Common 17-83] Releasing license: Synthesis
15 Infos, 1 Warnings, 0 Critical Warnings and 0 Errors encountered.
synth_design completed successfully
synth_design: Time (s): cpu = 00:00:22 ; elapsed = 00:00:25 . Memory (MB): peak = 1281.637 ; gain = 848.973
INFO: [Common 17-1381] The checkpoint 'C:/Users/narsi/Desktop/projects/Project_BUG/FIR/FIR_g/FIR_g_/FIR_bug.runs/synth_1/FIR_Filter.dcp' has been generated.
INFO: [runtcl-4] Executing : report_utilization -file FIR_Filter_utilization_synth.rpt -pb FIR_Filter_utilization_synth.pb
INFO: [Common 17-206] Exiting Vivado at Tue Apr  7 16:54:14 2026...
[Tue Apr  7 16:54:18 2026] synth_1 finished
wait_on_runs: Time (s): cpu = 00:00:00 ; elapsed = 00:00:45 . Memory (MB): peak = 455.672 ; gain = 0.000
# open_run synth_1
Design is defaulting to impl run constrset: constrs_1
Design is defaulting to synth run part: xc7z020clg484-1
INFO: [Device 21-403] Loading part xc7z020clg484-1
Netlist sorting complete. Time (s): cpu = 00:00:00 ; elapsed = 00:00:00.005 . Memory (MB): peak = 859.059 ; gain = 0.000
INFO: [Netlist 29-17] Analyzing 32 Unisim elements for replacement
INFO: [Netlist 29-28] Unisim Transformation completed in 0 CPU seconds
INFO: [Project 1-479] Netlist was created with Vivado 2022.2
INFO: [Project 1-570] Preparing netlist for logic optimization
INFO: [Opt 31-138] Pushed 0 inverter(s) to 0 load pin(s).
Netlist sorting complete. Time (s): cpu = 00:00:00 ; elapsed = 00:00:00 . Memory (MB): peak = 977.188 ; gain = 0.000
INFO: [Project 1-111] Unisim Transformation Summary:
No Unisim elements were transformed.

open_run: Time (s): cpu = 00:00:05 ; elapsed = 00:00:07 . Memory (MB): peak = 977.188 ; gain = 521.516
# write_checkpoint -force [file join $build_dir post_synth.dcp]
INFO: [Common 17-1381] The checkpoint 'C:/Users/narsi/Desktop/projects/Project_BUG/FIR/FIR_g/build/post_synth.dcp' has been generated.
# launch_runs impl_1
[Tue Apr  7 16:54:26 2026] Launched impl_1...
Run output will be captured here: C:/Users/narsi/Desktop/projects/Project_BUG/FIR/FIR_g/FIR_g_/FIR_bug.runs/impl_1/runme.log
# wait_on_run impl_1
[Tue Apr  7 16:54:26 2026] Waiting for impl_1 to finish...

*** Running vivado
    with args -log FIR_Filter.vdi -applog -m64 -product Vivado -messageDb vivado.pb -mode batch -source FIR_Filter.tcl -notrace



****** Vivado v2022.2 (64-bit)
  **** SW Build 3671981 on Fri Oct 14 05:00:03 MDT 2022
  **** IP Build 3669848 on Fri Oct 14 08:30:02 MDT 2022
    ** Copyright 1986-2022 Xilinx, Inc. All Rights Reserved.

source FIR_Filter.tcl -notrace
Command: open_checkpoint C:/Users/narsi/Desktop/projects/Project_BUG/FIR/FIR_g/FIR_g_/FIR_bug.runs/impl_1/FIR_Filter.dcp
INFO: [Device 21-403] Loading part xc7z020clg484-1
Netlist sorting complete. Time (s): cpu = 00:00:00 ; elapsed = 00:00:00.006 . Memory (MB): peak = 861.258 ; gain = 0.000
INFO: [Netlist 29-17] Analyzing 32 Unisim elements for replacement
INFO: [Netlist 29-28] Unisim Transformation completed in 0 CPU seconds
INFO: [Project 1-479] Netlist was created with Vivado 2022.2
INFO: [Project 1-570] Preparing netlist for logic optimization
Netlist sorting complete. Time (s): cpu = 00:00:00 ; elapsed = 00:00:00 . Memory (MB): peak = 954.613 ; gain = 0.000
INFO: [Project 1-111] Unisim Transformation Summary:
No Unisim elements were transformed.

INFO: [Project 1-604] Checkpoint was created with Vivado v2022.2 (64-bit) build 3671981
OpenCheckpoint Checksum | Checksum: 19e1ec25
----- Checksum: PlaceDB: 00000000 ShapeSum: 19e1ec25 RouteDB: 00000000 
open_checkpoint: Time (s): cpu = 00:00:13 ; elapsed = 00:00:16 . Memory (MB): peak = 958.680 ; gain = 636.934
Command: opt_design
Attempting to get a license for feature 'Implementation' and/or device 'xc7z020'
INFO: [Common 17-349] Got license for feature 'Implementation' and/or device 'xc7z020'
Running DRC as a precondition to command opt_design

Starting DRC Task
INFO: [DRC 23-27] Running DRC with 2 threads
INFO: [Project 1-461] DRC finished with 0 Errors
INFO: [Project 1-462] Please refer to the DRC report (report_drc) for more information.

Time (s): cpu = 00:00:02 ; elapsed = 00:00:01 . Memory (MB): peak = 1008.496 ; gain = 27.938

Starting Cache Timing Information Task
INFO: [Timing 38-35] Done setting XDC timing constraints.
Ending Cache Timing Information Task | Checksum: f2b58a2c

Time (s): cpu = 00:00:07 ; elapsed = 00:00:08 . Memory (MB): peak = 1541.133 ; gain = 532.637

Starting Logic Optimization Task

Phase 1 Retarget
INFO: [Opt 31-138] Pushed 0 inverter(s) to 0 load pin(s).
INFO: [Opt 31-49] Retargeted 0 cell(s).
Phase 1 Retarget | Checksum: f2b58a2c

Time (s): cpu = 00:00:01 ; elapsed = 00:00:00.237 . Memory (MB): peak = 1877.035 ; gain = 0.000
INFO: [Opt 31-389] Phase Retarget created 0 cells and removed 0 cells

Phase 2 Constant propagation
INFO: [Opt 31-138] Pushed 0 inverter(s) to 0 load pin(s).
Phase 2 Constant propagation | Checksum: f2b58a2c

Time (s): cpu = 00:00:01 ; elapsed = 00:00:00.255 . Memory (MB): peak = 1877.035 ; gain = 0.000
INFO: [Opt 31-389] Phase Constant propagation created 0 cells and removed 0 cells

Phase 3 Sweep
Phase 3 Sweep | Checksum: f2b58a2c

Time (s): cpu = 00:00:01 ; elapsed = 00:00:00.307 . Memory (MB): peak = 1877.035 ; gain = 0.000
INFO: [Opt 31-389] Phase Sweep created 0 cells and removed 0 cells

Phase 4 BUFG optimization
Phase 4 BUFG optimization | Checksum: f2b58a2c

Time (s): cpu = 00:00:01 ; elapsed = 00:00:00.378 . Memory (MB): peak = 1877.035 ; gain = 0.000
INFO: [Opt 31-662] Phase BUFG optimization created 0 cells of which 0 are BUFGs and removed 0 cells.

Phase 5 Shift Register Optimization
INFO: [Opt 31-1064] SRL Remap converted 0 SRLs to 0 registers and converted 0 registers of register chains to 0 SRLs
Phase 5 Shift Register Optimization | Checksum: f2b58a2c

Time (s): cpu = 00:00:01 ; elapsed = 00:00:00.382 . Memory (MB): peak = 1877.035 ; gain = 0.000
INFO: [Opt 31-389] Phase Shift Register Optimization created 0 cells and removed 0 cells

Phase 6 Post Processing Netlist
Phase 6 Post Processing Netlist | Checksum: f2b58a2c

Time (s): cpu = 00:00:01 ; elapsed = 00:00:00.386 . Memory (MB): peak = 1877.035 ; gain = 0.000
INFO: [Opt 31-389] Phase Post Processing Netlist created 0 cells and removed 0 cells
Opt_design Change Summary
=========================


-------------------------------------------------------------------------------------------------------------------------
|  Phase                        |  #Cells created  |  #Cells Removed  |  #Constrained objects preventing optimizations  |
-------------------------------------------------------------------------------------------------------------------------
|  Retarget                     |               0  |               0  |                                              0  |
|  Constant propagation         |               0  |               0  |                                              0  |
|  Sweep                        |               0  |               0  |                                              0  |
|  BUFG optimization            |               0  |               0  |                                              0  |
|  Shift Register Optimization  |               0  |               0  |                                              0  |
|  Post Processing Netlist      |               0  |               0  |                                              0  |
-------------------------------------------------------------------------------------------------------------------------



Starting Connectivity Check Task

Time (s): cpu = 00:00:00 ; elapsed = 00:00:00.002 . Memory (MB): peak = 1877.035 ; gain = 0.000
Ending Logic Optimization Task | Checksum: f2b58a2c

Time (s): cpu = 00:00:01 ; elapsed = 00:00:00.392 . Memory (MB): peak = 1877.035 ; gain = 0.000

Starting Power Optimization Task
INFO: [Pwropt 34-132] Skipping clock gating for clocks with a period < 2.00 ns.
Ending Power Optimization Task | Checksum: f2b58a2c

Time (s): cpu = 00:00:00 ; elapsed = 00:00:00.021 . Memory (MB): peak = 1877.035 ; gain = 0.000

Starting Final Cleanup Task
Ending Final Cleanup Task | Checksum: f2b58a2c

Time (s): cpu = 00:00:00 ; elapsed = 00:00:00 . Memory (MB): peak = 1877.035 ; gain = 0.000

Starting Netlist Obfuscation Task
Netlist sorting complete. Time (s): cpu = 00:00:00 ; elapsed = 00:00:00 . Memory (MB): peak = 1877.035 ; gain = 0.000
Ending Netlist Obfuscation Task | Checksum: f2b58a2c

Time (s): cpu = 00:00:00 ; elapsed = 00:00:00.001 . Memory (MB): peak = 1877.035 ; gain = 0.000
INFO: [Common 17-83] Releasing license: Implementation
24 Infos, 0 Warnings, 0 Critical Warnings and 0 Errors encountered.
opt_design completed successfully
opt_design: Time (s): cpu = 00:00:13 ; elapsed = 00:00:12 . Memory (MB): peak = 1877.035 ; gain = 918.355
INFO: [Common 17-1381] The checkpoint 'C:/Users/narsi/Desktop/projects/Project_BUG/FIR/FIR_g/FIR_g_/FIR_bug.runs/impl_1/FIR_Filter_opt.dcp' has been generated.
INFO: [runtcl-4] Executing : report_drc -file FIR_Filter_drc_opted.rpt -pb FIR_Filter_drc_opted.pb -rpx FIR_Filter_drc_opted.rpx
Command: report_drc -file FIR_Filter_drc_opted.rpt -pb FIR_Filter_drc_opted.pb -rpx FIR_Filter_drc_opted.rpx
INFO: [IP_Flow 19-234] Refreshing IP repositories
INFO: [IP_Flow 19-1704] No user IP repositories specified
INFO: [IP_Flow 19-2313] Loaded Vivado IP repository 'C:/Xilinx/Vivado/2022.2/data/ip'.
INFO: [DRC 23-27] Running DRC with 2 threads
INFO: [Vivado_Tcl 2-168] The results of DRC are in file C:/Users/narsi/Desktop/projects/Project_BUG/FIR/FIR_g/FIR_g_/FIR_bug.runs/impl_1/FIR_Filter_drc_opted.rpt.
report_drc completed successfully
Command: place_design
Attempting to get a license for feature 'Implementation' and/or device 'xc7z020'
INFO: [Common 17-349] Got license for feature 'Implementation' and/or device 'xc7z020'
INFO: [DRC 23-27] Running DRC with 2 threads
INFO: [Vivado_Tcl 4-198] DRC finished with 0 Errors
INFO: [Vivado_Tcl 4-199] Please refer to the DRC report (report_drc) for more information.
Running DRC as a precondition to command place_design
INFO: [DRC 23-27] Running DRC with 2 threads
INFO: [Vivado_Tcl 4-198] DRC finished with 0 Errors
INFO: [Vivado_Tcl 4-199] Please refer to the DRC report (report_drc) for more information.

Starting Placer Task
INFO: [Place 30-611] Multithreading enabled for place_design using a maximum of 2 CPUs

Phase 1 Placer Initialization

Phase 1.1 Placer Initialization Netlist Sorting
Netlist sorting complete. Time (s): cpu = 00:00:00 ; elapsed = 00:00:00 . Memory (MB): peak = 1877.035 ; gain = 0.000
Phase 1.1 Placer Initialization Netlist Sorting | Checksum: 19e1ec25

Time (s): cpu = 00:00:00 ; elapsed = 00:00:00.024 . Memory (MB): peak = 1877.035 ; gain = 0.000
Netlist sorting complete. Time (s): cpu = 00:00:00 ; elapsed = 00:00:00 . Memory (MB): peak = 1877.035 ; gain = 0.000

Phase 1.2 IO Placement/ Clock Placement/ Build Placer Device
INFO: [Timing 38-35] Done setting XDC timing constraints.
Phase 1.2 IO Placement/ Clock Placement/ Build Placer Device | Checksum: 4106f238

Time (s): cpu = 00:00:01 ; elapsed = 00:00:00.900 . Memory (MB): peak = 1877.035 ; gain = 0.000

Phase 1.3 Build Placer Netlist Model
Phase 1.3 Build Placer Netlist Model | Checksum: c49c3cb3

Time (s): cpu = 00:00:01 ; elapsed = 00:00:01 . Memory (MB): peak = 1877.035 ; gain = 0.000

Phase 1.4 Constrain Clocks/Macros
Phase 1.4 Constrain Clocks/Macros | Checksum: c49c3cb3

Time (s): cpu = 00:00:01 ; elapsed = 00:00:01 . Memory (MB): peak = 1877.035 ; gain = 0.000
Phase 1 Placer Initialization | Checksum: c49c3cb3

Time (s): cpu = 00:00:01 ; elapsed = 00:00:01 . Memory (MB): peak = 1877.035 ; gain = 0.000

Phase 2 Global Placement

Phase 2.1 Floorplanning
Phase 2.1 Floorplanning | Checksum: c49c3cb3

Time (s): cpu = 00:00:02 ; elapsed = 00:00:01 . Memory (MB): peak = 1877.035 ; gain = 0.000

Phase 2.2 Update Timing before SLR Path Opt
Phase 2.2 Update Timing before SLR Path Opt | Checksum: c49c3cb3

Time (s): cpu = 00:00:02 ; elapsed = 00:00:01 . Memory (MB): peak = 1877.035 ; gain = 0.000

Phase 2.3 Post-Processing in Floorplanning
Phase 2.3 Post-Processing in Floorplanning | Checksum: c49c3cb3

Time (s): cpu = 00:00:02 ; elapsed = 00:00:01 . Memory (MB): peak = 1877.035 ; gain = 0.000

Phase 2.4 Global Placement Core
WARNING: [Place 46-29] Timing had been disabled during Placer and, therefore, physical synthesis in Placer will be skipped.
Phase 2.4 Global Placement Core | Checksum: 16468fec1

Time (s): cpu = 00:00:03 ; elapsed = 00:00:02 . Memory (MB): peak = 1877.035 ; gain = 0.000
Phase 2 Global Placement | Checksum: 16468fec1

Time (s): cpu = 00:00:03 ; elapsed = 00:00:02 . Memory (MB): peak = 1877.035 ; gain = 0.000

Phase 3 Detail Placement

Phase 3.1 Commit Multi Column Macros
Phase 3.1 Commit Multi Column Macros | Checksum: 16468fec1

Time (s): cpu = 00:00:03 ; elapsed = 00:00:02 . Memory (MB): peak = 1877.035 ; gain = 0.000

Phase 3.2 Commit Most Macros & LUTRAMs
Phase 3.2 Commit Most Macros & LUTRAMs | Checksum: 9b3f8c96

Time (s): cpu = 00:00:03 ; elapsed = 00:00:02 . Memory (MB): peak = 1877.035 ; gain = 0.000

Phase 3.3 Area Swap Optimization
Phase 3.3 Area Swap Optimization | Checksum: 91fbd1d6

Time (s): cpu = 00:00:03 ; elapsed = 00:00:02 . Memory (MB): peak = 1877.035 ; gain = 0.000

Phase 3.4 Pipeline Register Optimization
Phase 3.4 Pipeline Register Optimization | Checksum: 91fbd1d6

Time (s): cpu = 00:00:03 ; elapsed = 00:00:02 . Memory (MB): peak = 1877.035 ; gain = 0.000

Phase 3.5 Small Shape Detail Placement
Phase 3.5 Small Shape Detail Placement | Checksum: 13ebc4bfb

Time (s): cpu = 00:00:04 ; elapsed = 00:00:03 . Memory (MB): peak = 1877.035 ; gain = 0.000

Phase 3.6 Re-assign LUT pins
Phase 3.6 Re-assign LUT pins | Checksum: 13ebc4bfb

Time (s): cpu = 00:00:04 ; elapsed = 00:00:03 . Memory (MB): peak = 1877.035 ; gain = 0.000

Phase 3.7 Pipeline Register Optimization
Phase 3.7 Pipeline Register Optimization | Checksum: 13ebc4bfb

Time (s): cpu = 00:00:04 ; elapsed = 00:00:03 . Memory (MB): peak = 1877.035 ; gain = 0.000
Phase 3 Detail Placement | Checksum: 13ebc4bfb

Time (s): cpu = 00:00:04 ; elapsed = 00:00:03 . Memory (MB): peak = 1877.035 ; gain = 0.000

Phase 4 Post Placement Optimization and Clean-Up

Phase 4.1 Post Commit Optimization
Phase 4.1 Post Commit Optimization | Checksum: 13ebc4bfb

Time (s): cpu = 00:00:04 ; elapsed = 00:00:03 . Memory (MB): peak = 1877.035 ; gain = 0.000

Phase 4.2 Post Placement Cleanup
Phase 4.2 Post Placement Cleanup | Checksum: 13ebc4bfb

Time (s): cpu = 00:00:04 ; elapsed = 00:00:03 . Memory (MB): peak = 1877.035 ; gain = 0.000

Phase 4.3 Placer Reporting

Phase 4.3.1 Print Estimated Congestion
INFO: [Place 30-612] Post-Placement Estimated Congestion 
 ____________________________________________________
|           | Global Congestion | Short Congestion  |
| Direction | Region Size       | Region Size       |
|___________|___________________|___________________|
|      North|                1x1|                1x1|
|___________|___________________|___________________|
|      South|                1x1|                1x1|
|___________|___________________|___________________|
|       East|                1x1|                1x1|
|___________|___________________|___________________|
|       West|                1x1|                1x1|
|___________|___________________|___________________|

Phase 4.3.1 Print Estimated Congestion | Checksum: 13ebc4bfb

Time (s): cpu = 00:00:04 ; elapsed = 00:00:03 . Memory (MB): peak = 1877.035 ; gain = 0.000
Phase 4.3 Placer Reporting | Checksum: 13ebc4bfb

Time (s): cpu = 00:00:04 ; elapsed = 00:00:03 . Memory (MB): peak = 1877.035 ; gain = 0.000

Phase 4.4 Final Placement Cleanup
Netlist sorting complete. Time (s): cpu = 00:00:00 ; elapsed = 00:00:00 . Memory (MB): peak = 1877.035 ; gain = 0.000

Time (s): cpu = 00:00:04 ; elapsed = 00:00:03 . Memory (MB): peak = 1877.035 ; gain = 0.000
Phase 4 Post Placement Optimization and Clean-Up | Checksum: 13ebc4bfb

Time (s): cpu = 00:00:04 ; elapsed = 00:00:03 . Memory (MB): peak = 1877.035 ; gain = 0.000
Ending Placer Task | Checksum: 10fc8c693

Time (s): cpu = 00:00:04 ; elapsed = 00:00:03 . Memory (MB): peak = 1877.035 ; gain = 0.000
INFO: [Common 17-83] Releasing license: Implementation
42 Infos, 1 Warnings, 0 Critical Warnings and 0 Errors encountered.
place_design completed successfully
Writing XDEF routing.
Writing XDEF routing logical nets.
Writing XDEF routing special nets.
Write XDEF Complete: Time (s): cpu = 00:00:00 ; elapsed = 00:00:00.255 . Memory (MB): peak = 1879.504 ; gain = 2.469
INFO: [Common 17-1381] The checkpoint 'C:/Users/narsi/Desktop/projects/Project_BUG/FIR/FIR_g/FIR_g_/FIR_bug.runs/impl_1/FIR_Filter_placed.dcp' has been generated.
INFO: [runtcl-4] Executing : report_io -file FIR_Filter_io_placed.rpt
report_io: Time (s): cpu = 00:00:00 ; elapsed = 00:00:00.119 . Memory (MB): peak = 1879.504 ; gain = 0.000
INFO: [runtcl-4] Executing : report_utilization -file FIR_Filter_utilization_placed.rpt -pb FIR_Filter_utilization_placed.pb
INFO: [runtcl-4] Executing : report_control_sets -verbose -file FIR_Filter_control_sets_placed.rpt
report_control_sets: Time (s): cpu = 00:00:00 ; elapsed = 00:00:00.005 . Memory (MB): peak = 1879.504 ; gain = 0.000
Command: phys_opt_design
Attempting to get a license for feature 'Implementation' and/or device 'xc7z020'
INFO: [Common 17-349] Got license for feature 'Implementation' and/or device 'xc7z020'

Starting Initial Update Timing Task

Time (s): cpu = 00:00:00 ; elapsed = 00:00:00.086 . Memory (MB): peak = 1889.961 ; gain = 10.457
INFO: [Vivado_Tcl 4-235] No timing constraint found. The netlist was not modified.
INFO: [Common 17-83] Releasing license: Implementation
49 Infos, 1 Warnings, 0 Critical Warnings and 0 Errors encountered.
phys_opt_design completed successfully
Writing XDEF routing.
Writing XDEF routing logical nets.
Writing XDEF routing special nets.
Write XDEF Complete: Time (s): cpu = 00:00:00 ; elapsed = 00:00:00.141 . Memory (MB): peak = 1907.840 ; gain = 14.922
INFO: [Common 17-1381] The checkpoint 'C:/Users/narsi/Desktop/projects/Project_BUG/FIR/FIR_g/FIR_g_/FIR_bug.runs/impl_1/FIR_Filter_physopt.dcp' has been generated.
Command: route_design
Attempting to get a license for feature 'Implementation' and/or device 'xc7z020'
INFO: [Common 17-349] Got license for feature 'Implementation' and/or device 'xc7z020'
Running DRC as a precondition to command route_design
INFO: [DRC 23-27] Running DRC with 2 threads
INFO: [Vivado_Tcl 4-198] DRC finished with 0 Errors
INFO: [Vivado_Tcl 4-199] Please refer to the DRC report (report_drc) for more information.


Starting Routing Task
INFO: [Route 35-254] Multithreading enabled for route_design using a maximum of 2 CPUs

Phase 1 Build RT Design
Checksum: PlaceDB: f5e6da6e ConstDB: 0 ShapeSum: 19e1ec25 RouteDB: 0
Post Restoration Checksum: NetGraph: 87153955 NumContArr: dc0b8ceb Constraints: 0 Timing: 0
Phase 1 Build RT Design | Checksum: 16320c640

Time (s): cpu = 00:00:29 ; elapsed = 00:00:26 . Memory (MB): peak = 2010.535 ; gain = 92.574

Phase 2 Router Initialization
INFO: [Route 35-64] No timing constraints were detected. The router will operate in resource-optimization mode.

Phase 2.1 Fix Topology Constraints
Phase 2.1 Fix Topology Constraints | Checksum: 16320c640

Time (s): cpu = 00:00:29 ; elapsed = 00:00:27 . Memory (MB): peak = 2017.180 ; gain = 99.219

Phase 2.2 Pre Route Cleanup
Phase 2.2 Pre Route Cleanup | Checksum: 16320c640

Time (s): cpu = 00:00:29 ; elapsed = 00:00:27 . Memory (MB): peak = 2017.180 ; gain = 99.219
 Number of Nodes with overlaps = 0

Router Utilization Summary
  Global Vertical Routing Utilization    = 0 %
  Global Horizontal Routing Utilization  = 0 %
  Routable Net Status*
  *Does not include unroutable nets such as driverless and loadless.
  Run report_route_status for detailed report.
  Number of Failed Nets               = 2473
    (Failed Nets is the sum of unrouted and partially routed nets)
  Number of Unrouted Nets             = 2473
  Number of Partially Routed Nets     = 0
  Number of Node Overlaps             = 0

Phase 2 Router Initialization | Checksum: adfb214a

Time (s): cpu = 00:00:30 ; elapsed = 00:00:27 . Memory (MB): peak = 2037.582 ; gain = 119.621

Phase 3 Initial Routing

Phase 3.1 Global Routing
Phase 3.1 Global Routing | Checksum: adfb214a

Time (s): cpu = 00:00:30 ; elapsed = 00:00:27 . Memory (MB): peak = 2037.582 ; gain = 119.621
Phase 3 Initial Routing | Checksum: 118c7794f

Time (s): cpu = 00:00:30 ; elapsed = 00:00:27 . Memory (MB): peak = 2037.582 ; gain = 119.621

Phase 4 Rip-up And Reroute

Phase 4.1 Global Iteration 0
 Number of Nodes with overlaps = 0
Phase 4.1 Global Iteration 0 | Checksum: f47f4681

Time (s): cpu = 00:00:30 ; elapsed = 00:00:27 . Memory (MB): peak = 2037.582 ; gain = 119.621
Phase 4 Rip-up And Reroute | Checksum: f47f4681

Time (s): cpu = 00:00:30 ; elapsed = 00:00:27 . Memory (MB): peak = 2037.582 ; gain = 119.621

Phase 5 Delay and Skew Optimization
Phase 5 Delay and Skew Optimization | Checksum: f47f4681

Time (s): cpu = 00:00:30 ; elapsed = 00:00:27 . Memory (MB): peak = 2037.582 ; gain = 119.621

Phase 6 Post Hold Fix

Phase 6.1 Hold Fix Iter
Phase 6.1 Hold Fix Iter | Checksum: f47f4681

Time (s): cpu = 00:00:30 ; elapsed = 00:00:27 . Memory (MB): peak = 2037.582 ; gain = 119.621
Phase 6 Post Hold Fix | Checksum: f47f4681

Time (s): cpu = 00:00:30 ; elapsed = 00:00:27 . Memory (MB): peak = 2037.582 ; gain = 119.621

Phase 7 Route finalize

Router Utilization Summary
  Global Vertical Routing Utilization    = 0.253547 %
  Global Horizontal Routing Utilization  = 0.203009 %
  Routable Net Status*
  *Does not include unroutable nets such as driverless and loadless.
  Run report_route_status for detailed report.
  Number of Failed Nets               = 0
    (Failed Nets is the sum of unrouted and partially routed nets)
  Number of Unrouted Nets             = 0
  Number of Partially Routed Nets     = 0
  Number of Node Overlaps             = 0

Congestion Report
North Dir 1x1 Area, Max Cong = 36.036%, No Congested Regions.
South Dir 1x1 Area, Max Cong = 31.5315%, No Congested Regions.
East Dir 1x1 Area, Max Cong = 17.6471%, No Congested Regions.
West Dir 1x1 Area, Max Cong = 26.4706%, No Congested Regions.

------------------------------
Reporting congestion hotspots
------------------------------
Direction: North
----------------
Congested clusters found at Level 0
Effective congestion level: 0 Aspect Ratio: 1 Sparse Ratio: 0
Direction: South
----------------
Congested clusters found at Level 0
Effective congestion level: 0 Aspect Ratio: 1 Sparse Ratio: 0
Direction: East
----------------
Congested clusters found at Level 0
Effective congestion level: 0 Aspect Ratio: 1 Sparse Ratio: 0
Direction: West
----------------
Congested clusters found at Level 0
Effective congestion level: 0 Aspect Ratio: 1 Sparse Ratio: 0

Phase 7 Route finalize | Checksum: f47f4681

Time (s): cpu = 00:00:31 ; elapsed = 00:00:27 . Memory (MB): peak = 2037.582 ; gain = 119.621

Phase 8 Verifying routed nets

 Verification completed successfully
Phase 8 Verifying routed nets | Checksum: f47f4681

Time (s): cpu = 00:00:31 ; elapsed = 00:00:27 . Memory (MB): peak = 2037.582 ; gain = 119.621

Phase 9 Depositing Routes
Phase 9 Depositing Routes | Checksum: f47f4681

Time (s): cpu = 00:00:31 ; elapsed = 00:00:28 . Memory (MB): peak = 2037.582 ; gain = 119.621
INFO: [Route 35-16] Router Completed Successfully

Time (s): cpu = 00:00:31 ; elapsed = 00:00:28 . Memory (MB): peak = 2037.582 ; gain = 119.621

Routing Is Done.
INFO: [Common 17-83] Releasing license: Implementation
58 Infos, 1 Warnings, 0 Critical Warnings and 0 Errors encountered.
route_design completed successfully
route_design: Time (s): cpu = 00:00:33 ; elapsed = 00:00:29 . Memory (MB): peak = 2037.582 ; gain = 129.742
Writing XDEF routing.
Writing XDEF routing logical nets.
Writing XDEF routing special nets.
Write XDEF Complete: Time (s): cpu = 00:00:00 ; elapsed = 00:00:00.174 . Memory (MB): peak = 2047.246 ; gain = 9.664
INFO: [Common 17-1381] The checkpoint 'C:/Users/narsi/Desktop/projects/Project_BUG/FIR/FIR_g/FIR_g_/FIR_bug.runs/impl_1/FIR_Filter_routed.dcp' has been generated.
INFO: [runtcl-4] Executing : report_drc -file FIR_Filter_drc_routed.rpt -pb FIR_Filter_drc_routed.pb -rpx FIR_Filter_drc_routed.rpx
Command: report_drc -file FIR_Filter_drc_routed.rpt -pb FIR_Filter_drc_routed.pb -rpx FIR_Filter_drc_routed.rpx
INFO: [IP_Flow 19-1839] IP Catalog is up to date.
INFO: [DRC 23-27] Running DRC with 2 threads
INFO: [Vivado_Tcl 2-168] The results of DRC are in file C:/Users/narsi/Desktop/projects/Project_BUG/FIR/FIR_g/FIR_g_/FIR_bug.runs/impl_1/FIR_Filter_drc_routed.rpt.
report_drc completed successfully
INFO: [runtcl-4] Executing : report_methodology -file FIR_Filter_methodology_drc_routed.rpt -pb FIR_Filter_methodology_drc_routed.pb -rpx FIR_Filter_methodology_drc_routed.rpx
Command: report_methodology -file FIR_Filter_methodology_drc_routed.rpt -pb FIR_Filter_methodology_drc_routed.pb -rpx FIR_Filter_methodology_drc_routed.rpx
INFO: [Timing 38-35] Done setting XDC timing constraints.
INFO: [DRC 23-133] Running Methodology with 2 threads
INFO: [Vivado_Tcl 2-1520] The results of Report Methodology are in file C:/Users/narsi/Desktop/projects/Project_BUG/FIR/FIR_g/FIR_g_/FIR_bug.runs/impl_1/FIR_Filter_methodology_drc_routed.rpt.
report_methodology completed successfully
INFO: [runtcl-4] Executing : report_power -file FIR_Filter_power_routed.rpt -pb FIR_Filter_power_summary_routed.pb -rpx FIR_Filter_power_routed.rpx
Command: report_power -file FIR_Filter_power_routed.rpt -pb FIR_Filter_power_summary_routed.pb -rpx FIR_Filter_power_routed.rpx
INFO: [Timing 38-35] Done setting XDC timing constraints.
WARNING: [Power 33-232] No user defined clocks were found in the design! Power estimation will be inaccurate until this is corrected.
Resolution: Please specify clocks using create_clock/create_generated_clock for sequential elements. For pure combinatorial circuits, please specify a virtual clock, otherwise the vectorless estimation might be inaccurate
Running Vector-less Activity Propagation...

Finished Running Vector-less Activity Propagation
69 Infos, 2 Warnings, 0 Critical Warnings and 0 Errors encountered.
report_power completed successfully
INFO: [runtcl-4] Executing : report_route_status -file FIR_Filter_route_status.rpt -pb FIR_Filter_route_status.pb
INFO: [runtcl-4] Executing : report_timing_summary -max_paths 10 -report_unconstrained -file FIR_Filter_timing_summary_routed.rpt -pb FIR_Filter_timing_summary_routed.pb -rpx FIR_Filter_timing_summary_routed.rpx -warn_on_violation 
INFO: [Timing 38-91] UpdateTimingParams: Speed grade: -1, Delay Type: min_max.
INFO: [Timing 38-191] Multithreading enabled for timing update using a maximum of 2 CPUs
WARNING: [Timing 38-313] There are no user specified timing constraints. Timing constraints are needed for proper timing analysis.
INFO: [runtcl-4] Executing : report_incremental_reuse -file FIR_Filter_incremental_reuse_routed.rpt
INFO: [Vivado_Tcl 4-1062] Incremental flow is disabled. No incremental reuse Info to report.
INFO: [runtcl-4] Executing : report_clock_utilization -file FIR_Filter_clock_utilization_routed.rpt
INFO: [runtcl-4] Executing : report_bus_skew -warn_on_violation -file FIR_Filter_bus_skew_routed.rpt -pb FIR_Filter_bus_skew_routed.pb -rpx FIR_Filter_bus_skew_routed.rpx
INFO: [Timing 38-91] UpdateTimingParams: Speed grade: -1, Delay Type: min_max.
INFO: [Timing 38-191] Multithreading enabled for timing update using a maximum of 2 CPUs
INFO: [Common 17-206] Exiting Vivado at Tue Apr  7 16:55:49 2026...
[Tue Apr  7 16:55:57 2026] impl_1 finished
wait_on_runs: Time (s): cpu = 00:00:00 ; elapsed = 00:01:31 . Memory (MB): peak = 981.449 ; gain = 0.000
# open_run impl_1
Netlist sorting complete. Time (s): cpu = 00:00:00 ; elapsed = 00:00:00.007 . Memory (MB): peak = 981.465 ; gain = 0.000
INFO: [Netlist 29-17] Analyzing 32 Unisim elements for replacement
INFO: [Netlist 29-28] Unisim Transformation completed in 0 CPU seconds
INFO: [Project 1-479] Netlist was created with Vivado 2022.2
INFO: [Project 1-570] Preparing netlist for logic optimization
Reading XDEF placement.
Reading placer database...
Reading XDEF routing.
Read XDEF Files: Time (s): cpu = 00:00:00 ; elapsed = 00:00:00.396 . Memory (MB): peak = 1097.684 ; gain = 23.848
Restored from archive | CPU: 0.000000 secs | Memory: 0.000000 MB |
Finished XDEF File Restore: Time (s): cpu = 00:00:00 ; elapsed = 00:00:00.399 . Memory (MB): peak = 1097.684 ; gain = 24.113
Netlist sorting complete. Time (s): cpu = 00:00:00 ; elapsed = 00:00:00 . Memory (MB): peak = 1487.816 ; gain = 0.000
INFO: [Project 1-111] Unisim Transformation Summary:
No Unisim elements were transformed.

# report_utilization    -file [file join $build_dir utilization.rpt]
# report_timing_summary -file [file join $build_dir timing_summary.rpt]
INFO: [Timing 38-35] Done setting XDC timing constraints.
INFO: [Timing 38-91] UpdateTimingParams: Speed grade: -1, Delay Type: min_max.
INFO: [Timing 38-191] Multithreading enabled for timing update using a maximum of 2 CPUs
report_timing_summary: Time (s): cpu = 00:00:07 ; elapsed = 00:00:07 . Memory (MB): peak = 1661.012 ; gain = 173.195
# set sim_log [file join $build_dir sim.log]
# if {$run_sim} {
#   launch_simulation -simset sim_1 -mode behavioral
#   log_wave -recursive *
#   run all
#   catch { write_waveform -file [file join $build_dir waveform.wdb] }
#   if {[file exists "vivado.log"]} {
#     file copy -force "vivado.log" $sim_log
#   } else {
#     # create empty log
#     set fd [open $sim_log w]; puts $fd "No vivado.log"; close $fd
#   }
# } else {
#   # no sim run
#   set fd [open $sim_log w]; puts $fd "Simulation not run (no TB)"; close $fd
# }
Command: launch_simulation  -simset sim_1 -mode behavioral
INFO: [Vivado 12-12493] Simulation top is 'FIR_Filter_tb'
WARNING: [Vivado 12-13340] Unable to auto find GCC executables from simulator install path! (path not set)
WARNING: [Vivado 12-13277] Compiled library path does not exist: ''
INFO: [Vivado 12-5682] Launching behavioral simulation in 'C:/Users/narsi/Desktop/projects/Project_BUG/FIR/FIR_g/FIR_g_/FIR_bug.sim/sim_1/behav/xsim'
INFO: [SIM-utils-51] Simulation object is 'sim_1'
INFO: [SIM-utils-72] Using boost library from 'C:/Xilinx/Vivado/2022.2/tps/boost_1_72_0'
INFO: [SIM-utils-54] Inspecting design source files for 'FIR_Filter_tb' in fileset 'sim_1'...
INFO: [USF-XSim-97] Finding global include files...
INFO: [USF-XSim-98] Fetching design files from 'sim_1'...
INFO: [USF-XSim-2] XSim::Compile design
INFO: [USF-XSim-61] Executing 'COMPILE and ANALYZE' step in 'C:/Users/narsi/Desktop/projects/Project_BUG/FIR/FIR_g/FIR_g_/FIR_bug.sim/sim_1/behav/xsim'
"xvhdl --incr --relax -prj FIR_Filter_tb_vhdl.prj"
INFO: [VRFC 10-163] Analyzing VHDL file "C:/Users/narsi/Desktop/projects/Project_BUG/FIR/FIR_g/rtl/FIR.vhd" into library xil_defaultlib
INFO: [VRFC 10-3107] analyzing entity 'FIR_Filter'
INFO: [VRFC 10-163] Analyzing VHDL file "C:/Users/narsi/Desktop/projects/Project_BUG/FIR/FIR_g/tb/FIR_tb.vhd" into library xil_defaultlib
INFO: [VRFC 10-3107] analyzing entity 'FIR_Filter_tb'
INFO: [USF-XSim-69] 'compile' step finished in '3' seconds
INFO: [USF-XSim-3] XSim::Elaborate design
INFO: [USF-XSim-61] Executing 'ELABORATE' step in 'C:/Users/narsi/Desktop/projects/Project_BUG/FIR/FIR_g/FIR_g_/FIR_bug.sim/sim_1/behav/xsim'
"xelab --incr --debug typical --relax --mt 2 -L xil_defaultlib -L secureip --snapshot FIR_Filter_tb_behav xil_defaultlib.FIR_Filter_tb -log elaborate.log"
Vivado Simulator v2022.2
Copyright 1986-1999, 2001-2022 Xilinx, Inc. All Rights Reserved.
Running: C:/Xilinx/Vivado/2022.2/bin/unwrapped/win64.o/xelab.exe --incr --debug typical --relax --mt 2 -L xil_defaultlib -L secureip --snapshot FIR_Filter_tb_behav xil_defaultlib.FIR_Filter_tb -log elaborate.log 
Using 2 slave threads.
Starting static elaboration
Completed static elaboration
Starting simulation data flow analysis
Completed simulation data flow analysis
Time Resolution for simulation is 1ps
Compiling package std.standard
Compiling package std.textio
Compiling package ieee.std_logic_1164
Compiling package ieee.numeric_std
Compiling package std.env
Compiling architecture behavioral of entity xil_defaultlib.FIR_Filter [fir_filter_default]
Compiling architecture sim of entity xil_defaultlib.fir_filter_tb
Built simulation snapshot FIR_Filter_tb_behav
INFO: [USF-XSim-69] 'elaborate' step finished in '3' seconds
INFO: [USF-XSim-4] XSim::Simulate design
INFO: [USF-XSim-61] Executing 'SIMULATE' step in 'C:/Users/narsi/Desktop/projects/Project_BUG/FIR/FIR_g/FIR_g_/FIR_bug.sim/sim_1/behav/xsim'
INFO: [USF-XSim-98] *** Running xsim
   with args "FIR_Filter_tb_behav -key {Behavioral:sim_1:Functional:FIR_Filter_tb} -tclbatch {FIR_Filter_tb.tcl} -log {simulate.log}"
INFO: [USF-XSim-8] Loading simulator feature
Time resolution is 1 ps
source FIR_Filter_tb.tcl
## current_wave_config
Note: Simulation completed successfully.
Time: 1 us  Iteration: 0  Process: /FIR_Filter_tb/line__125  File: C:/Users/narsi/Desktop/projects/Project_BUG/FIR/FIR_g/tb/FIR_tb.vhd
$stop called at time : 1 us : File "C:/Users/narsi/Desktop/projects/Project_BUG/FIR/FIR_g/tb/FIR_tb.vhd" Line 183
INFO: [USF-XSim-96] XSim completed. Design snapshot 'FIR_Filter_tb_behav' loaded.
INFO: [USF-XSim-97] XSim simulation ran for 1000ns
launch_simulation: Time (s): cpu = 00:00:00 ; elapsed = 00:00:08 . Memory (MB): peak = 1672.277 ; gain = 11.266
Note: Simulation completed successfully.
Time: 2 us  Iteration: 0  Process: /FIR_Filter_tb/line__125  File: C:/Users/narsi/Desktop/projects/Project_BUG/FIR/FIR_g/tb/FIR_tb.vhd
$stop called at time : 2 us : File "C:/Users/narsi/Desktop/projects/Project_BUG/FIR/FIR_g/tb/FIR_tb.vhd" Line 183
