#-----------------------------------------------------------
# Vivado v2022.2 (64-bit)
# SW Build 3671981 on Fri Oct 14 05:00:03 MDT 2022
# IP Build 3669848 on Fri Oct 14 08:30:02 MDT 2022
# Start of session at: Fri Apr  3 00:16:28 2026
# Process ID: 10460
# Current directory: C:/Users/narsi/Desktop/projects/Project_BUG/lifo/lifo_rseq
# Command line: vivado.exe -mode batch -source build.tcl
# Log file: C:/Users/narsi/Desktop/projects/Project_BUG/lifo/lifo_rseq/vivado.log
# Journal file: C:/Users/narsi/Desktop/projects/Project_BUG/lifo/lifo_rseq\vivado.jou
# Running On: Milan, OS: Windows, CPU Frequency: 1797 MHz, CPU Physical cores: 16, Host memory: 6297 MB
#-----------------------------------------------------------
source build.tcl
# set main_project_name "lifo_rseq_D"
# set proj_name   "lifo_rseq_bug"
# set proj_dir    "./$main_project_name/lifo_rseq_"
# set build_dir   "./$main_project_name/build"
# set part        "xc7z020clg484-1"
# set rtl_glob    "./$main_project_name/rtl/*.vhd"
# set tb_glob     "./$main_project_name/tb/*_tb.vhd"
# set xdc_glob    "./constraints/*.xdc"
# set rtl_top_e   "lifo_rseq"
# set tb_top_e   "lifo_rseq_tb"
# set rtl_top     "./$main_project_name/rtl"
# set tb_top      "./$main_project_name/tb"
# set vivado_tool "Vivado 2022.2"
# set rtl_dir     "./rtl"
# set tb_dir      "./tb"
# set src_dir [glob -type d ./*.srcs]
# set full_src_rtl "$src_dir/sources_1/new"
# set full_src_tb "$src_dir/sim_1/new"
# catch {file mkdir $main_project_name}
# if {[file exists $build_dir]} {
#     puts "Cleaning build directory: $build_dir"
#     file delete -force $build_dir
# }
# file mkdir $build_dir
# catch { exec cmd.exe /c robocopy "./" "./$main_project_name" build.tcl run_case.dat } result
# if {![file exists $tb_top]} {
# catch {file mkdir $rtl_top}
# catch {file mkdir $tb_top}
# catch { exec cmd.exe /c robocopy "$full_src_tb" "$tb_top" /E } result
# catch { exec cmd.exe /c robocopy "$full_src_rtl" "$rtl_top" /E } result
# }
# create_project $proj_name $proj_dir -part $part -force
INFO: [ProjectBase 1-489] The host OS only allows 260 characters in a normal path. The project is stored in a path with more than 80 characters. If you experience issues with IP, Block Designs, or files not being found, please consider moving the project to a location with a shorter path. Alternately consider using the OS subst command to map part of the path to a drive letter.
Current project path is 'C:/Users/narsi/Desktop/projects/Project_BUG/lifo/lifo_rseq/lifo_rseq_D/lifo_rseq_'
create_project: Time (s): cpu = 00:00:11 ; elapsed = 00:00:15 . Memory (MB): peak = 431.660 ; gain = 98.180
# foreach f [glob -nocomplain $rtl_glob] {
#   add_files $f
# }
# set_property top $rtl_top_e [current_fileset]
# update_compile_order -fileset sources_1
# set tb_list [glob -nocomplain $tb_glob]
# set run_sim 0
# if {[llength $tb_list] > 0} {
#   set run_sim 1
#   foreach f $tb_list {
#     add_files -fileset sim_1 $f
#   }
#   catch { set_property top $tb_top_e [get_filesets sim_1] }
#   update_compile_order -fileset sim_1
# }
# launch_runs synth_1
WARNING: [Vivado 12-7122] Auto Incremental Compile:: No reference checkpoint was found in run synth_1. Auto-incremental flow will not be run, the standard flow will be run instead.
[Fri Apr  3 00:16:53 2026] Launched synth_1...
Run output will be captured here: C:/Users/narsi/Desktop/projects/Project_BUG/lifo/lifo_rseq/lifo_rseq_D/lifo_rseq_/lifo_rseq_bug.runs/synth_1/runme.log
# wait_on_run synth_1
[Fri Apr  3 00:16:53 2026] Waiting for synth_1 to finish...

*** Running vivado
    with args -log lifo_rseq.vds -m64 -product Vivado -mode batch -messageDb vivado.pb -notrace -source lifo_rseq.tcl



****** Vivado v2022.2 (64-bit)
  **** SW Build 3671981 on Fri Oct 14 05:00:03 MDT 2022
  **** IP Build 3669848 on Fri Oct 14 08:30:02 MDT 2022
    ** Copyright 1986-2022 Xilinx, Inc. All Rights Reserved.

source lifo_rseq.tcl -notrace
create_project: Time (s): cpu = 00:00:11 ; elapsed = 00:00:13 . Memory (MB): peak = 431.145 ; gain = 119.586
Command: synth_design -top lifo_rseq -part xc7z020clg484-1
Starting synth_design
Attempting to get a license for feature 'Synthesis' and/or device 'xc7z020'
INFO: [Common 17-349] Got license for feature 'Synthesis' and/or device 'xc7z020'
INFO: [Synth 8-7079] Multithreading enabled for synth_design using a maximum of 2 processes.
INFO: [Synth 8-7078] Launching helper process for spawning children vivado processes
INFO: [Synth 8-7075] Helper process launched with PID 26340
INFO: [Synth 8-11241] undeclared symbol 'REGCCE', assumed default net type 'wire' [C:/Xilinx/Vivado/2022.2/data/verilog/src/unimacro/BRAM_SINGLE_MACRO.v:2170]
---------------------------------------------------------------------------------
Starting Synthesize : Time (s): cpu = 00:00:10 ; elapsed = 00:00:12 . Memory (MB): peak = 867.391 ; gain = 411.395
---------------------------------------------------------------------------------
INFO: [Synth 8-638] synthesizing module 'lifo_rseq' [C:/Users/narsi/Desktop/projects/Project_BUG/lifo/lifo_rseq/lifo_rseq_D/rtl/lifo_rseq.vhd:55]
INFO: [Synth 8-256] done synthesizing module 'lifo_rseq' (0#1) [C:/Users/narsi/Desktop/projects/Project_BUG/lifo/lifo_rseq/lifo_rseq_D/rtl/lifo_rseq.vhd:55]
---------------------------------------------------------------------------------
Finished Synthesize : Time (s): cpu = 00:00:13 ; elapsed = 00:00:15 . Memory (MB): peak = 956.895 ; gain = 500.898
---------------------------------------------------------------------------------
---------------------------------------------------------------------------------
Finished Constraint Validation : Time (s): cpu = 00:00:14 ; elapsed = 00:00:16 . Memory (MB): peak = 956.895 ; gain = 500.898
---------------------------------------------------------------------------------
---------------------------------------------------------------------------------
Start Loading Part and Timing Information
---------------------------------------------------------------------------------
Loading part: xc7z020clg484-1
---------------------------------------------------------------------------------
Finished Loading Part and Timing Information : Time (s): cpu = 00:00:14 ; elapsed = 00:00:16 . Memory (MB): peak = 956.895 ; gain = 500.898
---------------------------------------------------------------------------------
INFO: [Device 21-403] Loading part xc7z020clg484-1
---------------------------------------------------------------------------------
Finished RTL Optimization Phase 2 : Time (s): cpu = 00:00:14 ; elapsed = 00:00:16 . Memory (MB): peak = 956.895 ; gain = 500.898
---------------------------------------------------------------------------------
No constraint files found.
---------------------------------------------------------------------------------
Start RTL Component Statistics 
---------------------------------------------------------------------------------
Detailed RTL Component Info : 
+---Adders : 
	   2 Input    6 Bit       Adders := 3     
+---Registers : 
	                8 Bit    Registers := 1     
	                6 Bit    Registers := 1     
+---RAMs : 
	              256 Bit	(32 X 8 bit)          RAMs := 1     
+---Muxes : 
	   2 Input    6 Bit        Muxes := 1     
	   2 Input    1 Bit        Muxes := 2     
---------------------------------------------------------------------------------
Finished RTL Component Statistics 
---------------------------------------------------------------------------------
---------------------------------------------------------------------------------
Start Part Resource Summary
---------------------------------------------------------------------------------
Part Resources:
DSPs: 220 (col length:60)
BRAMs: 280 (col length: RAMB18 60 RAMB36 30)
---------------------------------------------------------------------------------
Finished Part Resource Summary
---------------------------------------------------------------------------------
No constraint files found.
---------------------------------------------------------------------------------
Start Cross Boundary and Area Optimization
---------------------------------------------------------------------------------
WARNING: [Synth 8-7080] Parallel synthesis criteria is not met
---------------------------------------------------------------------------------
Finished Cross Boundary and Area Optimization : Time (s): cpu = 00:00:24 ; elapsed = 00:00:28 . Memory (MB): peak = 1177.930 ; gain = 721.934
---------------------------------------------------------------------------------
---------------------------------------------------------------------------------
Start ROM, RAM, DSP, Shift Register and Retiming Reporting
---------------------------------------------------------------------------------

Distributed RAM: Preliminary Mapping Report (see note below)
+------------+-----------------+-----------+----------------------+-------------+
|Module Name | RTL Object      | Inference | Size (Depth x Width) | Primitives  | 
+------------+-----------------+-----------+----------------------+-------------+
|lifo_rseq   | r_lifo_data_reg | Implied   | 32 x 8               | RAM32M x 2  | 
+------------+-----------------+-----------+----------------------+-------------+

Note: The table above is a preliminary report that shows the Distributed RAMs at the current stage of the synthesis flow. Some Distributed RAMs may be reimplemented as non Distributed RAM primitives later in the synthesis flow. Multiple instantiated RAMs are reported only once.
---------------------------------------------------------------------------------
Finished ROM, RAM, DSP, Shift Register and Retiming Reporting
---------------------------------------------------------------------------------
No constraint files found.
---------------------------------------------------------------------------------
Start Timing Optimization
---------------------------------------------------------------------------------
---------------------------------------------------------------------------------
Finished Timing Optimization : Time (s): cpu = 00:00:24 ; elapsed = 00:00:28 . Memory (MB): peak = 1177.930 ; gain = 721.934
---------------------------------------------------------------------------------
---------------------------------------------------------------------------------
Start ROM, RAM, DSP, Shift Register and Retiming Reporting
---------------------------------------------------------------------------------

Distributed RAM: Final Mapping Report
+------------+-----------------+-----------+----------------------+-------------+
|Module Name | RTL Object      | Inference | Size (Depth x Width) | Primitives  | 
+------------+-----------------+-----------+----------------------+-------------+
|lifo_rseq   | r_lifo_data_reg | Implied   | 32 x 8               | RAM32M x 2  | 
+------------+-----------------+-----------+----------------------+-------------+

---------------------------------------------------------------------------------
Finished ROM, RAM, DSP, Shift Register and Retiming Reporting
---------------------------------------------------------------------------------
---------------------------------------------------------------------------------
Start Technology Mapping
---------------------------------------------------------------------------------
---------------------------------------------------------------------------------
Finished Technology Mapping : Time (s): cpu = 00:00:24 ; elapsed = 00:00:29 . Memory (MB): peak = 1177.930 ; gain = 721.934
---------------------------------------------------------------------------------
---------------------------------------------------------------------------------
Start IO Insertion
---------------------------------------------------------------------------------
---------------------------------------------------------------------------------
Start Flattening Before IO Insertion
---------------------------------------------------------------------------------
---------------------------------------------------------------------------------
Finished Flattening Before IO Insertion
---------------------------------------------------------------------------------
---------------------------------------------------------------------------------
Start Final Netlist Cleanup
---------------------------------------------------------------------------------
---------------------------------------------------------------------------------
Finished Final Netlist Cleanup
---------------------------------------------------------------------------------
---------------------------------------------------------------------------------
Finished IO Insertion : Time (s): cpu = 00:00:37 ; elapsed = 00:00:42 . Memory (MB): peak = 1177.930 ; gain = 721.934
---------------------------------------------------------------------------------
---------------------------------------------------------------------------------
Start Renaming Generated Instances
---------------------------------------------------------------------------------
---------------------------------------------------------------------------------
Finished Renaming Generated Instances : Time (s): cpu = 00:00:37 ; elapsed = 00:00:42 . Memory (MB): peak = 1177.930 ; gain = 721.934
---------------------------------------------------------------------------------
---------------------------------------------------------------------------------
Start Rebuilding User Hierarchy
---------------------------------------------------------------------------------
---------------------------------------------------------------------------------
Finished Rebuilding User Hierarchy : Time (s): cpu = 00:00:37 ; elapsed = 00:00:42 . Memory (MB): peak = 1177.930 ; gain = 721.934
---------------------------------------------------------------------------------
---------------------------------------------------------------------------------
Start Renaming Generated Ports
---------------------------------------------------------------------------------
---------------------------------------------------------------------------------
Finished Renaming Generated Ports : Time (s): cpu = 00:00:37 ; elapsed = 00:00:42 . Memory (MB): peak = 1177.930 ; gain = 721.934
---------------------------------------------------------------------------------
---------------------------------------------------------------------------------
Start Handling Custom Attributes
---------------------------------------------------------------------------------
---------------------------------------------------------------------------------
Finished Handling Custom Attributes : Time (s): cpu = 00:00:37 ; elapsed = 00:00:42 . Memory (MB): peak = 1177.930 ; gain = 721.934
---------------------------------------------------------------------------------
---------------------------------------------------------------------------------
Start Renaming Generated Nets
---------------------------------------------------------------------------------
---------------------------------------------------------------------------------
Finished Renaming Generated Nets : Time (s): cpu = 00:00:37 ; elapsed = 00:00:42 . Memory (MB): peak = 1177.930 ; gain = 721.934
---------------------------------------------------------------------------------
---------------------------------------------------------------------------------
Start Writing Synthesis Report
---------------------------------------------------------------------------------

Report BlackBoxes: 
+-+--------------+----------+
| |BlackBox name |Instances |
+-+--------------+----------+
+-+--------------+----------+

Report Cell Usage: 
+------+---------+------+
|      |Cell     |Count |
+------+---------+------+
|1     |BUFG     |     1|
|2     |LUT1     |     1|
|3     |LUT2     |     5|
|4     |LUT3     |     1|
|5     |LUT4     |     4|
|6     |LUT5     |     4|
|7     |LUT6     |     4|
|8     |RAM32M   |     1|
|9     |RAM32X1D |     2|
|10    |FDRE     |    14|
|11    |IBUF     |    12|
|12    |OBUF     |    10|
+------+---------+------+

Report Instance Areas: 
+------+---------+-------+------+
|      |Instance |Module |Cells |
+------+---------+-------+------+
|1     |top      |       |    59|
+------+---------+-------+------+
---------------------------------------------------------------------------------
Finished Writing Synthesis Report : Time (s): cpu = 00:00:37 ; elapsed = 00:00:42 . Memory (MB): peak = 1177.930 ; gain = 721.934
---------------------------------------------------------------------------------
Synthesis finished with 0 errors, 0 critical warnings and 1 warnings.
Synthesis Optimization Runtime : Time (s): cpu = 00:00:37 ; elapsed = 00:00:42 . Memory (MB): peak = 1177.930 ; gain = 721.934
Synthesis Optimization Complete : Time (s): cpu = 00:00:37 ; elapsed = 00:00:42 . Memory (MB): peak = 1177.930 ; gain = 721.934
INFO: [Project 1-571] Translating synthesized netlist
Netlist sorting complete. Time (s): cpu = 00:00:00 ; elapsed = 00:00:00.001 . Memory (MB): peak = 1185.633 ; gain = 0.000
INFO: [Netlist 29-17] Analyzing 3 Unisim elements for replacement
INFO: [Netlist 29-28] Unisim Transformation completed in 0 CPU seconds
INFO: [Project 1-570] Preparing netlist for logic optimization
INFO: [Opt 31-138] Pushed 0 inverter(s) to 0 load pin(s).
Netlist sorting complete. Time (s): cpu = 00:00:00 ; elapsed = 00:00:00 . Memory (MB): peak = 1288.145 ; gain = 0.000
INFO: [Project 1-111] Unisim Transformation Summary:
  A total of 3 instances were transformed.
  RAM32M => RAM32M (RAMD32(x6), RAMS32(x2)): 1 instance 
  RAM32X1D => RAM32X1D (RAMD32(x2)): 2 instances

Synth Design complete, checksum: 72ec192e
INFO: [Common 17-83] Releasing license: Synthesis
15 Infos, 1 Warnings, 0 Critical Warnings and 0 Errors encountered.
synth_design completed successfully
synth_design: Time (s): cpu = 00:00:40 ; elapsed = 00:00:46 . Memory (MB): peak = 1288.145 ; gain = 857.000
INFO: [Common 17-1381] The checkpoint 'C:/Users/narsi/Desktop/projects/Project_BUG/lifo/lifo_rseq/lifo_rseq_D/lifo_rseq_/lifo_rseq_bug.runs/synth_1/lifo_rseq.dcp' has been generated.
INFO: [runtcl-4] Executing : report_utilization -file lifo_rseq_utilization_synth.rpt -pb lifo_rseq_utilization_synth.pb
INFO: [Common 17-206] Exiting Vivado at Fri Apr  3 00:18:07 2026...
[Fri Apr  3 00:18:13 2026] synth_1 finished
wait_on_runs: Time (s): cpu = 00:00:00 ; elapsed = 00:01:21 . Memory (MB): peak = 456.551 ; gain = 0.000
# open_run synth_1
Design is defaulting to impl run constrset: constrs_1
Design is defaulting to synth run part: xc7z020clg484-1
INFO: [Device 21-403] Loading part xc7z020clg484-1
Netlist sorting complete. Time (s): cpu = 00:00:00 ; elapsed = 00:00:00.001 . Memory (MB): peak = 860.809 ; gain = 0.000
INFO: [Netlist 29-17] Analyzing 3 Unisim elements for replacement
INFO: [Netlist 29-28] Unisim Transformation completed in 0 CPU seconds
INFO: [Project 1-479] Netlist was created with Vivado 2022.2
INFO: [Project 1-570] Preparing netlist for logic optimization
INFO: [Opt 31-138] Pushed 0 inverter(s) to 0 load pin(s).
Netlist sorting complete. Time (s): cpu = 00:00:00 ; elapsed = 00:00:00 . Memory (MB): peak = 977.305 ; gain = 0.000
INFO: [Project 1-111] Unisim Transformation Summary:
  A total of 3 instances were transformed.
  RAM32M => RAM32M (RAMD32(x6), RAMS32(x2)): 1 instance 
  RAM32X1D => RAM32X1D (RAMD32(x2)): 2 instances

open_run: Time (s): cpu = 00:00:08 ; elapsed = 00:00:13 . Memory (MB): peak = 977.305 ; gain = 520.754
# write_checkpoint -force [file join $build_dir post_synth.dcp]
INFO: [Common 17-1381] The checkpoint 'C:/Users/narsi/Desktop/projects/Project_BUG/lifo/lifo_rseq/lifo_rseq_D/build/post_synth.dcp' has been generated.
# launch_runs impl_1
[Fri Apr  3 00:18:27 2026] Launched impl_1...
Run output will be captured here: C:/Users/narsi/Desktop/projects/Project_BUG/lifo/lifo_rseq/lifo_rseq_D/lifo_rseq_/lifo_rseq_bug.runs/impl_1/runme.log
# wait_on_run impl_1
[Fri Apr  3 00:18:27 2026] Waiting for impl_1 to finish...

*** Running vivado
    with args -log lifo_rseq.vdi -applog -m64 -product Vivado -messageDb vivado.pb -mode batch -source lifo_rseq.tcl -notrace



****** Vivado v2022.2 (64-bit)
  **** SW Build 3671981 on Fri Oct 14 05:00:03 MDT 2022
  **** IP Build 3669848 on Fri Oct 14 08:30:02 MDT 2022
    ** Copyright 1986-2022 Xilinx, Inc. All Rights Reserved.

source lifo_rseq.tcl -notrace
Command: open_checkpoint C:/Users/narsi/Desktop/projects/Project_BUG/lifo/lifo_rseq/lifo_rseq_D/lifo_rseq_/lifo_rseq_bug.runs/impl_1/lifo_rseq.dcp
INFO: [Device 21-403] Loading part xc7z020clg484-1
Netlist sorting complete. Time (s): cpu = 00:00:00 ; elapsed = 00:00:00.001 . Memory (MB): peak = 859.773 ; gain = 0.000
INFO: [Netlist 29-17] Analyzing 3 Unisim elements for replacement
INFO: [Netlist 29-28] Unisim Transformation completed in 0 CPU seconds
INFO: [Project 1-479] Netlist was created with Vivado 2022.2
INFO: [Project 1-570] Preparing netlist for logic optimization
Netlist sorting complete. Time (s): cpu = 00:00:00 ; elapsed = 00:00:00 . Memory (MB): peak = 952.277 ; gain = 0.000
INFO: [Project 1-111] Unisim Transformation Summary:
  A total of 3 instances were transformed.
  RAM32M => RAM32M (RAMD32(x6), RAMS32(x2)): 1 instance 
  RAM32X1D => RAM32X1D (RAMD32(x2)): 2 instances

INFO: [Project 1-604] Checkpoint was created with Vivado v2022.2 (64-bit) build 3671981
OpenCheckpoint Checksum | Checksum: 79ed3da0
----- Checksum: PlaceDB: 00000000 ShapeSum: 79ed3da0 RouteDB: 00000000 
open_checkpoint: Time (s): cpu = 00:00:21 ; elapsed = 00:00:31 . Memory (MB): peak = 956.324 ; gain = 631.508
Command: opt_design
Attempting to get a license for feature 'Implementation' and/or device 'xc7z020'
INFO: [Common 17-349] Got license for feature 'Implementation' and/or device 'xc7z020'
Running DRC as a precondition to command opt_design

Starting DRC Task
INFO: [DRC 23-27] Running DRC with 2 threads
INFO: [Project 1-461] DRC finished with 0 Errors
INFO: [Project 1-462] Please refer to the DRC report (report_drc) for more information.

Time (s): cpu = 00:00:02 ; elapsed = 00:00:02 . Memory (MB): peak = 1005.969 ; gain = 27.980

Starting Cache Timing Information Task
INFO: [Timing 38-35] Done setting XDC timing constraints.
Ending Cache Timing Information Task | Checksum: ecd956ce

Time (s): cpu = 00:00:11 ; elapsed = 00:00:11 . Memory (MB): peak = 1544.066 ; gain = 538.098

Starting Logic Optimization Task

Phase 1 Retarget
INFO: [Opt 31-138] Pushed 0 inverter(s) to 0 load pin(s).
INFO: [Opt 31-49] Retargeted 0 cell(s).
Phase 1 Retarget | Checksum: ecd956ce

Time (s): cpu = 00:00:00 ; elapsed = 00:00:00.272 . Memory (MB): peak = 1879.781 ; gain = 0.000
INFO: [Opt 31-389] Phase Retarget created 0 cells and removed 0 cells

Phase 2 Constant propagation
INFO: [Opt 31-138] Pushed 0 inverter(s) to 0 load pin(s).
Phase 2 Constant propagation | Checksum: ecd956ce

Time (s): cpu = 00:00:00 ; elapsed = 00:00:00.275 . Memory (MB): peak = 1879.781 ; gain = 0.000
INFO: [Opt 31-389] Phase Constant propagation created 0 cells and removed 0 cells

Phase 3 Sweep
Phase 3 Sweep | Checksum: ecd956ce

Time (s): cpu = 00:00:00 ; elapsed = 00:00:00.281 . Memory (MB): peak = 1879.781 ; gain = 0.000
INFO: [Opt 31-389] Phase Sweep created 0 cells and removed 0 cells

Phase 4 BUFG optimization
Phase 4 BUFG optimization | Checksum: ecd956ce

Time (s): cpu = 00:00:00 ; elapsed = 00:00:00.347 . Memory (MB): peak = 1879.781 ; gain = 0.000
INFO: [Opt 31-662] Phase BUFG optimization created 0 cells of which 0 are BUFGs and removed 0 cells.

Phase 5 Shift Register Optimization
INFO: [Opt 31-1064] SRL Remap converted 0 SRLs to 0 registers and converted 0 registers of register chains to 0 SRLs
Phase 5 Shift Register Optimization | Checksum: ecd956ce

Time (s): cpu = 00:00:00 ; elapsed = 00:00:00.350 . Memory (MB): peak = 1879.781 ; gain = 0.000
INFO: [Opt 31-389] Phase Shift Register Optimization created 0 cells and removed 0 cells

Phase 6 Post Processing Netlist
Phase 6 Post Processing Netlist | Checksum: ecd956ce

Time (s): cpu = 00:00:00 ; elapsed = 00:00:00.357 . Memory (MB): peak = 1879.781 ; gain = 0.000
INFO: [Opt 31-389] Phase Post Processing Netlist created 0 cells and removed 0 cells
Opt_design Change Summary
=========================


-------------------------------------------------------------------------------------------------------------------------
|  Phase                        |  #Cells created  |  #Cells Removed  |  #Constrained objects preventing optimizations  |
-------------------------------------------------------------------------------------------------------------------------
|  Retarget                     |               0  |               0  |                                              0  |
|  Constant propagation         |               0  |               0  |                                              0  |
|  Sweep                        |               0  |               0  |                                              0  |
|  BUFG optimization            |               0  |               0  |                                              0  |
|  Shift Register Optimization  |               0  |               0  |                                              0  |
|  Post Processing Netlist      |               0  |               0  |                                              0  |
-------------------------------------------------------------------------------------------------------------------------



Starting Connectivity Check Task

Time (s): cpu = 00:00:00 ; elapsed = 00:00:00.003 . Memory (MB): peak = 1879.781 ; gain = 0.000
Ending Logic Optimization Task | Checksum: ecd956ce

Time (s): cpu = 00:00:00 ; elapsed = 00:00:00.366 . Memory (MB): peak = 1879.781 ; gain = 0.000

Starting Power Optimization Task
INFO: [Pwropt 34-132] Skipping clock gating for clocks with a period < 2.00 ns.
Ending Power Optimization Task | Checksum: ecd956ce

Time (s): cpu = 00:00:00 ; elapsed = 00:00:00.023 . Memory (MB): peak = 1879.781 ; gain = 0.000

Starting Final Cleanup Task
Ending Final Cleanup Task | Checksum: ecd956ce

Time (s): cpu = 00:00:00 ; elapsed = 00:00:00 . Memory (MB): peak = 1879.781 ; gain = 0.000

Starting Netlist Obfuscation Task
Netlist sorting complete. Time (s): cpu = 00:00:00 ; elapsed = 00:00:00 . Memory (MB): peak = 1879.781 ; gain = 0.000
Ending Netlist Obfuscation Task | Checksum: ecd956ce

Time (s): cpu = 00:00:00 ; elapsed = 00:00:00 . Memory (MB): peak = 1879.781 ; gain = 0.000
INFO: [Common 17-83] Releasing license: Implementation
24 Infos, 0 Warnings, 0 Critical Warnings and 0 Errors encountered.
opt_design completed successfully
opt_design: Time (s): cpu = 00:00:18 ; elapsed = 00:00:19 . Memory (MB): peak = 1879.781 ; gain = 923.457
INFO: [Common 17-1381] The checkpoint 'C:/Users/narsi/Desktop/projects/Project_BUG/lifo/lifo_rseq/lifo_rseq_D/lifo_rseq_/lifo_rseq_bug.runs/impl_1/lifo_rseq_opt.dcp' has been generated.
INFO: [runtcl-4] Executing : report_drc -file lifo_rseq_drc_opted.rpt -pb lifo_rseq_drc_opted.pb -rpx lifo_rseq_drc_opted.rpx
Command: report_drc -file lifo_rseq_drc_opted.rpt -pb lifo_rseq_drc_opted.pb -rpx lifo_rseq_drc_opted.rpx
INFO: [IP_Flow 19-234] Refreshing IP repositories
INFO: [IP_Flow 19-1704] No user IP repositories specified
INFO: [IP_Flow 19-2313] Loaded Vivado IP repository 'C:/Xilinx/Vivado/2022.2/data/ip'.
INFO: [DRC 23-27] Running DRC with 2 threads
INFO: [Vivado_Tcl 2-168] The results of DRC are in file C:/Users/narsi/Desktop/projects/Project_BUG/lifo/lifo_rseq/lifo_rseq_D/lifo_rseq_/lifo_rseq_bug.runs/impl_1/lifo_rseq_drc_opted.rpt.
report_drc completed successfully
Command: place_design
Attempting to get a license for feature 'Implementation' and/or device 'xc7z020'
INFO: [Common 17-349] Got license for feature 'Implementation' and/or device 'xc7z020'
INFO: [DRC 23-27] Running DRC with 2 threads
INFO: [Vivado_Tcl 4-198] DRC finished with 0 Errors
INFO: [Vivado_Tcl 4-199] Please refer to the DRC report (report_drc) for more information.
Running DRC as a precondition to command place_design
INFO: [DRC 23-27] Running DRC with 2 threads
INFO: [Vivado_Tcl 4-198] DRC finished with 0 Errors
INFO: [Vivado_Tcl 4-199] Please refer to the DRC report (report_drc) for more information.

Starting Placer Task
INFO: [Place 30-611] Multithreading enabled for place_design using a maximum of 2 CPUs

Phase 1 Placer Initialization

Phase 1.1 Placer Initialization Netlist Sorting
Netlist sorting complete. Time (s): cpu = 00:00:00 ; elapsed = 00:00:00 . Memory (MB): peak = 1879.781 ; gain = 0.000
Phase 1.1 Placer Initialization Netlist Sorting | Checksum: 79ed3da0

Time (s): cpu = 00:00:00 ; elapsed = 00:00:00.018 . Memory (MB): peak = 1879.781 ; gain = 0.000
Netlist sorting complete. Time (s): cpu = 00:00:00 ; elapsed = 00:00:00 . Memory (MB): peak = 1879.781 ; gain = 0.000

Phase 1.2 IO Placement/ Clock Placement/ Build Placer Device
INFO: [Timing 38-35] Done setting XDC timing constraints.
Phase 1.2 IO Placement/ Clock Placement/ Build Placer Device | Checksum: 10d16474d

Time (s): cpu = 00:00:01 ; elapsed = 00:00:00.442 . Memory (MB): peak = 1879.781 ; gain = 0.000

Phase 1.3 Build Placer Netlist Model
Phase 1.3 Build Placer Netlist Model | Checksum: 193fa74a5

Time (s): cpu = 00:00:01 ; elapsed = 00:00:00.539 . Memory (MB): peak = 1879.781 ; gain = 0.000

Phase 1.4 Constrain Clocks/Macros
Phase 1.4 Constrain Clocks/Macros | Checksum: 193fa74a5

Time (s): cpu = 00:00:01 ; elapsed = 00:00:00.546 . Memory (MB): peak = 1879.781 ; gain = 0.000
Phase 1 Placer Initialization | Checksum: 193fa74a5

Time (s): cpu = 00:00:01 ; elapsed = 00:00:00.554 . Memory (MB): peak = 1879.781 ; gain = 0.000

Phase 2 Global Placement

Phase 2.1 Floorplanning
Phase 2.1 Floorplanning | Checksum: 193fa74a5

Time (s): cpu = 00:00:01 ; elapsed = 00:00:00.563 . Memory (MB): peak = 1879.781 ; gain = 0.000

Phase 2.2 Update Timing before SLR Path Opt
Phase 2.2 Update Timing before SLR Path Opt | Checksum: 193fa74a5

Time (s): cpu = 00:00:01 ; elapsed = 00:00:00.565 . Memory (MB): peak = 1879.781 ; gain = 0.000

Phase 2.3 Post-Processing in Floorplanning
Phase 2.3 Post-Processing in Floorplanning | Checksum: 193fa74a5

Time (s): cpu = 00:00:01 ; elapsed = 00:00:00.566 . Memory (MB): peak = 1879.781 ; gain = 0.000

Phase 2.4 Global Placement Core
WARNING: [Place 46-29] Timing had been disabled during Placer and, therefore, physical synthesis in Placer will be skipped.
Phase 2.4 Global Placement Core | Checksum: 1f21c81be

Time (s): cpu = 00:00:10 ; elapsed = 00:00:08 . Memory (MB): peak = 1879.781 ; gain = 0.000
Phase 2 Global Placement | Checksum: 1f21c81be

Time (s): cpu = 00:00:10 ; elapsed = 00:00:08 . Memory (MB): peak = 1879.781 ; gain = 0.000

Phase 3 Detail Placement

Phase 3.1 Commit Multi Column Macros
Phase 3.1 Commit Multi Column Macros | Checksum: 1f21c81be

Time (s): cpu = 00:00:10 ; elapsed = 00:00:08 . Memory (MB): peak = 1879.781 ; gain = 0.000

Phase 3.2 Commit Most Macros & LUTRAMs
Phase 3.2 Commit Most Macros & LUTRAMs | Checksum: b321d4ea

Time (s): cpu = 00:00:10 ; elapsed = 00:00:08 . Memory (MB): peak = 1879.781 ; gain = 0.000

Phase 3.3 Area Swap Optimization
Phase 3.3 Area Swap Optimization | Checksum: 9c393bd9

Time (s): cpu = 00:00:10 ; elapsed = 00:00:08 . Memory (MB): peak = 1879.781 ; gain = 0.000

Phase 3.4 Pipeline Register Optimization
Phase 3.4 Pipeline Register Optimization | Checksum: 9c393bd9

Time (s): cpu = 00:00:10 ; elapsed = 00:00:08 . Memory (MB): peak = 1879.781 ; gain = 0.000

Phase 3.5 Small Shape Detail Placement
Phase 3.5 Small Shape Detail Placement | Checksum: be27789d

Time (s): cpu = 00:00:10 ; elapsed = 00:00:08 . Memory (MB): peak = 1879.781 ; gain = 0.000

Phase 3.6 Re-assign LUT pins
Phase 3.6 Re-assign LUT pins | Checksum: be27789d

Time (s): cpu = 00:00:10 ; elapsed = 00:00:08 . Memory (MB): peak = 1879.781 ; gain = 0.000

Phase 3.7 Pipeline Register Optimization
Phase 3.7 Pipeline Register Optimization | Checksum: be27789d

Time (s): cpu = 00:00:10 ; elapsed = 00:00:08 . Memory (MB): peak = 1879.781 ; gain = 0.000
Phase 3 Detail Placement | Checksum: be27789d

Time (s): cpu = 00:00:10 ; elapsed = 00:00:08 . Memory (MB): peak = 1879.781 ; gain = 0.000

Phase 4 Post Placement Optimization and Clean-Up

Phase 4.1 Post Commit Optimization
Phase 4.1 Post Commit Optimization | Checksum: be27789d

Time (s): cpu = 00:00:10 ; elapsed = 00:00:08 . Memory (MB): peak = 1879.781 ; gain = 0.000

Phase 4.2 Post Placement Cleanup
Phase 4.2 Post Placement Cleanup | Checksum: be27789d

Time (s): cpu = 00:00:10 ; elapsed = 00:00:08 . Memory (MB): peak = 1879.781 ; gain = 0.000

Phase 4.3 Placer Reporting

Phase 4.3.1 Print Estimated Congestion
INFO: [Place 30-612] Post-Placement Estimated Congestion 
 ____________________________________________________
|           | Global Congestion | Short Congestion  |
| Direction | Region Size       | Region Size       |
|___________|___________________|___________________|
|      North|                1x1|                1x1|
|___________|___________________|___________________|
|      South|                1x1|                1x1|
|___________|___________________|___________________|
|       East|                1x1|                1x1|
|___________|___________________|___________________|
|       West|                1x1|                1x1|
|___________|___________________|___________________|

Phase 4.3.1 Print Estimated Congestion | Checksum: be27789d

Time (s): cpu = 00:00:10 ; elapsed = 00:00:08 . Memory (MB): peak = 1879.781 ; gain = 0.000
Phase 4.3 Placer Reporting | Checksum: be27789d

Time (s): cpu = 00:00:10 ; elapsed = 00:00:08 . Memory (MB): peak = 1879.781 ; gain = 0.000

Phase 4.4 Final Placement Cleanup
Netlist sorting complete. Time (s): cpu = 00:00:00 ; elapsed = 00:00:00 . Memory (MB): peak = 1879.781 ; gain = 0.000

Time (s): cpu = 00:00:10 ; elapsed = 00:00:08 . Memory (MB): peak = 1879.781 ; gain = 0.000
Phase 4 Post Placement Optimization and Clean-Up | Checksum: c4700833

Time (s): cpu = 00:00:10 ; elapsed = 00:00:08 . Memory (MB): peak = 1879.781 ; gain = 0.000
Ending Placer Task | Checksum: 9a720792

Time (s): cpu = 00:00:10 ; elapsed = 00:00:08 . Memory (MB): peak = 1879.781 ; gain = 0.000
INFO: [Common 17-83] Releasing license: Implementation
42 Infos, 1 Warnings, 0 Critical Warnings and 0 Errors encountered.
place_design completed successfully
place_design: Time (s): cpu = 00:00:12 ; elapsed = 00:00:09 . Memory (MB): peak = 1879.781 ; gain = 0.000
Writing XDEF routing.
Writing XDEF routing logical nets.
Writing XDEF routing special nets.
Write XDEF Complete: Time (s): cpu = 00:00:00 ; elapsed = 00:00:00.196 . Memory (MB): peak = 1882.188 ; gain = 2.406
INFO: [Common 17-1381] The checkpoint 'C:/Users/narsi/Desktop/projects/Project_BUG/lifo/lifo_rseq/lifo_rseq_D/lifo_rseq_/lifo_rseq_bug.runs/impl_1/lifo_rseq_placed.dcp' has been generated.
INFO: [runtcl-4] Executing : report_io -file lifo_rseq_io_placed.rpt
report_io: Time (s): cpu = 00:00:00 ; elapsed = 00:00:00.116 . Memory (MB): peak = 1882.188 ; gain = 0.000
INFO: [runtcl-4] Executing : report_utilization -file lifo_rseq_utilization_placed.rpt -pb lifo_rseq_utilization_placed.pb
INFO: [runtcl-4] Executing : report_control_sets -verbose -file lifo_rseq_control_sets_placed.rpt
report_control_sets: Time (s): cpu = 00:00:00 ; elapsed = 00:00:00.004 . Memory (MB): peak = 1882.188 ; gain = 0.000
Command: phys_opt_design
Attempting to get a license for feature 'Implementation' and/or device 'xc7z020'
INFO: [Common 17-349] Got license for feature 'Implementation' and/or device 'xc7z020'

Starting Initial Update Timing Task

Time (s): cpu = 00:00:00 ; elapsed = 00:00:00.046 . Memory (MB): peak = 1886.727 ; gain = 4.539
INFO: [Vivado_Tcl 4-235] No timing constraint found. The netlist was not modified.
INFO: [Common 17-83] Releasing license: Implementation
49 Infos, 1 Warnings, 0 Critical Warnings and 0 Errors encountered.
phys_opt_design completed successfully
Writing XDEF routing.
Writing XDEF routing logical nets.
Writing XDEF routing special nets.
Write XDEF Complete: Time (s): cpu = 00:00:00 ; elapsed = 00:00:00.087 . Memory (MB): peak = 1904.555 ; gain = 14.863
INFO: [Common 17-1381] The checkpoint 'C:/Users/narsi/Desktop/projects/Project_BUG/lifo/lifo_rseq/lifo_rseq_D/lifo_rseq_/lifo_rseq_bug.runs/impl_1/lifo_rseq_physopt.dcp' has been generated.
Command: route_design
Attempting to get a license for feature 'Implementation' and/or device 'xc7z020'
INFO: [Common 17-349] Got license for feature 'Implementation' and/or device 'xc7z020'
Running DRC as a precondition to command route_design
INFO: [DRC 23-27] Running DRC with 2 threads
INFO: [Vivado_Tcl 4-198] DRC finished with 0 Errors
INFO: [Vivado_Tcl 4-199] Please refer to the DRC report (report_drc) for more information.


Starting Routing Task
INFO: [Route 35-254] Multithreading enabled for route_design using a maximum of 2 CPUs

Phase 1 Build RT Design
Checksum: PlaceDB: 8475990f ConstDB: 0 ShapeSum: 15fc6e83 RouteDB: 0
Post Restoration Checksum: NetGraph: cff5c496 NumContArr: 9bb3879a Constraints: 0 Timing: 0
Phase 1 Build RT Design | Checksum: 16ba94c30

Time (s): cpu = 00:00:43 ; elapsed = 00:00:38 . Memory (MB): peak = 2002.320 ; gain = 88.605

Phase 2 Router Initialization
INFO: [Route 35-64] No timing constraints were detected. The router will operate in resource-optimization mode.

Phase 2.1 Fix Topology Constraints
Phase 2.1 Fix Topology Constraints | Checksum: 16ba94c30

Time (s): cpu = 00:00:43 ; elapsed = 00:00:38 . Memory (MB): peak = 2008.957 ; gain = 95.242

Phase 2.2 Pre Route Cleanup
Phase 2.2 Pre Route Cleanup | Checksum: 16ba94c30

Time (s): cpu = 00:00:43 ; elapsed = 00:00:38 . Memory (MB): peak = 2008.957 ; gain = 95.242
 Number of Nodes with overlaps = 0

Router Utilization Summary
  Global Vertical Routing Utilization    = 0 %
  Global Horizontal Routing Utilization  = 0 %
  Routable Net Status*
  *Does not include unroutable nets such as driverless and loadless.
  Run report_route_status for detailed report.
  Number of Failed Nets               = 39
    (Failed Nets is the sum of unrouted and partially routed nets)
  Number of Unrouted Nets             = 39
  Number of Partially Routed Nets     = 0
  Number of Node Overlaps             = 0

Phase 2 Router Initialization | Checksum: d2d7b3a1

Time (s): cpu = 00:00:43 ; elapsed = 00:00:39 . Memory (MB): peak = 2021.031 ; gain = 107.316

Phase 3 Initial Routing

Phase 3.1 Global Routing
Phase 3.1 Global Routing | Checksum: d2d7b3a1

Time (s): cpu = 00:00:43 ; elapsed = 00:00:39 . Memory (MB): peak = 2021.031 ; gain = 107.316
Phase 3 Initial Routing | Checksum: e3125d9b

Time (s): cpu = 00:00:44 ; elapsed = 00:00:39 . Memory (MB): peak = 2021.031 ; gain = 107.316

Phase 4 Rip-up And Reroute

Phase 4.1 Global Iteration 0
 Number of Nodes with overlaps = 0
Phase 4.1 Global Iteration 0 | Checksum: ad85ec55

Time (s): cpu = 00:00:44 ; elapsed = 00:00:39 . Memory (MB): peak = 2021.031 ; gain = 107.316
Phase 4 Rip-up And Reroute | Checksum: ad85ec55

Time (s): cpu = 00:00:44 ; elapsed = 00:00:39 . Memory (MB): peak = 2021.031 ; gain = 107.316

Phase 5 Delay and Skew Optimization
Phase 5 Delay and Skew Optimization | Checksum: ad85ec55

Time (s): cpu = 00:00:44 ; elapsed = 00:00:39 . Memory (MB): peak = 2021.031 ; gain = 107.316

Phase 6 Post Hold Fix

Phase 6.1 Hold Fix Iter
Phase 6.1 Hold Fix Iter | Checksum: ad85ec55

Time (s): cpu = 00:00:44 ; elapsed = 00:00:39 . Memory (MB): peak = 2021.031 ; gain = 107.316
Phase 6 Post Hold Fix | Checksum: ad85ec55

Time (s): cpu = 00:00:44 ; elapsed = 00:00:39 . Memory (MB): peak = 2021.031 ; gain = 107.316

Phase 7 Route finalize

Router Utilization Summary
  Global Vertical Routing Utilization    = 0.0085948 %
  Global Horizontal Routing Utilization  = 0.00912779 %
  Routable Net Status*
  *Does not include unroutable nets such as driverless and loadless.
  Run report_route_status for detailed report.
  Number of Failed Nets               = 0
    (Failed Nets is the sum of unrouted and partially routed nets)
  Number of Unrouted Nets             = 0
  Number of Partially Routed Nets     = 0
  Number of Node Overlaps             = 0

Congestion Report
North Dir 1x1 Area, Max Cong = 30.6306%, No Congested Regions.
South Dir 1x1 Area, Max Cong = 3.6036%, No Congested Regions.
East Dir 1x1 Area, Max Cong = 13.2353%, No Congested Regions.
West Dir 1x1 Area, Max Cong = 14.7059%, No Congested Regions.

------------------------------
Reporting congestion hotspots
------------------------------
Direction: North
----------------
Congested clusters found at Level 0
Effective congestion level: 0 Aspect Ratio: 1 Sparse Ratio: 0
Direction: South
----------------
Congested clusters found at Level 0
Effective congestion level: 0 Aspect Ratio: 1 Sparse Ratio: 0
Direction: East
----------------
Congested clusters found at Level 0
Effective congestion level: 0 Aspect Ratio: 1 Sparse Ratio: 0
Direction: West
----------------
Congested clusters found at Level 0
Effective congestion level: 0 Aspect Ratio: 1 Sparse Ratio: 0

Phase 7 Route finalize | Checksum: ad85ec55

Time (s): cpu = 00:00:44 ; elapsed = 00:00:39 . Memory (MB): peak = 2021.031 ; gain = 107.316

Phase 8 Verifying routed nets

 Verification completed successfully
Phase 8 Verifying routed nets | Checksum: ad85ec55

Time (s): cpu = 00:00:44 ; elapsed = 00:00:39 . Memory (MB): peak = 2021.031 ; gain = 107.316

Phase 9 Depositing Routes
Phase 9 Depositing Routes | Checksum: ac3b4ade

Time (s): cpu = 00:00:44 ; elapsed = 00:00:39 . Memory (MB): peak = 2021.031 ; gain = 107.316
INFO: [Route 35-16] Router Completed Successfully

Time (s): cpu = 00:00:44 ; elapsed = 00:00:39 . Memory (MB): peak = 2021.031 ; gain = 107.316

Routing Is Done.
INFO: [Common 17-83] Releasing license: Implementation
58 Infos, 1 Warnings, 0 Critical Warnings and 0 Errors encountered.
route_design completed successfully
route_design: Time (s): cpu = 00:00:46 ; elapsed = 00:00:40 . Memory (MB): peak = 2021.031 ; gain = 116.477
Writing XDEF routing.
Writing XDEF routing logical nets.
Writing XDEF routing special nets.
Write XDEF Complete: Time (s): cpu = 00:00:00 ; elapsed = 00:00:00.098 . Memory (MB): peak = 2030.684 ; gain = 9.652
INFO: [Common 17-1381] The checkpoint 'C:/Users/narsi/Desktop/projects/Project_BUG/lifo/lifo_rseq/lifo_rseq_D/lifo_rseq_/lifo_rseq_bug.runs/impl_1/lifo_rseq_routed.dcp' has been generated.
INFO: [runtcl-4] Executing : report_drc -file lifo_rseq_drc_routed.rpt -pb lifo_rseq_drc_routed.pb -rpx lifo_rseq_drc_routed.rpx
Command: report_drc -file lifo_rseq_drc_routed.rpt -pb lifo_rseq_drc_routed.pb -rpx lifo_rseq_drc_routed.rpx
INFO: [IP_Flow 19-1839] IP Catalog is up to date.
INFO: [DRC 23-27] Running DRC with 2 threads
INFO: [Vivado_Tcl 2-168] The results of DRC are in file C:/Users/narsi/Desktop/projects/Project_BUG/lifo/lifo_rseq/lifo_rseq_D/lifo_rseq_/lifo_rseq_bug.runs/impl_1/lifo_rseq_drc_routed.rpt.
report_drc completed successfully
INFO: [runtcl-4] Executing : report_methodology -file lifo_rseq_methodology_drc_routed.rpt -pb lifo_rseq_methodology_drc_routed.pb -rpx lifo_rseq_methodology_drc_routed.rpx
Command: report_methodology -file lifo_rseq_methodology_drc_routed.rpt -pb lifo_rseq_methodology_drc_routed.pb -rpx lifo_rseq_methodology_drc_routed.rpx
INFO: [Timing 38-35] Done setting XDC timing constraints.
INFO: [DRC 23-133] Running Methodology with 2 threads
INFO: [Vivado_Tcl 2-1520] The results of Report Methodology are in file C:/Users/narsi/Desktop/projects/Project_BUG/lifo/lifo_rseq/lifo_rseq_D/lifo_rseq_/lifo_rseq_bug.runs/impl_1/lifo_rseq_methodology_drc_routed.rpt.
report_methodology completed successfully
INFO: [runtcl-4] Executing : report_power -file lifo_rseq_power_routed.rpt -pb lifo_rseq_power_summary_routed.pb -rpx lifo_rseq_power_routed.rpx
Command: report_power -file lifo_rseq_power_routed.rpt -pb lifo_rseq_power_summary_routed.pb -rpx lifo_rseq_power_routed.rpx
INFO: [Timing 38-35] Done setting XDC timing constraints.
WARNING: [Power 33-232] No user defined clocks were found in the design! Power estimation will be inaccurate until this is corrected.
Resolution: Please specify clocks using create_clock/create_generated_clock for sequential elements. For pure combinatorial circuits, please specify a virtual clock, otherwise the vectorless estimation might be inaccurate
Running Vector-less Activity Propagation...

Finished Running Vector-less Activity Propagation
69 Infos, 2 Warnings, 0 Critical Warnings and 0 Errors encountered.
report_power completed successfully
INFO: [runtcl-4] Executing : report_route_status -file lifo_rseq_route_status.rpt -pb lifo_rseq_route_status.pb
INFO: [runtcl-4] Executing : report_timing_summary -max_paths 10 -report_unconstrained -file lifo_rseq_timing_summary_routed.rpt -pb lifo_rseq_timing_summary_routed.pb -rpx lifo_rseq_timing_summary_routed.rpx -warn_on_violation 
INFO: [Timing 38-91] UpdateTimingParams: Speed grade: -1, Delay Type: min_max.
INFO: [Timing 38-191] Multithreading enabled for timing update using a maximum of 2 CPUs
WARNING: [Timing 38-313] There are no user specified timing constraints. Timing constraints are needed for proper timing analysis.
INFO: [runtcl-4] Executing : report_incremental_reuse -file lifo_rseq_incremental_reuse_routed.rpt
INFO: [Vivado_Tcl 4-1062] Incremental flow is disabled. No incremental reuse Info to report.
INFO: [runtcl-4] Executing : report_clock_utilization -file lifo_rseq_clock_utilization_routed.rpt
INFO: [runtcl-4] Executing : report_bus_skew -warn_on_violation -file lifo_rseq_bus_skew_routed.rpt -pb lifo_rseq_bus_skew_routed.pb -rpx lifo_rseq_bus_skew_routed.rpx
INFO: [Timing 38-91] UpdateTimingParams: Speed grade: -1, Delay Type: min_max.
INFO: [Timing 38-191] Multithreading enabled for timing update using a maximum of 2 CPUs
INFO: [Common 17-206] Exiting Vivado at Fri Apr  3 00:20:34 2026...
[Fri Apr  3 00:20:39 2026] impl_1 finished
wait_on_runs: Time (s): cpu = 00:00:00 ; elapsed = 00:02:12 . Memory (MB): peak = 979.449 ; gain = 0.000
# open_run impl_1
Netlist sorting complete. Time (s): cpu = 00:00:00 ; elapsed = 00:00:00.001 . Memory (MB): peak = 979.449 ; gain = 0.000
INFO: [Netlist 29-17] Analyzing 3 Unisim elements for replacement
INFO: [Netlist 29-28] Unisim Transformation completed in 0 CPU seconds
INFO: [Project 1-479] Netlist was created with Vivado 2022.2
INFO: [Project 1-570] Preparing netlist for logic optimization
Reading XDEF placement.
Reading placer database...
Reading XDEF routing.
Read XDEF Files: Time (s): cpu = 00:00:00 ; elapsed = 00:00:00.366 . Memory (MB): peak = 1093.668 ; gain = 24.867
Restored from archive | CPU: 0.000000 secs | Memory: 0.000000 MB |
Finished XDEF File Restore: Time (s): cpu = 00:00:00 ; elapsed = 00:00:00.368 . Memory (MB): peak = 1093.668 ; gain = 24.867
Netlist sorting complete. Time (s): cpu = 00:00:00 ; elapsed = 00:00:00 . Memory (MB): peak = 1480.047 ; gain = 0.000
INFO: [Project 1-111] Unisim Transformation Summary:
  A total of 3 instances were transformed.
  RAM32M => RAM32M (RAMD32(x6), RAMS32(x2)): 1 instance 
  RAM32X1D => RAM32X1D (RAMD32(x2)): 2 instances

# report_utilization    -file [file join $build_dir utilization.rpt]
# report_timing_summary -file [file join $build_dir timing_summary.rpt]
INFO: [Timing 38-35] Done setting XDC timing constraints.
INFO: [Timing 38-91] UpdateTimingParams: Speed grade: -1, Delay Type: min_max.
INFO: [Timing 38-191] Multithreading enabled for timing update using a maximum of 2 CPUs
report_timing_summary: Time (s): cpu = 00:00:07 ; elapsed = 00:00:07 . Memory (MB): peak = 1657.645 ; gain = 177.598
# set sim_log [file join $build_dir sim.log]
# if {$run_sim} {
#   launch_simulation -simset sim_1 -mode behavioral
#   log_wave -recursive *
#   run all
#   catch { write_waveform -file [file join $build_dir waveform.wdb] }
#   if {[file exists "vivado.log"]} {
#     file copy -force "vivado.log" $sim_log
#   } else {
#     # create empty log
#     set fd [open $sim_log w]; puts $fd "No vivado.log"; close $fd
#   }
# } else {
#   # no sim run
#   set fd [open $sim_log w]; puts $fd "Simulation not run (no TB)"; close $fd
# }
Command: launch_simulation  -simset sim_1 -mode behavioral
INFO: [Vivado 12-12493] Simulation top is 'lifo_rseq_tb'
WARNING: [Vivado 12-13340] Unable to auto find GCC executables from simulator install path! (path not set)
WARNING: [Vivado 12-13277] Compiled library path does not exist: ''
INFO: [Vivado 12-5682] Launching behavioral simulation in 'C:/Users/narsi/Desktop/projects/Project_BUG/lifo/lifo_rseq/lifo_rseq_D/lifo_rseq_/lifo_rseq_bug.sim/sim_1/behav/xsim'
INFO: [SIM-utils-51] Simulation object is 'sim_1'
INFO: [SIM-utils-72] Using boost library from 'C:/Xilinx/Vivado/2022.2/tps/boost_1_72_0'
INFO: [SIM-utils-54] Inspecting design source files for 'lifo_rseq_tb' in fileset 'sim_1'...
INFO: [USF-XSim-97] Finding global include files...
INFO: [USF-XSim-98] Fetching design files from 'sim_1'...
INFO: [USF-XSim-2] XSim::Compile design
INFO: [USF-XSim-61] Executing 'COMPILE and ANALYZE' step in 'C:/Users/narsi/Desktop/projects/Project_BUG/lifo/lifo_rseq/lifo_rseq_D/lifo_rseq_/lifo_rseq_bug.sim/sim_1/behav/xsim'
"xvhdl --incr --relax -prj lifo_rseq_tb_vhdl.prj"
INFO: [VRFC 10-163] Analyzing VHDL file "C:/Users/narsi/Desktop/projects/Project_BUG/lifo/lifo_rseq/lifo_rseq_D/rtl/lifo_rseq.vhd" into library xil_defaultlib
INFO: [VRFC 10-3107] analyzing entity 'lifo_rseq'
INFO: [VRFC 10-163] Analyzing VHDL file "C:/Users/narsi/Desktop/projects/Project_BUG/lifo/lifo_rseq/lifo_rseq_D/tb/lifo_rseq_tb.vhd" into library xil_defaultlib
INFO: [VRFC 10-3107] analyzing entity 'lifo_rseq_tb'
INFO: [USF-XSim-69] 'compile' step finished in '3' seconds
INFO: [USF-XSim-3] XSim::Elaborate design
INFO: [USF-XSim-61] Executing 'ELABORATE' step in 'C:/Users/narsi/Desktop/projects/Project_BUG/lifo/lifo_rseq/lifo_rseq_D/lifo_rseq_/lifo_rseq_bug.sim/sim_1/behav/xsim'
"xelab --incr --debug typical --relax --mt 2 -L xil_defaultlib -L secureip --snapshot lifo_rseq_tb_behav xil_defaultlib.lifo_rseq_tb -log elaborate.log"
Vivado Simulator v2022.2
Copyright 1986-1999, 2001-2022 Xilinx, Inc. All Rights Reserved.
Running: C:/Xilinx/Vivado/2022.2/bin/unwrapped/win64.o/xelab.exe --incr --debug typical --relax --mt 2 -L xil_defaultlib -L secureip --snapshot lifo_rseq_tb_behav xil_defaultlib.lifo_rseq_tb -log elaborate.log 
Using 2 slave threads.
Starting static elaboration
Completed static elaboration
Starting simulation data flow analysis
Completed simulation data flow analysis
Time Resolution for simulation is 1ps
Compiling package std.standard
Compiling package std.textio
Compiling package ieee.std_logic_1164
Compiling package ieee.numeric_std
Compiling package std.env
Compiling architecture behavioral of entity xil_defaultlib.lifo_rseq [\lifo_rseq(g_depth=16)\]
Compiling architecture behavioral of entity xil_defaultlib.lifo_rseq_tb
Built simulation snapshot lifo_rseq_tb_behav
INFO: [USF-XSim-69] 'elaborate' step finished in '2' seconds
INFO: [USF-XSim-4] XSim::Simulate design
INFO: [USF-XSim-61] Executing 'SIMULATE' step in 'C:/Users/narsi/Desktop/projects/Project_BUG/lifo/lifo_rseq/lifo_rseq_D/lifo_rseq_/lifo_rseq_bug.sim/sim_1/behav/xsim'
INFO: [USF-XSim-98] *** Running xsim
   with args "lifo_rseq_tb_behav -key {Behavioral:sim_1:Functional:lifo_rseq_tb} -tclbatch {lifo_rseq_tb.tcl} -log {simulate.log}"
INFO: [USF-XSim-8] Loading simulator feature
Time resolution is 1 ps
source lifo_rseq_tb.tcl
## current_wave_config
Error: BUG DETECTED : OVERFLOW_DETECTED
Time: 205 ns  Iteration: 1  Process: /lifo_rseq_tb/monitor_proc  File: C:/Users/narsi/Desktop/projects/Project_BUG/lifo/lifo_rseq/lifo_rseq_D/tb/lifo_rseq_tb.vhd
Error: BUG DETECTED : OVERFLOW_DETECTED
Time: 215 ns  Iteration: 1  Process: /lifo_rseq_tb/monitor_proc  File: C:/Users/narsi/Desktop/projects/Project_BUG/lifo/lifo_rseq/lifo_rseq_D/tb/lifo_rseq_tb.vhd
Error: BUG DETECTED : OVERFLOW_DETECTED
Time: 225 ns  Iteration: 1  Process: /lifo_rseq_tb/monitor_proc  File: C:/Users/narsi/Desktop/projects/Project_BUG/lifo/lifo_rseq/lifo_rseq_D/tb/lifo_rseq_tb.vhd
Error: BUG DETECTED : OVERFLOW_DETECTED
Time: 235 ns  Iteration: 1  Process: /lifo_rseq_tb/monitor_proc  File: C:/Users/narsi/Desktop/projects/Project_BUG/lifo/lifo_rseq/lifo_rseq_D/tb/lifo_rseq_tb.vhd
Error: BUG DETECTED : OVERFLOW_DETECTED
Time: 245 ns  Iteration: 1  Process: /lifo_rseq_tb/monitor_proc  File: C:/Users/narsi/Desktop/projects/Project_BUG/lifo/lifo_rseq/lifo_rseq_D/tb/lifo_rseq_tb.vhd
Error: BUG DETECTED : OVERFLOW_DETECTED
Time: 255 ns  Iteration: 1  Process: /lifo_rseq_tb/monitor_proc  File: C:/Users/narsi/Desktop/projects/Project_BUG/lifo/lifo_rseq/lifo_rseq_D/tb/lifo_rseq_tb.vhd
Error: BUG DETECTED : OVERFLOW_DETECTED
Time: 265 ns  Iteration: 1  Process: /lifo_rseq_tb/monitor_proc  File: C:/Users/narsi/Desktop/projects/Project_BUG/lifo/lifo_rseq/lifo_rseq_D/tb/lifo_rseq_tb.vhd
Error: BUG DETECTED : OVERFLOW_DETECTED
Time: 275 ns  Iteration: 1  Process: /lifo_rseq_tb/monitor_proc  File: C:/Users/narsi/Desktop/projects/Project_BUG/lifo/lifo_rseq/lifo_rseq_D/tb/lifo_rseq_tb.vhd
Error: BUG DETECTED : OVERFLOW_DETECTED
Time: 285 ns  Iteration: 1  Process: /lifo_rseq_tb/monitor_proc  File: C:/Users/narsi/Desktop/projects/Project_BUG/lifo/lifo_rseq/lifo_rseq_D/tb/lifo_rseq_tb.vhd
Error: BUG DETECTED : OVERFLOW_DETECTED
Time: 295 ns  Iteration: 1  Process: /lifo_rseq_tb/monitor_proc  File: C:/Users/narsi/Desktop/projects/Project_BUG/lifo/lifo_rseq/lifo_rseq_D/tb/lifo_rseq_tb.vhd
Error: BUG DETECTED : OVERFLOW_DETECTED
Time: 305 ns  Iteration: 1  Process: /lifo_rseq_tb/monitor_proc  File: C:/Users/narsi/Desktop/projects/Project_BUG/lifo/lifo_rseq/lifo_rseq_D/tb/lifo_rseq_tb.vhd
Error: BUG DETECTED : UNDERFLOW_DETECTED
Time: 495 ns  Iteration: 1  Process: /lifo_rseq_tb/monitor_proc  File: C:/Users/narsi/Desktop/projects/Project_BUG/lifo/lifo_rseq/lifo_rseq_D/tb/lifo_rseq_tb.vhd
Error: BUG DETECTED : UNDERFLOW_DETECTED
Time: 505 ns  Iteration: 1  Process: /lifo_rseq_tb/monitor_proc  File: C:/Users/narsi/Desktop/projects/Project_BUG/lifo/lifo_rseq/lifo_rseq_D/tb/lifo_rseq_tb.vhd
Error: BUG DETECTED : UNDERFLOW_DETECTED
Time: 515 ns  Iteration: 1  Process: /lifo_rseq_tb/monitor_proc  File: C:/Users/narsi/Desktop/projects/Project_BUG/lifo/lifo_rseq/lifo_rseq_D/tb/lifo_rseq_tb.vhd
Error: BUG DETECTED : UNDERFLOW_DETECTED
Time: 525 ns  Iteration: 1  Process: /lifo_rseq_tb/monitor_proc  File: C:/Users/narsi/Desktop/projects/Project_BUG/lifo/lifo_rseq/lifo_rseq_D/tb/lifo_rseq_tb.vhd
Error: BUG DETECTED : UNDERFLOW_DETECTED
Time: 535 ns  Iteration: 1  Process: /lifo_rseq_tb/monitor_proc  File: C:/Users/narsi/Desktop/projects/Project_BUG/lifo/lifo_rseq/lifo_rseq_D/tb/lifo_rseq_tb.vhd
Error: BUG DETECTED : RESET_SEQUENCE violation
Time: 575 ns  Iteration: 1  Process: /lifo_rseq_tb/monitor_proc  File: C:/Users/narsi/Desktop/projects/Project_BUG/lifo/lifo_rseq/lifo_rseq_D/tb/lifo_rseq_tb.vhd
Error: BUG DETECTED : OVERFLOW_DETECTED
Time: 755 ns  Iteration: 1  Process: /lifo_rseq_tb/monitor_proc  File: C:/Users/narsi/Desktop/projects/Project_BUG/lifo/lifo_rseq/lifo_rseq_D/tb/lifo_rseq_tb.vhd
Error: BUG DETECTED : OVERFLOW_DETECTED
Time: 765 ns  Iteration: 1  Process: /lifo_rseq_tb/monitor_proc  File: C:/Users/narsi/Desktop/projects/Project_BUG/lifo/lifo_rseq/lifo_rseq_D/tb/lifo_rseq_tb.vhd
Error: BUG DETECTED : OVERFLOW_DETECTED
Time: 775 ns  Iteration: 1  Process: /lifo_rseq_tb/monitor_proc  File: C:/Users/narsi/Desktop/projects/Project_BUG/lifo/lifo_rseq/lifo_rseq_D/tb/lifo_rseq_tb.vhd
Error: BUG DETECTED : OVERFLOW_DETECTED
Time: 785 ns  Iteration: 1  Process: /lifo_rseq_tb/monitor_proc  File: C:/Users/narsi/Desktop/projects/Project_BUG/lifo/lifo_rseq/lifo_rseq_D/tb/lifo_rseq_tb.vhd
Error: BUG DETECTED : OVERFLOW_DETECTED
Time: 795 ns  Iteration: 1  Process: /lifo_rseq_tb/monitor_proc  File: C:/Users/narsi/Desktop/projects/Project_BUG/lifo/lifo_rseq/lifo_rseq_D/tb/lifo_rseq_tb.vhd
Error: BUG DETECTED : OVERFLOW_DETECTED
Time: 805 ns  Iteration: 1  Process: /lifo_rseq_tb/monitor_proc  File: C:/Users/narsi/Desktop/projects/Project_BUG/lifo/lifo_rseq/lifo_rseq_D/tb/lifo_rseq_tb.vhd
Note: --------------------------------
Time: 855 ns  Iteration: 0  Process: /lifo_rseq_tb/stim_proc  File: C:/Users/narsi/Desktop/projects/Project_BUG/lifo/lifo_rseq/lifo_rseq_D/tb/lifo_rseq_tb.vhd
Note: TOTAL BUGS INJECTED = 65
Time: 855 ns  Iteration: 0  Process: /lifo_rseq_tb/stim_proc  File: C:/Users/narsi/Desktop/projects/Project_BUG/lifo/lifo_rseq/lifo_rseq_D/tb/lifo_rseq_tb.vhd
Note: TOTAL BUGS DETECTED = 6
Time: 855 ns  Iteration: 0  Process: /lifo_rseq_tb/stim_proc  File: C:/Users/narsi/Desktop/projects/Project_BUG/lifo/lifo_rseq/lifo_rseq_D/tb/lifo_rseq_tb.vhd
Note: --------------------------------
Time: 855 ns  Iteration: 0  Process: /lifo_rseq_tb/stim_proc  File: C:/Users/narsi/Desktop/projects/Project_BUG/lifo/lifo_rseq/lifo_rseq_D/tb/lifo_rseq_tb.vhd
$stop called at time : 955 ns : File "C:/Users/narsi/Desktop/projects/Project_BUG/lifo/lifo_rseq/lifo_rseq_D/tb/lifo_rseq_tb.vhd" Line 209
INFO: [USF-XSim-96] XSim completed. Design snapshot 'lifo_rseq_tb_behav' loaded.
INFO: [USF-XSim-97] XSim simulation ran for 1000ns
launch_simulation: Time (s): cpu = 00:00:00 ; elapsed = 00:00:07 . Memory (MB): peak = 1668.910 ; gain = 11.266
Error: BUG DETECTED : OVERFLOW_DETECTED
Time: 975 ns  Iteration: 1  Process: /lifo_rseq_tb/monitor_proc  File: C:/Users/narsi/Desktop/projects/Project_BUG/lifo/lifo_rseq/lifo_rseq_D/tb/lifo_rseq_tb.vhd
Error: BUG DETECTED : OVERFLOW_DETECTED
Time: 985 ns  Iteration: 1  Process: /lifo_rseq_tb/monitor_proc  File: C:/Users/narsi/Desktop/projects/Project_BUG/lifo/lifo_rseq/lifo_rseq_D/tb/lifo_rseq_tb.vhd
Error: BUG DETECTED : OVERFLOW_DETECTED
Time: 995 ns  Iteration: 1  Process: /lifo_rseq_tb/monitor_proc  File: C:/Users/narsi/Desktop/projects/Project_BUG/lifo/lifo_rseq/lifo_rseq_D/tb/lifo_rseq_tb.vhd
Error: BUG DETECTED : OVERFLOW_DETECTED
Time: 1005 ns  Iteration: 1  Process: /lifo_rseq_tb/monitor_proc  File: C:/Users/narsi/Desktop/projects/Project_BUG/lifo/lifo_rseq/lifo_rseq_D/tb/lifo_rseq_tb.vhd
Error: BUG DETECTED : OVERFLOW_DETECTED
Time: 1015 ns  Iteration: 1  Process: /lifo_rseq_tb/monitor_proc  File: C:/Users/narsi/Desktop/projects/Project_BUG/lifo/lifo_rseq/lifo_rseq_D/tb/lifo_rseq_tb.vhd
Error: BUG DETECTED : OVERFLOW_DETECTED
Time: 1025 ns  Iteration: 1  Process: /lifo_rseq_tb/monitor_proc  File: C:/Users/narsi/Desktop/projects/Project_BUG/lifo/lifo_rseq/lifo_rseq_D/tb/lifo_rseq_tb.vhd
Error: BUG DETECTED : OVERFLOW_DETECTED
Time: 1055 ns  Iteration: 1  Process: /lifo_rseq_tb/monitor_proc  File: C:/Users/narsi/Desktop/projects/Project_BUG/lifo/lifo_rseq/lifo_rseq_D/tb/lifo_rseq_tb.vhd
Error: BUG DETECTED : OVERFLOW_DETECTED
Time: 1065 ns  Iteration: 1  Process: /lifo_rseq_tb/monitor_proc  File: C:/Users/narsi/Desktop/projects/Project_BUG/lifo/lifo_rseq/lifo_rseq_D/tb/lifo_rseq_tb.vhd
Error: BUG DETECTED : OVERFLOW_DETECTED
Time: 1075 ns  Iteration: 1  Process: /lifo_rseq_tb/monitor_proc  File: C:/Users/narsi/Desktop/projects/Project_BUG/lifo/lifo_rseq/lifo_rseq_D/tb/lifo_rseq_tb.vhd
Error: BUG DETECTED : OVERFLOW_DETECTED
Time: 1085 ns  Iteration: 1  Process: /lifo_rseq_tb/monitor_proc  File: C:/Users/narsi/Desktop/projects/Project_BUG/lifo/lifo_rseq/lifo_rseq_D/tb/lifo_rseq_tb.vhd
Error: BUG DETECTED : OVERFLOW_DETECTED
Time: 1095 ns  Iteration: 1  Process: /lifo_rseq_tb/monitor_proc  File: C:/Users/narsi/Desktop/projects/Project_BUG/lifo/lifo_rseq/lifo_rseq_D/tb/lifo_rseq_tb.vhd
Error: BUG DETECTED : OVERFLOW_DETECTED
Time: 1105 ns  Iteration: 1  Process: /lifo_rseq_tb/monitor_proc  File: C:/Users/narsi/Desktop/projects/Project_BUG/lifo/lifo_rseq/lifo_rseq_D/tb/lifo_rseq_tb.vhd
Error: BUG DETECTED : OVERFLOW_DETECTED
Time: 1115 ns  Iteration: 1  Process: /lifo_rseq_tb/monitor_proc  File: C:/Users/narsi/Desktop/projects/Project_BUG/lifo/lifo_rseq/lifo_rseq_D/tb/lifo_rseq_tb.vhd
Error: BUG DETECTED : OVERFLOW_DETECTED
Time: 1125 ns  Iteration: 1  Process: /lifo_rseq_tb/monitor_proc  File: C:/Users/narsi/Desktop/projects/Project_BUG/lifo/lifo_rseq/lifo_rseq_D/tb/lifo_rseq_tb.vhd
Error: BUG DETECTED : OVERFLOW_DETECTED
Time: 1135 ns  Iteration: 1  Process: /lifo_rseq_tb/monitor_proc  File: C:/Users/narsi/Desktop/projects/Project_BUG/lifo/lifo_rseq/lifo_rseq_D/tb/lifo_rseq_tb.vhd
Error: BUG DETECTED : OVERFLOW_DETECTED
Time: 1145 ns  Iteration: 1  Process: /lifo_rseq_tb/monitor_proc  File: C:/Users/narsi/Desktop/projects/Project_BUG/lifo/lifo_rseq/lifo_rseq_D/tb/lifo_rseq_tb.vhd
Error: BUG DETECTED : OVERFLOW_DETECTED
Time: 1155 ns  Iteration: 1  Process: /lifo_rseq_tb/monitor_proc  File: C:/Users/narsi/Desktop/projects/Project_BUG/lifo/lifo_rseq/lifo_rseq_D/tb/lifo_rseq_tb.vhd
Error: BUG DETECTED : OVERFLOW_DETECTED
Time: 1165 ns  Iteration: 1  Process: /lifo_rseq_tb/monitor_proc  File: C:/Users/narsi/Desktop/projects/Project_BUG/lifo/lifo_rseq/lifo_rseq_D/tb/lifo_rseq_tb.vhd
Error: BUG DETECTED : OVERFLOW_DETECTED
Time: 1175 ns  Iteration: 1  Process: /lifo_rseq_tb/monitor_proc  File: C:/Users/narsi/Desktop/projects/Project_BUG/lifo/lifo_rseq/lifo_rseq_D/tb/lifo_rseq_tb.vhd
Error: BUG DETECTED : OVERFLOW_DETECTED
Time: 1185 ns  Iteration: 1  Process: /lifo_rseq_tb/monitor_proc  File: C:/Users/narsi/Desktop/projects/Project_BUG/lifo/lifo_rseq/lifo_rseq_D/tb/lifo_rseq_tb.vhd
Error: BUG DETECTED : OVERFLOW_DETECTED
Time: 1195 ns  Iteration: 1  Process: /lifo_rseq_tb/monitor_proc  File: C:/Users/narsi/Desktop/projects/Project_BUG/lifo/lifo_rseq/lifo_rseq_D/tb/lifo_rseq_tb.vhd
Error: BUG DETECTED : OVERFLOW_DETECTED
Time: 1205 ns  Iteration: 1  Process: /lifo_rseq_tb/monitor_proc  File: C:/Users/narsi/Desktop/projects/Project_BUG/lifo/lifo_rseq/lifo_rseq_D/tb/lifo_rseq_tb.vhd
Error: BUG DETECTED : OVERFLOW_DETECTED
Time: 1215 ns  Iteration: 1  Process: /lifo_rseq_tb/monitor_proc  File: C:/Users/narsi/Desktop/projects/Project_BUG/lifo/lifo_rseq/lifo_rseq_D/tb/lifo_rseq_tb.vhd
Error: BUG DETECTED : OVERFLOW_DETECTED
Time: 1225 ns  Iteration: 1  Process: /lifo_rseq_tb/monitor_proc  File: C:/Users/narsi/Desktop/projects/Project_BUG/lifo/lifo_rseq/lifo_rseq_D/tb/lifo_rseq_tb.vhd
Error: BUG DETECTED : OVERFLOW_DETECTED
Time: 1235 ns  Iteration: 1  Process: /lifo_rseq_tb/monitor_proc  File: C:/Users/narsi/Desktop/projects/Project_BUG/lifo/lifo_rseq/lifo_rseq_D/tb/lifo_rseq_tb.vhd
Error: BUG DETECTED : OVERFLOW_DETECTED
Time: 1245 ns  Iteration: 1  Process: /lifo_rseq_tb/monitor_proc  File: C:/Users/narsi/Desktop/projects/Project_BUG/lifo/lifo_rseq/lifo_rseq_D/tb/lifo_rseq_tb.vhd
Error: BUG DETECTED : OVERFLOW_DETECTED
Time: 1255 ns  Iteration: 1  Process: /lifo_rseq_tb/monitor_proc  File: C:/Users/narsi/Desktop/projects/Project_BUG/lifo/lifo_rseq/lifo_rseq_D/tb/lifo_rseq_tb.vhd
Error: BUG DETECTED : UNDERFLOW_DETECTED
Time: 1445 ns  Iteration: 1  Process: /lifo_rseq_tb/monitor_proc  File: C:/Users/narsi/Desktop/projects/Project_BUG/lifo/lifo_rseq/lifo_rseq_D/tb/lifo_rseq_tb.vhd
Error: BUG DETECTED : UNDERFLOW_DETECTED
Time: 1455 ns  Iteration: 1  Process: /lifo_rseq_tb/monitor_proc  File: C:/Users/narsi/Desktop/projects/Project_BUG/lifo/lifo_rseq/lifo_rseq_D/tb/lifo_rseq_tb.vhd
Error: BUG DETECTED : UNDERFLOW_DETECTED
Time: 1465 ns  Iteration: 1  Process: /lifo_rseq_tb/monitor_proc  File: C:/Users/narsi/Desktop/projects/Project_BUG/lifo/lifo_rseq/lifo_rseq_D/tb/lifo_rseq_tb.vhd
Error: BUG DETECTED : UNDERFLOW_DETECTED
Time: 1475 ns  Iteration: 1  Process: /lifo_rseq_tb/monitor_proc  File: C:/Users/narsi/Desktop/projects/Project_BUG/lifo/lifo_rseq/lifo_rseq_D/tb/lifo_rseq_tb.vhd
Error: BUG DETECTED : UNDERFLOW_DETECTED
Time: 1485 ns  Iteration: 1  Process: /lifo_rseq_tb/monitor_proc  File: C:/Users/narsi/Desktop/projects/Project_BUG/lifo/lifo_rseq/lifo_rseq_D/tb/lifo_rseq_tb.vhd
Error: BUG DETECTED : RESET_SEQUENCE violation
Time: 1525 ns  Iteration: 1  Process: /lifo_rseq_tb/monitor_proc  File: C:/Users/narsi/Desktop/projects/Project_BUG/lifo/lifo_rseq/lifo_rseq_D/tb/lifo_rseq_tb.vhd
Error: BUG DETECTED : OVERFLOW_DETECTED
Time: 1725 ns  Iteration: 1  Process: /lifo_rseq_tb/monitor_proc  File: C:/Users/narsi/Desktop/projects/Project_BUG/lifo/lifo_rseq/lifo_rseq_D/tb/lifo_rseq_tb.vhd
Error: BUG DETECTED : OVERFLOW_DETECTED
Time: 1735 ns  Iteration: 1  Process: /lifo_rseq_tb/monitor_proc  File: C:/Users/narsi/Desktop/projects/Project_BUG/lifo/lifo_rseq/lifo_rseq_D/tb/lifo_rseq_tb.vhd
Error: BUG DETECTED : OVERFLOW_DETECTED
Time: 1745 ns  Iteration: 1  Process: /lifo_rseq_tb/monitor_proc  File: C:/Users/narsi/Desktop/projects/Project_BUG/lifo/lifo_rseq/lifo_rseq_D/tb/lifo_rseq_tb.vhd
Error: BUG DETECTED : OVERFLOW_DETECTED
Time: 1755 ns  Iteration: 1  Process: /lifo_rseq_tb/monitor_proc  File: C:/Users/narsi/Desktop/projects/Project_BUG/lifo/lifo_rseq/lifo_rseq_D/tb/lifo_rseq_tb.vhd
Note: --------------------------------
Time: 1807 ns  Iteration: 0  Process: /lifo_rseq_tb/stim_proc  File: C:/Users/narsi/Desktop/projects/Project_BUG/lifo/lifo_rseq/lifo_rseq_D/tb/lifo_rseq_tb.vhd
Note: TOTAL BUGS INJECTED = 130
Time: 1807 ns  Iteration: 0  Process: /lifo_rseq_tb/stim_proc  File: C:/Users/narsi/Desktop/projects/Project_BUG/lifo/lifo_rseq/lifo_rseq_D/tb/lifo_rseq_tb.vhd
Note: TOTAL BUGS DETECTED = 12
Time: 1807 ns  Iteration: 0  Process: /lifo_rseq_tb/stim_proc  File: C:/Users/narsi/Desktop/projects/Project_BUG/lifo/lifo_rseq/lifo_rseq_D/tb/lifo_rseq_tb.vhd
Note: --------------------------------
Time: 1807 ns  Iteration: 0  Process: /lifo_rseq_tb/stim_proc  File: C:/Users/narsi/Desktop/projects/Project_BUG/lifo/lifo_rseq/lifo_rseq_D/tb/lifo_rseq_tb.vhd
$stop called at time : 1907 ns : File "C:/Users/narsi/Desktop/projects/Project_BUG/lifo/lifo_rseq/lifo_rseq_D/tb/lifo_rseq_tb.vhd" Line 209
