#-----------------------------------------------------------
# Vivado v2022.2 (64-bit)
# SW Build 3671981 on Fri Oct 14 05:00:03 MDT 2022
# IP Build 3669848 on Fri Oct 14 08:30:02 MDT 2022
# Start of session at: Fri Apr  3 11:45:29 2026
# Process ID: 6100
# Current directory: C:/Users/narsi/Desktop/projects/Project_BUG/g_filter
# Command line: vivado.exe -mode batch -source build.tcl
# Log file: C:/Users/narsi/Desktop/projects/Project_BUG/g_filter/vivado.log
# Journal file: C:/Users/narsi/Desktop/projects/Project_BUG/g_filter\vivado.jou
# Running On: Milan, OS: Windows, CPU Frequency: 1797 MHz, CPU Physical cores: 16, Host memory: 6297 MB
#-----------------------------------------------------------
source build.tcl
# set main_project_name "g_filter_g"
# set proj_name   "g_filter_bug"
# set proj_dir    "./$main_project_name/g_filter_g_"
# set build_dir   "./$main_project_name/build"
# set part        "xc7z020clg484-1"
# set rtl_glob    "./$main_project_name/rtl/*.vhd"
# set tb_glob     "./$main_project_name/tb/*_tb.vhd"
# set xdc_glob    "./constraints/*.xdc"
# set rtl_top_e   "g_filter"
# set tb_top_e   "g_filter_tb"
# set rtl_top     "./$main_project_name/rtl"
# set tb_top      "./$main_project_name/tb"
# set vivado_tool "Vivado 2022.2"
# set rtl_dir     "./rtl"
# set tb_dir      "./tb"
# set src_dir [glob -type d ./*.srcs]
# set full_src_rtl "$src_dir/sources_1/new"
# set full_src_tb "$src_dir/sim_1/new"
# catch {file mkdir $main_project_name}
# if {[file exists $build_dir]} {
#     puts "Cleaning build directory: $build_dir"
#     file delete -force $build_dir
# }
# file mkdir $build_dir
# catch { exec cmd.exe /c robocopy "./" "./$main_project_name" build.tcl run_case.dat } result
# if {![file exists $tb_top]} {
# catch {file mkdir $rtl_top}
# catch {file mkdir $tb_top}
# catch { exec cmd.exe /c robocopy "$full_src_tb" "$tb_top" /E } result
# catch { exec cmd.exe /c robocopy "$full_src_rtl" "$rtl_top" /E } result
# }
# create_project $proj_name $proj_dir -part $part -force
create_project: Time (s): cpu = 00:00:10 ; elapsed = 00:00:13 . Memory (MB): peak = 431.781 ; gain = 106.008
# foreach f [glob -nocomplain $rtl_glob] {
#   add_files $f
# }
# set_property top $rtl_top_e [current_fileset]
# update_compile_order -fileset sources_1
CRITICAL WARNING: [filemgmt 20-742] The top module "g_filter" specified for this project can not be validated. The current project is using automatic hierarchy update mode, and hence a new suitable replacement top will be automatically selected. If this is not desired, please change the hierarchy update mode to one of the manual compile order modes first, and then set top to any desired value.
Resolution: To switch to manual update order go to the Sources view, right-click on any node in the hierarchy and in the context menu select: 'Hierarchy Update' option 'No Update' or run the following Tcl Command: set_property source_mgmt_mode None [current_project] (which is the Manual Compile Order mode).
# set tb_list [glob -nocomplain $tb_glob]
# set run_sim 0
# if {[llength $tb_list] > 0} {
#   set run_sim 1
#   foreach f $tb_list {
#     add_files -fileset sim_1 $f
#   }
#   catch { set_property top $tb_top_e [get_filesets sim_1] }
#   update_compile_order -fileset sim_1
# }
CRITICAL WARNING: [filemgmt 20-742] The top module "g_filter_tb" specified for this project can not be validated. The current project is using automatic hierarchy update mode, and hence a new suitable replacement top will be automatically selected. If this is not desired, please change the hierarchy update mode to one of the manual compile order modes first, and then set top to any desired value.
Resolution: To switch to manual update order go to the Sources view, right-click on any node in the hierarchy and in the context menu select: 'Hierarchy Update' option 'No Update' or run the following Tcl Command: set_property source_mgmt_mode None [current_project] (which is the Manual Compile Order mode).
# launch_runs synth_1
WARNING: [Vivado 12-7122] Auto Incremental Compile:: No reference checkpoint was found in run synth_1. Auto-incremental flow will not be run, the standard flow will be run instead.
[Fri Apr  3 11:45:54 2026] Launched synth_1...
Run output will be captured here: C:/Users/narsi/Desktop/projects/Project_BUG/g_filter/g_filter_g/g_filter_g_/g_filter_bug.runs/synth_1/runme.log
# wait_on_run synth_1
[Fri Apr  3 11:45:54 2026] Waiting for synth_1 to finish...

*** Running vivado
    with args -log gaussian_filter.vds -m64 -product Vivado -mode batch -messageDb vivado.pb -notrace -source gaussian_filter.tcl



****** Vivado v2022.2 (64-bit)
  **** SW Build 3671981 on Fri Oct 14 05:00:03 MDT 2022
  **** IP Build 3669848 on Fri Oct 14 08:30:02 MDT 2022
    ** Copyright 1986-2022 Xilinx, Inc. All Rights Reserved.

source gaussian_filter.tcl -notrace
create_project: Time (s): cpu = 00:00:08 ; elapsed = 00:00:10 . Memory (MB): peak = 431.051 ; gain = 110.555
Command: synth_design -top gaussian_filter -part xc7z020clg484-1
Starting synth_design
Attempting to get a license for feature 'Synthesis' and/or device 'xc7z020'
INFO: [Common 17-349] Got license for feature 'Synthesis' and/or device 'xc7z020'
INFO: [Synth 8-7079] Multithreading enabled for synth_design using a maximum of 2 processes.
INFO: [Synth 8-7078] Launching helper process for spawning children vivado processes
INFO: [Synth 8-7075] Helper process launched with PID 22168
INFO: [Synth 8-11241] undeclared symbol 'REGCCE', assumed default net type 'wire' [C:/Xilinx/Vivado/2022.2/data/verilog/src/unimacro/BRAM_SINGLE_MACRO.v:2170]
---------------------------------------------------------------------------------
Starting Synthesize : Time (s): cpu = 00:00:07 ; elapsed = 00:00:07 . Memory (MB): peak = 868.238 ; gain = 412.312
---------------------------------------------------------------------------------
INFO: [Synth 8-638] synthesizing module 'gaussian_filter' [C:/Users/narsi/Desktop/projects/Project_BUG/g_filter/g_filter_g/rtl/g_filter.vhd:56]
INFO: [Synth 8-256] done synthesizing module 'gaussian_filter' (0#1) [C:/Users/narsi/Desktop/projects/Project_BUG/g_filter/g_filter_g/rtl/g_filter.vhd:56]
---------------------------------------------------------------------------------
Finished Synthesize : Time (s): cpu = 00:00:09 ; elapsed = 00:00:09 . Memory (MB): peak = 958.863 ; gain = 502.938
---------------------------------------------------------------------------------
---------------------------------------------------------------------------------
Finished Constraint Validation : Time (s): cpu = 00:00:09 ; elapsed = 00:00:10 . Memory (MB): peak = 958.863 ; gain = 502.938
---------------------------------------------------------------------------------
---------------------------------------------------------------------------------
Start Loading Part and Timing Information
---------------------------------------------------------------------------------
Loading part: xc7z020clg484-1
---------------------------------------------------------------------------------
Finished Loading Part and Timing Information : Time (s): cpu = 00:00:09 ; elapsed = 00:00:10 . Memory (MB): peak = 958.863 ; gain = 502.938
---------------------------------------------------------------------------------
INFO: [Device 21-403] Loading part xc7z020clg484-1
WARNING: [Synth 8-3936] Found unconnected internal register 'acc_reg' and it is trimmed from '16' to '12' bits. [C:/Users/narsi/Desktop/projects/Project_BUG/g_filter/g_filter_g/rtl/g_filter.vhd:138]
---------------------------------------------------------------------------------
Finished RTL Optimization Phase 2 : Time (s): cpu = 00:00:09 ; elapsed = 00:00:10 . Memory (MB): peak = 958.863 ; gain = 502.938
---------------------------------------------------------------------------------
No constraint files found.
---------------------------------------------------------------------------------
Start RTL Component Statistics 
---------------------------------------------------------------------------------
Detailed RTL Component Info : 
+---Adders : 
	   9 Input   12 Bit       Adders := 1     
	   2 Input   10 Bit       Adders := 1     
+---Registers : 
	               12 Bit    Registers := 1     
	                8 Bit    Registers := 10    
	                1 Bit    Registers := 3     
+---RAMs : 
	               5K Bit	(640 X 8 bit)          RAMs := 2     
+---Muxes : 
	   2 Input    1 Bit        Muxes := 1     
---------------------------------------------------------------------------------
Finished RTL Component Statistics 
---------------------------------------------------------------------------------
---------------------------------------------------------------------------------
Start Part Resource Summary
---------------------------------------------------------------------------------
Part Resources:
DSPs: 220 (col length:60)
BRAMs: 280 (col length: RAMB18 60 RAMB36 30)
---------------------------------------------------------------------------------
Finished Part Resource Summary
---------------------------------------------------------------------------------
No constraint files found.
---------------------------------------------------------------------------------
Start Cross Boundary and Area Optimization
---------------------------------------------------------------------------------
WARNING: [Synth 8-7080] Parallel synthesis criteria is not met
---------------------------------------------------------------------------------
Finished Cross Boundary and Area Optimization : Time (s): cpu = 00:00:16 ; elapsed = 00:00:20 . Memory (MB): peak = 1178.473 ; gain = 722.547
---------------------------------------------------------------------------------
---------------------------------------------------------------------------------
Start ROM, RAM, DSP, Shift Register and Retiming Reporting
---------------------------------------------------------------------------------

Block RAM: Preliminary Mapping Report (see note below)
+----------------+------------+------------------------+---+---+------------------------+---+---+------------------+--------+--------+
|Module Name     | RTL Object | PORT A (Depth x Width) | W | R | PORT B (Depth x Width) | W | R | Ports driving FF | RAMB18 | RAMB36 | 
+----------------+------------+------------------------+---+---+------------------------+---+---+------------------+--------+--------+
|gaussian_filter | lb1_reg    | 0 K x 8(READ_FIRST)    | W |   | 0 K x 8(WRITE_FIRST)   |   | R | Port A and B     | 1      | 0      | 
+----------------+------------+------------------------+---+---+------------------------+---+---+------------------+--------+--------+

Note: The table above is a preliminary report that shows the Block RAMs at the current stage of the synthesis flow. Some Block RAMs may be reimplemented as non Block RAM primitives later in the synthesis flow. Multiple instantiated Block RAMs are reported only once. 

Distributed RAM: Preliminary Mapping Report (see note below)
+----------------+------------+-----------+----------------------+-------------------------------+
|Module Name     | RTL Object | Inference | Size (Depth x Width) | Primitives                    | 
+----------------+------------+-----------+----------------------+-------------------------------+
|gaussian_filter | lb0_reg    | Implied   | 1 K x 8              | RAM128X1S x 8 RAM256X1S x 16  | 
+----------------+------------+-----------+----------------------+-------------------------------+

Note: The table above is a preliminary report that shows the Distributed RAMs at the current stage of the synthesis flow. Some Distributed RAMs may be reimplemented as non Distributed RAM primitives later in the synthesis flow. Multiple instantiated RAMs are reported only once.
---------------------------------------------------------------------------------
Finished ROM, RAM, DSP, Shift Register and Retiming Reporting
---------------------------------------------------------------------------------
No constraint files found.
---------------------------------------------------------------------------------
Start Timing Optimization
---------------------------------------------------------------------------------
---------------------------------------------------------------------------------
Finished Timing Optimization : Time (s): cpu = 00:00:16 ; elapsed = 00:00:20 . Memory (MB): peak = 1178.473 ; gain = 722.547
---------------------------------------------------------------------------------
---------------------------------------------------------------------------------
Start ROM, RAM, DSP, Shift Register and Retiming Reporting
---------------------------------------------------------------------------------

Block RAM: Final Mapping Report
+----------------+------------+------------------------+---+---+------------------------+---+---+------------------+--------+--------+
|Module Name     | RTL Object | PORT A (Depth x Width) | W | R | PORT B (Depth x Width) | W | R | Ports driving FF | RAMB18 | RAMB36 | 
+----------------+------------+------------------------+---+---+------------------------+---+---+------------------+--------+--------+
|gaussian_filter | lb1_reg    | 0 K x 8(READ_FIRST)    | W |   | 0 K x 8(WRITE_FIRST)   |   | R | Port A and B     | 1      | 0      | 
+----------------+------------+------------------------+---+---+------------------------+---+---+------------------+--------+--------+


Distributed RAM: Final Mapping Report
+----------------+------------+-----------+----------------------+-------------------------------+
|Module Name     | RTL Object | Inference | Size (Depth x Width) | Primitives                    | 
+----------------+------------+-----------+----------------------+-------------------------------+
|gaussian_filter | lb0_reg    | Implied   | 1 K x 8              | RAM128X1S x 8 RAM256X1S x 16  | 
+----------------+------------+-----------+----------------------+-------------------------------+

---------------------------------------------------------------------------------
Finished ROM, RAM, DSP, Shift Register and Retiming Reporting
---------------------------------------------------------------------------------
---------------------------------------------------------------------------------
Start Technology Mapping
---------------------------------------------------------------------------------
INFO: [Synth 8-7052] The timing for the instance lb1_reg (implemented as a Block RAM) might be sub-optimal as no optional output register could be merged into the ram block. Providing additional output register may help in improving timing.
---------------------------------------------------------------------------------
Finished Technology Mapping : Time (s): cpu = 00:00:17 ; elapsed = 00:00:20 . Memory (MB): peak = 1178.473 ; gain = 722.547
---------------------------------------------------------------------------------
---------------------------------------------------------------------------------
Start IO Insertion
---------------------------------------------------------------------------------
---------------------------------------------------------------------------------
Start Flattening Before IO Insertion
---------------------------------------------------------------------------------
---------------------------------------------------------------------------------
Finished Flattening Before IO Insertion
---------------------------------------------------------------------------------
---------------------------------------------------------------------------------
Start Final Netlist Cleanup
---------------------------------------------------------------------------------
---------------------------------------------------------------------------------
Finished Final Netlist Cleanup
---------------------------------------------------------------------------------
---------------------------------------------------------------------------------
Finished IO Insertion : Time (s): cpu = 00:00:23 ; elapsed = 00:00:26 . Memory (MB): peak = 1178.473 ; gain = 722.547
---------------------------------------------------------------------------------
---------------------------------------------------------------------------------
Start Renaming Generated Instances
---------------------------------------------------------------------------------
---------------------------------------------------------------------------------
Finished Renaming Generated Instances : Time (s): cpu = 00:00:23 ; elapsed = 00:00:26 . Memory (MB): peak = 1178.473 ; gain = 722.547
---------------------------------------------------------------------------------
---------------------------------------------------------------------------------
Start Rebuilding User Hierarchy
---------------------------------------------------------------------------------
---------------------------------------------------------------------------------
Finished Rebuilding User Hierarchy : Time (s): cpu = 00:00:23 ; elapsed = 00:00:26 . Memory (MB): peak = 1178.473 ; gain = 722.547
---------------------------------------------------------------------------------
---------------------------------------------------------------------------------
Start Renaming Generated Ports
---------------------------------------------------------------------------------
---------------------------------------------------------------------------------
Finished Renaming Generated Ports : Time (s): cpu = 00:00:23 ; elapsed = 00:00:26 . Memory (MB): peak = 1178.473 ; gain = 722.547
---------------------------------------------------------------------------------
---------------------------------------------------------------------------------
Start Handling Custom Attributes
---------------------------------------------------------------------------------
---------------------------------------------------------------------------------
Finished Handling Custom Attributes : Time (s): cpu = 00:00:23 ; elapsed = 00:00:27 . Memory (MB): peak = 1178.473 ; gain = 722.547
---------------------------------------------------------------------------------
---------------------------------------------------------------------------------
Start Renaming Generated Nets
---------------------------------------------------------------------------------
---------------------------------------------------------------------------------
Finished Renaming Generated Nets : Time (s): cpu = 00:00:23 ; elapsed = 00:00:27 . Memory (MB): peak = 1178.473 ; gain = 722.547
---------------------------------------------------------------------------------
---------------------------------------------------------------------------------
Start Writing Synthesis Report
---------------------------------------------------------------------------------

Report BlackBoxes: 
+-+--------------+----------+
| |BlackBox name |Instances |
+-+--------------+----------+
+-+--------------+----------+

Report Cell Usage: 
+------+----------+------+
|      |Cell      |Count |
+------+----------+------+
|1     |BUFG      |     1|
|2     |CARRY4    |    24|
|3     |LUT1      |     3|
|4     |LUT2      |    41|
|5     |LUT3      |    35|
|6     |LUT4      |    29|
|7     |LUT5      |     9|
|8     |LUT6      |    13|
|9     |RAM128X1S |     8|
|10    |RAM256X1S |    16|
|11    |RAMB18E1  |     1|
|12    |FDRE      |   125|
|13    |IBUF      |    11|
|14    |OBUF      |     9|
+------+----------+------+

Report Instance Areas: 
+------+---------+-------+------+
|      |Instance |Module |Cells |
+------+---------+-------+------+
|1     |top      |       |   325|
+------+---------+-------+------+
---------------------------------------------------------------------------------
Finished Writing Synthesis Report : Time (s): cpu = 00:00:23 ; elapsed = 00:00:27 . Memory (MB): peak = 1178.473 ; gain = 722.547
---------------------------------------------------------------------------------
Synthesis finished with 0 errors, 0 critical warnings and 2 warnings.
Synthesis Optimization Runtime : Time (s): cpu = 00:00:23 ; elapsed = 00:00:27 . Memory (MB): peak = 1178.473 ; gain = 722.547
Synthesis Optimization Complete : Time (s): cpu = 00:00:23 ; elapsed = 00:00:27 . Memory (MB): peak = 1178.473 ; gain = 722.547
INFO: [Project 1-571] Translating synthesized netlist
Netlist sorting complete. Time (s): cpu = 00:00:00 ; elapsed = 00:00:00.003 . Memory (MB): peak = 1187.332 ; gain = 0.000
INFO: [Netlist 29-17] Analyzing 49 Unisim elements for replacement
INFO: [Netlist 29-28] Unisim Transformation completed in 0 CPU seconds
INFO: [Project 1-570] Preparing netlist for logic optimization
INFO: [Opt 31-138] Pushed 0 inverter(s) to 0 load pin(s).
Netlist sorting complete. Time (s): cpu = 00:00:00 ; elapsed = 00:00:00 . Memory (MB): peak = 1287.777 ; gain = 0.000
INFO: [Project 1-111] Unisim Transformation Summary:
  A total of 24 instances were transformed.
  RAM128X1S => RAM128X1S (MUXF7, RAMS64E(x2)): 8 instances
  RAM256X1S => RAM256X1S (MUXF7(x2), MUXF8, RAMS64E(x4)): 16 instances

Synth Design complete, checksum: 549c785c
INFO: [Common 17-83] Releasing license: Synthesis
16 Infos, 2 Warnings, 0 Critical Warnings and 0 Errors encountered.
synth_design completed successfully
synth_design: Time (s): cpu = 00:00:25 ; elapsed = 00:00:30 . Memory (MB): peak = 1287.777 ; gain = 856.727
INFO: [Common 17-1381] The checkpoint 'C:/Users/narsi/Desktop/projects/Project_BUG/g_filter/g_filter_g/g_filter_g_/g_filter_bug.runs/synth_1/gaussian_filter.dcp' has been generated.
INFO: [runtcl-4] Executing : report_utilization -file gaussian_filter_utilization_synth.rpt -pb gaussian_filter_utilization_synth.pb
INFO: [Common 17-206] Exiting Vivado at Fri Apr  3 11:46:42 2026...
[Fri Apr  3 11:46:44 2026] synth_1 finished
wait_on_runs: Time (s): cpu = 00:00:00 ; elapsed = 00:00:50 . Memory (MB): peak = 456.664 ; gain = 0.000
# open_run synth_1
Design is defaulting to impl run constrset: constrs_1
Design is defaulting to synth run part: xc7z020clg484-1
INFO: [Device 21-403] Loading part xc7z020clg484-1
Netlist sorting complete. Time (s): cpu = 00:00:00 ; elapsed = 00:00:00.004 . Memory (MB): peak = 860.836 ; gain = 0.000
INFO: [Netlist 29-17] Analyzing 49 Unisim elements for replacement
INFO: [Netlist 29-28] Unisim Transformation completed in 0 CPU seconds
INFO: [Project 1-479] Netlist was created with Vivado 2022.2
INFO: [Project 1-570] Preparing netlist for logic optimization
INFO: [Opt 31-138] Pushed 0 inverter(s) to 0 load pin(s).
Netlist sorting complete. Time (s): cpu = 00:00:00 ; elapsed = 00:00:00.001 . Memory (MB): peak = 978.105 ; gain = 0.000
INFO: [Project 1-111] Unisim Transformation Summary:
  A total of 24 instances were transformed.
  RAM128X1S => RAM128X1S (MUXF7, RAMS64E(x2)): 8 instances
  RAM256X1S => RAM256X1S (MUXF7(x2), MUXF8, RAMS64E(x4)): 16 instances

open_run: Time (s): cpu = 00:00:08 ; elapsed = 00:00:10 . Memory (MB): peak = 978.105 ; gain = 521.441
# write_checkpoint -force [file join $build_dir post_synth.dcp]
INFO: [Common 17-1381] The checkpoint 'C:/Users/narsi/Desktop/projects/Project_BUG/g_filter/g_filter_g/build/post_synth.dcp' has been generated.
# launch_runs impl_1
[Fri Apr  3 11:46:55 2026] Launched impl_1...
Run output will be captured here: C:/Users/narsi/Desktop/projects/Project_BUG/g_filter/g_filter_g/g_filter_g_/g_filter_bug.runs/impl_1/runme.log
# wait_on_run impl_1
[Fri Apr  3 11:46:55 2026] Waiting for impl_1 to finish...

*** Running vivado
    with args -log gaussian_filter.vdi -applog -m64 -product Vivado -messageDb vivado.pb -mode batch -source gaussian_filter.tcl -notrace



****** Vivado v2022.2 (64-bit)
  **** SW Build 3671981 on Fri Oct 14 05:00:03 MDT 2022
  **** IP Build 3669848 on Fri Oct 14 08:30:02 MDT 2022
    ** Copyright 1986-2022 Xilinx, Inc. All Rights Reserved.

source gaussian_filter.tcl -notrace
Command: open_checkpoint C:/Users/narsi/Desktop/projects/Project_BUG/g_filter/g_filter_g/g_filter_g_/g_filter_bug.runs/impl_1/gaussian_filter.dcp
INFO: [Device 21-403] Loading part xc7z020clg484-1
Netlist sorting complete. Time (s): cpu = 00:00:00 ; elapsed = 00:00:00.002 . Memory (MB): peak = 860.730 ; gain = 0.000
INFO: [Netlist 29-17] Analyzing 49 Unisim elements for replacement
INFO: [Netlist 29-28] Unisim Transformation completed in 0 CPU seconds
INFO: [Project 1-479] Netlist was created with Vivado 2022.2
INFO: [Project 1-570] Preparing netlist for logic optimization
Netlist sorting complete. Time (s): cpu = 00:00:00 ; elapsed = 00:00:00.001 . Memory (MB): peak = 953.441 ; gain = 0.000
INFO: [Project 1-111] Unisim Transformation Summary:
  A total of 24 instances were transformed.
  RAM128X1S => RAM128X1S (MUXF7, RAMS64E(x2)): 8 instances
  RAM256X1S => RAM256X1S (MUXF7(x2), MUXF8, RAMS64E(x4)): 16 instances

INFO: [Project 1-604] Checkpoint was created with Vivado v2022.2 (64-bit) build 3671981
OpenCheckpoint Checksum | Checksum: d5333f0e
----- Checksum: PlaceDB: 00000000 ShapeSum: d5333f0e RouteDB: 00000000 
open_checkpoint: Time (s): cpu = 00:00:16 ; elapsed = 00:00:20 . Memory (MB): peak = 957.457 ; gain = 634.223
Command: opt_design
Attempting to get a license for feature 'Implementation' and/or device 'xc7z020'
INFO: [Common 17-349] Got license for feature 'Implementation' and/or device 'xc7z020'
Running DRC as a precondition to command opt_design

Starting DRC Task
INFO: [DRC 23-27] Running DRC with 2 threads
INFO: [Project 1-461] DRC finished with 0 Errors
INFO: [Project 1-462] Please refer to the DRC report (report_drc) for more information.

Time (s): cpu = 00:00:02 ; elapsed = 00:00:01 . Memory (MB): peak = 1007.125 ; gain = 27.930

Starting Cache Timing Information Task
INFO: [Timing 38-35] Done setting XDC timing constraints.
Ending Cache Timing Information Task | Checksum: 129cfb76a

Time (s): cpu = 00:00:08 ; elapsed = 00:00:09 . Memory (MB): peak = 1558.617 ; gain = 551.492

Starting Logic Optimization Task

Phase 1 Retarget
INFO: [Opt 31-138] Pushed 0 inverter(s) to 0 load pin(s).
INFO: [Opt 31-49] Retargeted 0 cell(s).
Phase 1 Retarget | Checksum: 129cfb76a

Time (s): cpu = 00:00:00 ; elapsed = 00:00:00.092 . Memory (MB): peak = 1895.281 ; gain = 0.000
INFO: [Opt 31-389] Phase Retarget created 0 cells and removed 0 cells

Phase 2 Constant propagation
INFO: [Opt 31-138] Pushed 0 inverter(s) to 0 load pin(s).
Phase 2 Constant propagation | Checksum: 132dfb095

Time (s): cpu = 00:00:00 ; elapsed = 00:00:00.103 . Memory (MB): peak = 1895.281 ; gain = 0.000
INFO: [Opt 31-389] Phase Constant propagation created 0 cells and removed 0 cells

Phase 3 Sweep
Phase 3 Sweep | Checksum: 1574c45f4

Time (s): cpu = 00:00:00 ; elapsed = 00:00:00.115 . Memory (MB): peak = 1895.281 ; gain = 0.000
INFO: [Opt 31-389] Phase Sweep created 1 cells and removed 0 cells

Phase 4 BUFG optimization
Phase 4 BUFG optimization | Checksum: 1574c45f4

Time (s): cpu = 00:00:00 ; elapsed = 00:00:00.176 . Memory (MB): peak = 1895.281 ; gain = 0.000
INFO: [Opt 31-662] Phase BUFG optimization created 0 cells of which 0 are BUFGs and removed 0 cells.

Phase 5 Shift Register Optimization
INFO: [Opt 31-1064] SRL Remap converted 0 SRLs to 0 registers and converted 0 registers of register chains to 0 SRLs
Phase 5 Shift Register Optimization | Checksum: 1574c45f4

Time (s): cpu = 00:00:00 ; elapsed = 00:00:00.178 . Memory (MB): peak = 1895.281 ; gain = 0.000
INFO: [Opt 31-389] Phase Shift Register Optimization created 0 cells and removed 0 cells

Phase 6 Post Processing Netlist
Phase 6 Post Processing Netlist | Checksum: 1574c45f4

Time (s): cpu = 00:00:00 ; elapsed = 00:00:00.182 . Memory (MB): peak = 1895.281 ; gain = 0.000
INFO: [Opt 31-389] Phase Post Processing Netlist created 0 cells and removed 0 cells
Opt_design Change Summary
=========================


-------------------------------------------------------------------------------------------------------------------------
|  Phase                        |  #Cells created  |  #Cells Removed  |  #Constrained objects preventing optimizations  |
-------------------------------------------------------------------------------------------------------------------------
|  Retarget                     |               0  |               0  |                                              0  |
|  Constant propagation         |               0  |               0  |                                              0  |
|  Sweep                        |               1  |               0  |                                              0  |
|  BUFG optimization            |               0  |               0  |                                              0  |
|  Shift Register Optimization  |               0  |               0  |                                              0  |
|  Post Processing Netlist      |               0  |               0  |                                              0  |
-------------------------------------------------------------------------------------------------------------------------



Starting Connectivity Check Task

Time (s): cpu = 00:00:00 ; elapsed = 00:00:00.002 . Memory (MB): peak = 1895.281 ; gain = 0.000
Ending Logic Optimization Task | Checksum: 18936ffda

Time (s): cpu = 00:00:00 ; elapsed = 00:00:00.228 . Memory (MB): peak = 1895.281 ; gain = 0.000

Starting Power Optimization Task
INFO: [Pwropt 34-132] Skipping clock gating for clocks with a period < 2.00 ns.
INFO: [Pwropt 34-9] Applying IDT optimizations ...
INFO: [Pwropt 34-10] Applying ODC optimizations ...
INFO: [Timing 38-35] Done setting XDC timing constraints.
WARNING: [Power 33-232] No user defined clocks were found in the design! Power estimation will be inaccurate until this is corrected.
Resolution: Please specify clocks using create_clock/create_generated_clock for sequential elements. For pure combinatorial circuits, please specify a virtual clock, otherwise the vectorless estimation might be inaccurate
Running Vector-less Activity Propagation...

Finished Running Vector-less Activity Propagation


Starting PowerOpt Patch Enables Task
INFO: [Pwropt 34-162] WRITE_MODE attribute of 0 BRAM(s) out of a total of 1 has been updated to save power. Run report_power_opt to get a complete listing of the BRAMs updated.
INFO: [Pwropt 34-201] Structural ODC has moved 0 WE to EN ports
Number of BRAM Ports augmented: 1 newly gated: 0 Total Ports: 2
Ending PowerOpt Patch Enables Task | Checksum: 243f4b19

Time (s): cpu = 00:00:00 ; elapsed = 00:00:00.019 . Memory (MB): peak = 2005.617 ; gain = 0.000
Ending Power Optimization Task | Checksum: 243f4b19

Time (s): cpu = 00:00:01 ; elapsed = 00:00:01 . Memory (MB): peak = 2005.617 ; gain = 110.336

Starting Final Cleanup Task
Ending Final Cleanup Task | Checksum: 243f4b19

Time (s): cpu = 00:00:00 ; elapsed = 00:00:00.002 . Memory (MB): peak = 2005.617 ; gain = 0.000

Starting Netlist Obfuscation Task
Netlist sorting complete. Time (s): cpu = 00:00:00 ; elapsed = 00:00:00.003 . Memory (MB): peak = 2005.617 ; gain = 0.000
Ending Netlist Obfuscation Task | Checksum: 10bd43e5c

Time (s): cpu = 00:00:00 ; elapsed = 00:00:00.003 . Memory (MB): peak = 2005.617 ; gain = 0.000
INFO: [Common 17-83] Releasing license: Implementation
29 Infos, 1 Warnings, 0 Critical Warnings and 0 Errors encountered.
opt_design completed successfully
opt_design: Time (s): cpu = 00:00:15 ; elapsed = 00:00:16 . Memory (MB): peak = 2005.617 ; gain = 1048.160
INFO: [Common 17-1381] The checkpoint 'C:/Users/narsi/Desktop/projects/Project_BUG/g_filter/g_filter_g/g_filter_g_/g_filter_bug.runs/impl_1/gaussian_filter_opt.dcp' has been generated.
INFO: [runtcl-4] Executing : report_drc -file gaussian_filter_drc_opted.rpt -pb gaussian_filter_drc_opted.pb -rpx gaussian_filter_drc_opted.rpx
Command: report_drc -file gaussian_filter_drc_opted.rpt -pb gaussian_filter_drc_opted.pb -rpx gaussian_filter_drc_opted.rpx
INFO: [IP_Flow 19-234] Refreshing IP repositories
INFO: [IP_Flow 19-1704] No user IP repositories specified
INFO: [IP_Flow 19-2313] Loaded Vivado IP repository 'C:/Xilinx/Vivado/2022.2/data/ip'.
INFO: [DRC 23-27] Running DRC with 2 threads
INFO: [Vivado_Tcl 2-168] The results of DRC are in file C:/Users/narsi/Desktop/projects/Project_BUG/g_filter/g_filter_g/g_filter_g_/g_filter_bug.runs/impl_1/gaussian_filter_drc_opted.rpt.
report_drc completed successfully
Command: place_design
Attempting to get a license for feature 'Implementation' and/or device 'xc7z020'
INFO: [Common 17-349] Got license for feature 'Implementation' and/or device 'xc7z020'
INFO: [DRC 23-27] Running DRC with 2 threads
INFO: [Vivado_Tcl 4-198] DRC finished with 0 Errors
INFO: [Vivado_Tcl 4-199] Please refer to the DRC report (report_drc) for more information.
Running DRC as a precondition to command place_design
INFO: [DRC 23-27] Running DRC with 2 threads
INFO: [Vivado_Tcl 4-198] DRC finished with 0 Errors
INFO: [Vivado_Tcl 4-199] Please refer to the DRC report (report_drc) for more information.

Starting Placer Task
INFO: [Place 30-611] Multithreading enabled for place_design using a maximum of 2 CPUs

Phase 1 Placer Initialization

Phase 1.1 Placer Initialization Netlist Sorting
Netlist sorting complete. Time (s): cpu = 00:00:00 ; elapsed = 00:00:00 . Memory (MB): peak = 2005.617 ; gain = 0.000
Phase 1.1 Placer Initialization Netlist Sorting | Checksum: 190c0218

Time (s): cpu = 00:00:00 ; elapsed = 00:00:00.018 . Memory (MB): peak = 2005.617 ; gain = 0.000
Netlist sorting complete. Time (s): cpu = 00:00:00 ; elapsed = 00:00:00 . Memory (MB): peak = 2005.617 ; gain = 0.000

Phase 1.2 IO Placement/ Clock Placement/ Build Placer Device
INFO: [Timing 38-35] Done setting XDC timing constraints.
Phase 1.2 IO Placement/ Clock Placement/ Build Placer Device | Checksum: 138d06dbd

Time (s): cpu = 00:00:01 ; elapsed = 00:00:00.551 . Memory (MB): peak = 2005.617 ; gain = 0.000

Phase 1.3 Build Placer Netlist Model
Phase 1.3 Build Placer Netlist Model | Checksum: 15b177ad6

Time (s): cpu = 00:00:01 ; elapsed = 00:00:00.691 . Memory (MB): peak = 2005.617 ; gain = 0.000

Phase 1.4 Constrain Clocks/Macros
Phase 1.4 Constrain Clocks/Macros | Checksum: 15b177ad6

Time (s): cpu = 00:00:01 ; elapsed = 00:00:00.698 . Memory (MB): peak = 2005.617 ; gain = 0.000
Phase 1 Placer Initialization | Checksum: 15b177ad6

Time (s): cpu = 00:00:01 ; elapsed = 00:00:00.709 . Memory (MB): peak = 2005.617 ; gain = 0.000

Phase 2 Global Placement

Phase 2.1 Floorplanning
Phase 2.1 Floorplanning | Checksum: 15b177ad6

Time (s): cpu = 00:00:01 ; elapsed = 00:00:00.720 . Memory (MB): peak = 2005.617 ; gain = 0.000

Phase 2.2 Update Timing before SLR Path Opt
Phase 2.2 Update Timing before SLR Path Opt | Checksum: 15b177ad6

Time (s): cpu = 00:00:01 ; elapsed = 00:00:00.722 . Memory (MB): peak = 2005.617 ; gain = 0.000

Phase 2.3 Post-Processing in Floorplanning
Phase 2.3 Post-Processing in Floorplanning | Checksum: 15b177ad6

Time (s): cpu = 00:00:01 ; elapsed = 00:00:00.722 . Memory (MB): peak = 2005.617 ; gain = 0.000

Phase 2.4 Global Placement Core
WARNING: [Place 46-29] Timing had been disabled during Placer and, therefore, physical synthesis in Placer will be skipped.
Phase 2.4 Global Placement Core | Checksum: fdac06b0

Time (s): cpu = 00:00:05 ; elapsed = 00:00:03 . Memory (MB): peak = 2005.617 ; gain = 0.000
Phase 2 Global Placement | Checksum: fdac06b0

Time (s): cpu = 00:00:05 ; elapsed = 00:00:03 . Memory (MB): peak = 2005.617 ; gain = 0.000

Phase 3 Detail Placement

Phase 3.1 Commit Multi Column Macros
Phase 3.1 Commit Multi Column Macros | Checksum: fdac06b0

Time (s): cpu = 00:00:05 ; elapsed = 00:00:03 . Memory (MB): peak = 2005.617 ; gain = 0.000

Phase 3.2 Commit Most Macros & LUTRAMs
Phase 3.2 Commit Most Macros & LUTRAMs | Checksum: f6dc8b09

Time (s): cpu = 00:00:05 ; elapsed = 00:00:03 . Memory (MB): peak = 2005.617 ; gain = 0.000

Phase 3.3 Area Swap Optimization
Phase 3.3 Area Swap Optimization | Checksum: 11f90c4cc

Time (s): cpu = 00:00:05 ; elapsed = 00:00:04 . Memory (MB): peak = 2005.617 ; gain = 0.000

Phase 3.4 Pipeline Register Optimization
Phase 3.4 Pipeline Register Optimization | Checksum: 11f90c4cc

Time (s): cpu = 00:00:05 ; elapsed = 00:00:04 . Memory (MB): peak = 2005.617 ; gain = 0.000

Phase 3.5 Small Shape Detail Placement
Phase 3.5 Small Shape Detail Placement | Checksum: 1d7e8fd96

Time (s): cpu = 00:00:05 ; elapsed = 00:00:04 . Memory (MB): peak = 2005.617 ; gain = 0.000

Phase 3.6 Re-assign LUT pins
Phase 3.6 Re-assign LUT pins | Checksum: 1d7e8fd96

Time (s): cpu = 00:00:05 ; elapsed = 00:00:04 . Memory (MB): peak = 2005.617 ; gain = 0.000

Phase 3.7 Pipeline Register Optimization
Phase 3.7 Pipeline Register Optimization | Checksum: 1d7e8fd96

Time (s): cpu = 00:00:05 ; elapsed = 00:00:04 . Memory (MB): peak = 2005.617 ; gain = 0.000
Phase 3 Detail Placement | Checksum: 1d7e8fd96

Time (s): cpu = 00:00:05 ; elapsed = 00:00:04 . Memory (MB): peak = 2005.617 ; gain = 0.000

Phase 4 Post Placement Optimization and Clean-Up

Phase 4.1 Post Commit Optimization
Phase 4.1 Post Commit Optimization | Checksum: 1d7e8fd96

Time (s): cpu = 00:00:05 ; elapsed = 00:00:04 . Memory (MB): peak = 2005.617 ; gain = 0.000

Phase 4.2 Post Placement Cleanup
Phase 4.2 Post Placement Cleanup | Checksum: 1d7e8fd96

Time (s): cpu = 00:00:05 ; elapsed = 00:00:04 . Memory (MB): peak = 2005.617 ; gain = 0.000

Phase 4.3 Placer Reporting

Phase 4.3.1 Print Estimated Congestion
INFO: [Place 30-612] Post-Placement Estimated Congestion 
 ____________________________________________________
|           | Global Congestion | Short Congestion  |
| Direction | Region Size       | Region Size       |
|___________|___________________|___________________|
|      North|                1x1|                1x1|
|___________|___________________|___________________|
|      South|                1x1|                1x1|
|___________|___________________|___________________|
|       East|                1x1|                1x1|
|___________|___________________|___________________|
|       West|                1x1|                1x1|
|___________|___________________|___________________|

Phase 4.3.1 Print Estimated Congestion | Checksum: 1d7e8fd96

Time (s): cpu = 00:00:05 ; elapsed = 00:00:04 . Memory (MB): peak = 2005.617 ; gain = 0.000
Phase 4.3 Placer Reporting | Checksum: 1d7e8fd96

Time (s): cpu = 00:00:05 ; elapsed = 00:00:04 . Memory (MB): peak = 2005.617 ; gain = 0.000

Phase 4.4 Final Placement Cleanup
Netlist sorting complete. Time (s): cpu = 00:00:00 ; elapsed = 00:00:00.001 . Memory (MB): peak = 2005.617 ; gain = 0.000

Time (s): cpu = 00:00:05 ; elapsed = 00:00:04 . Memory (MB): peak = 2005.617 ; gain = 0.000
Phase 4 Post Placement Optimization and Clean-Up | Checksum: 1d89450c9

Time (s): cpu = 00:00:05 ; elapsed = 00:00:04 . Memory (MB): peak = 2005.617 ; gain = 0.000
Ending Placer Task | Checksum: 17345254e

Time (s): cpu = 00:00:05 ; elapsed = 00:00:04 . Memory (MB): peak = 2005.617 ; gain = 0.000
INFO: [Common 17-83] Releasing license: Implementation
47 Infos, 2 Warnings, 0 Critical Warnings and 0 Errors encountered.
place_design completed successfully
place_design: Time (s): cpu = 00:00:07 ; elapsed = 00:00:05 . Memory (MB): peak = 2005.617 ; gain = 0.000
Writing XDEF routing.
Writing XDEF routing logical nets.
Writing XDEF routing special nets.
Write XDEF Complete: Time (s): cpu = 00:00:01 ; elapsed = 00:00:00.214 . Memory (MB): peak = 2005.617 ; gain = 0.000
INFO: [Common 17-1381] The checkpoint 'C:/Users/narsi/Desktop/projects/Project_BUG/g_filter/g_filter_g/g_filter_g_/g_filter_bug.runs/impl_1/gaussian_filter_placed.dcp' has been generated.
INFO: [runtcl-4] Executing : report_io -file gaussian_filter_io_placed.rpt
report_io: Time (s): cpu = 00:00:00 ; elapsed = 00:00:00.091 . Memory (MB): peak = 2005.617 ; gain = 0.000
INFO: [runtcl-4] Executing : report_utilization -file gaussian_filter_utilization_placed.rpt -pb gaussian_filter_utilization_placed.pb
INFO: [runtcl-4] Executing : report_control_sets -verbose -file gaussian_filter_control_sets_placed.rpt
report_control_sets: Time (s): cpu = 00:00:00 ; elapsed = 00:00:00.005 . Memory (MB): peak = 2005.617 ; gain = 0.000
Command: phys_opt_design
Attempting to get a license for feature 'Implementation' and/or device 'xc7z020'
INFO: [Common 17-349] Got license for feature 'Implementation' and/or device 'xc7z020'

Starting Initial Update Timing Task

Time (s): cpu = 00:00:00 ; elapsed = 00:00:00.064 . Memory (MB): peak = 2005.617 ; gain = 0.000
INFO: [Vivado_Tcl 4-235] No timing constraint found. The netlist was not modified.
INFO: [Common 17-83] Releasing license: Implementation
54 Infos, 2 Warnings, 0 Critical Warnings and 0 Errors encountered.
phys_opt_design completed successfully
Writing XDEF routing.
Writing XDEF routing logical nets.
Writing XDEF routing special nets.
Write XDEF Complete: Time (s): cpu = 00:00:00 ; elapsed = 00:00:00.133 . Memory (MB): peak = 2005.617 ; gain = 0.000
INFO: [Common 17-1381] The checkpoint 'C:/Users/narsi/Desktop/projects/Project_BUG/g_filter/g_filter_g/g_filter_g_/g_filter_bug.runs/impl_1/gaussian_filter_physopt.dcp' has been generated.
Command: route_design
Attempting to get a license for feature 'Implementation' and/or device 'xc7z020'
INFO: [Common 17-349] Got license for feature 'Implementation' and/or device 'xc7z020'
Running DRC as a precondition to command route_design
INFO: [DRC 23-27] Running DRC with 2 threads
INFO: [Vivado_Tcl 4-198] DRC finished with 0 Errors
INFO: [Vivado_Tcl 4-199] Please refer to the DRC report (report_drc) for more information.


Starting Routing Task
INFO: [Route 35-254] Multithreading enabled for route_design using a maximum of 2 CPUs

Phase 1 Build RT Design
Checksum: PlaceDB: f5325bc1 ConstDB: 0 ShapeSum: 7e12c98d RouteDB: 0
Post Restoration Checksum: NetGraph: 3ce6dc9 NumContArr: 70c8b35 Constraints: 0 Timing: 0
Phase 1 Build RT Design | Checksum: 0adaf8fe

Time (s): cpu = 00:00:34 ; elapsed = 00:00:30 . Memory (MB): peak = 2028.465 ; gain = 22.848

Phase 2 Router Initialization
INFO: [Route 35-64] No timing constraints were detected. The router will operate in resource-optimization mode.

Phase 2.1 Fix Topology Constraints
Phase 2.1 Fix Topology Constraints | Checksum: 0adaf8fe

Time (s): cpu = 00:00:34 ; elapsed = 00:00:30 . Memory (MB): peak = 2035.906 ; gain = 30.289

Phase 2.2 Pre Route Cleanup
Phase 2.2 Pre Route Cleanup | Checksum: 0adaf8fe

Time (s): cpu = 00:00:34 ; elapsed = 00:00:30 . Memory (MB): peak = 2035.906 ; gain = 30.289
 Number of Nodes with overlaps = 0

Router Utilization Summary
  Global Vertical Routing Utilization    = 0 %
  Global Horizontal Routing Utilization  = 0 %
  Routable Net Status*
  *Does not include unroutable nets such as driverless and loadless.
  Run report_route_status for detailed report.
  Number of Failed Nets               = 264
    (Failed Nets is the sum of unrouted and partially routed nets)
  Number of Unrouted Nets             = 264
  Number of Partially Routed Nets     = 0
  Number of Node Overlaps             = 0

Phase 2 Router Initialization | Checksum: 79ac0d43

Time (s): cpu = 00:00:35 ; elapsed = 00:00:31 . Memory (MB): peak = 2047.164 ; gain = 41.547

Phase 3 Initial Routing

Phase 3.1 Global Routing
Phase 3.1 Global Routing | Checksum: 79ac0d43

Time (s): cpu = 00:00:35 ; elapsed = 00:00:31 . Memory (MB): peak = 2047.164 ; gain = 41.547
Phase 3 Initial Routing | Checksum: 195448150

Time (s): cpu = 00:00:35 ; elapsed = 00:00:31 . Memory (MB): peak = 2047.164 ; gain = 41.547

Phase 4 Rip-up And Reroute

Phase 4.1 Global Iteration 0
 Number of Nodes with overlaps = 6
 Number of Nodes with overlaps = 0
Phase 4.1 Global Iteration 0 | Checksum: 8ca2e7ca

Time (s): cpu = 00:00:35 ; elapsed = 00:00:31 . Memory (MB): peak = 2047.164 ; gain = 41.547
Phase 4 Rip-up And Reroute | Checksum: 8ca2e7ca

Time (s): cpu = 00:00:35 ; elapsed = 00:00:31 . Memory (MB): peak = 2047.164 ; gain = 41.547

Phase 5 Delay and Skew Optimization
Phase 5 Delay and Skew Optimization | Checksum: 8ca2e7ca

Time (s): cpu = 00:00:35 ; elapsed = 00:00:31 . Memory (MB): peak = 2047.164 ; gain = 41.547

Phase 6 Post Hold Fix

Phase 6.1 Hold Fix Iter
Phase 6.1 Hold Fix Iter | Checksum: 8ca2e7ca

Time (s): cpu = 00:00:35 ; elapsed = 00:00:31 . Memory (MB): peak = 2047.164 ; gain = 41.547
Phase 6 Post Hold Fix | Checksum: 8ca2e7ca

Time (s): cpu = 00:00:35 ; elapsed = 00:00:31 . Memory (MB): peak = 2047.164 ; gain = 41.547

Phase 7 Route finalize

Router Utilization Summary
  Global Vertical Routing Utilization    = 0.0454075 %
  Global Horizontal Routing Utilization  = 0.0640636 %
  Routable Net Status*
  *Does not include unroutable nets such as driverless and loadless.
  Run report_route_status for detailed report.
  Number of Failed Nets               = 0
    (Failed Nets is the sum of unrouted and partially routed nets)
  Number of Unrouted Nets             = 0
  Number of Partially Routed Nets     = 0
  Number of Node Overlaps             = 0

Congestion Report
North Dir 1x1 Area, Max Cong = 17.1171%, No Congested Regions.
South Dir 1x1 Area, Max Cong = 19.8198%, No Congested Regions.
East Dir 1x1 Area, Max Cong = 29.4118%, No Congested Regions.
West Dir 1x1 Area, Max Cong = 23.5294%, No Congested Regions.

------------------------------
Reporting congestion hotspots
------------------------------
Direction: North
----------------
Congested clusters found at Level 0
Effective congestion level: 0 Aspect Ratio: 1 Sparse Ratio: 0
Direction: South
----------------
Congested clusters found at Level 0
Effective congestion level: 0 Aspect Ratio: 1 Sparse Ratio: 0
Direction: East
----------------
Congested clusters found at Level 0
Effective congestion level: 0 Aspect Ratio: 1 Sparse Ratio: 0
Direction: West
----------------
Congested clusters found at Level 0
Effective congestion level: 0 Aspect Ratio: 1 Sparse Ratio: 0

Phase 7 Route finalize | Checksum: 8ca2e7ca

Time (s): cpu = 00:00:35 ; elapsed = 00:00:31 . Memory (MB): peak = 2047.164 ; gain = 41.547

Phase 8 Verifying routed nets

 Verification completed successfully
Phase 8 Verifying routed nets | Checksum: 8ca2e7ca

Time (s): cpu = 00:00:35 ; elapsed = 00:00:31 . Memory (MB): peak = 2047.164 ; gain = 41.547

Phase 9 Depositing Routes
Phase 9 Depositing Routes | Checksum: c2a95cb5

Time (s): cpu = 00:00:35 ; elapsed = 00:00:32 . Memory (MB): peak = 2047.164 ; gain = 41.547
INFO: [Route 35-16] Router Completed Successfully

Time (s): cpu = 00:00:35 ; elapsed = 00:00:32 . Memory (MB): peak = 2047.164 ; gain = 41.547

Routing Is Done.
INFO: [Common 17-83] Releasing license: Implementation
63 Infos, 2 Warnings, 0 Critical Warnings and 0 Errors encountered.
route_design completed successfully
route_design: Time (s): cpu = 00:00:38 ; elapsed = 00:00:33 . Memory (MB): peak = 2047.164 ; gain = 41.547
Writing XDEF routing.
Writing XDEF routing logical nets.
Writing XDEF routing special nets.
Write XDEF Complete: Time (s): cpu = 00:00:00 ; elapsed = 00:00:00.118 . Memory (MB): peak = 2056.871 ; gain = 9.707
INFO: [Common 17-1381] The checkpoint 'C:/Users/narsi/Desktop/projects/Project_BUG/g_filter/g_filter_g/g_filter_g_/g_filter_bug.runs/impl_1/gaussian_filter_routed.dcp' has been generated.
INFO: [runtcl-4] Executing : report_drc -file gaussian_filter_drc_routed.rpt -pb gaussian_filter_drc_routed.pb -rpx gaussian_filter_drc_routed.rpx
Command: report_drc -file gaussian_filter_drc_routed.rpt -pb gaussian_filter_drc_routed.pb -rpx gaussian_filter_drc_routed.rpx
INFO: [IP_Flow 19-1839] IP Catalog is up to date.
INFO: [DRC 23-27] Running DRC with 2 threads
INFO: [Vivado_Tcl 2-168] The results of DRC are in file C:/Users/narsi/Desktop/projects/Project_BUG/g_filter/g_filter_g/g_filter_g_/g_filter_bug.runs/impl_1/gaussian_filter_drc_routed.rpt.
report_drc completed successfully
INFO: [runtcl-4] Executing : report_methodology -file gaussian_filter_methodology_drc_routed.rpt -pb gaussian_filter_methodology_drc_routed.pb -rpx gaussian_filter_methodology_drc_routed.rpx
Command: report_methodology -file gaussian_filter_methodology_drc_routed.rpt -pb gaussian_filter_methodology_drc_routed.pb -rpx gaussian_filter_methodology_drc_routed.rpx
INFO: [Timing 38-35] Done setting XDC timing constraints.
INFO: [DRC 23-133] Running Methodology with 2 threads
INFO: [Vivado_Tcl 2-1520] The results of Report Methodology are in file C:/Users/narsi/Desktop/projects/Project_BUG/g_filter/g_filter_g/g_filter_g_/g_filter_bug.runs/impl_1/gaussian_filter_methodology_drc_routed.rpt.
report_methodology completed successfully
INFO: [runtcl-4] Executing : report_power -file gaussian_filter_power_routed.rpt -pb gaussian_filter_power_summary_routed.pb -rpx gaussian_filter_power_routed.rpx
Command: report_power -file gaussian_filter_power_routed.rpt -pb gaussian_filter_power_summary_routed.pb -rpx gaussian_filter_power_routed.rpx
INFO: [Timing 38-35] Done setting XDC timing constraints.
WARNING: [Power 33-232] No user defined clocks were found in the design! Power estimation will be inaccurate until this is corrected.
Resolution: Please specify clocks using create_clock/create_generated_clock for sequential elements. For pure combinatorial circuits, please specify a virtual clock, otherwise the vectorless estimation might be inaccurate
Running Vector-less Activity Propagation...

Finished Running Vector-less Activity Propagation
74 Infos, 3 Warnings, 0 Critical Warnings and 0 Errors encountered.
report_power completed successfully
INFO: [runtcl-4] Executing : report_route_status -file gaussian_filter_route_status.rpt -pb gaussian_filter_route_status.pb
INFO: [runtcl-4] Executing : report_timing_summary -max_paths 10 -report_unconstrained -file gaussian_filter_timing_summary_routed.rpt -pb gaussian_filter_timing_summary_routed.pb -rpx gaussian_filter_timing_summary_routed.rpx -warn_on_violation 
INFO: [Timing 38-91] UpdateTimingParams: Speed grade: -1, Delay Type: min_max.
INFO: [Timing 38-191] Multithreading enabled for timing update using a maximum of 2 CPUs
WARNING: [Timing 38-313] There are no user specified timing constraints. Timing constraints are needed for proper timing analysis.
INFO: [runtcl-4] Executing : report_incremental_reuse -file gaussian_filter_incremental_reuse_routed.rpt
INFO: [Vivado_Tcl 4-1062] Incremental flow is disabled. No incremental reuse Info to report.
INFO: [runtcl-4] Executing : report_clock_utilization -file gaussian_filter_clock_utilization_routed.rpt
INFO: [runtcl-4] Executing : report_bus_skew -warn_on_violation -file gaussian_filter_bus_skew_routed.rpt -pb gaussian_filter_bus_skew_routed.pb -rpx gaussian_filter_bus_skew_routed.rpx
INFO: [Timing 38-91] UpdateTimingParams: Speed grade: -1, Delay Type: min_max.
INFO: [Timing 38-191] Multithreading enabled for timing update using a maximum of 2 CPUs
INFO: [Common 17-206] Exiting Vivado at Fri Apr  3 11:48:33 2026...
[Fri Apr  3 11:48:36 2026] impl_1 finished
wait_on_runs: Time (s): cpu = 00:00:01 ; elapsed = 00:01:41 . Memory (MB): peak = 979.238 ; gain = 0.000
# open_run impl_1
Netlist sorting complete. Time (s): cpu = 00:00:00 ; elapsed = 00:00:00.002 . Memory (MB): peak = 979.238 ; gain = 0.000
INFO: [Netlist 29-17] Analyzing 49 Unisim elements for replacement
INFO: [Netlist 29-28] Unisim Transformation completed in 0 CPU seconds
INFO: [Project 1-479] Netlist was created with Vivado 2022.2
INFO: [Project 1-570] Preparing netlist for logic optimization
Reading XDEF placement.
Reading placer database...
Reading XDEF routing.
Read XDEF Files: Time (s): cpu = 00:00:00 ; elapsed = 00:00:00.263 . Memory (MB): peak = 1095.809 ; gain = 24.859
Restored from archive | CPU: 0.000000 secs | Memory: 0.000000 MB |
Finished XDEF File Restore: Time (s): cpu = 00:00:00 ; elapsed = 00:00:00.266 . Memory (MB): peak = 1095.809 ; gain = 24.859
Netlist sorting complete. Time (s): cpu = 00:00:00 ; elapsed = 00:00:00 . Memory (MB): peak = 1482.742 ; gain = 0.000
INFO: [Project 1-111] Unisim Transformation Summary:
  A total of 24 instances were transformed.
  RAM128X1S => RAM128X1S (MUXF7, RAMS64E(x2)): 8 instances
  RAM256X1S => RAM256X1S (MUXF7(x2), MUXF8, RAMS64E(x4)): 16 instances

open_run: Time (s): cpu = 00:00:04 ; elapsed = 00:00:05 . Memory (MB): peak = 1482.742 ; gain = 503.504
# report_utilization    -file [file join $build_dir utilization.rpt]
# report_timing_summary -file [file join $build_dir timing_summary.rpt]
INFO: [Timing 38-35] Done setting XDC timing constraints.
INFO: [Timing 38-91] UpdateTimingParams: Speed grade: -1, Delay Type: min_max.
INFO: [Timing 38-191] Multithreading enabled for timing update using a maximum of 2 CPUs
report_timing_summary: Time (s): cpu = 00:00:06 ; elapsed = 00:00:07 . Memory (MB): peak = 1673.375 ; gain = 190.633
# set sim_log [file join $build_dir sim.log]
# if {$run_sim} {
#   launch_simulation -simset sim_1 -mode behavioral
#   log_wave -recursive *
#   run all
#   catch { write_waveform -file [file join $build_dir waveform.wdb] }
#   if {[file exists "vivado.log"]} {
#     file copy -force "vivado.log" $sim_log
#   } else {
#     # create empty log
#     set fd [open $sim_log w]; puts $fd "No vivado.log"; close $fd
#   }
# } else {
#   # no sim run
#   set fd [open $sim_log w]; puts $fd "Simulation not run (no TB)"; close $fd
# }
Command: launch_simulation  -simset sim_1 -mode behavioral
INFO: [Vivado 12-12493] Simulation top is 'gaussian_filter_tb'
WARNING: [Vivado 12-13340] Unable to auto find GCC executables from simulator install path! (path not set)
WARNING: [Vivado 12-13277] Compiled library path does not exist: ''
INFO: [Vivado 12-5682] Launching behavioral simulation in 'C:/Users/narsi/Desktop/projects/Project_BUG/g_filter/g_filter_g/g_filter_g_/g_filter_bug.sim/sim_1/behav/xsim'
INFO: [SIM-utils-51] Simulation object is 'sim_1'
INFO: [SIM-utils-72] Using boost library from 'C:/Xilinx/Vivado/2022.2/tps/boost_1_72_0'
INFO: [SIM-utils-54] Inspecting design source files for 'gaussian_filter_tb' in fileset 'sim_1'...
INFO: [USF-XSim-97] Finding global include files...
INFO: [USF-XSim-98] Fetching design files from 'sim_1'...
INFO: [USF-XSim-2] XSim::Compile design
INFO: [USF-XSim-61] Executing 'COMPILE and ANALYZE' step in 'C:/Users/narsi/Desktop/projects/Project_BUG/g_filter/g_filter_g/g_filter_g_/g_filter_bug.sim/sim_1/behav/xsim'
"xvhdl --incr --relax -prj gaussian_filter_tb_vhdl.prj"
INFO: [VRFC 10-163] Analyzing VHDL file "C:/Users/narsi/Desktop/projects/Project_BUG/g_filter/g_filter_g/rtl/g_filter.vhd" into library xil_defaultlib
INFO: [VRFC 10-3107] analyzing entity 'gaussian_filter'
INFO: [VRFC 10-163] Analyzing VHDL file "C:/Users/narsi/Desktop/projects/Project_BUG/g_filter/g_filter_g/tb/g_filter_tb.vhd" into library xil_defaultlib
INFO: [VRFC 10-3107] analyzing entity 'gaussian_filter_tb'
INFO: [USF-XSim-69] 'compile' step finished in '2' seconds
INFO: [USF-XSim-3] XSim::Elaborate design
INFO: [USF-XSim-61] Executing 'ELABORATE' step in 'C:/Users/narsi/Desktop/projects/Project_BUG/g_filter/g_filter_g/g_filter_g_/g_filter_bug.sim/sim_1/behav/xsim'
"xelab --incr --debug typical --relax --mt 2 -L xil_defaultlib -L secureip --snapshot gaussian_filter_tb_behav xil_defaultlib.gaussian_filter_tb -log elaborate.log"
Vivado Simulator v2022.2
Copyright 1986-1999, 2001-2022 Xilinx, Inc. All Rights Reserved.
Running: C:/Xilinx/Vivado/2022.2/bin/unwrapped/win64.o/xelab.exe --incr --debug typical --relax --mt 2 -L xil_defaultlib -L secureip --snapshot gaussian_filter_tb_behav xil_defaultlib.gaussian_filter_tb -log elaborate.log 
Using 2 slave threads.
Starting static elaboration
Completed static elaboration
Starting simulation data flow analysis
Completed simulation data flow analysis
Time Resolution for simulation is 1ps
Compiling package std.standard
Compiling package std.textio
Compiling package ieee.std_logic_1164
Compiling package ieee.numeric_std
Compiling package ieee.std_logic_textio
Compiling package std.env
Compiling architecture behavioral of entity xil_defaultlib.gaussian_filter [\gaussian_filter(image_width=8)\]
Compiling architecture behavioral of entity xil_defaultlib.gaussian_filter_tb
Built simulation snapshot gaussian_filter_tb_behav
INFO: [USF-XSim-69] 'elaborate' step finished in '4' seconds
INFO: [USF-XSim-4] XSim::Simulate design
INFO: [USF-XSim-61] Executing 'SIMULATE' step in 'C:/Users/narsi/Desktop/projects/Project_BUG/g_filter/g_filter_g/g_filter_g_/g_filter_bug.sim/sim_1/behav/xsim'
INFO: [USF-XSim-98] *** Running xsim
   with args "gaussian_filter_tb_behav -key {Behavioral:sim_1:Functional:gaussian_filter_tb} -tclbatch {gaussian_filter_tb.tcl} -log {simulate.log}"
INFO: [USF-XSim-8] Loading simulator feature
Time resolution is 1 ps
source gaussian_filter_tb.tcl
## current_wave_config
Note: ========================================
Time: 70 ns  Iteration: 0  Process: /gaussian_filter_tb/stim_proc  File: C:/Users/narsi/Desktop/projects/Project_BUG/g_filter/g_filter_g/tb/g_filter_tb.vhd
Note: Starting Gaussian Filter Test
Time: 70 ns  Iteration: 0  Process: /gaussian_filter_tb/stim_proc  File: C:/Users/narsi/Desktop/projects/Project_BUG/g_filter/g_filter_g/tb/g_filter_tb.vhd
Note: Image size: 8x8
Time: 70 ns  Iteration: 0  Process: /gaussian_filter_tb/stim_proc  File: C:/Users/narsi/Desktop/projects/Project_BUG/g_filter/g_filter_g/tb/g_filter_tb.vhd
Note: ========================================
Time: 70 ns  Iteration: 0  Process: /gaussian_filter_tb/stim_proc  File: C:/Users/narsi/Desktop/projects/Project_BUG/g_filter/g_filter_g/tb/g_filter_tb.vhd
Note: Sending test image (row by row)...
Time: 80 ns  Iteration: 0  Process: /gaussian_filter_tb/stim_proc  File: C:/Users/narsi/Desktop/projects/Project_BUG/g_filter/g_filter_g/tb/g_filter_tb.vhd
Note:   Input [0][0] = 0
Time: 80 ns  Iteration: 0  Process: /gaussian_filter_tb/stim_proc  File: C:/Users/narsi/Desktop/projects/Project_BUG/g_filter/g_filter_g/tb/g_filter_tb.vhd
Note:   Input [0][1] = 0
Time: 90 ns  Iteration: 0  Process: /gaussian_filter_tb/stim_proc  File: C:/Users/narsi/Desktop/projects/Project_BUG/g_filter/g_filter_g/tb/g_filter_tb.vhd
Note:   Input [0][2] = 0
Time: 100 ns  Iteration: 0  Process: /gaussian_filter_tb/stim_proc  File: C:/Users/narsi/Desktop/projects/Project_BUG/g_filter/g_filter_g/tb/g_filter_tb.vhd
Note:   Input [0][3] = 0
Time: 110 ns  Iteration: 0  Process: /gaussian_filter_tb/stim_proc  File: C:/Users/narsi/Desktop/projects/Project_BUG/g_filter/g_filter_g/tb/g_filter_tb.vhd
Note:   Input [0][4] = 0
Time: 120 ns  Iteration: 0  Process: /gaussian_filter_tb/stim_proc  File: C:/Users/narsi/Desktop/projects/Project_BUG/g_filter/g_filter_g/tb/g_filter_tb.vhd
Note:   Input [0][5] = 0
Time: 130 ns  Iteration: 0  Process: /gaussian_filter_tb/stim_proc  File: C:/Users/narsi/Desktop/projects/Project_BUG/g_filter/g_filter_g/tb/g_filter_tb.vhd
Note:   Input [0][6] = 0
Time: 140 ns  Iteration: 0  Process: /gaussian_filter_tb/stim_proc  File: C:/Users/narsi/Desktop/projects/Project_BUG/g_filter/g_filter_g/tb/g_filter_tb.vhd
Note:   Input [0][7] = 0
Time: 150 ns  Iteration: 0  Process: /gaussian_filter_tb/stim_proc  File: C:/Users/narsi/Desktop/projects/Project_BUG/g_filter/g_filter_g/tb/g_filter_tb.vhd
Note:   Input [1][0] = 0
Time: 160 ns  Iteration: 0  Process: /gaussian_filter_tb/stim_proc  File: C:/Users/narsi/Desktop/projects/Project_BUG/g_filter/g_filter_g/tb/g_filter_tb.vhd
Note:   Input [1][1] = 0
Time: 170 ns  Iteration: 0  Process: /gaussian_filter_tb/stim_proc  File: C:/Users/narsi/Desktop/projects/Project_BUG/g_filter/g_filter_g/tb/g_filter_tb.vhd
Note:   Input [1][2] = 0
Time: 180 ns  Iteration: 0  Process: /gaussian_filter_tb/stim_proc  File: C:/Users/narsi/Desktop/projects/Project_BUG/g_filter/g_filter_g/tb/g_filter_tb.vhd
Note:   Input [1][3] = 0
Time: 190 ns  Iteration: 0  Process: /gaussian_filter_tb/stim_proc  File: C:/Users/narsi/Desktop/projects/Project_BUG/g_filter/g_filter_g/tb/g_filter_tb.vhd
Note:   Input [1][4] = 0
Time: 200 ns  Iteration: 0  Process: /gaussian_filter_tb/stim_proc  File: C:/Users/narsi/Desktop/projects/Project_BUG/g_filter/g_filter_g/tb/g_filter_tb.vhd
Note:   Input [1][5] = 0
Time: 210 ns  Iteration: 0  Process: /gaussian_filter_tb/stim_proc  File: C:/Users/narsi/Desktop/projects/Project_BUG/g_filter/g_filter_g/tb/g_filter_tb.vhd
Note:   Input [1][6] = 0
Time: 220 ns  Iteration: 0  Process: /gaussian_filter_tb/stim_proc  File: C:/Users/narsi/Desktop/projects/Project_BUG/g_filter/g_filter_g/tb/g_filter_tb.vhd
Note:   Input [1][7] = 0
Time: 230 ns  Iteration: 0  Process: /gaussian_filter_tb/stim_proc  File: C:/Users/narsi/Desktop/projects/Project_BUG/g_filter/g_filter_g/tb/g_filter_tb.vhd
Note:   Input [2][0] = 0
Time: 240 ns  Iteration: 0  Process: /gaussian_filter_tb/stim_proc  File: C:/Users/narsi/Desktop/projects/Project_BUG/g_filter/g_filter_g/tb/g_filter_tb.vhd
Note:   Input [2][1] = 0
Time: 250 ns  Iteration: 0  Process: /gaussian_filter_tb/stim_proc  File: C:/Users/narsi/Desktop/projects/Project_BUG/g_filter/g_filter_g/tb/g_filter_tb.vhd
Note:   Input [2][2] = 255
Time: 260 ns  Iteration: 0  Process: /gaussian_filter_tb/stim_proc  File: C:/Users/narsi/Desktop/projects/Project_BUG/g_filter/g_filter_g/tb/g_filter_tb.vhd
Note:   Input [2][3] = 255
Time: 270 ns  Iteration: 0  Process: /gaussian_filter_tb/stim_proc  File: C:/Users/narsi/Desktop/projects/Project_BUG/g_filter/g_filter_g/tb/g_filter_tb.vhd
Note:   Input [2][4] = 255
Time: 280 ns  Iteration: 0  Process: /gaussian_filter_tb/stim_proc  File: C:/Users/narsi/Desktop/projects/Project_BUG/g_filter/g_filter_g/tb/g_filter_tb.vhd
Note:   Input [2][5] = 255
Time: 290 ns  Iteration: 0  Process: /gaussian_filter_tb/stim_proc  File: C:/Users/narsi/Desktop/projects/Project_BUG/g_filter/g_filter_g/tb/g_filter_tb.vhd
Note: OUTPUT[0] = 0 (0x00)
Time: 295 ns  Iteration: 1  Process: /gaussian_filter_tb/output_proc  File: C:/Users/narsi/Desktop/projects/Project_BUG/g_filter/g_filter_g/tb/g_filter_tb.vhd
Note:   Input [2][6] = 0
Time: 300 ns  Iteration: 0  Process: /gaussian_filter_tb/stim_proc  File: C:/Users/narsi/Desktop/projects/Project_BUG/g_filter/g_filter_g/tb/g_filter_tb.vhd
Note: OUTPUT[0] = 0 (0x00)OUTPUT[1] = 47 (0x2F)
Time: 305 ns  Iteration: 1  Process: /gaussian_filter_tb/output_proc  File: C:/Users/narsi/Desktop/projects/Project_BUG/g_filter/g_filter_g/tb/g_filter_tb.vhd
Note:   Input [2][7] = 0
Time: 310 ns  Iteration: 0  Process: /gaussian_filter_tb/stim_proc  File: C:/Users/narsi/Desktop/projects/Project_BUG/g_filter/g_filter_g/tb/g_filter_tb.vhd
Note: OUTPUT[0] = 0 (0x00)OUTPUT[1] = 47 (0x2F)OUTPUT[2] = 63 (0x3F)
Time: 315 ns  Iteration: 1  Process: /gaussian_filter_tb/output_proc  File: C:/Users/narsi/Desktop/projects/Project_BUG/g_filter/g_filter_g/tb/g_filter_tb.vhd
Note:   Input [3][0] = 0
Time: 320 ns  Iteration: 0  Process: /gaussian_filter_tb/stim_proc  File: C:/Users/narsi/Desktop/projects/Project_BUG/g_filter/g_filter_g/tb/g_filter_tb.vhd
Note: OUTPUT[0] = 0 (0x00)OUTPUT[1] = 47 (0x2F)OUTPUT[2] = 63 (0x3F)OUTPUT[3] = 63 (0x3F)
Time: 325 ns  Iteration: 1  Process: /gaussian_filter_tb/output_proc  File: C:/Users/narsi/Desktop/projects/Project_BUG/g_filter/g_filter_g/tb/g_filter_tb.vhd
Note:   Input [3][1] = 0
Time: 330 ns  Iteration: 0  Process: /gaussian_filter_tb/stim_proc  File: C:/Users/narsi/Desktop/projects/Project_BUG/g_filter/g_filter_g/tb/g_filter_tb.vhd
Note: OUTPUT[0] = 0 (0x00)OUTPUT[1] = 47 (0x2F)OUTPUT[2] = 63 (0x3F)OUTPUT[3] = 63 (0x3F)OUTPUT[4] = 47 (0x2F)
Time: 335 ns  Iteration: 1  Process: /gaussian_filter_tb/output_proc  File: C:/Users/narsi/Desktop/projects/Project_BUG/g_filter/g_filter_g/tb/g_filter_tb.vhd
Note:   Input [3][2] = 255
Time: 340 ns  Iteration: 0  Process: /gaussian_filter_tb/stim_proc  File: C:/Users/narsi/Desktop/projects/Project_BUG/g_filter/g_filter_g/tb/g_filter_tb.vhd
Note: OUTPUT[0] = 0 (0x00)OUTPUT[1] = 47 (0x2F)OUTPUT[2] = 63 (0x3F)OUTPUT[3] = 63 (0x3F)OUTPUT[4] = 47 (0x2F)OUTPUT[5] = 15 (0x0F)
Time: 345 ns  Iteration: 1  Process: /gaussian_filter_tb/output_proc  File: C:/Users/narsi/Desktop/projects/Project_BUG/g_filter/g_filter_g/tb/g_filter_tb.vhd
Note: OUTPUT[0] = 0 (0x00)OUTPUT[1] = 47 (0x2F)OUTPUT[2] = 63 (0x3F)OUTPUT[3] = 63 (0x3F)OUTPUT[4] = 47 (0x2F)OUTPUT[5] = 15 (0x0F)OUTPUT[6] = 15 (0x0F)
Time: 375 ns  Iteration: 1  Process: /gaussian_filter_tb/output_proc  File: C:/Users/narsi/Desktop/projects/Project_BUG/g_filter/g_filter_g/tb/g_filter_tb.vhd
Note: OUTPUT[0] = 0 (0x00)OUTPUT[1] = 47 (0x2F)OUTPUT[2] = 63 (0x3F)OUTPUT[3] = 63 (0x3F)OUTPUT[4] = 47 (0x2F)OUTPUT[5] = 15 (0x0F)OUTPUT[6] = 15 (0x0F)OUTPUT[7] = 143 (0x8F)
Time: 385 ns  Iteration: 1  Process: /gaussian_filter_tb/output_proc  File: C:/Users/narsi/Desktop/projects/Project_BUG/g_filter/g_filter_g/tb/g_filter_tb.vhd
Note: OUTPUT[0] = 0 (0x00)OUTPUT[1] = 47 (0x2F)OUTPUT[2] = 63 (0x3F)OUTPUT[3] = 63 (0x3F)OUTPUT[4] = 47 (0x2F)OUTPUT[5] = 15 (0x0F)OUTPUT[6] = 15 (0x0F)OUTPUT[7] = 143 (0x8F)OUTPUT[8] = 191 (0xBF)
Time: 395 ns  Iteration: 1  Process: /gaussian_filter_tb/output_proc  File: C:/Users/narsi/Desktop/projects/Project_BUG/g_filter/g_filter_g/tb/g_filter_tb.vhd
Note: OUTPUT[0] = 0 (0x00)OUTPUT[1] = 47 (0x2F)OUTPUT[2] = 63 (0x3F)OUTPUT[3] = 63 (0x3F)OUTPUT[4] = 47 (0x2F)OUTPUT[5] = 15 (0x0F)OUTPUT[6] = 15 (0x0F)OUTPUT[7] = 143 (0x8F)OUTPUT[8] = 191 (0xBF)OUTPUT[9] = 191 (0xBF)
Time: 405 ns  Iteration: 1  Process: /gaussian_filter_tb/output_proc  File: C:/Users/narsi/Desktop/projects/Project_BUG/g_filter/g_filter_g/tb/g_filter_tb.vhd
Note: OUTPUT[0] = 0 (0x00)OUTPUT[1] = 47 (0x2F)OUTPUT[2] = 63 (0x3F)OUTPUT[3] = 63 (0x3F)OUTPUT[4] = 47 (0x2F)OUTPUT[5] = 15 (0x0F)OUTPUT[6] = 15 (0x0F)OUTPUT[7] = 143 (0x8F)OUTPUT[8] = 191 (0xBF)OUTPUT[9] = 191 (0xBF)OUTPUT[10] = 143 (0x8F)
Time: 415 ns  Iteration: 1  Process: /gaussian_filter_tb/output_proc  File: C:/Users/narsi/Desktop/projects/Project_BUG/g_filter/g_filter_g/tb/g_filter_tb.vhd
Note: OUTPUT[0] = 0 (0x00)OUTPUT[1] = 47 (0x2F)OUTPUT[2] = 63 (0x3F)OUTPUT[3] = 63 (0x3F)OUTPUT[4] = 47 (0x2F)OUTPUT[5] = 15 (0x0F)OUTPUT[6] = 15 (0x0F)OUTPUT[7] = 143 (0x8F)OUTPUT[8] = 191 (0xBF)OUTPUT[9] = 191 (0xBF)OUTPUT[10] = 143 (0x8F)OUTPUT[11] = 47 (0x2F)
Time: 425 ns  Iteration: 1  Process: /gaussian_filter_tb/output_proc  File: C:/Users/narsi/Desktop/projects/Project_BUG/g_filter/g_filter_g/tb/g_filter_tb.vhd
Note: OUTPUT[0] = 0 (0x00)OUTPUT[1] = 47 (0x2F)OUTPUT[2] = 63 (0x3F)OUTPUT[3] = 63 (0x3F)OUTPUT[4] = 47 (0x2F)OUTPUT[5] = 15 (0x0F)OUTPUT[6] = 15 (0x0F)OUTPUT[7] = 143 (0x8F)OUTPUT[8] = 191 (0xBF)OUTPUT[9] = 191 (0xBF)OUTPUT[10] = 143 (0x8F)OUTPUT[11] = 47 (0x2F)OUTPUT[12] = 47 (0x2F)
Time: 455 ns  Iteration: 1  Process: /gaussian_filter_tb/output_proc  File: C:/Users/narsi/Desktop/projects/Project_BUG/g_filter/g_filter_g/tb/g_filter_tb.vhd
Note: OUTPUT[0] = 0 (0x00)OUTPUT[1] = 47 (0x2F)OUTPUT[2] = 63 (0x3F)OUTPUT[3] = 63 (0x3F)OUTPUT[4] = 47 (0x2F)OUTPUT[5] = 15 (0x0F)OUTPUT[6] = 15 (0x0F)OUTPUT[7] = 143 (0x8F)OUTPUT[8] = 191 (0xBF)OUTPUT[9] = 191 (0xBF)OUTPUT[10] = 143 (0x8F)OUTPUT[11] = 47 (0x2F)OUTPUT[12] = 47 (0x2F)OUTPUT[13] = 191 (0xBF)
Time: 465 ns  Iteration: 1  Process: /gaussian_filter_tb/output_proc  File: C:/Users/narsi/Desktop/projects/Project_BUG/g_filter/g_filter_g/tb/g_filter_tb.vhd
Note: OUTPUT[0] = 0 (0x00)OUTPUT[1] = 47 (0x2F)OUTPUT[2] = 63 (0x3F)OUTPUT[3] = 63 (0x3F)OUTPUT[4] = 47 (0x2F)OUTPUT[5] = 15 (0x0F)OUTPUT[6] = 15 (0x0F)OUTPUT[7] = 143 (0x8F)OUTPUT[8] = 191 (0xBF)OUTPUT[9] = 191 (0xBF)OUTPUT[10] = 143 (0x8F)OUTPUT[11] = 47 (0x2F)OUTPUT[12] = 47 (0x2F)OUTPUT[13] = 191 (0xBF)OUTPUT[14] = 255 (0xFF)
Time: 475 ns  Iteration: 1  Process: /gaussian_filter_tb/output_proc  File: C:/Users/narsi/Desktop/projects/Project_BUG/g_filter/g_filter_g/tb/g_filter_tb.vhd
Note: OUTPUT[0] = 0 (0x00)OUTPUT[1] = 47 (0x2F)OUTPUT[2] = 63 (0x3F)OUTPUT[3] = 63 (0x3F)OUTPUT[4] = 47 (0x2F)OUTPUT[5] = 15 (0x0F)OUTPUT[6] = 15 (0x0F)OUTPUT[7] = 143 (0x8F)OUTPUT[8] = 191 (0xBF)OUTPUT[9] = 191 (0xBF)OUTPUT[10] = 143 (0x8F)OUTPUT[11] = 47 (0x2F)OUTPUT[12] = 47 (0x2F)OUTPUT[13] = 191 (0xBF)OUTPUT[14] = 255 (0xFF)OUTPUT[15] = 255 (0xFF)
Time: 485 ns  Iteration: 1  Process: /gaussian_filter_tb/output_proc  File: C:/Users/narsi/Desktop/projects/Project_BUG/g_filter/g_filter_g/tb/g_filter_tb.vhd
Note: OUTPUT[0] = 0 (0x00)OUTPUT[1] = 47 (0x2F)OUTPUT[2] = 63 (0x3F)OUTPUT[3] = 63 (0x3F)OUTPUT[4] = 47 (0x2F)OUTPUT[5] = 15 (0x0F)OUTPUT[6] = 15 (0x0F)OUTPUT[7] = 143 (0x8F)OUTPUT[8] = 191 (0xBF)OUTPUT[9] = 191 (0xBF)OUTPUT[10] = 143 (0x8F)OUTPUT[11] = 47 (0x2F)OUTPUT[12] = 47 (0x2F)OUTPUT[13] = 191 (0xBF)OUTPUT[14] = 255 (0xFF)OUTPUT[15] = 255 (0xFF)OUTPUT[16] = 191 (0xBF)
Time: 495 ns  Iteration: 1  Process: /gaussian_filter_tb/output_proc  File: C:/Users/narsi/Desktop/projects/Project_BUG/g_filter/g_filter_g/tb/g_filter_tb.vhd
Note: OUTPUT[0] = 0 (0x00)OUTPUT[1] = 47 (0x2F)OUTPUT[2] = 63 (0x3F)OUTPUT[3] = 63 (0x3F)OUTPUT[4] = 47 (0x2F)OUTPUT[5] = 15 (0x0F)OUTPUT[6] = 15 (0x0F)OUTPUT[7] = 143 (0x8F)OUTPUT[8] = 191 (0xBF)OUTPUT[9] = 191 (0xBF)OUTPUT[10] = 143 (0x8F)OUTPUT[11] = 47 (0x2F)OUTPUT[12] = 47 (0x2F)OUTPUT[13] = 191 (0xBF)OUTPUT[14] = 255 (0xFF)OUTPUT[15] = 255 (0xFF)OUTPUT[16] = 191 (0xBF)OUTPUT[17] = 63 (0x3F)
Time: 505 ns  Iteration: 1  Process: /gaussian_filter_tb/output_proc  File: C:/Users/narsi/Desktop/projects/Project_BUG/g_filter/g_filter_g/tb/g_filter_tb.vhd
Note: OUTPUT[0] = 0 (0x00)OUTPUT[1] = 47 (0x2F)OUTPUT[2] = 63 (0x3F)OUTPUT[3] = 63 (0x3F)OUTPUT[4] = 47 (0x2F)OUTPUT[5] = 15 (0x0F)OUTPUT[6] = 15 (0x0F)OUTPUT[7] = 143 (0x8F)OUTPUT[8] = 191 (0xBF)OUTPUT[9] = 191 (0xBF)OUTPUT[10] = 143 (0x8F)OUTPUT[11] = 47 (0x2F)OUTPUT[12] = 47 (0x2F)OUTPUT[13] = 191 (0xBF)OUTPUT[14] = 255 (0xFF)OUTPUT[15] = 255 (0xFF)OUTPUT[16] = 191 (0xBF)OUTPUT[17] = 63 (0x3F)OUTPUT[18] = 63 (0x3F)
Time: 535 ns  Iteration: 1  Process: /gaussian_filter_tb/output_proc  File: C:/Users/narsi/Desktop/projects/Project_BUG/g_filter/g_filter_g/tb/g_filter_tb.vhd
Note: OUTPUT[0] = 0 (0x00)OUTPUT[1] = 47 (0x2F)OUTPUT[2] = 63 (0x3F)OUTPUT[3] = 63 (0x3F)OUTPUT[4] = 47 (0x2F)OUTPUT[5] = 15 (0x0F)OUTPUT[6] = 15 (0x0F)OUTPUT[7] = 143 (0x8F)OUTPUT[8] = 191 (0xBF)OUTPUT[9] = 191 (0xBF)OUTPUT[10] = 143 (0x8F)OUTPUT[11] = 47 (0x2F)OUTPUT[12] = 47 (0x2F)OUTPUT[13] = 191 (0xBF)OUTPUT[14] = 255 (0xFF)OUTPUT[15] = 255 (0xFF)OUTPUT[16] = 191 (0xBF)OUTPUT[17] = 63 (0x3F)OUTPUT[18] = 63 (0x3F)OUTPUT[19] = 191 (0xBF)
Time: 545 ns  Iteration: 1  Process: /gaussian_filter_tb/output_proc  File: C:/Users/narsi/Desktop/projects/Project_BUG/g_filter/g_filter_g/tb/g_filter_tb.vhd
Note: OUTPUT[0] = 0 (0x00)OUTPUT[1] = 47 (0x2F)OUTPUT[2] = 63 (0x3F)OUTPUT[3] = 63 (0x3F)OUTPUT[4] = 47 (0x2F)OUTPUT[5] = 15 (0x0F)OUTPUT[6] = 15 (0x0F)OUTPUT[7] = 143 (0x8F)OUTPUT[8] = 191 (0xBF)OUTPUT[9] = 191 (0xBF)OUTPUT[10] = 143 (0x8F)OUTPUT[11] = 47 (0x2F)OUTPUT[12] = 47 (0x2F)OUTPUT[13] = 191 (0xBF)OUTPUT[14] = 255 (0xFF)OUTPUT[15] = 255 (0xFF)OUTPUT[16] = 191 (0xBF)OUTPUT[17] = 63 (0x3F)OUTPUT[18] = 63 (0x3F)OUTPUT[19] = 191 (0xBF)OUTPUT[20] = 255 (0xFF)
Time: 555 ns  Iteration: 1  Process: /gaussian_filter_tb/output_proc  File: C:/Users/narsi/Desktop/projects/Project_BUG/g_filter/g_filter_g/tb/g_filter_tb.vhd
Note: OUTPUT[0] = 0 (0x00)OUTPUT[1] = 47 (0x2F)OUTPUT[2] = 63 (0x3F)OUTPUT[3] = 63 (0x3F)OUTPUT[4] = 47 (0x2F)OUTPUT[5] = 15 (0x0F)OUTPUT[6] = 15 (0x0F)OUTPUT[7] = 143 (0x8F)OUTPUT[8] = 191 (0xBF)OUTPUT[9] = 191 (0xBF)OUTPUT[10] = 143 (0x8F)OUTPUT[11] = 47 (0x2F)OUTPUT[12] = 47 (0x2F)OUTPUT[13] = 191 (0xBF)OUTPUT[14] = 255 (0xFF)OUTPUT[15] = 255 (0xFF)OUTPUT[16] = 191 (0xBF)OUTPUT[17] = 63 (0x3F)OUTPUT[18] = 63 (0x3F)OUTPUT[19] = 191 (0xBF)OUTPUT[20] = 255 (0xFF)OUTPUT[21] = 255 (0xFF)
Time: 565 ns  Iteration: 1  Process: /gaussian_filter_tb/output_proc  File: C:/Users/narsi/Desktop/projects/Project_BUG/g_filter/g_filter_g/tb/g_filter_tb.vhd
Note: OUTPUT[0] = 0 (0x00)OUTPUT[1] = 47 (0x2F)OUTPUT[2] = 63 (0x3F)OUTPUT[3] = 63 (0x3F)OUTPUT[4] = 47 (0x2F)OUTPUT[5] = 15 (0x0F)OUTPUT[6] = 15 (0x0F)OUTPUT[7] = 143 (0x8F)OUTPUT[8] = 191 (0xBF)OUTPUT[9] = 191 (0xBF)OUTPUT[10] = 143 (0x8F)OUTPUT[11] = 47 (0x2F)OUTPUT[12] = 47 (0x2F)OUTPUT[13] = 191 (0xBF)OUTPUT[14] = 255 (0xFF)OUTPUT[15] = 255 (0xFF)OUTPUT[16] = 191 (0xBF)OUTPUT[17] = 63 (0x3F)OUTPUT[18] = 63 (0x3F)OUTPUT[19] = 191 (0xBF)OUTPUT[20] = 255 (0xFF)OUTPUT[21] = 255 (0xFF)OUTPUT[22] = 191 (0xBF)
Time: 575 ns  Iteration: 1  Process: /gaussian_filter_tb/output_proc  File: C:/Users/narsi/Desktop/projects/Project_BUG/g_filter/g_filter_g/tb/g_filter_tb.vhd
Note: OUTPUT[0] = 0 (0x00)OUTPUT[1] = 47 (0x2F)OUTPUT[2] = 63 (0x3F)OUTPUT[3] = 63 (0x3F)OUTPUT[4] = 47 (0x2F)OUTPUT[5] = 15 (0x0F)OUTPUT[6] = 15 (0x0F)OUTPUT[7] = 143 (0x8F)OUTPUT[8] = 191 (0xBF)OUTPUT[9] = 191 (0xBF)OUTPUT[10] = 143 (0x8F)OUTPUT[11] = 47 (0x2F)OUTPUT[12] = 47 (0x2F)OUTPUT[13] = 191 (0xBF)OUTPUT[14] = 255 (0xFF)OUTPUT[15] = 255 (0xFF)OUTPUT[16] = 191 (0xBF)OUTPUT[17] = 63 (0x3F)OUTPUT[18] = 63 (0x3F)OUTPUT[19] = 191 (0xBF)OUTPUT[20] = 255 (0xFF)OUTPUT[21] = 255 (0xFF)OUTPUT[22] = 191 (0xBF)OUTPUT[23] = 63 (0x3F)
Time: 585 ns  Iteration: 1  Process: /gaussian_filter_tb/output_proc  File: C:/Users/narsi/Desktop/projects/Project_BUG/g_filter/g_filter_g/tb/g_filter_tb.vhd
Note: OUTPUT[0] = 0 (0x00)OUTPUT[1] = 47 (0x2F)OUTPUT[2] = 63 (0x3F)OUTPUT[3] = 63 (0x3F)OUTPUT[4] = 47 (0x2F)OUTPUT[5] = 15 (0x0F)OUTPUT[6] = 15 (0x0F)OUTPUT[7] = 143 (0x8F)OUTPUT[8] = 191 (0xBF)OUTPUT[9] = 191 (0xBF)OUTPUT[10] = 143 (0x8F)OUTPUT[11] = 47 (0x2F)OUTPUT[12] = 47 (0x2F)OUTPUT[13] = 191 (0xBF)OUTPUT[14] = 255 (0xFF)OUTPUT[15] = 255 (0xFF)OUTPUT[16] = 191 (0xBF)OUTPUT[17] = 63 (0x3F)OUTPUT[18] = 63 (0x3F)OUTPUT[19] = 191 (0xBF)OUTPUT[20] = 255 (0xFF)OUTPUT[21] = 255 (0xFF)OUTPUT[22] = 191 (0xBF)OUTPUT[23] = 63 (0x3F)OUTPUT[24] = 63 (0x3F)
Time: 615 ns  Iteration: 1  Process: /gaussian_filter_tb/output_proc  File: C:/Users/narsi/Desktop/projects/Project_BUG/g_filter/g_filter_g/tb/g_filter_tb.vhd
Note: OUTPUT[0] = 0 (0x00)OUTPUT[1] = 47 (0x2F)OUTPUT[2] = 63 (0x3F)OUTPUT[3] = 63 (0x3F)OUTPUT[4] = 47 (0x2F)OUTPUT[5] = 15 (0x0F)OUTPUT[6] = 15 (0x0F)OUTPUT[7] = 143 (0x8F)OUTPUT[8] = 191 (0xBF)OUTPUT[9] = 191 (0xBF)OUTPUT[10] = 143 (0x8F)OUTPUT[11] = 47 (0x2F)OUTPUT[12] = 47 (0x2F)OUTPUT[13] = 191 (0xBF)OUTPUT[14] = 255 (0xFF)OUTPUT[15] = 255 (0xFF)OUTPUT[16] = 191 (0xBF)OUTPUT[17] = 63 (0x3F)OUTPUT[18] = 63 (0x3F)OUTPUT[19] = 191 (0xBF)OUTPUT[20] = 255 (0xFF)OUTPUT[21] = 255 (0xFF)OUTPUT[22] = 191 (0xBF)OUTPUT[23] = 63 (0x3F)OUTPUT[24] = 63 (0x3F)OUTPUT[25] = 143 (0x8F)
Time: 625 ns  Iteration: 1  Process: /gaussian_filter_tb/output_proc  File: C:/Users/narsi/Desktop/projects/Project_BUG/g_filter/g_filter_g/tb/g_filter_tb.vhd
Note: OUTPUT[0] = 0 (0x00)OUTPUT[1] = 47 (0x2F)OUTPUT[2] = 63 (0x3F)OUTPUT[3] = 63 (0x3F)OUTPUT[4] = 47 (0x2F)OUTPUT[5] = 15 (0x0F)OUTPUT[6] = 15 (0x0F)OUTPUT[7] = 143 (0x8F)OUTPUT[8] = 191 (0xBF)OUTPUT[9] = 191 (0xBF)OUTPUT[10] = 143 (0x8F)OUTPUT[11] = 47 (0x2F)OUTPUT[12] = 47 (0x2F)OUTPUT[13] = 191 (0xBF)OUTPUT[14] = 255 (0xFF)OUTPUT[15] = 255 (0xFF)OUTPUT[16] = 191 (0xBF)OUTPUT[17] = 63 (0x3F)OUTPUT[18] = 63 (0x3F)OUTPUT[19] = 191 (0xBF)OUTPUT[20] = 255 (0xFF)OUTPUT[21] = 255 (0xFF)OUTPUT[22] = 191 (0xBF)OUTPUT[23] = 63 (0x3F)OUTPUT[24] = 63 (0x3F)OUTPUT[25] = 143 (0x8F)OUTPUT[26] = 191 (0xBF)
Time: 635 ns  Iteration: 1  Process: /gaussian_filter_tb/output_proc  File: C:/Users/narsi/Desktop/projects/Project_BUG/g_filter/g_filter_g/tb/g_filter_tb.vhd
Note: OUTPUT[0] = 0 (0x00)OUTPUT[1] = 47 (0x2F)OUTPUT[2] = 63 (0x3F)OUTPUT[3] = 63 (0x3F)OUTPUT[4] = 47 (0x2F)OUTPUT[5] = 15 (0x0F)OUTPUT[6] = 15 (0x0F)OUTPUT[7] = 143 (0x8F)OUTPUT[8] = 191 (0xBF)OUTPUT[9] = 191 (0xBF)OUTPUT[10] = 143 (0x8F)OUTPUT[11] = 47 (0x2F)OUTPUT[12] = 47 (0x2F)OUTPUT[13] = 191 (0xBF)OUTPUT[14] = 255 (0xFF)OUTPUT[15] = 255 (0xFF)OUTPUT[16] = 191 (0xBF)OUTPUT[17] = 63 (0x3F)OUTPUT[18] = 63 (0x3F)OUTPUT[19] = 191 (0xBF)OUTPUT[20] = 255 (0xFF)OUTPUT[21] = 255 (0xFF)OUTPUT[22] = 191 (0xBF)OUTPUT[23] = 63 (0x3F)OUTPUT[24] = 63 (0x3F)OUTPUT[25] = 143 (0x8F)OUTPUT[26] = 191 (0xBF)OUTPUT[27] = 191 (0xBF)
Time: 645 ns  Iteration: 1  Process: /gaussian_filter_tb/output_proc  File: C:/Users/narsi/Desktop/projects/Project_BUG/g_filter/g_filter_g/tb/g_filter_tb.vhd
Note: OUTPUT[0] = 0 (0x00)OUTPUT[1] = 47 (0x2F)OUTPUT[2] = 63 (0x3F)OUTPUT[3] = 63 (0x3F)OUTPUT[4] = 47 (0x2F)OUTPUT[5] = 15 (0x0F)OUTPUT[6] = 15 (0x0F)OUTPUT[7] = 143 (0x8F)OUTPUT[8] = 191 (0xBF)OUTPUT[9] = 191 (0xBF)OUTPUT[10] = 143 (0x8F)OUTPUT[11] = 47 (0x2F)OUTPUT[12] = 47 (0x2F)OUTPUT[13] = 191 (0xBF)OUTPUT[14] = 255 (0xFF)OUTPUT[15] = 255 (0xFF)OUTPUT[16] = 191 (0xBF)OUTPUT[17] = 63 (0x3F)OUTPUT[18] = 63 (0x3F)OUTPUT[19] = 191 (0xBF)OUTPUT[20] = 255 (0xFF)OUTPUT[21] = 255 (0xFF)OUTPUT[22] = 191 (0xBF)OUTPUT[23] = 63 (0x3F)OUTPUT[24] = 63 (0x3F)OUTPUT[25] = 143 (0x8F)OUTPUT[26] = 191 (0xBF)OUTPUT[27] = 191 (0xBF)OUTPUT[28] = 143 (0x8F)
Time: 655 ns  Iteration: 1  Process: /gaussian_filter_tb/output_proc  File: C:/Users/narsi/Desktop/projects/Project_BUG/g_filter/g_filter_g/tb/g_filter_tb.vhd
Note: OUTPUT[0] = 0 (0x00)OUTPUT[1] = 47 (0x2F)OUTPUT[2] = 63 (0x3F)OUTPUT[3] = 63 (0x3F)OUTPUT[4] = 47 (0x2F)OUTPUT[5] = 15 (0x0F)OUTPUT[6] = 15 (0x0F)OUTPUT[7] = 143 (0x8F)OUTPUT[8] = 191 (0xBF)OUTPUT[9] = 191 (0xBF)OUTPUT[10] = 143 (0x8F)OUTPUT[11] = 47 (0x2F)OUTPUT[12] = 47 (0x2F)OUTPUT[13] = 191 (0xBF)OUTPUT[14] = 255 (0xFF)OUTPUT[15] = 255 (0xFF)OUTPUT[16] = 191 (0xBF)OUTPUT[17] = 63 (0x3F)OUTPUT[18] = 63 (0x3F)OUTPUT[19] = 191 (0xBF)OUTPUT[20] = 255 (0xFF)OUTPUT[21] = 255 (0xFF)OUTPUT[22] = 191 (0xBF)OUTPUT[23] = 63 (0x3F)OUTPUT[24] = 63 (0x3F)OUTPUT[25] = 143 (0x8F)OUTPUT[26] = 191 (0xBF)OUTPUT[27] = 191 (0xBF)OUTPUT[28] = 143 (0x8F)OUTPUT[29] = 47 (0x2F)
Time: 665 ns  Iteration: 1  Process: /gaussian_filter_tb/output_proc  File: C:/Users/narsi/Desktop/projects/Project_BUG/g_filter/g_filter_g/tb/g_filter_tb.vhd
Note: OUTPUT[0] = 0 (0x00)OUTPUT[1] = 47 (0x2F)OUTPUT[2] = 63 (0x3F)OUTPUT[3] = 63 (0x3F)OUTPUT[4] = 47 (0x2F)OUTPUT[5] = 15 (0x0F)OUTPUT[6] = 15 (0x0F)OUTPUT[7] = 143 (0x8F)OUTPUT[8] = 191 (0xBF)OUTPUT[9] = 191 (0xBF)OUTPUT[10] = 143 (0x8F)OUTPUT[11] = 47 (0x2F)OUTPUT[12] = 47 (0x2F)OUTPUT[13] = 191 (0xBF)OUTPUT[14] = 255 (0xFF)OUTPUT[15] = 255 (0xFF)OUTPUT[16] = 191 (0xBF)OUTPUT[17] = 63 (0x3F)OUTPUT[18] = 63 (0x3F)OUTPUT[19] = 191 (0xBF)OUTPUT[20] = 255 (0xFF)OUTPUT[21] = 255 (0xFF)OUTPUT[22] = 191 (0xBF)OUTPUT[23] = 63 (0x3F)OUTPUT[24] = 63 (0x3F)OUTPUT[25] = 143 (0x8F)OUTPUT[26] = 191 (0xBF)OUTPUT[27] = 191 (0xBF)OUTPUT[28] = 143 (0x8F)OUTPUT[29] = 47 (0x2F)OUTPUT[30] = 47 (0x2F)
Time: 695 ns  Iteration: 1  Process: /gaussian_filter_tb/output_proc  File: C:/Users/narsi/Desktop/projects/Project_BUG/g_filter/g_filter_g/tb/g_filter_tb.vhd
Note: OUTPUT[0] = 0 (0x00)OUTPUT[1] = 47 (0x2F)OUTPUT[2] = 63 (0x3F)OUTPUT[3] = 63 (0x3F)OUTPUT[4] = 47 (0x2F)OUTPUT[5] = 15 (0x0F)OUTPUT[6] = 15 (0x0F)OUTPUT[7] = 143 (0x8F)OUTPUT[8] = 191 (0xBF)OUTPUT[9] = 191 (0xBF)OUTPUT[10] = 143 (0x8F)OUTPUT[11] = 47 (0x2F)OUTPUT[12] = 47 (0x2F)OUTPUT[13] = 191 (0xBF)OUTPUT[14] = 255 (0xFF)OUTPUT[15] = 255 (0xFF)OUTPUT[16] = 191 (0xBF)OUTPUT[17] = 63 (0x3F)OUTPUT[18] = 63 (0x3F)OUTPUT[19] = 191 (0xBF)OUTPUT[20] = 255 (0xFF)OUTPUT[21] = 255 (0xFF)OUTPUT[22] = 191 (0xBF)OUTPUT[23] = 63 (0x3F)OUTPUT[24] = 63 (0x3F)OUTPUT[25] = 143 (0x8F)OUTPUT[26] = 191 (0xBF)OUTPUT[27] = 191 (0xBF)OUTPUT[28] = 143 (0x8F)OUTPUT[29] = 47 (0x2F)OUTPUT[30] = 47 (0x2F)OUTPUT[31] = 47 (0x2F)
Time: 705 ns  Iteration: 1  Process: /gaussian_filter_tb/output_proc  File: C:/Users/narsi/Desktop/projects/Project_BUG/g_filter/g_filter_g/tb/g_filter_tb.vhd
Note: OUTPUT[0] = 0 (0x00)OUTPUT[1] = 47 (0x2F)OUTPUT[2] = 63 (0x3F)OUTPUT[3] = 63 (0x3F)OUTPUT[4] = 47 (0x2F)OUTPUT[5] = 15 (0x0F)OUTPUT[6] = 15 (0x0F)OUTPUT[7] = 143 (0x8F)OUTPUT[8] = 191 (0xBF)OUTPUT[9] = 191 (0xBF)OUTPUT[10] = 143 (0x8F)OUTPUT[11] = 47 (0x2F)OUTPUT[12] = 47 (0x2F)OUTPUT[13] = 191 (0xBF)OUTPUT[14] = 255 (0xFF)OUTPUT[15] = 255 (0xFF)OUTPUT[16] = 191 (0xBF)OUTPUT[17] = 63 (0x3F)OUTPUT[18] = 63 (0x3F)OUTPUT[19] = 191 (0xBF)OUTPUT[20] = 255 (0xFF)OUTPUT[21] = 255 (0xFF)OUTPUT[22] = 191 (0xBF)OUTPUT[23] = 63 (0x3F)OUTPUT[24] = 63 (0x3F)OUTPUT[25] = 143 (0x8F)OUTPUT[26] = 191 (0xBF)OUTPUT[27] = 191 (0xBF)OUTPUT[28] = 143 (0x8F)OUTPUT[29] = 47 (0x2F)OUTPUT[30] = 47 (0x2F)OUTPUT[31] = 47 (0x2F)OUTPUT[32] = 63 (0x3F)
Time: 715 ns  Iteration: 1  Process: /gaussian_filter_tb/output_proc  File: C:/Users/narsi/Desktop/projects/Project_BUG/g_filter/g_filter_g/tb/g_filter_tb.vhd
Note: Total pixels sent: 64
Time: 720 ns  Iteration: 0  Process: /gaussian_filter_tb/stim_proc  File: C:/Users/narsi/Desktop/projects/Project_BUG/g_filter/g_filter_g/tb/g_filter_tb.vhd
Note: Waiting for outputs to complete...
Time: 720 ns  Iteration: 0  Process: /gaussian_filter_tb/stim_proc  File: C:/Users/narsi/Desktop/projects/Project_BUG/g_filter/g_filter_g/tb/g_filter_tb.vhd
Note: OUTPUT[0] = 0 (0x00)OUTPUT[1] = 47 (0x2F)OUTPUT[2] = 63 (0x3F)OUTPUT[3] = 63 (0x3F)OUTPUT[4] = 47 (0x2F)OUTPUT[5] = 15 (0x0F)OUTPUT[6] = 15 (0x0F)OUTPUT[7] = 143 (0x8F)OUTPUT[8] = 191 (0xBF)OUTPUT[9] = 191 (0xBF)OUTPUT[10] = 143 (0x8F)OUTPUT[11] = 47 (0x2F)OUTPUT[12] = 47 (0x2F)OUTPUT[13] = 191 (0xBF)OUTPUT[14] = 255 (0xFF)OUTPUT[15] = 255 (0xFF)OUTPUT[16] = 191 (0xBF)OUTPUT[17] = 63 (0x3F)OUTPUT[18] = 63 (0x3F)OUTPUT[19] = 191 (0xBF)OUTPUT[20] = 255 (0xFF)OUTPUT[21] = 255 (0xFF)OUTPUT[22] = 191 (0xBF)OUTPUT[23] = 63 (0x3F)OUTPUT[24] = 63 (0x3F)OUTPUT[25] = 143 (0x8F)OUTPUT[26] = 191 (0xBF)OUTPUT[27] = 191 (0xBF)OUTPUT[28] = 143 (0x8F)OUTPUT[29] = 47 (0x2F)OUTPUT[30] = 47 (0x2F)OUTPUT[31] = 47 (0x2F)OUTPUT[32] = 63 (0x3F)OUTPUT[33] = 63 (0x3F)
Time: 725 ns  Iteration: 1  Process: /gaussian_filter_tb/output_proc  File: C:/Users/narsi/Desktop/projects/Project_BUG/g_filter/g_filter_g/tb/g_filter_tb.vhd
Note: OUTPUT[0] = 0 (0x00)OUTPUT[1] = 47 (0x2F)OUTPUT[2] = 63 (0x3F)OUTPUT[3] = 63 (0x3F)OUTPUT[4] = 47 (0x2F)OUTPUT[5] = 15 (0x0F)OUTPUT[6] = 15 (0x0F)OUTPUT[7] = 143 (0x8F)OUTPUT[8] = 191 (0xBF)OUTPUT[9] = 191 (0xBF)OUTPUT[10] = 143 (0x8F)OUTPUT[11] = 47 (0x2F)OUTPUT[12] = 47 (0x2F)OUTPUT[13] = 191 (0xBF)OUTPUT[14] = 255 (0xFF)OUTPUT[15] = 255 (0xFF)OUTPUT[16] = 191 (0xBF)OUTPUT[17] = 63 (0x3F)OUTPUT[18] = 63 (0x3F)OUTPUT[19] = 191 (0xBF)OUTPUT[20] = 255 (0xFF)OUTPUT[21] = 255 (0xFF)OUTPUT[22] = 191 (0xBF)OUTPUT[23] = 63 (0x3F)OUTPUT[24] = 63 (0x3F)OUTPUT[25] = 143 (0x8F)OUTPUT[26] = 191 (0xBF)OUTPUT[27] = 191 (0xBF)OUTPUT[28] = 143 (0x8F)OUTPUT[29] = 47 (0x2F)OUTPUT[30] = 47 (0x2F)OUTPUT[31] = 47 (0x2F)OUTPUT[32] = 63 (0x3F)OUTPUT[33] = 63 (0x3F)OUTPUT[34] = 47 (0x2F)
Time: 735 ns  Iteration: 1  Process: /gaussian_filter_tb/output_proc  File: C:/Users/narsi/Desktop/projects/Project_BUG/g_filter/g_filter_g/tb/g_filter_tb.vhd
Note: OUTPUT[0] = 0 (0x00)OUTPUT[1] = 47 (0x2F)OUTPUT[2] = 63 (0x3F)OUTPUT[3] = 63 (0x3F)OUTPUT[4] = 47 (0x2F)OUTPUT[5] = 15 (0x0F)OUTPUT[6] = 15 (0x0F)OUTPUT[7] = 143 (0x8F)OUTPUT[8] = 191 (0xBF)OUTPUT[9] = 191 (0xBF)OUTPUT[10] = 143 (0x8F)OUTPUT[11] = 47 (0x2F)OUTPUT[12] = 47 (0x2F)OUTPUT[13] = 191 (0xBF)OUTPUT[14] = 255 (0xFF)OUTPUT[15] = 255 (0xFF)OUTPUT[16] = 191 (0xBF)OUTPUT[17] = 63 (0x3F)OUTPUT[18] = 63 (0x3F)OUTPUT[19] = 191 (0xBF)OUTPUT[20] = 255 (0xFF)OUTPUT[21] = 255 (0xFF)OUTPUT[22] = 191 (0xBF)OUTPUT[23] = 63 (0x3F)OUTPUT[24] = 63 (0x3F)OUTPUT[25] = 143 (0x8F)OUTPUT[26] = 191 (0xBF)OUTPUT[27] = 191 (0xBF)OUTPUT[28] = 143 (0x8F)OUTPUT[29] = 47 (0x2F)OUTPUT[30] = 47 (0x2F)OUTPUT[31] = 47 (0x2F)OUTPUT[32] = 63 (0x3F)OUTPUT[33] = 63 (0x3F)OUTPUT[34] = 47 (0x2F)OUTPUT[35] = 15 (0x0F)
Time: 745 ns  Iteration: 1  Process: /gaussian_filter_tb/output_proc  File: C:/Users/narsi/Desktop/projects/Project_BUG/g_filter/g_filter_g/tb/g_filter_tb.vhd
INFO: [USF-XSim-96] XSim completed. Design snapshot 'gaussian_filter_tb_behav' loaded.
INFO: [USF-XSim-97] XSim simulation ran for 1000ns
launch_simulation: Time (s): cpu = 00:00:01 ; elapsed = 00:00:09 . Memory (MB): peak = 1685.434 ; gain = 12.059
WARNING: [Simtcl 6-197] One or more HDL objects could not be logged because of object type or size limitations.  To see details please rerun the command with -verbose (-v).
Note: ========================================
Time: 1220 ns  Iteration: 0  Process: /gaussian_filter_tb/stim_proc  File: C:/Users/narsi/Desktop/projects/Project_BUG/g_filter/g_filter_g/tb/g_filter_tb.vhd
Note: TEST RESULTS
Time: 1220 ns  Iteration: 0  Process: /gaussian_filter_tb/stim_proc  File: C:/Users/narsi/Desktop/projects/Project_BUG/g_filter/g_filter_g/tb/g_filter_tb.vhd
Note: ========================================
Time: 1220 ns  Iteration: 0  Process: /gaussian_filter_tb/stim_proc  File: C:/Users/narsi/Desktop/projects/Project_BUG/g_filter/g_filter_g/tb/g_filter_tb.vhd
Note: Total output pixels received: 36
Time: 1220 ns  Iteration: 0  Process: /gaussian_filter_tb/stim_proc  File: C:/Users/narsi/Desktop/projects/Project_BUG/g_filter/g_filter_g/tb/g_filter_tb.vhd
Note: SUCCESS: Filter produced outputs!
Time: 1220 ns  Iteration: 0  Process: /gaussian_filter_tb/stim_proc  File: C:/Users/narsi/Desktop/projects/Project_BUG/g_filter/g_filter_g/tb/g_filter_tb.vhd
Note: First few output values:
Time: 1220 ns  Iteration: 0  Process: /gaussian_filter_tb/stim_proc  File: C:/Users/narsi/Desktop/projects/Project_BUG/g_filter/g_filter_g/tb/g_filter_tb.vhd
Note:   Output[0] = 0
Time: 1220 ns  Iteration: 0  Process: /gaussian_filter_tb/stim_proc  File: C:/Users/narsi/Desktop/projects/Project_BUG/g_filter/g_filter_g/tb/g_filter_tb.vhd
Note:   Output[1] = 47
Time: 1220 ns  Iteration: 0  Process: /gaussian_filter_tb/stim_proc  File: C:/Users/narsi/Desktop/projects/Project_BUG/g_filter/g_filter_g/tb/g_filter_tb.vhd
Note:   Output[2] = 63
Time: 1220 ns  Iteration: 0  Process: /gaussian_filter_tb/stim_proc  File: C:/Users/narsi/Desktop/projects/Project_BUG/g_filter/g_filter_g/tb/g_filter_tb.vhd
Note:   Output[3] = 63
Time: 1220 ns  Iteration: 0  Process: /gaussian_filter_tb/stim_proc  File: C:/Users/narsi/Desktop/projects/Project_BUG/g_filter/g_filter_g/tb/g_filter_tb.vhd
Note:   Output[4] = 47
Time: 1220 ns  Iteration: 0  Process: /gaussian_filter_tb/stim_proc  File: C:/Users/narsi/Desktop/projects/Project_BUG/g_filter/g_filter_g/tb/g_filter_tb.vhd
Note:   Output[5] = 15
Time: 1220 ns  Iteration: 0  Process: /gaussian_filter_tb/stim_proc  File: C:/Users/narsi/Desktop/projects/Project_BUG/g_filter/g_filter_g/tb/g_filter_tb.vhd
Note:   Output[6] = 15
Time: 1220 ns  Iteration: 0  Process: /gaussian_filter_tb/stim_proc  File: C:/Users/narsi/Desktop/projects/Project_BUG/g_filter/g_filter_g/tb/g_filter_tb.vhd
Note:   Output[7] = 143
Time: 1220 ns  Iteration: 0  Process: /gaussian_filter_tb/stim_proc  File: C:/Users/narsi/Desktop/projects/Project_BUG/g_filter/g_filter_g/tb/g_filter_tb.vhd
Note:   Output[8] = 191
Time: 1220 ns  Iteration: 0  Process: /gaussian_filter_tb/stim_proc  File: C:/Users/narsi/Desktop/projects/Project_BUG/g_filter/g_filter_g/tb/g_filter_tb.vhd
Note:   Output[9] = 191
Time: 1220 ns  Iteration: 0  Process: /gaussian_filter_tb/stim_proc  File: C:/Users/narsi/Desktop/projects/Project_BUG/g_filter/g_filter_g/tb/g_filter_tb.vhd
Note: ========================================
Time: 1220 ns  Iteration: 0  Process: /gaussian_filter_tb/stim_proc  File: C:/Users/narsi/Desktop/projects/Project_BUG/g_filter/g_filter_g/tb/g_filter_tb.vhd
Note: Test completed
Time: 1220 ns  Iteration: 0  Process: /gaussian_filter_tb/stim_proc  File: C:/Users/narsi/Desktop/projects/Project_BUG/g_filter/g_filter_g/tb/g_filter_tb.vhd
Note: ========================================
Time: 1220 ns  Iteration: 0  Process: /gaussian_filter_tb/stim_proc  File: C:/Users/narsi/Desktop/projects/Project_BUG/g_filter/g_filter_g/tb/g_filter_tb.vhd
Note: Simulation completed.
Time: 1340 ns  Iteration: 0  Process: /gaussian_filter_tb/stim_proc  File: C:/Users/narsi/Desktop/projects/Project_BUG/g_filter/g_filter_g/tb/g_filter_tb.vhd
$stop called at time : 1340 ns : File "C:/Users/narsi/Desktop/projects/Project_BUG/g_filter/g_filter_g/tb/g_filter_tb.vhd" Line 185
