#-----------------------------------------------------------
# Vivado v2022.2 (64-bit)
# SW Build 3671981 on Fri Oct 14 05:00:03 MDT 2022
# IP Build 3669848 on Fri Oct 14 08:30:02 MDT 2022
# Start of session at: Fri Apr  3 11:06:27 2026
# Process ID: 10672
# Current directory: C:/Users/narsi/Desktop/projects/Project_BUG/g_filter/g_filter_cgat
# Command line: vivado.exe -mode batch -source build.tcl
# Log file: C:/Users/narsi/Desktop/projects/Project_BUG/g_filter/g_filter_cgat/vivado.log
# Journal file: C:/Users/narsi/Desktop/projects/Project_BUG/g_filter/g_filter_cgat\vivado.jou
# Running On: Milan, OS: Windows, CPU Frequency: 1797 MHz, CPU Physical cores: 16, Host memory: 6297 MB
#-----------------------------------------------------------
source build.tcl
# set main_project_name "g_filter_cgat_D"
# set proj_name   "g_filter_cgat_bug"
# set proj_dir    "./$main_project_name/g_filter_cgat_"
# set build_dir   "./$main_project_name/build"
# set part        "xc7z020clg484-1"
# set rtl_glob    "./$main_project_name/rtl/*.vhd"
# set tb_glob     "./$main_project_name/tb/*_tb.vhd"
# set xdc_glob    "./constraints/*.xdc"
# set rtl_top_e   "g_filter_cgat"
# set tb_top_e   "g_filter_cgat_tb"
# set rtl_top     "./$main_project_name/rtl"
# set tb_top      "./$main_project_name/tb"
# set vivado_tool "Vivado 2022.2"
# set rtl_dir     "./rtl"
# set tb_dir      "./tb"
# set src_dir [glob -type d ./*.srcs]
# set full_src_rtl "$src_dir/sources_1/new"
# set full_src_tb "$src_dir/sim_1/new"
# catch {file mkdir $main_project_name}
# if {[file exists $build_dir]} {
#     puts "Cleaning build directory: $build_dir"
#     file delete -force $build_dir
# }
# file mkdir $build_dir
# catch { exec cmd.exe /c robocopy "./" "./$main_project_name" build.tcl run_case.dat } result
# if {![file exists $tb_top]} {
# catch {file mkdir $rtl_top}
# catch {file mkdir $tb_top}
# catch { exec cmd.exe /c robocopy "$full_src_tb" "$tb_top" /E } result
# catch { exec cmd.exe /c robocopy "$full_src_rtl" "$rtl_top" /E } result
# }
# create_project $proj_name $proj_dir -part $part -force
INFO: [ProjectBase 1-489] The host OS only allows 260 characters in a normal path. The project is stored in a path with more than 80 characters. If you experience issues with IP, Block Designs, or files not being found, please consider moving the project to a location with a shorter path. Alternately consider using the OS subst command to map part of the path to a drive letter.
Current project path is 'C:/Users/narsi/Desktop/projects/Project_BUG/g_filter/g_filter_cgat/g_filter_cgat_D/g_filter_cgat_'
create_project: Time (s): cpu = 00:00:12 ; elapsed = 00:00:16 . Memory (MB): peak = 431.918 ; gain = 97.766
# foreach f [glob -nocomplain $rtl_glob] {
#   add_files $f
# }
# set_property top $rtl_top_e [current_fileset]
# update_compile_order -fileset sources_1
# set tb_list [glob -nocomplain $tb_glob]
# set run_sim 0
# if {[llength $tb_list] > 0} {
#   set run_sim 1
#   foreach f $tb_list {
#     add_files -fileset sim_1 $f
#   }
#   catch { set_property top $tb_top_e [get_filesets sim_1] }
#   update_compile_order -fileset sim_1
# }
# launch_runs synth_1
WARNING: [Vivado 12-7122] Auto Incremental Compile:: No reference checkpoint was found in run synth_1. Auto-incremental flow will not be run, the standard flow will be run instead.
[Fri Apr  3 11:06:53 2026] Launched synth_1...
Run output will be captured here: C:/Users/narsi/Desktop/projects/Project_BUG/g_filter/g_filter_cgat/g_filter_cgat_D/g_filter_cgat_/g_filter_cgat_bug.runs/synth_1/runme.log
# wait_on_run synth_1
[Fri Apr  3 11:06:53 2026] Waiting for synth_1 to finish...

*** Running vivado
    with args -log g_filter_cgat.vds -m64 -product Vivado -mode batch -messageDb vivado.pb -notrace -source g_filter_cgat.tcl



****** Vivado v2022.2 (64-bit)
  **** SW Build 3671981 on Fri Oct 14 05:00:03 MDT 2022
  **** IP Build 3669848 on Fri Oct 14 08:30:02 MDT 2022
    ** Copyright 1986-2022 Xilinx, Inc. All Rights Reserved.

source g_filter_cgat.tcl -notrace
create_project: Time (s): cpu = 00:00:11 ; elapsed = 00:00:13 . Memory (MB): peak = 431.738 ; gain = 98.055
Command: synth_design -top g_filter_cgat -part xc7z020clg484-1
Starting synth_design
Attempting to get a license for feature 'Synthesis' and/or device 'xc7z020'
INFO: [Common 17-349] Got license for feature 'Synthesis' and/or device 'xc7z020'
INFO: [Synth 8-7079] Multithreading enabled for synth_design using a maximum of 2 processes.
INFO: [Synth 8-7078] Launching helper process for spawning children vivado processes
INFO: [Synth 8-7075] Helper process launched with PID 3672
INFO: [Synth 8-11241] undeclared symbol 'REGCCE', assumed default net type 'wire' [C:/Xilinx/Vivado/2022.2/data/verilog/src/unimacro/BRAM_SINGLE_MACRO.v:2170]
---------------------------------------------------------------------------------
Starting Synthesize : Time (s): cpu = 00:00:11 ; elapsed = 00:00:12 . Memory (MB): peak = 865.926 ; gain = 409.352
---------------------------------------------------------------------------------
INFO: [Synth 8-638] synthesizing module 'g_filter_cgat' [C:/Users/narsi/Desktop/projects/Project_BUG/g_filter/g_filter_cgat/g_filter_cgat_D/rtl/g_filter_cgat.vhd:55]
INFO: [Synth 8-256] done synthesizing module 'g_filter_cgat' (0#1) [C:/Users/narsi/Desktop/projects/Project_BUG/g_filter/g_filter_cgat/g_filter_cgat_D/rtl/g_filter_cgat.vhd:55]
---------------------------------------------------------------------------------
Finished Synthesize : Time (s): cpu = 00:00:15 ; elapsed = 00:00:16 . Memory (MB): peak = 958.551 ; gain = 501.977
---------------------------------------------------------------------------------
---------------------------------------------------------------------------------
Finished Constraint Validation : Time (s): cpu = 00:00:16 ; elapsed = 00:00:17 . Memory (MB): peak = 958.551 ; gain = 501.977
---------------------------------------------------------------------------------
---------------------------------------------------------------------------------
Start Loading Part and Timing Information
---------------------------------------------------------------------------------
Loading part: xc7z020clg484-1
---------------------------------------------------------------------------------
Finished Loading Part and Timing Information : Time (s): cpu = 00:00:16 ; elapsed = 00:00:17 . Memory (MB): peak = 958.551 ; gain = 501.977
---------------------------------------------------------------------------------
INFO: [Device 21-403] Loading part xc7z020clg484-1
---------------------------------------------------------------------------------
Finished RTL Optimization Phase 2 : Time (s): cpu = 00:00:16 ; elapsed = 00:00:18 . Memory (MB): peak = 958.551 ; gain = 501.977
---------------------------------------------------------------------------------
No constraint files found.
---------------------------------------------------------------------------------
Start RTL Component Statistics 
---------------------------------------------------------------------------------
Detailed RTL Component Info : 
+---Adders : 
	   9 Input   16 Bit       Adders := 1     
	   2 Input   10 Bit       Adders := 2     
+---Registers : 
	               16 Bit    Registers := 1     
	               12 Bit    Registers := 9     
	               10 Bit    Registers := 1     
	                8 Bit    Registers := 12    
	                1 Bit    Registers := 3     
+---RAMs : 
	               5K Bit	(640 X 8 bit)          RAMs := 2     
+---Muxes : 
	   3 Input   12 Bit        Muxes := 3     
	   2 Input    1 Bit        Muxes := 1     
---------------------------------------------------------------------------------
Finished RTL Component Statistics 
---------------------------------------------------------------------------------
---------------------------------------------------------------------------------
Start Part Resource Summary
---------------------------------------------------------------------------------
Part Resources:
DSPs: 220 (col length:60)
BRAMs: 280 (col length: RAMB18 60 RAMB36 30)
---------------------------------------------------------------------------------
Finished Part Resource Summary
---------------------------------------------------------------------------------
No constraint files found.
---------------------------------------------------------------------------------
Start Cross Boundary and Area Optimization
---------------------------------------------------------------------------------
WARNING: [Synth 8-7080] Parallel synthesis criteria is not met
---------------------------------------------------------------------------------
Finished Cross Boundary and Area Optimization : Time (s): cpu = 00:00:25 ; elapsed = 00:00:30 . Memory (MB): peak = 1171.809 ; gain = 715.234
---------------------------------------------------------------------------------
---------------------------------------------------------------------------------
Start ROM, RAM, DSP, Shift Register and Retiming Reporting
---------------------------------------------------------------------------------

Block RAM: Preliminary Mapping Report (see note below)
+--------------+-------------------+------------------------+---+---+------------------------+---+---+------------------+--------+--------+
|Module Name   | RTL Object        | PORT A (Depth x Width) | W | R | PORT B (Depth x Width) | W | R | Ports driving FF | RAMB18 | RAMB36 | 
+--------------+-------------------+------------------------+---+---+------------------------+---+---+------------------+--------+--------+
|g_filter_cgat | line_buffer_1_reg | 0 K x 8(READ_FIRST)    | W | R |                        |   |   | Port A           | 1      | 0      | 
+--------------+-------------------+------------------------+---+---+------------------------+---+---+------------------+--------+--------+

Note: The table above is a preliminary report that shows the Block RAMs at the current stage of the synthesis flow. Some Block RAMs may be reimplemented as non Block RAM primitives later in the synthesis flow. Multiple instantiated Block RAMs are reported only once. 

Distributed RAM: Preliminary Mapping Report (see note below)
+--------------+-------------------+-----------+----------------------+-------------------------------+
|Module Name   | RTL Object        | Inference | Size (Depth x Width) | Primitives                    | 
+--------------+-------------------+-----------+----------------------+-------------------------------+
|g_filter_cgat | line_buffer_0_reg | Implied   | 1 K x 8              | RAM128X1S x 8 RAM256X1S x 16  | 
+--------------+-------------------+-----------+----------------------+-------------------------------+

Note: The table above is a preliminary report that shows the Distributed RAMs at the current stage of the synthesis flow. Some Distributed RAMs may be reimplemented as non Distributed RAM primitives later in the synthesis flow. Multiple instantiated RAMs are reported only once.
---------------------------------------------------------------------------------
Finished ROM, RAM, DSP, Shift Register and Retiming Reporting
---------------------------------------------------------------------------------
No constraint files found.
---------------------------------------------------------------------------------
Start Timing Optimization
---------------------------------------------------------------------------------
---------------------------------------------------------------------------------
Finished Timing Optimization : Time (s): cpu = 00:00:26 ; elapsed = 00:00:31 . Memory (MB): peak = 1171.809 ; gain = 715.234
---------------------------------------------------------------------------------
---------------------------------------------------------------------------------
Start ROM, RAM, DSP, Shift Register and Retiming Reporting
---------------------------------------------------------------------------------

Block RAM: Final Mapping Report
+--------------+-------------------+------------------------+---+---+------------------------+---+---+------------------+--------+--------+
|Module Name   | RTL Object        | PORT A (Depth x Width) | W | R | PORT B (Depth x Width) | W | R | Ports driving FF | RAMB18 | RAMB36 | 
+--------------+-------------------+------------------------+---+---+------------------------+---+---+------------------+--------+--------+
|g_filter_cgat | line_buffer_1_reg | 0 K x 8(READ_FIRST)    | W | R |                        |   |   | Port A           | 1      | 0      | 
+--------------+-------------------+------------------------+---+---+------------------------+---+---+------------------+--------+--------+


Distributed RAM: Final Mapping Report
+--------------+-------------------+-----------+----------------------+-------------------------------+
|Module Name   | RTL Object        | Inference | Size (Depth x Width) | Primitives                    | 
+--------------+-------------------+-----------+----------------------+-------------------------------+
|g_filter_cgat | line_buffer_0_reg | Implied   | 1 K x 8              | RAM128X1S x 8 RAM256X1S x 16  | 
+--------------+-------------------+-----------+----------------------+-------------------------------+

---------------------------------------------------------------------------------
Finished ROM, RAM, DSP, Shift Register and Retiming Reporting
---------------------------------------------------------------------------------
---------------------------------------------------------------------------------
Start Technology Mapping
---------------------------------------------------------------------------------
INFO: [Synth 8-7052] The timing for the instance line_buffer_1_reg (implemented as a Block RAM) might be sub-optimal as no optional output register could be merged into the ram block. Providing additional output register may help in improving timing.
---------------------------------------------------------------------------------
Finished Technology Mapping : Time (s): cpu = 00:00:26 ; elapsed = 00:00:31 . Memory (MB): peak = 1171.809 ; gain = 715.234
---------------------------------------------------------------------------------
---------------------------------------------------------------------------------
Start IO Insertion
---------------------------------------------------------------------------------
---------------------------------------------------------------------------------
Start Flattening Before IO Insertion
---------------------------------------------------------------------------------
---------------------------------------------------------------------------------
Finished Flattening Before IO Insertion
---------------------------------------------------------------------------------
---------------------------------------------------------------------------------
Start Final Netlist Cleanup
---------------------------------------------------------------------------------
---------------------------------------------------------------------------------
Finished Final Netlist Cleanup
---------------------------------------------------------------------------------
---------------------------------------------------------------------------------
Finished IO Insertion : Time (s): cpu = 00:00:39 ; elapsed = 00:00:44 . Memory (MB): peak = 1171.809 ; gain = 715.234
---------------------------------------------------------------------------------
---------------------------------------------------------------------------------
Start Renaming Generated Instances
---------------------------------------------------------------------------------
---------------------------------------------------------------------------------
Finished Renaming Generated Instances : Time (s): cpu = 00:00:39 ; elapsed = 00:00:44 . Memory (MB): peak = 1171.809 ; gain = 715.234
---------------------------------------------------------------------------------
---------------------------------------------------------------------------------
Start Rebuilding User Hierarchy
---------------------------------------------------------------------------------
---------------------------------------------------------------------------------
Finished Rebuilding User Hierarchy : Time (s): cpu = 00:00:39 ; elapsed = 00:00:44 . Memory (MB): peak = 1171.809 ; gain = 715.234
---------------------------------------------------------------------------------
---------------------------------------------------------------------------------
Start Renaming Generated Ports
---------------------------------------------------------------------------------
---------------------------------------------------------------------------------
Finished Renaming Generated Ports : Time (s): cpu = 00:00:39 ; elapsed = 00:00:44 . Memory (MB): peak = 1171.809 ; gain = 715.234
---------------------------------------------------------------------------------
---------------------------------------------------------------------------------
Start Handling Custom Attributes
---------------------------------------------------------------------------------
---------------------------------------------------------------------------------
Finished Handling Custom Attributes : Time (s): cpu = 00:00:39 ; elapsed = 00:00:44 . Memory (MB): peak = 1171.809 ; gain = 715.234
---------------------------------------------------------------------------------
---------------------------------------------------------------------------------
Start Renaming Generated Nets
---------------------------------------------------------------------------------
---------------------------------------------------------------------------------
Finished Renaming Generated Nets : Time (s): cpu = 00:00:39 ; elapsed = 00:00:44 . Memory (MB): peak = 1171.809 ; gain = 715.234
---------------------------------------------------------------------------------
---------------------------------------------------------------------------------
Start Writing Synthesis Report
---------------------------------------------------------------------------------

Report BlackBoxes: 
+-+--------------+----------+
| |BlackBox name |Instances |
+-+--------------+----------+
+-+--------------+----------+

Report Cell Usage: 
+------+----------+------+
|      |Cell      |Count |
+------+----------+------+
|1     |BUFG      |     1|
|2     |CARRY4    |    12|
|3     |LUT1      |     2|
|4     |LUT2      |    13|
|5     |LUT3      |    34|
|6     |LUT4      |    34|
|7     |LUT5      |    12|
|8     |LUT6      |    17|
|9     |RAM128X1S |     8|
|10    |RAM256X1S |    16|
|11    |RAMB18E1  |     1|
|12    |FDRE      |   175|
|13    |IBUF      |    11|
|14    |OBUF      |     9|
+------+----------+------+

Report Instance Areas: 
+------+---------+-------+------+
|      |Instance |Module |Cells |
+------+---------+-------+------+
|1     |top      |       |   345|
+------+---------+-------+------+
---------------------------------------------------------------------------------
Finished Writing Synthesis Report : Time (s): cpu = 00:00:39 ; elapsed = 00:00:44 . Memory (MB): peak = 1171.809 ; gain = 715.234
---------------------------------------------------------------------------------
Synthesis finished with 0 errors, 0 critical warnings and 1 warnings.
Synthesis Optimization Runtime : Time (s): cpu = 00:00:39 ; elapsed = 00:00:44 . Memory (MB): peak = 1171.809 ; gain = 715.234
Synthesis Optimization Complete : Time (s): cpu = 00:00:39 ; elapsed = 00:00:44 . Memory (MB): peak = 1171.809 ; gain = 715.234
INFO: [Project 1-571] Translating synthesized netlist
Netlist sorting complete. Time (s): cpu = 00:00:00 ; elapsed = 00:00:00.005 . Memory (MB): peak = 1180.504 ; gain = 0.000
INFO: [Netlist 29-17] Analyzing 37 Unisim elements for replacement
INFO: [Netlist 29-28] Unisim Transformation completed in 0 CPU seconds
INFO: [Project 1-570] Preparing netlist for logic optimization
INFO: [Opt 31-138] Pushed 0 inverter(s) to 0 load pin(s).
Netlist sorting complete. Time (s): cpu = 00:00:00 ; elapsed = 00:00:00 . Memory (MB): peak = 1283.152 ; gain = 0.000
INFO: [Project 1-111] Unisim Transformation Summary:
  A total of 24 instances were transformed.
  RAM128X1S => RAM128X1S (MUXF7, RAMS64E(x2)): 8 instances
  RAM256X1S => RAM256X1S (MUXF7(x2), MUXF8, RAMS64E(x4)): 16 instances

Synth Design complete, checksum: 10b2db5a
INFO: [Common 17-83] Releasing license: Synthesis
16 Infos, 1 Warnings, 0 Critical Warnings and 0 Errors encountered.
synth_design completed successfully
synth_design: Time (s): cpu = 00:00:42 ; elapsed = 00:00:48 . Memory (MB): peak = 1283.152 ; gain = 851.414
INFO: [Common 17-1381] The checkpoint 'C:/Users/narsi/Desktop/projects/Project_BUG/g_filter/g_filter_cgat/g_filter_cgat_D/g_filter_cgat_/g_filter_cgat_bug.runs/synth_1/g_filter_cgat.dcp' has been generated.
INFO: [runtcl-4] Executing : report_utilization -file g_filter_cgat_utilization_synth.rpt -pb g_filter_cgat_utilization_synth.pb
INFO: [Common 17-206] Exiting Vivado at Fri Apr  3 11:08:04 2026...
[Fri Apr  3 11:08:08 2026] synth_1 finished
wait_on_runs: Time (s): cpu = 00:00:00 ; elapsed = 00:01:16 . Memory (MB): peak = 456.754 ; gain = 0.000
# open_run synth_1
Design is defaulting to impl run constrset: constrs_1
Design is defaulting to synth run part: xc7z020clg484-1
INFO: [Device 21-403] Loading part xc7z020clg484-1
Netlist sorting complete. Time (s): cpu = 00:00:00 ; elapsed = 00:00:00.003 . Memory (MB): peak = 860.680 ; gain = 0.000
INFO: [Netlist 29-17] Analyzing 37 Unisim elements for replacement
INFO: [Netlist 29-28] Unisim Transformation completed in 0 CPU seconds
INFO: [Project 1-479] Netlist was created with Vivado 2022.2
INFO: [Project 1-570] Preparing netlist for logic optimization
INFO: [Opt 31-138] Pushed 0 inverter(s) to 0 load pin(s).
Netlist sorting complete. Time (s): cpu = 00:00:00 ; elapsed = 00:00:00.001 . Memory (MB): peak = 977.691 ; gain = 0.000
INFO: [Project 1-111] Unisim Transformation Summary:
  A total of 24 instances were transformed.
  RAM128X1S => RAM128X1S (MUXF7, RAMS64E(x2)): 8 instances
  RAM256X1S => RAM256X1S (MUXF7(x2), MUXF8, RAMS64E(x4)): 16 instances

open_run: Time (s): cpu = 00:00:10 ; elapsed = 00:00:13 . Memory (MB): peak = 977.691 ; gain = 520.938
# write_checkpoint -force [file join $build_dir post_synth.dcp]
INFO: [Common 17-1381] The checkpoint 'C:/Users/narsi/Desktop/projects/Project_BUG/g_filter/g_filter_cgat/g_filter_cgat_D/build/post_synth.dcp' has been generated.
# launch_runs impl_1
[Fri Apr  3 11:08:22 2026] Launched impl_1...
Run output will be captured here: C:/Users/narsi/Desktop/projects/Project_BUG/g_filter/g_filter_cgat/g_filter_cgat_D/g_filter_cgat_/g_filter_cgat_bug.runs/impl_1/runme.log
# wait_on_run impl_1
[Fri Apr  3 11:08:22 2026] Waiting for impl_1 to finish...

*** Running vivado
    with args -log g_filter_cgat.vdi -applog -m64 -product Vivado -messageDb vivado.pb -mode batch -source g_filter_cgat.tcl -notrace



****** Vivado v2022.2 (64-bit)
  **** SW Build 3671981 on Fri Oct 14 05:00:03 MDT 2022
  **** IP Build 3669848 on Fri Oct 14 08:30:02 MDT 2022
    ** Copyright 1986-2022 Xilinx, Inc. All Rights Reserved.

source g_filter_cgat.tcl -notrace
Command: open_checkpoint C:/Users/narsi/Desktop/projects/Project_BUG/g_filter/g_filter_cgat/g_filter_cgat_D/g_filter_cgat_/g_filter_cgat_bug.runs/impl_1/g_filter_cgat.dcp
INFO: [Device 21-403] Loading part xc7z020clg484-1
Netlist sorting complete. Time (s): cpu = 00:00:00 ; elapsed = 00:00:00.002 . Memory (MB): peak = 860.996 ; gain = 0.000
INFO: [Netlist 29-17] Analyzing 37 Unisim elements for replacement
INFO: [Netlist 29-28] Unisim Transformation completed in 0 CPU seconds
INFO: [Project 1-479] Netlist was created with Vivado 2022.2
INFO: [Project 1-570] Preparing netlist for logic optimization
Netlist sorting complete. Time (s): cpu = 00:00:00 ; elapsed = 00:00:00.001 . Memory (MB): peak = 953.090 ; gain = 0.000
INFO: [Project 1-111] Unisim Transformation Summary:
  A total of 24 instances were transformed.
  RAM128X1S => RAM128X1S (MUXF7, RAMS64E(x2)): 8 instances
  RAM256X1S => RAM256X1S (MUXF7(x2), MUXF8, RAMS64E(x4)): 16 instances

INFO: [Project 1-604] Checkpoint was created with Vivado v2022.2 (64-bit) build 3671981
OpenCheckpoint Checksum | Checksum: 6733e9d7
----- Checksum: PlaceDB: 00000000 ShapeSum: 6733e9d7 RouteDB: 00000000 
open_checkpoint: Time (s): cpu = 00:00:21 ; elapsed = 00:00:27 . Memory (MB): peak = 957.105 ; gain = 637.605
Command: opt_design
Attempting to get a license for feature 'Implementation' and/or device 'xc7z020'
INFO: [Common 17-349] Got license for feature 'Implementation' and/or device 'xc7z020'
Running DRC as a precondition to command opt_design

Starting DRC Task
INFO: [DRC 23-27] Running DRC with 2 threads
INFO: [Project 1-461] DRC finished with 0 Errors
INFO: [Project 1-462] Please refer to the DRC report (report_drc) for more information.

Time (s): cpu = 00:00:03 ; elapsed = 00:00:02 . Memory (MB): peak = 1008.641 ; gain = 29.953

Starting Cache Timing Information Task
INFO: [Timing 38-35] Done setting XDC timing constraints.
Ending Cache Timing Information Task | Checksum: 77e6c531

Time (s): cpu = 00:00:11 ; elapsed = 00:00:12 . Memory (MB): peak = 1550.906 ; gain = 542.266

Starting Logic Optimization Task

Phase 1 Retarget
INFO: [Opt 31-138] Pushed 0 inverter(s) to 0 load pin(s).
INFO: [Opt 31-49] Retargeted 0 cell(s).
Phase 1 Retarget | Checksum: 77e6c531

Time (s): cpu = 00:00:00 ; elapsed = 00:00:00.087 . Memory (MB): peak = 1887.453 ; gain = 0.000
INFO: [Opt 31-389] Phase Retarget created 0 cells and removed 0 cells

Phase 2 Constant propagation
INFO: [Opt 31-138] Pushed 0 inverter(s) to 0 load pin(s).
Phase 2 Constant propagation | Checksum: fcbb0ed6

Time (s): cpu = 00:00:00 ; elapsed = 00:00:00.092 . Memory (MB): peak = 1887.453 ; gain = 0.000
INFO: [Opt 31-389] Phase Constant propagation created 0 cells and removed 0 cells

Phase 3 Sweep
Phase 3 Sweep | Checksum: 1372c7c0f

Time (s): cpu = 00:00:00 ; elapsed = 00:00:00.101 . Memory (MB): peak = 1887.453 ; gain = 0.000
INFO: [Opt 31-389] Phase Sweep created 1 cells and removed 0 cells

Phase 4 BUFG optimization
Phase 4 BUFG optimization | Checksum: 1372c7c0f

Time (s): cpu = 00:00:00 ; elapsed = 00:00:00.177 . Memory (MB): peak = 1887.453 ; gain = 0.000
INFO: [Opt 31-662] Phase BUFG optimization created 0 cells of which 0 are BUFGs and removed 0 cells.

Phase 5 Shift Register Optimization
INFO: [Opt 31-1064] SRL Remap converted 0 SRLs to 0 registers and converted 0 registers of register chains to 0 SRLs
Phase 5 Shift Register Optimization | Checksum: 1372c7c0f

Time (s): cpu = 00:00:00 ; elapsed = 00:00:00.180 . Memory (MB): peak = 1887.453 ; gain = 0.000
INFO: [Opt 31-389] Phase Shift Register Optimization created 0 cells and removed 0 cells

Phase 6 Post Processing Netlist
Phase 6 Post Processing Netlist | Checksum: 1372c7c0f

Time (s): cpu = 00:00:00 ; elapsed = 00:00:00.183 . Memory (MB): peak = 1887.453 ; gain = 0.000
INFO: [Opt 31-389] Phase Post Processing Netlist created 0 cells and removed 0 cells
Opt_design Change Summary
=========================


-------------------------------------------------------------------------------------------------------------------------
|  Phase                        |  #Cells created  |  #Cells Removed  |  #Constrained objects preventing optimizations  |
-------------------------------------------------------------------------------------------------------------------------
|  Retarget                     |               0  |               0  |                                              0  |
|  Constant propagation         |               0  |               0  |                                              0  |
|  Sweep                        |               1  |               0  |                                              0  |
|  BUFG optimization            |               0  |               0  |                                              0  |
|  Shift Register Optimization  |               0  |               0  |                                              0  |
|  Post Processing Netlist      |               0  |               0  |                                              0  |
-------------------------------------------------------------------------------------------------------------------------



Starting Connectivity Check Task

Time (s): cpu = 00:00:00 ; elapsed = 00:00:00.002 . Memory (MB): peak = 1887.453 ; gain = 0.000
Ending Logic Optimization Task | Checksum: 9d3c502e

Time (s): cpu = 00:00:00 ; elapsed = 00:00:00.221 . Memory (MB): peak = 1887.453 ; gain = 0.000

Starting Power Optimization Task
INFO: [Pwropt 34-132] Skipping clock gating for clocks with a period < 2.00 ns.
INFO: [Pwropt 34-9] Applying IDT optimizations ...
INFO: [Pwropt 34-10] Applying ODC optimizations ...
INFO: [Timing 38-35] Done setting XDC timing constraints.
WARNING: [Power 33-232] No user defined clocks were found in the design! Power estimation will be inaccurate until this is corrected.
Resolution: Please specify clocks using create_clock/create_generated_clock for sequential elements. For pure combinatorial circuits, please specify a virtual clock, otherwise the vectorless estimation might be inaccurate
Running Vector-less Activity Propagation...

Finished Running Vector-less Activity Propagation


Starting PowerOpt Patch Enables Task
INFO: [Pwropt 34-162] WRITE_MODE attribute of 0 BRAM(s) out of a total of 1 has been updated to save power. Run report_power_opt to get a complete listing of the BRAMs updated.
INFO: [Pwropt 34-201] Structural ODC has moved 0 WE to EN ports
Number of BRAM Ports augmented: 0 newly gated: 0 Total Ports: 2
Ending PowerOpt Patch Enables Task | Checksum: 9d3c502e

Time (s): cpu = 00:00:00 ; elapsed = 00:00:00.014 . Memory (MB): peak = 2001.766 ; gain = 0.000
Ending Power Optimization Task | Checksum: 9d3c502e

Time (s): cpu = 00:00:01 ; elapsed = 00:00:02 . Memory (MB): peak = 2001.766 ; gain = 114.312

Starting Final Cleanup Task
Ending Final Cleanup Task | Checksum: 9d3c502e

Time (s): cpu = 00:00:00 ; elapsed = 00:00:00.001 . Memory (MB): peak = 2001.766 ; gain = 0.000

Starting Netlist Obfuscation Task
Netlist sorting complete. Time (s): cpu = 00:00:00 ; elapsed = 00:00:00 . Memory (MB): peak = 2001.766 ; gain = 0.000
Ending Netlist Obfuscation Task | Checksum: 9d3c502e

Time (s): cpu = 00:00:00 ; elapsed = 00:00:00.001 . Memory (MB): peak = 2001.766 ; gain = 0.000
INFO: [Common 17-83] Releasing license: Implementation
29 Infos, 1 Warnings, 0 Critical Warnings and 0 Errors encountered.
opt_design completed successfully
opt_design: Time (s): cpu = 00:00:21 ; elapsed = 00:00:22 . Memory (MB): peak = 2001.766 ; gain = 1044.660
INFO: [Common 17-1381] The checkpoint 'C:/Users/narsi/Desktop/projects/Project_BUG/g_filter/g_filter_cgat/g_filter_cgat_D/g_filter_cgat_/g_filter_cgat_bug.runs/impl_1/g_filter_cgat_opt.dcp' has been generated.
INFO: [runtcl-4] Executing : report_drc -file g_filter_cgat_drc_opted.rpt -pb g_filter_cgat_drc_opted.pb -rpx g_filter_cgat_drc_opted.rpx
Command: report_drc -file g_filter_cgat_drc_opted.rpt -pb g_filter_cgat_drc_opted.pb -rpx g_filter_cgat_drc_opted.rpx
INFO: [IP_Flow 19-234] Refreshing IP repositories
INFO: [IP_Flow 19-1704] No user IP repositories specified
INFO: [IP_Flow 19-2313] Loaded Vivado IP repository 'C:/Xilinx/Vivado/2022.2/data/ip'.
INFO: [DRC 23-27] Running DRC with 2 threads
INFO: [Vivado_Tcl 2-168] The results of DRC are in file C:/Users/narsi/Desktop/projects/Project_BUG/g_filter/g_filter_cgat/g_filter_cgat_D/g_filter_cgat_/g_filter_cgat_bug.runs/impl_1/g_filter_cgat_drc_opted.rpt.
report_drc completed successfully
Command: place_design
Attempting to get a license for feature 'Implementation' and/or device 'xc7z020'
INFO: [Common 17-349] Got license for feature 'Implementation' and/or device 'xc7z020'
INFO: [DRC 23-27] Running DRC with 2 threads
INFO: [Vivado_Tcl 4-198] DRC finished with 0 Errors
INFO: [Vivado_Tcl 4-199] Please refer to the DRC report (report_drc) for more information.
Running DRC as a precondition to command place_design
INFO: [DRC 23-27] Running DRC with 2 threads
INFO: [Vivado_Tcl 4-198] DRC finished with 0 Errors
INFO: [Vivado_Tcl 4-199] Please refer to the DRC report (report_drc) for more information.

Starting Placer Task
INFO: [Place 30-611] Multithreading enabled for place_design using a maximum of 2 CPUs

Phase 1 Placer Initialization

Phase 1.1 Placer Initialization Netlist Sorting
Netlist sorting complete. Time (s): cpu = 00:00:00 ; elapsed = 00:00:00.001 . Memory (MB): peak = 2001.766 ; gain = 0.000
Phase 1.1 Placer Initialization Netlist Sorting | Checksum: 91918e99

Time (s): cpu = 00:00:00 ; elapsed = 00:00:00.014 . Memory (MB): peak = 2001.766 ; gain = 0.000
Netlist sorting complete. Time (s): cpu = 00:00:00 ; elapsed = 00:00:00.001 . Memory (MB): peak = 2001.766 ; gain = 0.000

Phase 1.2 IO Placement/ Clock Placement/ Build Placer Device
INFO: [Timing 38-35] Done setting XDC timing constraints.
Phase 1.2 IO Placement/ Clock Placement/ Build Placer Device | Checksum: 1053170ac

Time (s): cpu = 00:00:01 ; elapsed = 00:00:00.538 . Memory (MB): peak = 2001.766 ; gain = 0.000

Phase 1.3 Build Placer Netlist Model
Phase 1.3 Build Placer Netlist Model | Checksum: 1eabf2328

Time (s): cpu = 00:00:01 ; elapsed = 00:00:00.659 . Memory (MB): peak = 2001.766 ; gain = 0.000

Phase 1.4 Constrain Clocks/Macros
Phase 1.4 Constrain Clocks/Macros | Checksum: 1eabf2328

Time (s): cpu = 00:00:01 ; elapsed = 00:00:00.665 . Memory (MB): peak = 2001.766 ; gain = 0.000
Phase 1 Placer Initialization | Checksum: 1eabf2328

Time (s): cpu = 00:00:01 ; elapsed = 00:00:00.670 . Memory (MB): peak = 2001.766 ; gain = 0.000

Phase 2 Global Placement

Phase 2.1 Floorplanning
Phase 2.1 Floorplanning | Checksum: 1eabf2328

Time (s): cpu = 00:00:01 ; elapsed = 00:00:00.676 . Memory (MB): peak = 2001.766 ; gain = 0.000

Phase 2.2 Update Timing before SLR Path Opt
Phase 2.2 Update Timing before SLR Path Opt | Checksum: 1eabf2328

Time (s): cpu = 00:00:01 ; elapsed = 00:00:00.678 . Memory (MB): peak = 2001.766 ; gain = 0.000

Phase 2.3 Post-Processing in Floorplanning
Phase 2.3 Post-Processing in Floorplanning | Checksum: 1eabf2328

Time (s): cpu = 00:00:01 ; elapsed = 00:00:00.679 . Memory (MB): peak = 2001.766 ; gain = 0.000

Phase 2.4 Global Placement Core
WARNING: [Place 46-29] Timing had been disabled during Placer and, therefore, physical synthesis in Placer will be skipped.
Phase 2.4 Global Placement Core | Checksum: b7f2c1d3

Time (s): cpu = 00:00:05 ; elapsed = 00:00:04 . Memory (MB): peak = 2001.766 ; gain = 0.000
Phase 2 Global Placement | Checksum: b7f2c1d3

Time (s): cpu = 00:00:05 ; elapsed = 00:00:04 . Memory (MB): peak = 2001.766 ; gain = 0.000

Phase 3 Detail Placement

Phase 3.1 Commit Multi Column Macros
Phase 3.1 Commit Multi Column Macros | Checksum: b7f2c1d3

Time (s): cpu = 00:00:05 ; elapsed = 00:00:04 . Memory (MB): peak = 2001.766 ; gain = 0.000

Phase 3.2 Commit Most Macros & LUTRAMs
Phase 3.2 Commit Most Macros & LUTRAMs | Checksum: 1a17433b5

Time (s): cpu = 00:00:05 ; elapsed = 00:00:04 . Memory (MB): peak = 2001.766 ; gain = 0.000

Phase 3.3 Area Swap Optimization
Phase 3.3 Area Swap Optimization | Checksum: 206b7187c

Time (s): cpu = 00:00:05 ; elapsed = 00:00:04 . Memory (MB): peak = 2001.766 ; gain = 0.000

Phase 3.4 Pipeline Register Optimization
Phase 3.4 Pipeline Register Optimization | Checksum: 206b7187c

Time (s): cpu = 00:00:05 ; elapsed = 00:00:04 . Memory (MB): peak = 2001.766 ; gain = 0.000

Phase 3.5 Small Shape Detail Placement
Phase 3.5 Small Shape Detail Placement | Checksum: 20367ff08

Time (s): cpu = 00:00:05 ; elapsed = 00:00:04 . Memory (MB): peak = 2001.766 ; gain = 0.000

Phase 3.6 Re-assign LUT pins
Phase 3.6 Re-assign LUT pins | Checksum: 20367ff08

Time (s): cpu = 00:00:05 ; elapsed = 00:00:04 . Memory (MB): peak = 2001.766 ; gain = 0.000

Phase 3.7 Pipeline Register Optimization
Phase 3.7 Pipeline Register Optimization | Checksum: 20367ff08

Time (s): cpu = 00:00:05 ; elapsed = 00:00:04 . Memory (MB): peak = 2001.766 ; gain = 0.000
Phase 3 Detail Placement | Checksum: 20367ff08

Time (s): cpu = 00:00:05 ; elapsed = 00:00:04 . Memory (MB): peak = 2001.766 ; gain = 0.000

Phase 4 Post Placement Optimization and Clean-Up

Phase 4.1 Post Commit Optimization
Phase 4.1 Post Commit Optimization | Checksum: 20367ff08

Time (s): cpu = 00:00:05 ; elapsed = 00:00:04 . Memory (MB): peak = 2001.766 ; gain = 0.000

Phase 4.2 Post Placement Cleanup
Phase 4.2 Post Placement Cleanup | Checksum: 20367ff08

Time (s): cpu = 00:00:05 ; elapsed = 00:00:04 . Memory (MB): peak = 2001.766 ; gain = 0.000

Phase 4.3 Placer Reporting

Phase 4.3.1 Print Estimated Congestion
INFO: [Place 30-612] Post-Placement Estimated Congestion 
 ____________________________________________________
|           | Global Congestion | Short Congestion  |
| Direction | Region Size       | Region Size       |
|___________|___________________|___________________|
|      North|                1x1|                1x1|
|___________|___________________|___________________|
|      South|                1x1|                1x1|
|___________|___________________|___________________|
|       East|                1x1|                1x1|
|___________|___________________|___________________|
|       West|                1x1|                1x1|
|___________|___________________|___________________|

Phase 4.3.1 Print Estimated Congestion | Checksum: 20367ff08

Time (s): cpu = 00:00:05 ; elapsed = 00:00:04 . Memory (MB): peak = 2001.766 ; gain = 0.000
Phase 4.3 Placer Reporting | Checksum: 20367ff08

Time (s): cpu = 00:00:05 ; elapsed = 00:00:04 . Memory (MB): peak = 2001.766 ; gain = 0.000

Phase 4.4 Final Placement Cleanup
Netlist sorting complete. Time (s): cpu = 00:00:00 ; elapsed = 00:00:00 . Memory (MB): peak = 2001.766 ; gain = 0.000

Time (s): cpu = 00:00:05 ; elapsed = 00:00:04 . Memory (MB): peak = 2001.766 ; gain = 0.000
Phase 4 Post Placement Optimization and Clean-Up | Checksum: 27229a547

Time (s): cpu = 00:00:05 ; elapsed = 00:00:04 . Memory (MB): peak = 2001.766 ; gain = 0.000
Ending Placer Task | Checksum: 1aa39bbfc

Time (s): cpu = 00:00:05 ; elapsed = 00:00:04 . Memory (MB): peak = 2001.766 ; gain = 0.000
INFO: [Common 17-83] Releasing license: Implementation
47 Infos, 2 Warnings, 0 Critical Warnings and 0 Errors encountered.
place_design completed successfully
place_design: Time (s): cpu = 00:00:07 ; elapsed = 00:00:06 . Memory (MB): peak = 2001.766 ; gain = 0.000
Writing XDEF routing.
Writing XDEF routing logical nets.
Writing XDEF routing special nets.
Write XDEF Complete: Time (s): cpu = 00:00:00 ; elapsed = 00:00:00.306 . Memory (MB): peak = 2001.766 ; gain = 0.000
INFO: [Common 17-1381] The checkpoint 'C:/Users/narsi/Desktop/projects/Project_BUG/g_filter/g_filter_cgat/g_filter_cgat_D/g_filter_cgat_/g_filter_cgat_bug.runs/impl_1/g_filter_cgat_placed.dcp' has been generated.
INFO: [runtcl-4] Executing : report_io -file g_filter_cgat_io_placed.rpt
report_io: Time (s): cpu = 00:00:00 ; elapsed = 00:00:00.133 . Memory (MB): peak = 2001.766 ; gain = 0.000
INFO: [runtcl-4] Executing : report_utilization -file g_filter_cgat_utilization_placed.rpt -pb g_filter_cgat_utilization_placed.pb
INFO: [runtcl-4] Executing : report_control_sets -verbose -file g_filter_cgat_control_sets_placed.rpt
report_control_sets: Time (s): cpu = 00:00:00 ; elapsed = 00:00:00.006 . Memory (MB): peak = 2001.766 ; gain = 0.000
Command: phys_opt_design
Attempting to get a license for feature 'Implementation' and/or device 'xc7z020'
INFO: [Common 17-349] Got license for feature 'Implementation' and/or device 'xc7z020'

Starting Initial Update Timing Task

Time (s): cpu = 00:00:00 ; elapsed = 00:00:00.067 . Memory (MB): peak = 2001.766 ; gain = 0.000
INFO: [Vivado_Tcl 4-235] No timing constraint found. The netlist was not modified.
INFO: [Common 17-83] Releasing license: Implementation
54 Infos, 2 Warnings, 0 Critical Warnings and 0 Errors encountered.
phys_opt_design completed successfully
Writing XDEF routing.
Writing XDEF routing logical nets.
Writing XDEF routing special nets.
Write XDEF Complete: Time (s): cpu = 00:00:01 ; elapsed = 00:00:00.129 . Memory (MB): peak = 2001.766 ; gain = 0.000
INFO: [Common 17-1381] The checkpoint 'C:/Users/narsi/Desktop/projects/Project_BUG/g_filter/g_filter_cgat/g_filter_cgat_D/g_filter_cgat_/g_filter_cgat_bug.runs/impl_1/g_filter_cgat_physopt.dcp' has been generated.
Command: route_design
Attempting to get a license for feature 'Implementation' and/or device 'xc7z020'
INFO: [Common 17-349] Got license for feature 'Implementation' and/or device 'xc7z020'
Running DRC as a precondition to command route_design
INFO: [DRC 23-27] Running DRC with 2 threads
INFO: [Vivado_Tcl 4-198] DRC finished with 0 Errors
INFO: [Vivado_Tcl 4-199] Please refer to the DRC report (report_drc) for more information.


Starting Routing Task
INFO: [Route 35-254] Multithreading enabled for route_design using a maximum of 2 CPUs

Phase 1 Build RT Design
Checksum: PlaceDB: f1af9c74 ConstDB: 0 ShapeSum: b88a1f88 RouteDB: 0
Post Restoration Checksum: NetGraph: a332f75f NumContArr: b00aaf08 Constraints: 0 Timing: 0
Phase 1 Build RT Design | Checksum: 1533da667

Time (s): cpu = 00:00:53 ; elapsed = 00:00:49 . Memory (MB): peak = 2027.984 ; gain = 26.219

Phase 2 Router Initialization
INFO: [Route 35-64] No timing constraints were detected. The router will operate in resource-optimization mode.

Phase 2.1 Fix Topology Constraints
Phase 2.1 Fix Topology Constraints | Checksum: 1533da667

Time (s): cpu = 00:00:53 ; elapsed = 00:00:49 . Memory (MB): peak = 2034.625 ; gain = 32.859

Phase 2.2 Pre Route Cleanup
Phase 2.2 Pre Route Cleanup | Checksum: 1533da667

Time (s): cpu = 00:00:53 ; elapsed = 00:00:49 . Memory (MB): peak = 2034.625 ; gain = 32.859
 Number of Nodes with overlaps = 0

Router Utilization Summary
  Global Vertical Routing Utilization    = 0 %
  Global Horizontal Routing Utilization  = 0 %
  Routable Net Status*
  *Does not include unroutable nets such as driverless and loadless.
  Run report_route_status for detailed report.
  Number of Failed Nets               = 304
    (Failed Nets is the sum of unrouted and partially routed nets)
  Number of Unrouted Nets             = 304
  Number of Partially Routed Nets     = 0
  Number of Node Overlaps             = 0

Phase 2 Router Initialization | Checksum: e051668f

Time (s): cpu = 00:00:54 ; elapsed = 00:00:49 . Memory (MB): peak = 2047.633 ; gain = 45.867

Phase 3 Initial Routing

Phase 3.1 Global Routing
Phase 3.1 Global Routing | Checksum: e051668f

Time (s): cpu = 00:00:54 ; elapsed = 00:00:49 . Memory (MB): peak = 2047.633 ; gain = 45.867
Phase 3 Initial Routing | Checksum: 1a285263a

Time (s): cpu = 00:00:55 ; elapsed = 00:00:49 . Memory (MB): peak = 2047.633 ; gain = 45.867

Phase 4 Rip-up And Reroute

Phase 4.1 Global Iteration 0
 Number of Nodes with overlaps = 7
 Number of Nodes with overlaps = 0
Phase 4.1 Global Iteration 0 | Checksum: 1850d4657

Time (s): cpu = 00:00:55 ; elapsed = 00:00:50 . Memory (MB): peak = 2047.633 ; gain = 45.867
Phase 4 Rip-up And Reroute | Checksum: 1850d4657

Time (s): cpu = 00:00:55 ; elapsed = 00:00:50 . Memory (MB): peak = 2047.633 ; gain = 45.867

Phase 5 Delay and Skew Optimization
Phase 5 Delay and Skew Optimization | Checksum: 1850d4657

Time (s): cpu = 00:00:55 ; elapsed = 00:00:50 . Memory (MB): peak = 2047.633 ; gain = 45.867

Phase 6 Post Hold Fix

Phase 6.1 Hold Fix Iter
Phase 6.1 Hold Fix Iter | Checksum: 1850d4657

Time (s): cpu = 00:00:55 ; elapsed = 00:00:50 . Memory (MB): peak = 2047.633 ; gain = 45.867
Phase 6 Post Hold Fix | Checksum: 1850d4657

Time (s): cpu = 00:00:55 ; elapsed = 00:00:50 . Memory (MB): peak = 2047.633 ; gain = 45.867

Phase 7 Route finalize

Router Utilization Summary
  Global Vertical Routing Utilization    = 0.0573159 %
  Global Horizontal Routing Utilization  = 0.0656694 %
  Routable Net Status*
  *Does not include unroutable nets such as driverless and loadless.
  Run report_route_status for detailed report.
  Number of Failed Nets               = 0
    (Failed Nets is the sum of unrouted and partially routed nets)
  Number of Unrouted Nets             = 0
  Number of Partially Routed Nets     = 0
  Number of Node Overlaps             = 0

Congestion Report
North Dir 1x1 Area, Max Cong = 27.9279%, No Congested Regions.
South Dir 1x1 Area, Max Cong = 18.9189%, No Congested Regions.
East Dir 1x1 Area, Max Cong = 30.8824%, No Congested Regions.
West Dir 1x1 Area, Max Cong = 27.9412%, No Congested Regions.

------------------------------
Reporting congestion hotspots
------------------------------
Direction: North
----------------
Congested clusters found at Level 0
Effective congestion level: 0 Aspect Ratio: 1 Sparse Ratio: 0
Direction: South
----------------
Congested clusters found at Level 0
Effective congestion level: 0 Aspect Ratio: 1 Sparse Ratio: 0
Direction: East
----------------
Congested clusters found at Level 0
Effective congestion level: 0 Aspect Ratio: 1 Sparse Ratio: 0
Direction: West
----------------
Congested clusters found at Level 0
Effective congestion level: 0 Aspect Ratio: 1 Sparse Ratio: 0

Phase 7 Route finalize | Checksum: 1850d4657

Time (s): cpu = 00:00:55 ; elapsed = 00:00:50 . Memory (MB): peak = 2047.633 ; gain = 45.867

Phase 8 Verifying routed nets

 Verification completed successfully
Phase 8 Verifying routed nets | Checksum: 1850d4657

Time (s): cpu = 00:00:55 ; elapsed = 00:00:50 . Memory (MB): peak = 2047.633 ; gain = 45.867

Phase 9 Depositing Routes
Phase 9 Depositing Routes | Checksum: 18685fd1e

Time (s): cpu = 00:00:55 ; elapsed = 00:00:50 . Memory (MB): peak = 2047.633 ; gain = 45.867
INFO: [Route 35-16] Router Completed Successfully

Time (s): cpu = 00:00:55 ; elapsed = 00:00:50 . Memory (MB): peak = 2047.633 ; gain = 45.867

Routing Is Done.
INFO: [Common 17-83] Releasing license: Implementation
63 Infos, 2 Warnings, 0 Critical Warnings and 0 Errors encountered.
route_design completed successfully
route_design: Time (s): cpu = 00:00:57 ; elapsed = 00:00:51 . Memory (MB): peak = 2047.633 ; gain = 45.867
Writing XDEF routing.
Writing XDEF routing logical nets.
Writing XDEF routing special nets.
Write XDEF Complete: Time (s): cpu = 00:00:00 ; elapsed = 00:00:00.154 . Memory (MB): peak = 2057.332 ; gain = 9.699
INFO: [Common 17-1381] The checkpoint 'C:/Users/narsi/Desktop/projects/Project_BUG/g_filter/g_filter_cgat/g_filter_cgat_D/g_filter_cgat_/g_filter_cgat_bug.runs/impl_1/g_filter_cgat_routed.dcp' has been generated.
INFO: [runtcl-4] Executing : report_drc -file g_filter_cgat_drc_routed.rpt -pb g_filter_cgat_drc_routed.pb -rpx g_filter_cgat_drc_routed.rpx
Command: report_drc -file g_filter_cgat_drc_routed.rpt -pb g_filter_cgat_drc_routed.pb -rpx g_filter_cgat_drc_routed.rpx
INFO: [IP_Flow 19-1839] IP Catalog is up to date.
INFO: [DRC 23-27] Running DRC with 2 threads
INFO: [Vivado_Tcl 2-168] The results of DRC are in file C:/Users/narsi/Desktop/projects/Project_BUG/g_filter/g_filter_cgat/g_filter_cgat_D/g_filter_cgat_/g_filter_cgat_bug.runs/impl_1/g_filter_cgat_drc_routed.rpt.
report_drc completed successfully
INFO: [runtcl-4] Executing : report_methodology -file g_filter_cgat_methodology_drc_routed.rpt -pb g_filter_cgat_methodology_drc_routed.pb -rpx g_filter_cgat_methodology_drc_routed.rpx
Command: report_methodology -file g_filter_cgat_methodology_drc_routed.rpt -pb g_filter_cgat_methodology_drc_routed.pb -rpx g_filter_cgat_methodology_drc_routed.rpx
INFO: [Timing 38-35] Done setting XDC timing constraints.
INFO: [DRC 23-133] Running Methodology with 2 threads
INFO: [Vivado_Tcl 2-1520] The results of Report Methodology are in file C:/Users/narsi/Desktop/projects/Project_BUG/g_filter/g_filter_cgat/g_filter_cgat_D/g_filter_cgat_/g_filter_cgat_bug.runs/impl_1/g_filter_cgat_methodology_drc_routed.rpt.
report_methodology completed successfully
INFO: [runtcl-4] Executing : report_power -file g_filter_cgat_power_routed.rpt -pb g_filter_cgat_power_summary_routed.pb -rpx g_filter_cgat_power_routed.rpx
Command: report_power -file g_filter_cgat_power_routed.rpt -pb g_filter_cgat_power_summary_routed.pb -rpx g_filter_cgat_power_routed.rpx
INFO: [Timing 38-35] Done setting XDC timing constraints.
WARNING: [Power 33-232] No user defined clocks were found in the design! Power estimation will be inaccurate until this is corrected.
Resolution: Please specify clocks using create_clock/create_generated_clock for sequential elements. For pure combinatorial circuits, please specify a virtual clock, otherwise the vectorless estimation might be inaccurate
Running Vector-less Activity Propagation...

Finished Running Vector-less Activity Propagation
74 Infos, 3 Warnings, 0 Critical Warnings and 0 Errors encountered.
report_power completed successfully
INFO: [runtcl-4] Executing : report_route_status -file g_filter_cgat_route_status.rpt -pb g_filter_cgat_route_status.pb
INFO: [runtcl-4] Executing : report_timing_summary -max_paths 10 -report_unconstrained -file g_filter_cgat_timing_summary_routed.rpt -pb g_filter_cgat_timing_summary_routed.pb -rpx g_filter_cgat_timing_summary_routed.rpx -warn_on_violation 
INFO: [Timing 38-91] UpdateTimingParams: Speed grade: -1, Delay Type: min_max.
INFO: [Timing 38-191] Multithreading enabled for timing update using a maximum of 2 CPUs
WARNING: [Timing 38-313] There are no user specified timing constraints. Timing constraints are needed for proper timing analysis.
INFO: [runtcl-4] Executing : report_incremental_reuse -file g_filter_cgat_incremental_reuse_routed.rpt
INFO: [Vivado_Tcl 4-1062] Incremental flow is disabled. No incremental reuse Info to report.
INFO: [runtcl-4] Executing : report_clock_utilization -file g_filter_cgat_clock_utilization_routed.rpt
INFO: [runtcl-4] Executing : report_bus_skew -warn_on_violation -file g_filter_cgat_bus_skew_routed.rpt -pb g_filter_cgat_bus_skew_routed.pb -rpx g_filter_cgat_bus_skew_routed.rpx
INFO: [Timing 38-91] UpdateTimingParams: Speed grade: -1, Delay Type: min_max.
INFO: [Timing 38-191] Multithreading enabled for timing update using a maximum of 2 CPUs
INFO: [Common 17-206] Exiting Vivado at Fri Apr  3 11:10:38 2026...
[Fri Apr  3 11:10:44 2026] impl_1 finished
wait_on_runs: Time (s): cpu = 00:00:01 ; elapsed = 00:02:22 . Memory (MB): peak = 979.840 ; gain = 0.000
# open_run impl_1
Netlist sorting complete. Time (s): cpu = 00:00:00 ; elapsed = 00:00:00.002 . Memory (MB): peak = 979.840 ; gain = 0.000
INFO: [Netlist 29-17] Analyzing 37 Unisim elements for replacement
INFO: [Netlist 29-28] Unisim Transformation completed in 0 CPU seconds
INFO: [Project 1-479] Netlist was created with Vivado 2022.2
INFO: [Project 1-570] Preparing netlist for logic optimization
Reading XDEF placement.
Reading placer database...
Reading XDEF routing.
Read XDEF Files: Time (s): cpu = 00:00:00 ; elapsed = 00:00:00.425 . Memory (MB): peak = 1094.555 ; gain = 24.887
Restored from archive | CPU: 0.000000 secs | Memory: 0.000000 MB |
Finished XDEF File Restore: Time (s): cpu = 00:00:00 ; elapsed = 00:00:00.426 . Memory (MB): peak = 1094.555 ; gain = 24.887
Netlist sorting complete. Time (s): cpu = 00:00:00 ; elapsed = 00:00:00 . Memory (MB): peak = 1482.324 ; gain = 0.000
INFO: [Project 1-111] Unisim Transformation Summary:
  A total of 24 instances were transformed.
  RAM128X1S => RAM128X1S (MUXF7, RAMS64E(x2)): 8 instances
  RAM256X1S => RAM256X1S (MUXF7(x2), MUXF8, RAMS64E(x4)): 16 instances

open_run: Time (s): cpu = 00:00:04 ; elapsed = 00:00:06 . Memory (MB): peak = 1482.324 ; gain = 502.484
# report_utilization    -file [file join $build_dir utilization.rpt]
# report_timing_summary -file [file join $build_dir timing_summary.rpt]
INFO: [Timing 38-35] Done setting XDC timing constraints.
INFO: [Timing 38-91] UpdateTimingParams: Speed grade: -1, Delay Type: min_max.
INFO: [Timing 38-191] Multithreading enabled for timing update using a maximum of 2 CPUs
report_timing_summary: Time (s): cpu = 00:00:09 ; elapsed = 00:00:09 . Memory (MB): peak = 1668.535 ; gain = 186.211
# set sim_log [file join $build_dir sim.log]
# if {$run_sim} {
#   launch_simulation -simset sim_1 -mode behavioral
#   log_wave -recursive *
#   run all
#   catch { write_waveform -file [file join $build_dir waveform.wdb] }
#   if {[file exists "vivado.log"]} {
#     file copy -force "vivado.log" $sim_log
#   } else {
#     # create empty log
#     set fd [open $sim_log w]; puts $fd "No vivado.log"; close $fd
#   }
# } else {
#   # no sim run
#   set fd [open $sim_log w]; puts $fd "Simulation not run (no TB)"; close $fd
# }
Command: launch_simulation  -simset sim_1 -mode behavioral
INFO: [Vivado 12-12493] Simulation top is 'g_filter_cgat_tb'
WARNING: [Vivado 12-13340] Unable to auto find GCC executables from simulator install path! (path not set)
WARNING: [Vivado 12-13277] Compiled library path does not exist: ''
INFO: [Vivado 12-5682] Launching behavioral simulation in 'C:/Users/narsi/Desktop/projects/Project_BUG/g_filter/g_filter_cgat/g_filter_cgat_D/g_filter_cgat_/g_filter_cgat_bug.sim/sim_1/behav/xsim'
INFO: [SIM-utils-51] Simulation object is 'sim_1'
INFO: [SIM-utils-72] Using boost library from 'C:/Xilinx/Vivado/2022.2/tps/boost_1_72_0'
INFO: [SIM-utils-54] Inspecting design source files for 'g_filter_cgat_tb' in fileset 'sim_1'...
INFO: [USF-XSim-97] Finding global include files...
INFO: [USF-XSim-98] Fetching design files from 'sim_1'...
INFO: [USF-XSim-2] XSim::Compile design
INFO: [USF-XSim-61] Executing 'COMPILE and ANALYZE' step in 'C:/Users/narsi/Desktop/projects/Project_BUG/g_filter/g_filter_cgat/g_filter_cgat_D/g_filter_cgat_/g_filter_cgat_bug.sim/sim_1/behav/xsim'
"xvhdl --incr --relax -prj g_filter_cgat_tb_vhdl.prj"
INFO: [VRFC 10-163] Analyzing VHDL file "C:/Users/narsi/Desktop/projects/Project_BUG/g_filter/g_filter_cgat/g_filter_cgat_D/rtl/g_filter_cgat.vhd" into library xil_defaultlib
INFO: [VRFC 10-3107] analyzing entity 'g_filter_cgat'
INFO: [VRFC 10-163] Analyzing VHDL file "C:/Users/narsi/Desktop/projects/Project_BUG/g_filter/g_filter_cgat/g_filter_cgat_D/tb/g_filter_cgat_tb.vhd" into library xil_defaultlib
INFO: [VRFC 10-3107] analyzing entity 'g_filter_cgat_tb'
INFO: [USF-XSim-69] 'compile' step finished in '2' seconds
INFO: [USF-XSim-3] XSim::Elaborate design
INFO: [USF-XSim-61] Executing 'ELABORATE' step in 'C:/Users/narsi/Desktop/projects/Project_BUG/g_filter/g_filter_cgat/g_filter_cgat_D/g_filter_cgat_/g_filter_cgat_bug.sim/sim_1/behav/xsim'
"xelab --incr --debug typical --relax --mt 2 -L xil_defaultlib -L secureip --snapshot g_filter_cgat_tb_behav xil_defaultlib.g_filter_cgat_tb -log elaborate.log"
Vivado Simulator v2022.2
Copyright 1986-1999, 2001-2022 Xilinx, Inc. All Rights Reserved.
Running: C:/Xilinx/Vivado/2022.2/bin/unwrapped/win64.o/xelab.exe --incr --debug typical --relax --mt 2 -L xil_defaultlib -L secureip --snapshot g_filter_cgat_tb_behav xil_defaultlib.g_filter_cgat_tb -log elaborate.log 
Using 2 slave threads.
Starting static elaboration
Completed static elaboration
Starting simulation data flow analysis
Completed simulation data flow analysis
Time Resolution for simulation is 1ps
Compiling package std.standard
Compiling package std.textio
Compiling package ieee.std_logic_1164
Compiling package ieee.numeric_std
Compiling package ieee.std_logic_textio
Compiling package std.env
Compiling architecture behavioral of entity xil_defaultlib.g_filter_cgat [\g_filter_cgat(image_width=8)\]
Compiling architecture behavioral of entity xil_defaultlib.g_filter_cgat_tb
Built simulation snapshot g_filter_cgat_tb_behav
INFO: [USF-XSim-69] 'elaborate' step finished in '3' seconds
INFO: [USF-XSim-4] XSim::Simulate design
INFO: [USF-XSim-61] Executing 'SIMULATE' step in 'C:/Users/narsi/Desktop/projects/Project_BUG/g_filter/g_filter_cgat/g_filter_cgat_D/g_filter_cgat_/g_filter_cgat_bug.sim/sim_1/behav/xsim'
INFO: [USF-XSim-98] *** Running xsim
   with args "g_filter_cgat_tb_behav -key {Behavioral:sim_1:Functional:g_filter_cgat_tb} -tclbatch {g_filter_cgat_tb.tcl} -log {simulate.log}"
INFO: [USF-XSim-8] Loading simulator feature
Time resolution is 1 ps
source g_filter_cgat_tb.tcl
## current_wave_config
Error: Error: CLOCK_GATTING (2,2) Exp=143 Got=63
Time: 485 ns  Iteration: 0  Process: /g_filter_cgat_tb/line__139  File: C:/Users/narsi/Desktop/projects/Project_BUG/g_filter/g_filter_cgat/g_filter_cgat_D/tb/g_filter_cgat_tb.vhd
Error: Error: CLOCK_GATTING (2,3) Exp=191 Got=63
Time: 495 ns  Iteration: 0  Process: /g_filter_cgat_tb/line__139  File: C:/Users/narsi/Desktop/projects/Project_BUG/g_filter/g_filter_cgat/g_filter_cgat_D/tb/g_filter_cgat_tb.vhd
Error: Error: CLOCK_GATTING (2,5) Exp=143 Got=255
Time: 515 ns  Iteration: 0  Process: /g_filter_cgat_tb/line__139  File: C:/Users/narsi/Desktop/projects/Project_BUG/g_filter/g_filter_cgat/g_filter_cgat_D/tb/g_filter_cgat_tb.vhd
Error: Error: CLOCK_GATTING (2,6) Exp=47 Got=255
Time: 525 ns  Iteration: 0  Process: /g_filter_cgat_tb/line__139  File: C:/Users/narsi/Desktop/projects/Project_BUG/g_filter/g_filter_cgat/g_filter_cgat_D/tb/g_filter_cgat_tb.vhd
Error: Error: CLOCK_GATTING (2,7) Exp=0 Got=191
Time: 535 ns  Iteration: 0  Process: /g_filter_cgat_tb/line__139  File: C:/Users/narsi/Desktop/projects/Project_BUG/g_filter/g_filter_cgat/g_filter_cgat_D/tb/g_filter_cgat_tb.vhd
Error: Error: CLOCK_GATTING (3,2) Exp=191 Got=143
Time: 585 ns  Iteration: 0  Process: /g_filter_cgat_tb/line__139  File: C:/Users/narsi/Desktop/projects/Project_BUG/g_filter/g_filter_cgat/g_filter_cgat_D/tb/g_filter_cgat_tb.vhd
Error: Error: CLOCK_GATTING (3,3) Exp=255 Got=191
Time: 595 ns  Iteration: 0  Process: /g_filter_cgat_tb/line__139  File: C:/Users/narsi/Desktop/projects/Project_BUG/g_filter/g_filter_cgat/g_filter_cgat_D/tb/g_filter_cgat_tb.vhd
Error: Error: CLOCK_GATTING (3,4) Exp=255 Got=191
Time: 605 ns  Iteration: 0  Process: /g_filter_cgat_tb/line__139  File: C:/Users/narsi/Desktop/projects/Project_BUG/g_filter/g_filter_cgat/g_filter_cgat_D/tb/g_filter_cgat_tb.vhd
Error: Error: CLOCK_GATTING (3,5) Exp=191 Got=143
Time: 615 ns  Iteration: 0  Process: /g_filter_cgat_tb/line__139  File: C:/Users/narsi/Desktop/projects/Project_BUG/g_filter/g_filter_cgat/g_filter_cgat_D/tb/g_filter_cgat_tb.vhd
Error: Error: CLOCK_GATTING (3,6) Exp=63 Got=47
Time: 645 ns  Iteration: 0  Process: /g_filter_cgat_tb/line__139  File: C:/Users/narsi/Desktop/projects/Project_BUG/g_filter/g_filter_cgat/g_filter_cgat_D/tb/g_filter_cgat_tb.vhd
Error: Error: CLOCK_GATTING (3,7) Exp=0 Got=15
Time: 655 ns  Iteration: 0  Process: /g_filter_cgat_tb/line__139  File: C:/Users/narsi/Desktop/projects/Project_BUG/g_filter/g_filter_cgat/g_filter_cgat_D/tb/g_filter_cgat_tb.vhd
Error: Error: CLOCK_GATTING (4,2) Exp=191 Got=63
Time: 685 ns  Iteration: 0  Process: /g_filter_cgat_tb/line__139  File: C:/Users/narsi/Desktop/projects/Project_BUG/g_filter/g_filter_cgat/g_filter_cgat_D/tb/g_filter_cgat_tb.vhd
Note: Simulation completed.
Time: 690 ns  Iteration: 0  Process: /g_filter_cgat_tb/line__116  File: C:/Users/narsi/Desktop/projects/Project_BUG/g_filter/g_filter_cgat/g_filter_cgat_D/tb/g_filter_cgat_tb.vhd
$stop called at time : 690 ns : File "C:/Users/narsi/Desktop/projects/Project_BUG/g_filter/g_filter_cgat/g_filter_cgat_D/tb/g_filter_cgat_tb.vhd" Line 133
INFO: [USF-XSim-96] XSim completed. Design snapshot 'g_filter_cgat_tb_behav' loaded.
INFO: [USF-XSim-97] XSim simulation ran for 1000ns
launch_simulation: Time (s): cpu = 00:00:01 ; elapsed = 00:00:08 . Memory (MB): peak = 1679.758 ; gain = 11.223
Error: Error: CLOCK_GATTING (4,3) Exp=255 Got=47
Time: 695 ns  Iteration: 0  Process: /g_filter_cgat_tb/line__139  File: C:/Users/narsi/Desktop/projects/Project_BUG/g_filter/g_filter_cgat/g_filter_cgat_D/tb/g_filter_cgat_tb.vhd
Error: Error: CLOCK_GATTING (4,4) Exp=255 Got=0
Time: 935 ns  Iteration: 0  Process: /g_filter_cgat_tb/line__139  File: C:/Users/narsi/Desktop/projects/Project_BUG/g_filter/g_filter_cgat/g_filter_cgat_D/tb/g_filter_cgat_tb.vhd
Error: Error: CLOCK_GATTING (4,5) Exp=191 Got=15
Time: 945 ns  Iteration: 0  Process: /g_filter_cgat_tb/line__139  File: C:/Users/narsi/Desktop/projects/Project_BUG/g_filter/g_filter_cgat/g_filter_cgat_D/tb/g_filter_cgat_tb.vhd
Error: Error: CLOCK_GATTING (4,6) Exp=63 Got=47
Time: 955 ns  Iteration: 0  Process: /g_filter_cgat_tb/line__139  File: C:/Users/narsi/Desktop/projects/Project_BUG/g_filter/g_filter_cgat/g_filter_cgat_D/tb/g_filter_cgat_tb.vhd
Error: Error: CLOCK_GATTING (4,7) Exp=0 Got=63
Time: 965 ns  Iteration: 0  Process: /g_filter_cgat_tb/line__139  File: C:/Users/narsi/Desktop/projects/Project_BUG/g_filter/g_filter_cgat/g_filter_cgat_D/tb/g_filter_cgat_tb.vhd
Error: Error: CLOCK_GATTING (5,2) Exp=143 Got=15
Time: 1015 ns  Iteration: 0  Process: /g_filter_cgat_tb/line__139  File: C:/Users/narsi/Desktop/projects/Project_BUG/g_filter/g_filter_cgat/g_filter_cgat_D/tb/g_filter_cgat_tb.vhd
Error: Error: CLOCK_GATTING (5,3) Exp=191 Got=47
Time: 1025 ns  Iteration: 0  Process: /g_filter_cgat_tb/line__139  File: C:/Users/narsi/Desktop/projects/Project_BUG/g_filter/g_filter_cgat/g_filter_cgat_D/tb/g_filter_cgat_tb.vhd
Error: Error: CLOCK_GATTING (5,4) Exp=191 Got=143
Time: 1035 ns  Iteration: 0  Process: /g_filter_cgat_tb/line__139  File: C:/Users/narsi/Desktop/projects/Project_BUG/g_filter/g_filter_cgat/g_filter_cgat_D/tb/g_filter_cgat_tb.vhd
Error: Error: CLOCK_GATTING (5,5) Exp=143 Got=191
Time: 1045 ns  Iteration: 0  Process: /g_filter_cgat_tb/line__139  File: C:/Users/narsi/Desktop/projects/Project_BUG/g_filter/g_filter_cgat/g_filter_cgat_D/tb/g_filter_cgat_tb.vhd
Error: Error: CLOCK_GATTING (5,6) Exp=47 Got=191
Time: 1055 ns  Iteration: 0  Process: /g_filter_cgat_tb/line__139  File: C:/Users/narsi/Desktop/projects/Project_BUG/g_filter/g_filter_cgat/g_filter_cgat_D/tb/g_filter_cgat_tb.vhd
Error: Error: CLOCK_GATTING (5,7) Exp=0 Got=143
Time: 1065 ns  Iteration: 0  Process: /g_filter_cgat_tb/line__139  File: C:/Users/narsi/Desktop/projects/Project_BUG/g_filter/g_filter_cgat/g_filter_cgat_D/tb/g_filter_cgat_tb.vhd
Error: Error: CLOCK_GATTING (6,2) Exp=47 Got=191
Time: 1115 ns  Iteration: 0  Process: /g_filter_cgat_tb/line__139  File: C:/Users/narsi/Desktop/projects/Project_BUG/g_filter/g_filter_cgat/g_filter_cgat_D/tb/g_filter_cgat_tb.vhd
Error: Error: CLOCK_GATTING (6,3) Exp=63 Got=255
Time: 1125 ns  Iteration: 0  Process: /g_filter_cgat_tb/line__139  File: C:/Users/narsi/Desktop/projects/Project_BUG/g_filter/g_filter_cgat/g_filter_cgat_D/tb/g_filter_cgat_tb.vhd
Error: Error: CLOCK_GATTING (6,4) Exp=63 Got=255
Time: 1135 ns  Iteration: 0  Process: /g_filter_cgat_tb/line__139  File: C:/Users/narsi/Desktop/projects/Project_BUG/g_filter/g_filter_cgat/g_filter_cgat_D/tb/g_filter_cgat_tb.vhd
Error: Error: CLOCK_GATTING (6,5) Exp=47 Got=191
Time: 1145 ns  Iteration: 0  Process: /g_filter_cgat_tb/line__139  File: C:/Users/narsi/Desktop/projects/Project_BUG/g_filter/g_filter_cgat/g_filter_cgat_D/tb/g_filter_cgat_tb.vhd
Error: Error: CLOCK_GATTING (6,6) Exp=15 Got=63
Time: 1175 ns  Iteration: 0  Process: /g_filter_cgat_tb/line__139  File: C:/Users/narsi/Desktop/projects/Project_BUG/g_filter/g_filter_cgat/g_filter_cgat_D/tb/g_filter_cgat_tb.vhd
Error: Error: CLOCK_GATTING (6,7) Exp=0 Got=63
Time: 1185 ns  Iteration: 0  Process: /g_filter_cgat_tb/line__139  File: C:/Users/narsi/Desktop/projects/Project_BUG/g_filter/g_filter_cgat/g_filter_cgat_D/tb/g_filter_cgat_tb.vhd
Error: Error: CLOCK_GATTING (7,2) Exp=0 Got=255
Time: 1215 ns  Iteration: 0  Process: /g_filter_cgat_tb/line__139  File: C:/Users/narsi/Desktop/projects/Project_BUG/g_filter/g_filter_cgat/g_filter_cgat_D/tb/g_filter_cgat_tb.vhd
Error: Error: CLOCK_GATTING (7,3) Exp=0 Got=191
Time: 1225 ns  Iteration: 0  Process: /g_filter_cgat_tb/line__139  File: C:/Users/narsi/Desktop/projects/Project_BUG/g_filter/g_filter_cgat/g_filter_cgat_D/tb/g_filter_cgat_tb.vhd
Error: Error: CLOCK_GATTING (7,4) Exp=0 Got=63
Time: 1255 ns  Iteration: 0  Process: /g_filter_cgat_tb/line__139  File: C:/Users/narsi/Desktop/projects/Project_BUG/g_filter/g_filter_cgat/g_filter_cgat_D/tb/g_filter_cgat_tb.vhd
Error: Error: CLOCK_GATTING (7,5) Exp=0 Got=47
Time: 1265 ns  Iteration: 0  Process: /g_filter_cgat_tb/line__139  File: C:/Users/narsi/Desktop/projects/Project_BUG/g_filter/g_filter_cgat/g_filter_cgat_D/tb/g_filter_cgat_tb.vhd
Error: Error: CLOCK_GATTING (7,6) Exp=0 Got=143
Time: 1275 ns  Iteration: 0  Process: /g_filter_cgat_tb/line__139  File: C:/Users/narsi/Desktop/projects/Project_BUG/g_filter/g_filter_cgat/g_filter_cgat_D/tb/g_filter_cgat_tb.vhd
Error: Error: CLOCK_GATTING (7,7) Exp=0 Got=191
Time: 1285 ns  Iteration: 0  Process: /g_filter_cgat_tb/line__139  File: C:/Users/narsi/Desktop/projects/Project_BUG/g_filter/g_filter_cgat/g_filter_cgat_D/tb/g_filter_cgat_tb.vhd
ERROR: Index 8 out of bound 0 to 7
Time: 1335 ns  Iteration: 0  Process: /g_filter_cgat_tb/line__139
  File: C:/Users/narsi/Desktop/projects/Project_BUG/g_filter/g_filter_cgat/g_filter_cgat_D/tb/g_filter_cgat_tb.vhd

HDL Line: C:/Users/narsi/Desktop/projects/Project_BUG/g_filter/g_filter_cgat/g_filter_cgat_D/tb/g_filter_cgat_tb.vhd:162
