#-----------------------------------------------------------
# Vivado v2022.2 (64-bit)
# SW Build 3671981 on Fri Oct 14 05:00:03 MDT 2022
# IP Build 3669848 on Fri Oct 14 08:30:02 MDT 2022
# Start of session at: Fri Mar 20 12:59:25 2026
# Process ID: 15364
# Current directory: C:/Users/narsi/Desktop/projects/Project_BUG/f_fir/f_fir_meta
# Command line: vivado.exe -mode batch -source build.tcl
# Log file: C:/Users/narsi/Desktop/projects/Project_BUG/f_fir/f_fir_meta/vivado.log
# Journal file: C:/Users/narsi/Desktop/projects/Project_BUG/f_fir/f_fir_meta\vivado.jou
# Running On: Milan, OS: Windows, CPU Frequency: 1797 MHz, CPU Physical cores: 16, Host memory: 6297 MB
#-----------------------------------------------------------
source build.tcl
# set main_project_name "f_fir_meta_D"
# set proj_name   "f_fir_meta_bug"
# set proj_dir    "./$main_project_name/f_fir_meta_"
# set build_dir   "./$main_project_name/build"
# set part        "xc7z020clg484-1"
# set rtl_glob    "./$main_project_name/rtl/*.vhd"
# set tb_glob     "./$main_project_name/tb/*_tb.vhd"
# set xdc_glob    "./$main_project_name/constraints/*.xdc"
# set rtl_top_e   "f_fir_meta"
# set tb_top_e   "f_fir_meta_tb"
# set rtl_top     "./$main_project_name/rtl"
# set tb_top      "./$main_project_name/tb"
# set vivado_tool "Vivado 2022.2"
# set rtl_dir     "./rtl"
# set tb_dir      "./tb"
# set src_dir [glob -type d ./*.srcs]
# set full_src_rtl "$src_dir/sources_1/new"
# set full_src_tb "$src_dir/sim_1/new"
# catch {file mkdir $main_project_name}
# if {[file exists $build_dir]} {
#     puts "Cleaning build directory: $build_dir"
#     file delete -force $build_dir
# }
# file mkdir $build_dir
# catch { exec cmd.exe /c robocopy "./" "./$main_project_name" build.tcl run_case.dat } result
# if {![file exists $tb_top]} {
# catch {file mkdir $rtl_top}
# catch {file mkdir $tb_top}
# catch { exec cmd.exe /c robocopy "$full_src_tb" "$tb_top" /E } result
# catch { exec cmd.exe /c robocopy "$full_src_rtl" "$rtl_top" /E } result
# }
# create_project $proj_name $proj_dir -part $part -force
INFO: [ProjectBase 1-489] The host OS only allows 260 characters in a normal path. The project is stored in a path with more than 80 characters. If you experience issues with IP, Block Designs, or files not being found, please consider moving the project to a location with a shorter path. Alternately consider using the OS subst command to map part of the path to a drive letter.
Current project path is 'C:/Users/narsi/Desktop/projects/Project_BUG/f_fir/f_fir_meta/f_fir_meta_D/f_fir_meta_'
create_project: Time (s): cpu = 00:00:10 ; elapsed = 00:00:15 . Memory (MB): peak = 432.043 ; gain = 103.918
# foreach f [glob -nocomplain $rtl_glob] {
#   add_files $f
# }
# set_property top $rtl_top_e [current_fileset]
# update_compile_order -fileset sources_1
# set tb_list [glob -nocomplain $tb_glob]
# set run_sim 0
# if {[llength $tb_list] > 0} {
#   set run_sim 1
#   foreach f $tb_list {
#     add_files -fileset sim_1 $f
#   }
#   catch { set_property top $tb_top_e [get_filesets sim_1] }
#   update_compile_order -fileset sim_1
# }
# launch_runs synth_1
WARNING: [Vivado 12-7122] Auto Incremental Compile:: No reference checkpoint was found in run synth_1. Auto-incremental flow will not be run, the standard flow will be run instead.
[Fri Mar 20 12:59:50 2026] Launched synth_1...
Run output will be captured here: C:/Users/narsi/Desktop/projects/Project_BUG/f_fir/f_fir_meta/f_fir_meta_D/f_fir_meta_/f_fir_meta_bug.runs/synth_1/runme.log
# wait_on_run synth_1
[Fri Mar 20 12:59:50 2026] Waiting for synth_1 to finish...

*** Running vivado
    with args -log f_fir_meta.vds -m64 -product Vivado -mode batch -messageDb vivado.pb -notrace -source f_fir_meta.tcl



****** Vivado v2022.2 (64-bit)
  **** SW Build 3671981 on Fri Oct 14 05:00:03 MDT 2022
  **** IP Build 3669848 on Fri Oct 14 08:30:02 MDT 2022
    ** Copyright 1986-2022 Xilinx, Inc. All Rights Reserved.

source f_fir_meta.tcl -notrace
create_project: Time (s): cpu = 00:00:10 ; elapsed = 00:00:12 . Memory (MB): peak = 431.430 ; gain = 113.816
Command: synth_design -top f_fir_meta -part xc7z020clg484-1
Starting synth_design
Attempting to get a license for feature 'Synthesis' and/or device 'xc7z020'
INFO: [Common 17-349] Got license for feature 'Synthesis' and/or device 'xc7z020'
INFO: [Synth 8-7079] Multithreading enabled for synth_design using a maximum of 2 processes.
INFO: [Synth 8-7078] Launching helper process for spawning children vivado processes
INFO: [Synth 8-7075] Helper process launched with PID 20000
INFO: [Synth 8-11241] undeclared symbol 'REGCCE', assumed default net type 'wire' [C:/Xilinx/Vivado/2022.2/data/verilog/src/unimacro/BRAM_SINGLE_MACRO.v:2170]
---------------------------------------------------------------------------------
Starting Synthesize : Time (s): cpu = 00:00:08 ; elapsed = 00:00:09 . Memory (MB): peak = 866.488 ; gain = 410.219
---------------------------------------------------------------------------------
INFO: [Synth 8-638] synthesizing module 'f_fir_meta' [C:/Users/narsi/Desktop/projects/Project_BUG/f_fir/f_fir_meta/f_fir_meta_D/rtl/f_fir_meta.vhd:50]
INFO: [Synth 8-638] synthesizing module 'fifo' [C:/Users/narsi/Desktop/projects/Project_BUG/f_fir/f_fir_meta/f_fir_meta_D/rtl/fifo.vhd:54]
	Parameter f_WIDTH bound to: 16 - type: integer 
	Parameter f_DEPTH bound to: 32 - type: integer 
INFO: [Synth 8-256] done synthesizing module 'fifo' (0#1) [C:/Users/narsi/Desktop/projects/Project_BUG/f_fir/f_fir_meta/f_fir_meta_D/rtl/fifo.vhd:54]
INFO: [Synth 8-638] synthesizing module 'FIR_Filter' [C:/Users/narsi/Desktop/projects/Project_BUG/f_fir/f_fir_meta/f_fir_meta_D/rtl/FIR_FILTER.vhd:47]
INFO: [Synth 8-256] done synthesizing module 'FIR_Filter' (0#1) [C:/Users/narsi/Desktop/projects/Project_BUG/f_fir/f_fir_meta/f_fir_meta_D/rtl/FIR_FILTER.vhd:47]
INFO: [Synth 8-256] done synthesizing module 'f_fir_meta' (0#1) [C:/Users/narsi/Desktop/projects/Project_BUG/f_fir/f_fir_meta/f_fir_meta_D/rtl/f_fir_meta.vhd:50]
WARNING: [Synth 8-6014] Unused sequential element wr_ptr_reg was removed.  [C:/Users/narsi/Desktop/projects/Project_BUG/f_fir/f_fir_meta/f_fir_meta_D/rtl/fifo.vhd:81]
WARNING: [Synth 8-6014] Unused sequential element rd_ptr_reg was removed.  [C:/Users/narsi/Desktop/projects/Project_BUG/f_fir/f_fir_meta/f_fir_meta_D/rtl/fifo.vhd:82]
WARNING: [Synth 8-6014] Unused sequential element r_fifo_data_reg was removed. 
WARNING: [Synth 8-3848] Net data_read in module/entity fifo does not have driver. [C:/Users/narsi/Desktop/projects/Project_BUG/f_fir/f_fir_meta/f_fir_meta_D/rtl/fifo.vhd:47]
WARNING: [Synth 8-7129] Port data_read[15] in module fifo is either unconnected or has no load
WARNING: [Synth 8-7129] Port data_read[14] in module fifo is either unconnected or has no load
WARNING: [Synth 8-7129] Port data_read[13] in module fifo is either unconnected or has no load
WARNING: [Synth 8-7129] Port data_read[12] in module fifo is either unconnected or has no load
WARNING: [Synth 8-7129] Port data_read[11] in module fifo is either unconnected or has no load
WARNING: [Synth 8-7129] Port data_read[10] in module fifo is either unconnected or has no load
WARNING: [Synth 8-7129] Port data_read[9] in module fifo is either unconnected or has no load
WARNING: [Synth 8-7129] Port data_read[8] in module fifo is either unconnected or has no load
WARNING: [Synth 8-7129] Port data_read[7] in module fifo is either unconnected or has no load
WARNING: [Synth 8-7129] Port data_read[6] in module fifo is either unconnected or has no load
WARNING: [Synth 8-7129] Port data_read[5] in module fifo is either unconnected or has no load
WARNING: [Synth 8-7129] Port data_read[4] in module fifo is either unconnected or has no load
WARNING: [Synth 8-7129] Port data_read[3] in module fifo is either unconnected or has no load
WARNING: [Synth 8-7129] Port data_read[2] in module fifo is either unconnected or has no load
WARNING: [Synth 8-7129] Port data_read[1] in module fifo is either unconnected or has no load
WARNING: [Synth 8-7129] Port data_read[0] in module fifo is either unconnected or has no load
WARNING: [Synth 8-7129] Port read in module fifo is either unconnected or has no load
WARNING: [Synth 8-7129] Port data_write[15] in module fifo is either unconnected or has no load
WARNING: [Synth 8-7129] Port data_write[14] in module fifo is either unconnected or has no load
WARNING: [Synth 8-7129] Port data_write[13] in module fifo is either unconnected or has no load
WARNING: [Synth 8-7129] Port data_write[12] in module fifo is either unconnected or has no load
WARNING: [Synth 8-7129] Port data_write[11] in module fifo is either unconnected or has no load
WARNING: [Synth 8-7129] Port data_write[10] in module fifo is either unconnected or has no load
WARNING: [Synth 8-7129] Port data_write[9] in module fifo is either unconnected or has no load
WARNING: [Synth 8-7129] Port data_write[8] in module fifo is either unconnected or has no load
WARNING: [Synth 8-7129] Port data_write[7] in module fifo is either unconnected or has no load
WARNING: [Synth 8-7129] Port data_write[6] in module fifo is either unconnected or has no load
WARNING: [Synth 8-7129] Port data_write[5] in module fifo is either unconnected or has no load
WARNING: [Synth 8-7129] Port data_write[4] in module fifo is either unconnected or has no load
WARNING: [Synth 8-7129] Port data_write[3] in module fifo is either unconnected or has no load
WARNING: [Synth 8-7129] Port data_write[2] in module fifo is either unconnected or has no load
WARNING: [Synth 8-7129] Port data_write[1] in module fifo is either unconnected or has no load
WARNING: [Synth 8-7129] Port data_write[0] in module fifo is either unconnected or has no load
---------------------------------------------------------------------------------
Finished Synthesize : Time (s): cpu = 00:00:10 ; elapsed = 00:00:11 . Memory (MB): peak = 957.938 ; gain = 501.668
---------------------------------------------------------------------------------
---------------------------------------------------------------------------------
Finished Constraint Validation : Time (s): cpu = 00:00:11 ; elapsed = 00:00:12 . Memory (MB): peak = 957.938 ; gain = 501.668
---------------------------------------------------------------------------------
---------------------------------------------------------------------------------
Start Loading Part and Timing Information
---------------------------------------------------------------------------------
Loading part: xc7z020clg484-1
---------------------------------------------------------------------------------
Finished Loading Part and Timing Information : Time (s): cpu = 00:00:11 ; elapsed = 00:00:12 . Memory (MB): peak = 957.938 ; gain = 501.668
---------------------------------------------------------------------------------
INFO: [Device 21-403] Loading part xc7z020clg484-1
---------------------------------------------------------------------------------
Finished RTL Optimization Phase 2 : Time (s): cpu = 00:00:12 ; elapsed = 00:00:13 . Memory (MB): peak = 957.938 ; gain = 501.668
---------------------------------------------------------------------------------
No constraint files found.
---------------------------------------------------------------------------------
Start RTL Component Statistics 
---------------------------------------------------------------------------------
Detailed RTL Component Info : 
+---Adders : 
	   2 Input    6 Bit       Adders := 1     
+---XORs : 
	   2 Input      1 Bit         XORs := 1     
+---Registers : 
	               16 Bit    Registers := 2     
	                6 Bit    Registers := 1     
+---Muxes : 
	   2 Input    1 Bit        Muxes := 2     
---------------------------------------------------------------------------------
Finished RTL Component Statistics 
---------------------------------------------------------------------------------
---------------------------------------------------------------------------------
Start Part Resource Summary
---------------------------------------------------------------------------------
Part Resources:
DSPs: 220 (col length:60)
BRAMs: 280 (col length: RAMB18 60 RAMB36 30)
---------------------------------------------------------------------------------
Finished Part Resource Summary
---------------------------------------------------------------------------------
No constraint files found.
---------------------------------------------------------------------------------
Start Cross Boundary and Area Optimization
---------------------------------------------------------------------------------
WARNING: [Synth 8-7080] Parallel synthesis criteria is not met
DSP Report: Generating DSP fir_inst/ARG, operation Mode is: A''*(B:0x3ffef).
DSP Report: register fir_inst/delay_line_reg[30] is absorbed into DSP fir_inst/ARG.
DSP Report: register fir_inst/delay_line_reg[31] is absorbed into DSP fir_inst/ARG.
DSP Report: operator fir_inst/ARG is absorbed into DSP fir_inst/ARG.
DSP Report: Generating DSP fir_inst/final_sum0, operation Mode is: PCIN+A2*(B:0x3ffef).
DSP Report: register fir_inst/delay_line_reg[0] is absorbed into DSP fir_inst/final_sum0.
DSP Report: operator fir_inst/final_sum0 is absorbed into DSP fir_inst/final_sum0.
DSP Report: operator fir_inst/ARG is absorbed into DSP fir_inst/final_sum0.
DSP Report: Generating DSP fir_inst/final_sum0, operation Mode is: PCIN+A''*(B:0x3ffec).
DSP Report: register fir_inst/delay_line_reg[29] is absorbed into DSP fir_inst/final_sum0.
DSP Report: register fir_inst/delay_line_reg[30] is absorbed into DSP fir_inst/final_sum0.
DSP Report: operator fir_inst/final_sum0 is absorbed into DSP fir_inst/final_sum0.
DSP Report: operator fir_inst/ARG is absorbed into DSP fir_inst/final_sum0.
DSP Report: Generating DSP fir_inst/final_sum0, operation Mode is: PCIN+A''*(B:0x3ffe6).
DSP Report: register fir_inst/delay_line_reg[28] is absorbed into DSP fir_inst/final_sum0.
DSP Report: register fir_inst/delay_line_reg[29] is absorbed into DSP fir_inst/final_sum0.
DSP Report: operator fir_inst/final_sum0 is absorbed into DSP fir_inst/final_sum0.
DSP Report: operator fir_inst/ARG is absorbed into DSP fir_inst/final_sum0.
DSP Report: Generating DSP fir_inst/final_sum0, operation Mode is: PCIN+A''*(B:0x3ffe1).
DSP Report: register fir_inst/delay_line_reg[27] is absorbed into DSP fir_inst/final_sum0.
DSP Report: register fir_inst/delay_line_reg[28] is absorbed into DSP fir_inst/final_sum0.
DSP Report: operator fir_inst/final_sum0 is absorbed into DSP fir_inst/final_sum0.
DSP Report: operator fir_inst/ARG is absorbed into DSP fir_inst/final_sum0.
DSP Report: Generating DSP fir_inst/final_sum0, operation Mode is: PCIN+A''*(B:0x3ffe3).
DSP Report: register fir_inst/delay_line_reg[26] is absorbed into DSP fir_inst/final_sum0.
DSP Report: register fir_inst/delay_line_reg[27] is absorbed into DSP fir_inst/final_sum0.
DSP Report: operator fir_inst/final_sum0 is absorbed into DSP fir_inst/final_sum0.
DSP Report: operator fir_inst/ARG is absorbed into DSP fir_inst/final_sum0.
DSP Report: Generating DSP fir_inst/final_sum0, operation Mode is: PCIN+A''*(B:0x3fff1).
DSP Report: register fir_inst/delay_line_reg[25] is absorbed into DSP fir_inst/final_sum0.
DSP Report: register fir_inst/delay_line_reg[26] is absorbed into DSP fir_inst/final_sum0.
DSP Report: operator fir_inst/final_sum0 is absorbed into DSP fir_inst/final_sum0.
DSP Report: operator fir_inst/ARG is absorbed into DSP fir_inst/final_sum0.
DSP Report: Generating DSP fir_inst/final_sum0, operation Mode is: PCIN+A''*(B:0x14).
DSP Report: register fir_inst/delay_line_reg[24] is absorbed into DSP fir_inst/final_sum0.
DSP Report: register fir_inst/delay_line_reg[25] is absorbed into DSP fir_inst/final_sum0.
DSP Report: operator fir_inst/final_sum0 is absorbed into DSP fir_inst/final_sum0.
DSP Report: operator fir_inst/ARG is absorbed into DSP fir_inst/final_sum0.
DSP Report: Generating DSP fir_inst/final_sum0, operation Mode is: PCIN+A''*(B:0x52).
DSP Report: register fir_inst/delay_line_reg[23] is absorbed into DSP fir_inst/final_sum0.
DSP Report: register fir_inst/delay_line_reg[24] is absorbed into DSP fir_inst/final_sum0.
DSP Report: operator fir_inst/final_sum0 is absorbed into DSP fir_inst/final_sum0.
DSP Report: operator fir_inst/ARG is absorbed into DSP fir_inst/final_sum0.
DSP Report: Generating DSP fir_inst/final_sum0, operation Mode is: PCIN+A''*(B:0xae).
DSP Report: register fir_inst/delay_line_reg[22] is absorbed into DSP fir_inst/final_sum0.
DSP Report: register fir_inst/delay_line_reg[23] is absorbed into DSP fir_inst/final_sum0.
DSP Report: operator fir_inst/final_sum0 is absorbed into DSP fir_inst/final_sum0.
DSP Report: operator fir_inst/ARG is absorbed into DSP fir_inst/final_sum0.
DSP Report: Generating DSP fir_inst/final_sum0, operation Mode is: PCIN+A''*(B:0x126).
DSP Report: register fir_inst/delay_line_reg[21] is absorbed into DSP fir_inst/final_sum0.
DSP Report: register fir_inst/delay_line_reg[22] is absorbed into DSP fir_inst/final_sum0.
DSP Report: operator fir_inst/final_sum0 is absorbed into DSP fir_inst/final_sum0.
DSP Report: operator fir_inst/ARG is absorbed into DSP fir_inst/final_sum0.
DSP Report: Generating DSP fir_inst/final_sum0, operation Mode is: PCIN+A''*(B:0x1b5).
DSP Report: register fir_inst/delay_line_reg[20] is absorbed into DSP fir_inst/final_sum0.
DSP Report: register fir_inst/delay_line_reg[21] is absorbed into DSP fir_inst/final_sum0.
DSP Report: operator fir_inst/final_sum0 is absorbed into DSP fir_inst/final_sum0.
DSP Report: operator fir_inst/ARG is absorbed into DSP fir_inst/final_sum0.
DSP Report: Generating DSP fir_inst/final_sum0, operation Mode is: PCIN+A''*(B:0x24f).
DSP Report: register fir_inst/delay_line_reg[19] is absorbed into DSP fir_inst/final_sum0.
DSP Report: register fir_inst/delay_line_reg[20] is absorbed into DSP fir_inst/final_sum0.
DSP Report: operator fir_inst/final_sum0 is absorbed into DSP fir_inst/final_sum0.
DSP Report: operator fir_inst/ARG is absorbed into DSP fir_inst/final_sum0.
DSP Report: Generating DSP fir_inst/final_sum0, operation Mode is: PCIN+A''*(B:0x2e5).
DSP Report: register fir_inst/delay_line_reg[18] is absorbed into DSP fir_inst/final_sum0.
DSP Report: register fir_inst/delay_line_reg[19] is absorbed into DSP fir_inst/final_sum0.
DSP Report: operator fir_inst/final_sum0 is absorbed into DSP fir_inst/final_sum0.
DSP Report: operator fir_inst/ARG is absorbed into DSP fir_inst/final_sum0.
DSP Report: Generating DSP fir_inst/final_sum0, operation Mode is: PCIN+A''*(B:0x369).
DSP Report: register fir_inst/delay_line_reg[17] is absorbed into DSP fir_inst/final_sum0.
DSP Report: register fir_inst/delay_line_reg[18] is absorbed into DSP fir_inst/final_sum0.
DSP Report: operator fir_inst/final_sum0 is absorbed into DSP fir_inst/final_sum0.
DSP Report: operator fir_inst/ARG is absorbed into DSP fir_inst/final_sum0.
DSP Report: Generating DSP fir_inst/final_sum0, operation Mode is: PCIN+A''*(B:0x3cb).
DSP Report: register fir_inst/delay_line_reg[16] is absorbed into DSP fir_inst/final_sum0.
DSP Report: register fir_inst/delay_line_reg[17] is absorbed into DSP fir_inst/final_sum0.
DSP Report: operator fir_inst/final_sum0 is absorbed into DSP fir_inst/final_sum0.
DSP Report: operator fir_inst/ARG is absorbed into DSP fir_inst/final_sum0.
DSP Report: Generating DSP fir_inst/final_sum0, operation Mode is: PCIN+A''*(B:0x3ff).
DSP Report: register fir_inst/delay_line_reg[15] is absorbed into DSP fir_inst/final_sum0.
DSP Report: register fir_inst/delay_line_reg[16] is absorbed into DSP fir_inst/final_sum0.
DSP Report: operator fir_inst/final_sum0 is absorbed into DSP fir_inst/final_sum0.
DSP Report: operator fir_inst/ARG is absorbed into DSP fir_inst/final_sum0.
DSP Report: Generating DSP fir_inst/final_sum0, operation Mode is: PCIN+A''*(B:0x3ff).
DSP Report: register fir_inst/delay_line_reg[14] is absorbed into DSP fir_inst/final_sum0.
DSP Report: register fir_inst/delay_line_reg[15] is absorbed into DSP fir_inst/final_sum0.
DSP Report: operator fir_inst/final_sum0 is absorbed into DSP fir_inst/final_sum0.
DSP Report: operator fir_inst/ARG is absorbed into DSP fir_inst/final_sum0.
DSP Report: Generating DSP fir_inst/final_sum0, operation Mode is: PCIN+A''*(B:0x3cb).
DSP Report: register fir_inst/delay_line_reg[13] is absorbed into DSP fir_inst/final_sum0.
DSP Report: register fir_inst/delay_line_reg[14] is absorbed into DSP fir_inst/final_sum0.
DSP Report: operator fir_inst/final_sum0 is absorbed into DSP fir_inst/final_sum0.
DSP Report: operator fir_inst/ARG is absorbed into DSP fir_inst/final_sum0.
DSP Report: Generating DSP fir_inst/final_sum0, operation Mode is: PCIN+A''*(B:0x369).
DSP Report: register fir_inst/delay_line_reg[12] is absorbed into DSP fir_inst/final_sum0.
DSP Report: register fir_inst/delay_line_reg[13] is absorbed into DSP fir_inst/final_sum0.
DSP Report: operator fir_inst/final_sum0 is absorbed into DSP fir_inst/final_sum0.
DSP Report: operator fir_inst/ARG is absorbed into DSP fir_inst/final_sum0.
DSP Report: Generating DSP fir_inst/final_sum0, operation Mode is: PCIN+A''*(B:0x2e5).
DSP Report: register fir_inst/delay_line_reg[11] is absorbed into DSP fir_inst/final_sum0.
DSP Report: register fir_inst/delay_line_reg[12] is absorbed into DSP fir_inst/final_sum0.
DSP Report: operator fir_inst/final_sum0 is absorbed into DSP fir_inst/final_sum0.
DSP Report: operator fir_inst/ARG is absorbed into DSP fir_inst/final_sum0.
DSP Report: Generating DSP fir_inst/final_sum0, operation Mode is: PCIN+A''*(B:0x24f).
DSP Report: register fir_inst/delay_line_reg[10] is absorbed into DSP fir_inst/final_sum0.
DSP Report: register fir_inst/delay_line_reg[11] is absorbed into DSP fir_inst/final_sum0.
DSP Report: operator fir_inst/final_sum0 is absorbed into DSP fir_inst/final_sum0.
DSP Report: operator fir_inst/ARG is absorbed into DSP fir_inst/final_sum0.
DSP Report: Generating DSP fir_inst/final_sum0, operation Mode is: PCIN+A''*(B:0x1b5).
DSP Report: register fir_inst/delay_line_reg[9] is absorbed into DSP fir_inst/final_sum0.
DSP Report: register fir_inst/delay_line_reg[10] is absorbed into DSP fir_inst/final_sum0.
DSP Report: operator fir_inst/final_sum0 is absorbed into DSP fir_inst/final_sum0.
DSP Report: operator fir_inst/ARG is absorbed into DSP fir_inst/final_sum0.
DSP Report: Generating DSP fir_inst/final_sum0, operation Mode is: PCIN+A''*(B:0x126).
DSP Report: register fir_inst/delay_line_reg[8] is absorbed into DSP fir_inst/final_sum0.
DSP Report: register fir_inst/delay_line_reg[9] is absorbed into DSP fir_inst/final_sum0.
DSP Report: operator fir_inst/final_sum0 is absorbed into DSP fir_inst/final_sum0.
DSP Report: operator fir_inst/ARG is absorbed into DSP fir_inst/final_sum0.
DSP Report: Generating DSP fir_inst/final_sum0, operation Mode is: PCIN+A''*(B:0xae).
DSP Report: register fir_inst/delay_line_reg[7] is absorbed into DSP fir_inst/final_sum0.
DSP Report: register fir_inst/delay_line_reg[8] is absorbed into DSP fir_inst/final_sum0.
DSP Report: operator fir_inst/final_sum0 is absorbed into DSP fir_inst/final_sum0.
DSP Report: operator fir_inst/ARG is absorbed into DSP fir_inst/final_sum0.
DSP Report: Generating DSP fir_inst/final_sum0, operation Mode is: PCIN+A''*(B:0x52).
DSP Report: register fir_inst/delay_line_reg[6] is absorbed into DSP fir_inst/final_sum0.
DSP Report: register fir_inst/delay_line_reg[7] is absorbed into DSP fir_inst/final_sum0.
DSP Report: operator fir_inst/final_sum0 is absorbed into DSP fir_inst/final_sum0.
DSP Report: operator fir_inst/ARG is absorbed into DSP fir_inst/final_sum0.
DSP Report: Generating DSP fir_inst/final_sum0, operation Mode is: PCIN+A''*(B:0x14).
DSP Report: register fir_inst/delay_line_reg[5] is absorbed into DSP fir_inst/final_sum0.
DSP Report: register fir_inst/delay_line_reg[6] is absorbed into DSP fir_inst/final_sum0.
DSP Report: operator fir_inst/final_sum0 is absorbed into DSP fir_inst/final_sum0.
DSP Report: operator fir_inst/ARG is absorbed into DSP fir_inst/final_sum0.
DSP Report: Generating DSP fir_inst/final_sum0, operation Mode is: PCIN+A''*(B:0x3fff1).
DSP Report: register fir_inst/delay_line_reg[4] is absorbed into DSP fir_inst/final_sum0.
DSP Report: register fir_inst/delay_line_reg[5] is absorbed into DSP fir_inst/final_sum0.
DSP Report: operator fir_inst/final_sum0 is absorbed into DSP fir_inst/final_sum0.
DSP Report: operator fir_inst/ARG is absorbed into DSP fir_inst/final_sum0.
DSP Report: Generating DSP fir_inst/final_sum0, operation Mode is: PCIN+A''*(B:0x3ffe3).
DSP Report: register fir_inst/delay_line_reg[3] is absorbed into DSP fir_inst/final_sum0.
DSP Report: register fir_inst/delay_line_reg[4] is absorbed into DSP fir_inst/final_sum0.
DSP Report: operator fir_inst/final_sum0 is absorbed into DSP fir_inst/final_sum0.
DSP Report: operator fir_inst/ARG is absorbed into DSP fir_inst/final_sum0.
DSP Report: Generating DSP fir_inst/final_sum0, operation Mode is: PCIN+A''*(B:0x3ffe1).
DSP Report: register fir_inst/delay_line_reg[2] is absorbed into DSP fir_inst/final_sum0.
DSP Report: register fir_inst/delay_line_reg[3] is absorbed into DSP fir_inst/final_sum0.
DSP Report: operator fir_inst/final_sum0 is absorbed into DSP fir_inst/final_sum0.
DSP Report: operator fir_inst/ARG is absorbed into DSP fir_inst/final_sum0.
DSP Report: Generating DSP fir_inst/final_sum0, operation Mode is: PCIN+A''*(B:0x3ffe6).
DSP Report: register fir_inst/delay_line_reg[1] is absorbed into DSP fir_inst/final_sum0.
DSP Report: register fir_inst/delay_line_reg[2] is absorbed into DSP fir_inst/final_sum0.
DSP Report: operator fir_inst/final_sum0 is absorbed into DSP fir_inst/final_sum0.
DSP Report: operator fir_inst/ARG is absorbed into DSP fir_inst/final_sum0.
DSP Report: Generating DSP fir_inst/final_sum_reg, operation Mode is: PCIN+A''*(B:0x3ffec).
DSP Report: register fir_inst/delay_line_reg[0] is absorbed into DSP fir_inst/final_sum_reg.
DSP Report: register fir_inst/delay_line_reg[1] is absorbed into DSP fir_inst/final_sum_reg.
DSP Report: register fir_inst/final_sum_reg is absorbed into DSP fir_inst/final_sum_reg.
DSP Report: operator fir_inst/final_sum0 is absorbed into DSP fir_inst/final_sum_reg.
DSP Report: operator fir_inst/ARG is absorbed into DSP fir_inst/final_sum_reg.
WARNING: [Synth 8-7129] Port data_in[15] in module f_fir_meta is either unconnected or has no load
WARNING: [Synth 8-7129] Port data_in[14] in module f_fir_meta is either unconnected or has no load
WARNING: [Synth 8-7129] Port data_in[13] in module f_fir_meta is either unconnected or has no load
WARNING: [Synth 8-7129] Port data_in[12] in module f_fir_meta is either unconnected or has no load
WARNING: [Synth 8-7129] Port data_in[11] in module f_fir_meta is either unconnected or has no load
WARNING: [Synth 8-7129] Port data_in[10] in module f_fir_meta is either unconnected or has no load
WARNING: [Synth 8-7129] Port data_in[9] in module f_fir_meta is either unconnected or has no load
WARNING: [Synth 8-7129] Port data_in[8] in module f_fir_meta is either unconnected or has no load
WARNING: [Synth 8-7129] Port data_in[7] in module f_fir_meta is either unconnected or has no load
WARNING: [Synth 8-7129] Port data_in[6] in module f_fir_meta is either unconnected or has no load
WARNING: [Synth 8-7129] Port data_in[5] in module f_fir_meta is either unconnected or has no load
WARNING: [Synth 8-7129] Port data_in[4] in module f_fir_meta is either unconnected or has no load
WARNING: [Synth 8-7129] Port data_in[3] in module f_fir_meta is either unconnected or has no load
WARNING: [Synth 8-7129] Port data_in[2] in module f_fir_meta is either unconnected or has no load
WARNING: [Synth 8-7129] Port data_in[1] in module f_fir_meta is either unconnected or has no load
WARNING: [Synth 8-7129] Port data_in[0] in module f_fir_meta is either unconnected or has no load
---------------------------------------------------------------------------------
Finished Cross Boundary and Area Optimization : Time (s): cpu = 00:00:21 ; elapsed = 00:00:26 . Memory (MB): peak = 1172.527 ; gain = 716.258
---------------------------------------------------------------------------------
---------------------------------------------------------------------------------
Start ROM, RAM, DSP, Shift Register and Retiming Reporting
---------------------------------------------------------------------------------

DSP: Preliminary Mapping Report (see note below. The ' indicates corresponding REG is set)
+------------+----------------------+--------+--------+--------+--------+--------+------+------+------+------+-------+------+------+
|Module Name | DSP Mapping          | A Size | B Size | C Size | D Size | P Size | AREG | BREG | CREG | DREG | ADREG | MREG | PREG | 
+------------+----------------------+--------+--------+--------+--------+--------+------+------+------+------+-------+------+------+
|FIR_Filter  | A''*(B:0x3ffef)      | 16     | 6      | -      | -      | 22     | 2    | 0    | -    | -    | -     | 0    | 0    | 
|FIR_Filter  | PCIN+A2*(B:0x3ffef)  | 16     | 6      | -      | -      | 32     | 1    | 0    | -    | -    | -     | 0    | 0    | 
|FIR_Filter  | PCIN+A''*(B:0x3ffec) | 16     | 6      | -      | -      | 32     | 2    | 0    | -    | -    | -     | 0    | 0    | 
|FIR_Filter  | PCIN+A''*(B:0x3ffe6) | 16     | 6      | -      | -      | 32     | 2    | 0    | -    | -    | -     | 0    | 0    | 
|FIR_Filter  | PCIN+A''*(B:0x3ffe1) | 16     | 6      | -      | -      | 32     | 2    | 0    | -    | -    | -     | 0    | 0    | 
|FIR_Filter  | PCIN+A''*(B:0x3ffe3) | 16     | 6      | -      | -      | 32     | 2    | 0    | -    | -    | -     | 0    | 0    | 
|FIR_Filter  | PCIN+A''*(B:0x3fff1) | 16     | 5      | -      | -      | 32     | 2    | 0    | -    | -    | -     | 0    | 0    | 
|FIR_Filter  | PCIN+A''*(B:0x14)    | 16     | 6      | -      | -      | 32     | 2    | 0    | -    | -    | -     | 0    | 0    | 
|FIR_Filter  | PCIN+A''*(B:0x52)    | 16     | 8      | -      | -      | 32     | 2    | 0    | -    | -    | -     | 0    | 0    | 
|FIR_Filter  | PCIN+A''*(B:0xae)    | 16     | 9      | -      | -      | 32     | 2    | 0    | -    | -    | -     | 0    | 0    | 
|FIR_Filter  | PCIN+A''*(B:0x126)   | 16     | 10     | -      | -      | 32     | 2    | 0    | -    | -    | -     | 0    | 0    | 
|FIR_Filter  | PCIN+A''*(B:0x1b5)   | 16     | 10     | -      | -      | 32     | 2    | 0    | -    | -    | -     | 0    | 0    | 
|FIR_Filter  | PCIN+A''*(B:0x24f)   | 16     | 11     | -      | -      | 32     | 2    | 0    | -    | -    | -     | 0    | 0    | 
|FIR_Filter  | PCIN+A''*(B:0x2e5)   | 16     | 11     | -      | -      | 32     | 2    | 0    | -    | -    | -     | 0    | 0    | 
|FIR_Filter  | PCIN+A''*(B:0x369)   | 16     | 11     | -      | -      | 32     | 2    | 0    | -    | -    | -     | 0    | 0    | 
|FIR_Filter  | PCIN+A''*(B:0x3cb)   | 16     | 11     | -      | -      | 32     | 2    | 0    | -    | -    | -     | 0    | 0    | 
|FIR_Filter  | PCIN+A''*(B:0x3ff)   | 16     | 11     | -      | -      | 32     | 2    | 0    | -    | -    | -     | 0    | 0    | 
|FIR_Filter  | PCIN+A''*(B:0x3ff)   | 16     | 11     | -      | -      | 32     | 2    | 0    | -    | -    | -     | 0    | 0    | 
|FIR_Filter  | PCIN+A''*(B:0x3cb)   | 16     | 11     | -      | -      | 32     | 2    | 0    | -    | -    | -     | 0    | 0    | 
|FIR_Filter  | PCIN+A''*(B:0x369)   | 16     | 11     | -      | -      | 32     | 2    | 0    | -    | -    | -     | 0    | 0    | 
|FIR_Filter  | PCIN+A''*(B:0x2e5)   | 16     | 11     | -      | -      | 32     | 2    | 0    | -    | -    | -     | 0    | 0    | 
|FIR_Filter  | PCIN+A''*(B:0x24f)   | 16     | 11     | -      | -      | 32     | 2    | 0    | -    | -    | -     | 0    | 0    | 
|FIR_Filter  | PCIN+A''*(B:0x1b5)   | 16     | 10     | -      | -      | 32     | 2    | 0    | -    | -    | -     | 0    | 0    | 
|FIR_Filter  | PCIN+A''*(B:0x126)   | 16     | 10     | -      | -      | 32     | 2    | 0    | -    | -    | -     | 0    | 0    | 
|FIR_Filter  | PCIN+A''*(B:0xae)    | 16     | 9      | -      | -      | 32     | 2    | 0    | -    | -    | -     | 0    | 0    | 
|FIR_Filter  | PCIN+A''*(B:0x52)    | 16     | 8      | -      | -      | 32     | 2    | 0    | -    | -    | -     | 0    | 0    | 
|FIR_Filter  | PCIN+A''*(B:0x14)    | 16     | 6      | -      | -      | 32     | 2    | 0    | -    | -    | -     | 0    | 0    | 
|FIR_Filter  | PCIN+A''*(B:0x3fff1) | 16     | 5      | -      | -      | 32     | 2    | 0    | -    | -    | -     | 0    | 0    | 
|FIR_Filter  | PCIN+A''*(B:0x3ffe3) | 16     | 6      | -      | -      | 32     | 2    | 0    | -    | -    | -     | 0    | 0    | 
|FIR_Filter  | PCIN+A''*(B:0x3ffe1) | 16     | 6      | -      | -      | 32     | 2    | 0    | -    | -    | -     | 0    | 0    | 
|FIR_Filter  | PCIN+A''*(B:0x3ffe6) | 16     | 6      | -      | -      | 32     | 2    | 0    | -    | -    | -     | 0    | 0    | 
|FIR_Filter  | PCIN+A''*(B:0x3ffec) | 16     | 6      | -      | -      | 32     | 2    | 0    | -    | -    | -     | 0    | 1    | 
+------------+----------------------+--------+--------+--------+--------+--------+------+------+------+------+-------+------+------+

Note: The table above is a preliminary report that shows the DSPs inferred at the current stage of the synthesis flow. Some DSP may be reimplemented as non DSP primitives later in the synthesis flow. Multiple instantiated DSPs are reported only once.
---------------------------------------------------------------------------------
Finished ROM, RAM, DSP, Shift Register and Retiming Reporting
---------------------------------------------------------------------------------
No constraint files found.
---------------------------------------------------------------------------------
Start Timing Optimization
---------------------------------------------------------------------------------
---------------------------------------------------------------------------------
Finished Timing Optimization : Time (s): cpu = 00:00:22 ; elapsed = 00:00:26 . Memory (MB): peak = 1177.215 ; gain = 720.945
---------------------------------------------------------------------------------
---------------------------------------------------------------------------------
Start Technology Mapping
---------------------------------------------------------------------------------
---------------------------------------------------------------------------------
Finished Technology Mapping : Time (s): cpu = 00:00:22 ; elapsed = 00:00:26 . Memory (MB): peak = 1177.391 ; gain = 721.121
---------------------------------------------------------------------------------
---------------------------------------------------------------------------------
Start IO Insertion
---------------------------------------------------------------------------------
---------------------------------------------------------------------------------
Start Flattening Before IO Insertion
---------------------------------------------------------------------------------
---------------------------------------------------------------------------------
Finished Flattening Before IO Insertion
---------------------------------------------------------------------------------
---------------------------------------------------------------------------------
Start Final Netlist Cleanup
---------------------------------------------------------------------------------
---------------------------------------------------------------------------------
Finished Final Netlist Cleanup
---------------------------------------------------------------------------------
---------------------------------------------------------------------------------
Finished IO Insertion : Time (s): cpu = 00:00:30 ; elapsed = 00:00:34 . Memory (MB): peak = 1177.391 ; gain = 721.121
---------------------------------------------------------------------------------
---------------------------------------------------------------------------------
Start Renaming Generated Instances
---------------------------------------------------------------------------------
---------------------------------------------------------------------------------
Finished Renaming Generated Instances : Time (s): cpu = 00:00:30 ; elapsed = 00:00:34 . Memory (MB): peak = 1177.391 ; gain = 721.121
---------------------------------------------------------------------------------
---------------------------------------------------------------------------------
Start Rebuilding User Hierarchy
---------------------------------------------------------------------------------
---------------------------------------------------------------------------------
Finished Rebuilding User Hierarchy : Time (s): cpu = 00:00:30 ; elapsed = 00:00:34 . Memory (MB): peak = 1177.391 ; gain = 721.121
---------------------------------------------------------------------------------
---------------------------------------------------------------------------------
Start Renaming Generated Ports
---------------------------------------------------------------------------------
---------------------------------------------------------------------------------
Finished Renaming Generated Ports : Time (s): cpu = 00:00:30 ; elapsed = 00:00:34 . Memory (MB): peak = 1177.391 ; gain = 721.121
---------------------------------------------------------------------------------
---------------------------------------------------------------------------------
Start Handling Custom Attributes
---------------------------------------------------------------------------------
---------------------------------------------------------------------------------
Finished Handling Custom Attributes : Time (s): cpu = 00:00:30 ; elapsed = 00:00:34 . Memory (MB): peak = 1177.391 ; gain = 721.121
---------------------------------------------------------------------------------
---------------------------------------------------------------------------------
Start Renaming Generated Nets
---------------------------------------------------------------------------------
---------------------------------------------------------------------------------
Finished Renaming Generated Nets : Time (s): cpu = 00:00:30 ; elapsed = 00:00:34 . Memory (MB): peak = 1177.391 ; gain = 721.121
---------------------------------------------------------------------------------
---------------------------------------------------------------------------------
Start Writing Synthesis Report
---------------------------------------------------------------------------------

DSP Final Report (the ' indicates corresponding REG is set)
+------------+---------------+--------+--------+--------+--------+--------+------+------+------+------+-------+------+------+
|Module Name | DSP Mapping   | A Size | B Size | C Size | D Size | P Size | AREG | BREG | CREG | DREG | ADREG | MREG | PREG | 
+------------+---------------+--------+--------+--------+--------+--------+------+------+------+------+-------+------+------+
|FIR_Filter  | A''*B         | 0      | 18     | -      | -      | 0      | 2    | 0    | -    | -    | -     | 0    | 0    | 
|FIR_Filter  | PCIN+A'*B     | 0      | 0      | -      | -      | 0      | 1    | 0    | -    | -    | -     | 0    | 0    | 
|FIR_Filter  | PCIN+A''*B    | 0      | 18     | -      | -      | 0      | 2    | 0    | -    | -    | -     | 0    | 0    | 
|FIR_Filter  | PCIN+A''*B    | 0      | 18     | -      | -      | 0      | 2    | 0    | -    | -    | -     | 0    | 0    | 
|FIR_Filter  | PCIN+A''*B    | 0      | 18     | -      | -      | 0      | 2    | 0    | -    | -    | -     | 0    | 0    | 
|FIR_Filter  | PCIN+A''*B    | 0      | 18     | -      | -      | 0      | 2    | 0    | -    | -    | -     | 0    | 0    | 
|FIR_Filter  | PCIN+A''*B    | 0      | 18     | -      | -      | 0      | 2    | 0    | -    | -    | -     | 0    | 0    | 
|FIR_Filter  | PCIN+A''*B    | 0      | 5      | -      | -      | 0      | 2    | 0    | -    | -    | -     | 0    | 0    | 
|FIR_Filter  | PCIN+A''*B    | 0      | 7      | -      | -      | 0      | 2    | 0    | -    | -    | -     | 0    | 0    | 
|FIR_Filter  | PCIN+A''*B    | 0      | 8      | -      | -      | 0      | 2    | 0    | -    | -    | -     | 0    | 0    | 
|FIR_Filter  | PCIN+A''*B    | 0      | 9      | -      | -      | 0      | 2    | 0    | -    | -    | -     | 0    | 0    | 
|FIR_Filter  | PCIN+A''*B    | 0      | 9      | -      | -      | 0      | 2    | 0    | -    | -    | -     | 0    | 0    | 
|FIR_Filter  | PCIN+A''*B    | 0      | 10     | -      | -      | 0      | 2    | 0    | -    | -    | -     | 0    | 0    | 
|FIR_Filter  | PCIN+A''*B    | 0      | 10     | -      | -      | 0      | 2    | 0    | -    | -    | -     | 0    | 0    | 
|FIR_Filter  | PCIN+A''*B    | 0      | 10     | -      | -      | 0      | 2    | 0    | -    | -    | -     | 0    | 0    | 
|FIR_Filter  | PCIN+A''*B    | 0      | 10     | -      | -      | 0      | 2    | 0    | -    | -    | -     | 0    | 0    | 
|FIR_Filter  | PCIN+A''*B    | 0      | 10     | -      | -      | 0      | 2    | 0    | -    | -    | -     | 0    | 0    | 
|FIR_Filter  | PCIN+A''*B    | 0      | 0      | -      | -      | 0      | 2    | 0    | -    | -    | -     | 0    | 0    | 
|FIR_Filter  | PCIN+A''*B    | 0      | 10     | -      | -      | 0      | 2    | 0    | -    | -    | -     | 0    | 0    | 
|FIR_Filter  | PCIN+A''*B    | 0      | 10     | -      | -      | 0      | 2    | 0    | -    | -    | -     | 0    | 0    | 
|FIR_Filter  | PCIN+A''*B    | 0      | 10     | -      | -      | 0      | 2    | 0    | -    | -    | -     | 0    | 0    | 
|FIR_Filter  | PCIN+A''*B    | 0      | 10     | -      | -      | 0      | 2    | 0    | -    | -    | -     | 0    | 0    | 
|FIR_Filter  | PCIN+A''*B    | 0      | 9      | -      | -      | 0      | 2    | 0    | -    | -    | -     | 0    | 0    | 
|FIR_Filter  | PCIN+A''*B    | 0      | 9      | -      | -      | 0      | 2    | 0    | -    | -    | -     | 0    | 0    | 
|FIR_Filter  | PCIN+A''*B    | 0      | 8      | -      | -      | 0      | 2    | 0    | -    | -    | -     | 0    | 0    | 
|FIR_Filter  | PCIN+A''*B    | 0      | 7      | -      | -      | 0      | 2    | 0    | -    | -    | -     | 0    | 0    | 
|FIR_Filter  | PCIN+A''*B    | 0      | 5      | -      | -      | 0      | 2    | 0    | -    | -    | -     | 0    | 0    | 
|FIR_Filter  | PCIN+A''*B    | 0      | 18     | -      | -      | 0      | 2    | 0    | -    | -    | -     | 0    | 0    | 
|FIR_Filter  | PCIN+A''*B    | 0      | 18     | -      | -      | 0      | 2    | 0    | -    | -    | -     | 0    | 0    | 
|FIR_Filter  | PCIN+A''*B    | 0      | 18     | -      | -      | 0      | 2    | 0    | -    | -    | -     | 0    | 0    | 
|FIR_Filter  | PCIN+A''*B    | 0      | 18     | -      | -      | 0      | 2    | 0    | -    | -    | -     | 0    | 0    | 
|FIR_Filter  | (PCIN+A''*B)' | 0      | 18     | -      | -      | 32     | 2    | 0    | -    | -    | -     | 0    | 1    | 
+------------+---------------+--------+--------+--------+--------+--------+------+------+------+------+-------+------+------+


Report BlackBoxes: 
+-+--------------+----------+
| |BlackBox name |Instances |
+-+--------------+----------+
+-+--------------+----------+

Report Cell Usage: 
+------+--------+------+
|      |Cell    |Count |
+------+--------+------+
|1     |BUFG    |     1|
|2     |DSP48E1 |    32|
|3     |LUT1    |     1|
|4     |LUT2    |     2|
|5     |LUT3    |     1|
|6     |LUT4    |     1|
|7     |LUT5    |     1|
|8     |LUT6    |     3|
|9     |FDRE    |     6|
|10    |IBUF    |     3|
|11    |OBUF    |    34|
+------+--------+------+

Report Instance Areas: 
+------+------------+-----------+------+
|      |Instance    |Module     |Cells |
+------+------------+-----------+------+
|1     |top         |           |    85|
|2     |  fifo_inst |fifo       |    15|
|3     |  fir_inst  |FIR_Filter |    32|
+------+------------+-----------+------+
---------------------------------------------------------------------------------
Finished Writing Synthesis Report : Time (s): cpu = 00:00:30 ; elapsed = 00:00:34 . Memory (MB): peak = 1177.391 ; gain = 721.121
---------------------------------------------------------------------------------
Synthesis finished with 0 errors, 0 critical warnings and 54 warnings.
Synthesis Optimization Runtime : Time (s): cpu = 00:00:30 ; elapsed = 00:00:35 . Memory (MB): peak = 1177.391 ; gain = 721.121
Synthesis Optimization Complete : Time (s): cpu = 00:00:30 ; elapsed = 00:00:35 . Memory (MB): peak = 1177.391 ; gain = 721.121
INFO: [Project 1-571] Translating synthesized netlist
Netlist sorting complete. Time (s): cpu = 00:00:00 ; elapsed = 00:00:00.012 . Memory (MB): peak = 1189.254 ; gain = 0.000
INFO: [Netlist 29-17] Analyzing 32 Unisim elements for replacement
INFO: [Netlist 29-28] Unisim Transformation completed in 1 CPU seconds
INFO: [Project 1-570] Preparing netlist for logic optimization
INFO: [Opt 31-138] Pushed 0 inverter(s) to 0 load pin(s).
Netlist sorting complete. Time (s): cpu = 00:00:00 ; elapsed = 00:00:00 . Memory (MB): peak = 1287.938 ; gain = 0.000
INFO: [Project 1-111] Unisim Transformation Summary:
No Unisim elements were transformed.

Synth Design complete, checksum: d5310528
INFO: [Common 17-83] Releasing license: Synthesis
19 Infos, 54 Warnings, 0 Critical Warnings and 0 Errors encountered.
synth_design completed successfully
synth_design: Time (s): cpu = 00:00:33 ; elapsed = 00:00:38 . Memory (MB): peak = 1287.938 ; gain = 856.508
INFO: [Common 17-1381] The checkpoint 'C:/Users/narsi/Desktop/projects/Project_BUG/f_fir/f_fir_meta/f_fir_meta_D/f_fir_meta_/f_fir_meta_bug.runs/synth_1/f_fir_meta.dcp' has been generated.
INFO: [runtcl-4] Executing : report_utilization -file f_fir_meta_utilization_synth.rpt -pb f_fir_meta_utilization_synth.pb
INFO: [Common 17-206] Exiting Vivado at Fri Mar 20 13:00:55 2026...
[Fri Mar 20 13:01:00 2026] synth_1 finished
wait_on_runs: Time (s): cpu = 00:00:00 ; elapsed = 00:01:11 . Memory (MB): peak = 456.906 ; gain = 0.000
# open_run synth_1
Design is defaulting to impl run constrset: constrs_1
Design is defaulting to synth run part: xc7z020clg484-1
INFO: [Device 21-403] Loading part xc7z020clg484-1
Netlist sorting complete. Time (s): cpu = 00:00:00 ; elapsed = 00:00:00.004 . Memory (MB): peak = 860.789 ; gain = 0.000
INFO: [Netlist 29-17] Analyzing 32 Unisim elements for replacement
INFO: [Netlist 29-28] Unisim Transformation completed in 0 CPU seconds
INFO: [Project 1-479] Netlist was created with Vivado 2022.2
INFO: [Project 1-570] Preparing netlist for logic optimization
INFO: [Opt 31-138] Pushed 0 inverter(s) to 0 load pin(s).
Netlist sorting complete. Time (s): cpu = 00:00:00 ; elapsed = 00:00:00 . Memory (MB): peak = 977.965 ; gain = 0.000
INFO: [Project 1-111] Unisim Transformation Summary:
No Unisim elements were transformed.

open_run: Time (s): cpu = 00:00:08 ; elapsed = 00:00:12 . Memory (MB): peak = 977.965 ; gain = 521.059
# write_checkpoint -force [file join $build_dir post_synth.dcp]
INFO: [Common 17-1381] The checkpoint 'C:/Users/narsi/Desktop/projects/Project_BUG/f_fir/f_fir_meta/f_fir_meta_D/build/post_synth.dcp' has been generated.
# launch_runs impl_1
[Fri Mar 20 13:01:13 2026] Launched impl_1...
Run output will be captured here: C:/Users/narsi/Desktop/projects/Project_BUG/f_fir/f_fir_meta/f_fir_meta_D/f_fir_meta_/f_fir_meta_bug.runs/impl_1/runme.log
# wait_on_run impl_1
[Fri Mar 20 13:01:13 2026] Waiting for impl_1 to finish...

*** Running vivado
    with args -log f_fir_meta.vdi -applog -m64 -product Vivado -messageDb vivado.pb -mode batch -source f_fir_meta.tcl -notrace



****** Vivado v2022.2 (64-bit)
  **** SW Build 3671981 on Fri Oct 14 05:00:03 MDT 2022
  **** IP Build 3669848 on Fri Oct 14 08:30:02 MDT 2022
    ** Copyright 1986-2022 Xilinx, Inc. All Rights Reserved.

source f_fir_meta.tcl -notrace
Command: open_checkpoint C:/Users/narsi/Desktop/projects/Project_BUG/f_fir/f_fir_meta/f_fir_meta_D/f_fir_meta_/f_fir_meta_bug.runs/impl_1/f_fir_meta.dcp
INFO: [Device 21-403] Loading part xc7z020clg484-1
Netlist sorting complete. Time (s): cpu = 00:00:00 ; elapsed = 00:00:00.006 . Memory (MB): peak = 860.562 ; gain = 0.000
INFO: [Netlist 29-17] Analyzing 32 Unisim elements for replacement
INFO: [Netlist 29-28] Unisim Transformation completed in 0 CPU seconds
INFO: [Project 1-479] Netlist was created with Vivado 2022.2
INFO: [Project 1-570] Preparing netlist for logic optimization
Netlist sorting complete. Time (s): cpu = 00:00:00 ; elapsed = 00:00:00 . Memory (MB): peak = 953.254 ; gain = 0.000
INFO: [Project 1-111] Unisim Transformation Summary:
No Unisim elements were transformed.

INFO: [Project 1-604] Checkpoint was created with Vivado v2022.2 (64-bit) build 3671981
OpenCheckpoint Checksum | Checksum: 4a77cc65
----- Checksum: PlaceDB: 00000000 ShapeSum: 4a77cc65 RouteDB: 00000000 
open_checkpoint: Time (s): cpu = 00:00:17 ; elapsed = 00:00:21 . Memory (MB): peak = 957.324 ; gain = 637.980
Command: opt_design
Attempting to get a license for feature 'Implementation' and/or device 'xc7z020'
INFO: [Common 17-349] Got license for feature 'Implementation' and/or device 'xc7z020'
Running DRC as a precondition to command opt_design

Starting DRC Task
INFO: [DRC 23-27] Running DRC with 2 threads
INFO: [Project 1-461] DRC finished with 0 Errors
INFO: [Project 1-462] Please refer to the DRC report (report_drc) for more information.

Time (s): cpu = 00:00:02 ; elapsed = 00:00:01 . Memory (MB): peak = 1007.590 ; gain = 27.973

Starting Cache Timing Information Task
INFO: [Timing 38-35] Done setting XDC timing constraints.
Ending Cache Timing Information Task | Checksum: 11fa8d18d

Time (s): cpu = 00:00:10 ; elapsed = 00:00:10 . Memory (MB): peak = 1539.984 ; gain = 532.395

Starting Logic Optimization Task

Phase 1 Retarget
INFO: [Opt 31-138] Pushed 0 inverter(s) to 0 load pin(s).
INFO: [Opt 31-49] Retargeted 0 cell(s).
Phase 1 Retarget | Checksum: 11fa8d18d

Time (s): cpu = 00:00:00 ; elapsed = 00:00:00.297 . Memory (MB): peak = 1875.832 ; gain = 0.000
INFO: [Opt 31-389] Phase Retarget created 0 cells and removed 0 cells

Phase 2 Constant propagation
INFO: [Opt 31-138] Pushed 0 inverter(s) to 0 load pin(s).
Phase 2 Constant propagation | Checksum: 11fa8d18d

Time (s): cpu = 00:00:00 ; elapsed = 00:00:00.319 . Memory (MB): peak = 1875.832 ; gain = 0.000
INFO: [Opt 31-389] Phase Constant propagation created 0 cells and removed 0 cells

Phase 3 Sweep
Phase 3 Sweep | Checksum: 11fa8d18d

Time (s): cpu = 00:00:00 ; elapsed = 00:00:00.373 . Memory (MB): peak = 1875.832 ; gain = 0.000
INFO: [Opt 31-389] Phase Sweep created 0 cells and removed 0 cells

Phase 4 BUFG optimization
Phase 4 BUFG optimization | Checksum: 11fa8d18d

Time (s): cpu = 00:00:00 ; elapsed = 00:00:00.445 . Memory (MB): peak = 1875.832 ; gain = 0.000
INFO: [Opt 31-662] Phase BUFG optimization created 0 cells of which 0 are BUFGs and removed 0 cells.

Phase 5 Shift Register Optimization
INFO: [Opt 31-1064] SRL Remap converted 0 SRLs to 0 registers and converted 0 registers of register chains to 0 SRLs
Phase 5 Shift Register Optimization | Checksum: 11fa8d18d

Time (s): cpu = 00:00:00 ; elapsed = 00:00:00.448 . Memory (MB): peak = 1875.832 ; gain = 0.000
INFO: [Opt 31-389] Phase Shift Register Optimization created 0 cells and removed 0 cells

Phase 6 Post Processing Netlist
Phase 6 Post Processing Netlist | Checksum: 11fa8d18d

Time (s): cpu = 00:00:00 ; elapsed = 00:00:00.452 . Memory (MB): peak = 1875.832 ; gain = 0.000
INFO: [Opt 31-389] Phase Post Processing Netlist created 0 cells and removed 0 cells
Opt_design Change Summary
=========================


-------------------------------------------------------------------------------------------------------------------------
|  Phase                        |  #Cells created  |  #Cells Removed  |  #Constrained objects preventing optimizations  |
-------------------------------------------------------------------------------------------------------------------------
|  Retarget                     |               0  |               0  |                                              0  |
|  Constant propagation         |               0  |               0  |                                              0  |
|  Sweep                        |               0  |               0  |                                              0  |
|  BUFG optimization            |               0  |               0  |                                              0  |
|  Shift Register Optimization  |               0  |               0  |                                              0  |
|  Post Processing Netlist      |               0  |               0  |                                              0  |
-------------------------------------------------------------------------------------------------------------------------



Starting Connectivity Check Task

Time (s): cpu = 00:00:00 ; elapsed = 00:00:00.002 . Memory (MB): peak = 1875.832 ; gain = 0.000
Ending Logic Optimization Task | Checksum: 11fa8d18d

Time (s): cpu = 00:00:00 ; elapsed = 00:00:00.457 . Memory (MB): peak = 1875.832 ; gain = 0.000

Starting Power Optimization Task
INFO: [Pwropt 34-132] Skipping clock gating for clocks with a period < 2.00 ns.
Ending Power Optimization Task | Checksum: 11fa8d18d

Time (s): cpu = 00:00:00 ; elapsed = 00:00:00.023 . Memory (MB): peak = 1875.832 ; gain = 0.000

Starting Final Cleanup Task
Ending Final Cleanup Task | Checksum: 11fa8d18d

Time (s): cpu = 00:00:00 ; elapsed = 00:00:00.001 . Memory (MB): peak = 1875.832 ; gain = 0.000

Starting Netlist Obfuscation Task
Netlist sorting complete. Time (s): cpu = 00:00:00 ; elapsed = 00:00:00 . Memory (MB): peak = 1875.832 ; gain = 0.000
Ending Netlist Obfuscation Task | Checksum: 11fa8d18d

Time (s): cpu = 00:00:00 ; elapsed = 00:00:00.001 . Memory (MB): peak = 1875.832 ; gain = 0.000
INFO: [Common 17-83] Releasing license: Implementation
24 Infos, 0 Warnings, 0 Critical Warnings and 0 Errors encountered.
opt_design completed successfully
opt_design: Time (s): cpu = 00:00:16 ; elapsed = 00:00:16 . Memory (MB): peak = 1875.832 ; gain = 918.508
INFO: [Common 17-1381] The checkpoint 'C:/Users/narsi/Desktop/projects/Project_BUG/f_fir/f_fir_meta/f_fir_meta_D/f_fir_meta_/f_fir_meta_bug.runs/impl_1/f_fir_meta_opt.dcp' has been generated.
INFO: [runtcl-4] Executing : report_drc -file f_fir_meta_drc_opted.rpt -pb f_fir_meta_drc_opted.pb -rpx f_fir_meta_drc_opted.rpx
Command: report_drc -file f_fir_meta_drc_opted.rpt -pb f_fir_meta_drc_opted.pb -rpx f_fir_meta_drc_opted.rpx
INFO: [IP_Flow 19-234] Refreshing IP repositories
INFO: [IP_Flow 19-1704] No user IP repositories specified
INFO: [IP_Flow 19-2313] Loaded Vivado IP repository 'C:/Xilinx/Vivado/2022.2/data/ip'.
INFO: [DRC 23-27] Running DRC with 2 threads
INFO: [Vivado_Tcl 2-168] The results of DRC are in file C:/Users/narsi/Desktop/projects/Project_BUG/f_fir/f_fir_meta/f_fir_meta_D/f_fir_meta_/f_fir_meta_bug.runs/impl_1/f_fir_meta_drc_opted.rpt.
report_drc completed successfully
Command: place_design
Attempting to get a license for feature 'Implementation' and/or device 'xc7z020'
INFO: [Common 17-349] Got license for feature 'Implementation' and/or device 'xc7z020'
INFO: [DRC 23-27] Running DRC with 2 threads
INFO: [Vivado_Tcl 4-198] DRC finished with 0 Errors
INFO: [Vivado_Tcl 4-199] Please refer to the DRC report (report_drc) for more information.
Running DRC as a precondition to command place_design
INFO: [DRC 23-27] Running DRC with 2 threads
INFO: [Vivado_Tcl 4-198] DRC finished with 0 Errors
INFO: [Vivado_Tcl 4-199] Please refer to the DRC report (report_drc) for more information.

Starting Placer Task
INFO: [Place 30-611] Multithreading enabled for place_design using a maximum of 2 CPUs

Phase 1 Placer Initialization

Phase 1.1 Placer Initialization Netlist Sorting
Netlist sorting complete. Time (s): cpu = 00:00:00 ; elapsed = 00:00:00.001 . Memory (MB): peak = 1875.832 ; gain = 0.000
Phase 1.1 Placer Initialization Netlist Sorting | Checksum: 4a77cc65

Time (s): cpu = 00:00:00 ; elapsed = 00:00:00.309 . Memory (MB): peak = 1875.832 ; gain = 0.000
Netlist sorting complete. Time (s): cpu = 00:00:00 ; elapsed = 00:00:00 . Memory (MB): peak = 1875.832 ; gain = 0.000

Phase 1.2 IO Placement/ Clock Placement/ Build Placer Device
INFO: [Timing 38-35] Done setting XDC timing constraints.
Phase 1.2 IO Placement/ Clock Placement/ Build Placer Device | Checksum: e04754bf

Time (s): cpu = 00:00:02 ; elapsed = 00:00:02 . Memory (MB): peak = 1875.832 ; gain = 0.000

Phase 1.3 Build Placer Netlist Model
Phase 1.3 Build Placer Netlist Model | Checksum: 1da1c559d

Time (s): cpu = 00:00:02 ; elapsed = 00:00:02 . Memory (MB): peak = 1875.832 ; gain = 0.000

Phase 1.4 Constrain Clocks/Macros
Phase 1.4 Constrain Clocks/Macros | Checksum: 1da1c559d

Time (s): cpu = 00:00:02 ; elapsed = 00:00:02 . Memory (MB): peak = 1875.832 ; gain = 0.000
Phase 1 Placer Initialization | Checksum: 1da1c559d

Time (s): cpu = 00:00:02 ; elapsed = 00:00:02 . Memory (MB): peak = 1875.832 ; gain = 0.000

Phase 2 Global Placement

Phase 2.1 Floorplanning
Phase 2.1 Floorplanning | Checksum: 1da1c559d

Time (s): cpu = 00:00:02 ; elapsed = 00:00:02 . Memory (MB): peak = 1875.832 ; gain = 0.000

Phase 2.2 Update Timing before SLR Path Opt
Phase 2.2 Update Timing before SLR Path Opt | Checksum: 1da1c559d

Time (s): cpu = 00:00:02 ; elapsed = 00:00:02 . Memory (MB): peak = 1875.832 ; gain = 0.000

Phase 2.3 Post-Processing in Floorplanning
Phase 2.3 Post-Processing in Floorplanning | Checksum: 1da1c559d

Time (s): cpu = 00:00:02 ; elapsed = 00:00:02 . Memory (MB): peak = 1875.832 ; gain = 0.000

Phase 2.4 Global Placement Core
WARNING: [Place 46-29] Timing had been disabled during Placer and, therefore, physical synthesis in Placer will be skipped.
Phase 2.4 Global Placement Core | Checksum: 56ecc81d

Time (s): cpu = 00:00:04 ; elapsed = 00:00:03 . Memory (MB): peak = 1875.832 ; gain = 0.000
Phase 2 Global Placement | Checksum: 56ecc81d

Time (s): cpu = 00:00:04 ; elapsed = 00:00:03 . Memory (MB): peak = 1875.832 ; gain = 0.000

Phase 3 Detail Placement

Phase 3.1 Commit Multi Column Macros
Phase 3.1 Commit Multi Column Macros | Checksum: 56ecc81d

Time (s): cpu = 00:00:04 ; elapsed = 00:00:03 . Memory (MB): peak = 1875.832 ; gain = 0.000

Phase 3.2 Commit Most Macros & LUTRAMs
Phase 3.2 Commit Most Macros & LUTRAMs | Checksum: 6f1c0a1e

Time (s): cpu = 00:00:04 ; elapsed = 00:00:03 . Memory (MB): peak = 1875.832 ; gain = 0.000

Phase 3.3 Area Swap Optimization
Phase 3.3 Area Swap Optimization | Checksum: 107dc3188

Time (s): cpu = 00:00:04 ; elapsed = 00:00:04 . Memory (MB): peak = 1875.832 ; gain = 0.000

Phase 3.4 Pipeline Register Optimization
Phase 3.4 Pipeline Register Optimization | Checksum: 107dc3188

Time (s): cpu = 00:00:04 ; elapsed = 00:00:04 . Memory (MB): peak = 1875.832 ; gain = 0.000

Phase 3.5 Small Shape Detail Placement
Phase 3.5 Small Shape Detail Placement | Checksum: 1f2b7b485

Time (s): cpu = 00:00:04 ; elapsed = 00:00:04 . Memory (MB): peak = 1875.832 ; gain = 0.000

Phase 3.6 Re-assign LUT pins
Phase 3.6 Re-assign LUT pins | Checksum: 1f2b7b485

Time (s): cpu = 00:00:04 ; elapsed = 00:00:04 . Memory (MB): peak = 1875.832 ; gain = 0.000

Phase 3.7 Pipeline Register Optimization
Phase 3.7 Pipeline Register Optimization | Checksum: 1f2b7b485

Time (s): cpu = 00:00:04 ; elapsed = 00:00:04 . Memory (MB): peak = 1875.832 ; gain = 0.000
Phase 3 Detail Placement | Checksum: 1f2b7b485

Time (s): cpu = 00:00:04 ; elapsed = 00:00:04 . Memory (MB): peak = 1875.832 ; gain = 0.000

Phase 4 Post Placement Optimization and Clean-Up

Phase 4.1 Post Commit Optimization
Phase 4.1 Post Commit Optimization | Checksum: 1f2b7b485

Time (s): cpu = 00:00:04 ; elapsed = 00:00:04 . Memory (MB): peak = 1875.832 ; gain = 0.000

Phase 4.2 Post Placement Cleanup
Phase 4.2 Post Placement Cleanup | Checksum: 1f2b7b485

Time (s): cpu = 00:00:04 ; elapsed = 00:00:04 . Memory (MB): peak = 1875.832 ; gain = 0.000

Phase 4.3 Placer Reporting

Phase 4.3.1 Print Estimated Congestion
INFO: [Place 30-612] Post-Placement Estimated Congestion 
 ____________________________________________________
|           | Global Congestion | Short Congestion  |
| Direction | Region Size       | Region Size       |
|___________|___________________|___________________|
|      North|                1x1|                1x1|
|___________|___________________|___________________|
|      South|                1x1|                1x1|
|___________|___________________|___________________|
|       East|                1x1|                1x1|
|___________|___________________|___________________|
|       West|                1x1|                1x1|
|___________|___________________|___________________|

Phase 4.3.1 Print Estimated Congestion | Checksum: 1f2b7b485

Time (s): cpu = 00:00:04 ; elapsed = 00:00:04 . Memory (MB): peak = 1875.832 ; gain = 0.000
Phase 4.3 Placer Reporting | Checksum: 1f2b7b485

Time (s): cpu = 00:00:04 ; elapsed = 00:00:04 . Memory (MB): peak = 1875.832 ; gain = 0.000

Phase 4.4 Final Placement Cleanup
Netlist sorting complete. Time (s): cpu = 00:00:00 ; elapsed = 00:00:00 . Memory (MB): peak = 1875.832 ; gain = 0.000

Time (s): cpu = 00:00:04 ; elapsed = 00:00:04 . Memory (MB): peak = 1875.832 ; gain = 0.000
Phase 4 Post Placement Optimization and Clean-Up | Checksum: 2453af324

Time (s): cpu = 00:00:04 ; elapsed = 00:00:04 . Memory (MB): peak = 1875.832 ; gain = 0.000
Ending Placer Task | Checksum: 16222e129

Time (s): cpu = 00:00:04 ; elapsed = 00:00:04 . Memory (MB): peak = 1875.832 ; gain = 0.000
INFO: [Common 17-83] Releasing license: Implementation
42 Infos, 1 Warnings, 0 Critical Warnings and 0 Errors encountered.
place_design completed successfully
place_design: Time (s): cpu = 00:00:06 ; elapsed = 00:00:05 . Memory (MB): peak = 1875.832 ; gain = 0.000
Writing XDEF routing.
Writing XDEF routing logical nets.
Writing XDEF routing special nets.
Write XDEF Complete: Time (s): cpu = 00:00:01 ; elapsed = 00:00:00.255 . Memory (MB): peak = 1875.832 ; gain = 0.000
INFO: [Common 17-1381] The checkpoint 'C:/Users/narsi/Desktop/projects/Project_BUG/f_fir/f_fir_meta/f_fir_meta_D/f_fir_meta_/f_fir_meta_bug.runs/impl_1/f_fir_meta_placed.dcp' has been generated.
INFO: [runtcl-4] Executing : report_io -file f_fir_meta_io_placed.rpt
report_io: Time (s): cpu = 00:00:00 ; elapsed = 00:00:00.130 . Memory (MB): peak = 1875.832 ; gain = 0.000
INFO: [runtcl-4] Executing : report_utilization -file f_fir_meta_utilization_placed.rpt -pb f_fir_meta_utilization_placed.pb
INFO: [runtcl-4] Executing : report_control_sets -verbose -file f_fir_meta_control_sets_placed.rpt
report_control_sets: Time (s): cpu = 00:00:00 ; elapsed = 00:00:00.004 . Memory (MB): peak = 1875.832 ; gain = 0.000
Command: phys_opt_design
Attempting to get a license for feature 'Implementation' and/or device 'xc7z020'
INFO: [Common 17-349] Got license for feature 'Implementation' and/or device 'xc7z020'

Starting Initial Update Timing Task

Time (s): cpu = 00:00:00 ; elapsed = 00:00:00.085 . Memory (MB): peak = 1884.738 ; gain = 8.906
INFO: [Vivado_Tcl 4-235] No timing constraint found. The netlist was not modified.
INFO: [Common 17-83] Releasing license: Implementation
49 Infos, 1 Warnings, 0 Critical Warnings and 0 Errors encountered.
phys_opt_design completed successfully
Writing XDEF routing.
Writing XDEF routing logical nets.
Writing XDEF routing special nets.
Write XDEF Complete: Time (s): cpu = 00:00:00 ; elapsed = 00:00:00.194 . Memory (MB): peak = 1902.586 ; gain = 14.875
INFO: [Common 17-1381] The checkpoint 'C:/Users/narsi/Desktop/projects/Project_BUG/f_fir/f_fir_meta/f_fir_meta_D/f_fir_meta_/f_fir_meta_bug.runs/impl_1/f_fir_meta_physopt.dcp' has been generated.
Command: route_design
Attempting to get a license for feature 'Implementation' and/or device 'xc7z020'
INFO: [Common 17-349] Got license for feature 'Implementation' and/or device 'xc7z020'
Running DRC as a precondition to command route_design
INFO: [DRC 23-27] Running DRC with 2 threads
INFO: [Vivado_Tcl 4-198] DRC finished with 0 Errors
INFO: [Vivado_Tcl 4-199] Please refer to the DRC report (report_drc) for more information.


Starting Routing Task
INFO: [Route 35-254] Multithreading enabled for route_design using a maximum of 2 CPUs

Phase 1 Build RT Design
Checksum: PlaceDB: df4e8ddb ConstDB: 0 ShapeSum: 82d4534e RouteDB: 0
Post Restoration Checksum: NetGraph: 861c6fbf NumContArr: 981c7023 Constraints: 0 Timing: 0
Phase 1 Build RT Design | Checksum: 11e38dfe2

Time (s): cpu = 00:00:41 ; elapsed = 00:00:38 . Memory (MB): peak = 2002.203 ; gain = 90.477

Phase 2 Router Initialization
INFO: [Route 35-64] No timing constraints were detected. The router will operate in resource-optimization mode.

Phase 2.1 Fix Topology Constraints
Phase 2.1 Fix Topology Constraints | Checksum: 11e38dfe2

Time (s): cpu = 00:00:41 ; elapsed = 00:00:38 . Memory (MB): peak = 2008.855 ; gain = 97.129

Phase 2.2 Pre Route Cleanup
Phase 2.2 Pre Route Cleanup | Checksum: 11e38dfe2

Time (s): cpu = 00:00:41 ; elapsed = 00:00:38 . Memory (MB): peak = 2008.855 ; gain = 97.129
 Number of Nodes with overlaps = 0

Router Utilization Summary
  Global Vertical Routing Utilization    = 0 %
  Global Horizontal Routing Utilization  = 0 %
  Routable Net Status*
  *Does not include unroutable nets such as driverless and loadless.
  Run report_route_status for detailed report.
  Number of Failed Nets               = 1568
    (Failed Nets is the sum of unrouted and partially routed nets)
  Number of Unrouted Nets             = 1567
  Number of Partially Routed Nets     = 1
  Number of Node Overlaps             = 0

Phase 2 Router Initialization | Checksum: 41ed994e

Time (s): cpu = 00:00:42 ; elapsed = 00:00:38 . Memory (MB): peak = 2029.281 ; gain = 117.555

Phase 3 Initial Routing

Phase 3.1 Global Routing
Phase 3.1 Global Routing | Checksum: 41ed994e

Time (s): cpu = 00:00:42 ; elapsed = 00:00:38 . Memory (MB): peak = 2029.281 ; gain = 117.555
Phase 3 Initial Routing | Checksum: 10a94ebf2

Time (s): cpu = 00:00:43 ; elapsed = 00:00:39 . Memory (MB): peak = 2029.281 ; gain = 117.555

Phase 4 Rip-up And Reroute

Phase 4.1 Global Iteration 0
 Number of Nodes with overlaps = 0
Phase 4.1 Global Iteration 0 | Checksum: 115433b4d

Time (s): cpu = 00:00:43 ; elapsed = 00:00:39 . Memory (MB): peak = 2029.281 ; gain = 117.555
Phase 4 Rip-up And Reroute | Checksum: 115433b4d

Time (s): cpu = 00:00:43 ; elapsed = 00:00:39 . Memory (MB): peak = 2029.281 ; gain = 117.555

Phase 5 Delay and Skew Optimization
Phase 5 Delay and Skew Optimization | Checksum: 115433b4d

Time (s): cpu = 00:00:43 ; elapsed = 00:00:39 . Memory (MB): peak = 2029.281 ; gain = 117.555

Phase 6 Post Hold Fix

Phase 6.1 Hold Fix Iter
Phase 6.1 Hold Fix Iter | Checksum: 115433b4d

Time (s): cpu = 00:00:43 ; elapsed = 00:00:39 . Memory (MB): peak = 2029.281 ; gain = 117.555
Phase 6 Post Hold Fix | Checksum: 115433b4d

Time (s): cpu = 00:00:43 ; elapsed = 00:00:39 . Memory (MB): peak = 2029.281 ; gain = 117.555

Phase 7 Route finalize

Router Utilization Summary
  Global Vertical Routing Utilization    = 0.109765 %
  Global Horizontal Routing Utilization  = 0.0768256 %
  Routable Net Status*
  *Does not include unroutable nets such as driverless and loadless.
  Run report_route_status for detailed report.
  Number of Failed Nets               = 0
    (Failed Nets is the sum of unrouted and partially routed nets)
  Number of Unrouted Nets             = 0
  Number of Partially Routed Nets     = 0
  Number of Node Overlaps             = 0

Congestion Report
North Dir 1x1 Area, Max Cong = 36.036%, No Congested Regions.
South Dir 1x1 Area, Max Cong = 16.2162%, No Congested Regions.
East Dir 1x1 Area, Max Cong = 17.6471%, No Congested Regions.
West Dir 1x1 Area, Max Cong = 20.5882%, No Congested Regions.

------------------------------
Reporting congestion hotspots
------------------------------
Direction: North
----------------
Congested clusters found at Level 0
Effective congestion level: 0 Aspect Ratio: 1 Sparse Ratio: 0
Direction: South
----------------
Congested clusters found at Level 0
Effective congestion level: 0 Aspect Ratio: 1 Sparse Ratio: 0
Direction: East
----------------
Congested clusters found at Level 0
Effective congestion level: 0 Aspect Ratio: 1 Sparse Ratio: 0
Direction: West
----------------
Congested clusters found at Level 0
Effective congestion level: 0 Aspect Ratio: 1 Sparse Ratio: 0

Phase 7 Route finalize | Checksum: 115433b4d

Time (s): cpu = 00:00:43 ; elapsed = 00:00:39 . Memory (MB): peak = 2029.281 ; gain = 117.555

Phase 8 Verifying routed nets

 Verification completed successfully
Phase 8 Verifying routed nets | Checksum: 115433b4d

Time (s): cpu = 00:00:43 ; elapsed = 00:00:39 . Memory (MB): peak = 2029.281 ; gain = 117.555

Phase 9 Depositing Routes
Phase 9 Depositing Routes | Checksum: 7a16e29a

Time (s): cpu = 00:00:43 ; elapsed = 00:00:39 . Memory (MB): peak = 2029.281 ; gain = 117.555
INFO: [Route 35-16] Router Completed Successfully

Time (s): cpu = 00:00:43 ; elapsed = 00:00:39 . Memory (MB): peak = 2029.281 ; gain = 117.555

Routing Is Done.
INFO: [Common 17-83] Releasing license: Implementation
58 Infos, 1 Warnings, 0 Critical Warnings and 0 Errors encountered.
route_design completed successfully
route_design: Time (s): cpu = 00:00:45 ; elapsed = 00:00:40 . Memory (MB): peak = 2029.281 ; gain = 126.695
Writing XDEF routing.
Writing XDEF routing logical nets.
Writing XDEF routing special nets.
Write XDEF Complete: Time (s): cpu = 00:00:00 ; elapsed = 00:00:00.174 . Memory (MB): peak = 2037.750 ; gain = 8.469
INFO: [Common 17-1381] The checkpoint 'C:/Users/narsi/Desktop/projects/Project_BUG/f_fir/f_fir_meta/f_fir_meta_D/f_fir_meta_/f_fir_meta_bug.runs/impl_1/f_fir_meta_routed.dcp' has been generated.
INFO: [runtcl-4] Executing : report_drc -file f_fir_meta_drc_routed.rpt -pb f_fir_meta_drc_routed.pb -rpx f_fir_meta_drc_routed.rpx
Command: report_drc -file f_fir_meta_drc_routed.rpt -pb f_fir_meta_drc_routed.pb -rpx f_fir_meta_drc_routed.rpx
INFO: [IP_Flow 19-1839] IP Catalog is up to date.
INFO: [DRC 23-27] Running DRC with 2 threads
INFO: [Vivado_Tcl 2-168] The results of DRC are in file C:/Users/narsi/Desktop/projects/Project_BUG/f_fir/f_fir_meta/f_fir_meta_D/f_fir_meta_/f_fir_meta_bug.runs/impl_1/f_fir_meta_drc_routed.rpt.
report_drc completed successfully
INFO: [runtcl-4] Executing : report_methodology -file f_fir_meta_methodology_drc_routed.rpt -pb f_fir_meta_methodology_drc_routed.pb -rpx f_fir_meta_methodology_drc_routed.rpx
Command: report_methodology -file f_fir_meta_methodology_drc_routed.rpt -pb f_fir_meta_methodology_drc_routed.pb -rpx f_fir_meta_methodology_drc_routed.rpx
INFO: [Timing 38-35] Done setting XDC timing constraints.
INFO: [DRC 23-133] Running Methodology with 2 threads
INFO: [Vivado_Tcl 2-1520] The results of Report Methodology are in file C:/Users/narsi/Desktop/projects/Project_BUG/f_fir/f_fir_meta/f_fir_meta_D/f_fir_meta_/f_fir_meta_bug.runs/impl_1/f_fir_meta_methodology_drc_routed.rpt.
report_methodology completed successfully
INFO: [runtcl-4] Executing : report_power -file f_fir_meta_power_routed.rpt -pb f_fir_meta_power_summary_routed.pb -rpx f_fir_meta_power_routed.rpx
Command: report_power -file f_fir_meta_power_routed.rpt -pb f_fir_meta_power_summary_routed.pb -rpx f_fir_meta_power_routed.rpx
INFO: [Timing 38-35] Done setting XDC timing constraints.
WARNING: [Power 33-232] No user defined clocks were found in the design! Power estimation will be inaccurate until this is corrected.
Resolution: Please specify clocks using create_clock/create_generated_clock for sequential elements. For pure combinatorial circuits, please specify a virtual clock, otherwise the vectorless estimation might be inaccurate
Running Vector-less Activity Propagation...

Finished Running Vector-less Activity Propagation
69 Infos, 2 Warnings, 0 Critical Warnings and 0 Errors encountered.
report_power completed successfully
INFO: [runtcl-4] Executing : report_route_status -file f_fir_meta_route_status.rpt -pb f_fir_meta_route_status.pb
INFO: [runtcl-4] Executing : report_timing_summary -max_paths 10 -report_unconstrained -file f_fir_meta_timing_summary_routed.rpt -pb f_fir_meta_timing_summary_routed.pb -rpx f_fir_meta_timing_summary_routed.rpx -warn_on_violation 
INFO: [Timing 38-91] UpdateTimingParams: Speed grade: -1, Delay Type: min_max.
INFO: [Timing 38-191] Multithreading enabled for timing update using a maximum of 2 CPUs
WARNING: [Timing 38-313] There are no user specified timing constraints. Timing constraints are needed for proper timing analysis.
INFO: [runtcl-4] Executing : report_incremental_reuse -file f_fir_meta_incremental_reuse_routed.rpt
INFO: [Vivado_Tcl 4-1062] Incremental flow is disabled. No incremental reuse Info to report.
INFO: [runtcl-4] Executing : report_clock_utilization -file f_fir_meta_clock_utilization_routed.rpt
INFO: [runtcl-4] Executing : report_bus_skew -warn_on_violation -file f_fir_meta_bus_skew_routed.rpt -pb f_fir_meta_bus_skew_routed.pb -rpx f_fir_meta_bus_skew_routed.rpx
INFO: [Timing 38-91] UpdateTimingParams: Speed grade: -1, Delay Type: min_max.
INFO: [Timing 38-191] Multithreading enabled for timing update using a maximum of 2 CPUs
INFO: [Common 17-206] Exiting Vivado at Fri Mar 20 13:03:04 2026...
[Fri Mar 20 13:03:10 2026] impl_1 finished
wait_on_runs: Time (s): cpu = 00:00:00 ; elapsed = 00:01:57 . Memory (MB): peak = 980.152 ; gain = 0.000
# open_run impl_1
Netlist sorting complete. Time (s): cpu = 00:00:00 ; elapsed = 00:00:00.007 . Memory (MB): peak = 980.949 ; gain = 0.000
INFO: [Netlist 29-17] Analyzing 32 Unisim elements for replacement
INFO: [Netlist 29-28] Unisim Transformation completed in 0 CPU seconds
INFO: [Project 1-479] Netlist was created with Vivado 2022.2
INFO: [Project 1-570] Preparing netlist for logic optimization
Reading XDEF placement.
Reading placer database...
Reading XDEF routing.
Read XDEF Files: Time (s): cpu = 00:00:00 ; elapsed = 00:00:00.455 . Memory (MB): peak = 1097.301 ; gain = 24.902
Restored from archive | CPU: 1.000000 secs | Memory: 0.000000 MB |
Finished XDEF File Restore: Time (s): cpu = 00:00:00 ; elapsed = 00:00:00.457 . Memory (MB): peak = 1097.301 ; gain = 24.902
Netlist sorting complete. Time (s): cpu = 00:00:00 ; elapsed = 00:00:00 . Memory (MB): peak = 1485.074 ; gain = 0.000
INFO: [Project 1-111] Unisim Transformation Summary:
No Unisim elements were transformed.

open_run: Time (s): cpu = 00:00:04 ; elapsed = 00:00:05 . Memory (MB): peak = 1485.074 ; gain = 504.922
# report_utilization    -file [file join $build_dir utilization.rpt]
# report_timing_summary -file [file join $build_dir timing_summary.rpt]
INFO: [Timing 38-35] Done setting XDC timing constraints.
INFO: [Timing 38-91] UpdateTimingParams: Speed grade: -1, Delay Type: min_max.
INFO: [Timing 38-191] Multithreading enabled for timing update using a maximum of 2 CPUs
report_timing_summary: Time (s): cpu = 00:00:09 ; elapsed = 00:00:09 . Memory (MB): peak = 1658.746 ; gain = 173.672
# set sim_log [file join $build_dir sim.log]
# if {$run_sim} {
#   launch_simulation -simset sim_1 -mode behavioral
#   log_wave -recursive *
#   run all
#   catch { write_waveform -file [file join $build_dir waveform.wdb] }
#   if {[file exists "vivado.log"]} {
#     file copy -force "vivado.log" $sim_log
#   } else {
#     # create empty log
#     set fd [open $sim_log w]; puts $fd "No vivado.log"; close $fd
#   }
# } else {
#   # no sim run
#   set fd [open $sim_log w]; puts $fd "Simulation not run (no TB)"; close $fd
# }
Command: launch_simulation  -simset sim_1 -mode behavioral
INFO: [Vivado 12-12493] Simulation top is 'f_fir_meta_tb'
WARNING: [Vivado 12-13340] Unable to auto find GCC executables from simulator install path! (path not set)
WARNING: [Vivado 12-13277] Compiled library path does not exist: ''
INFO: [Vivado 12-5682] Launching behavioral simulation in 'C:/Users/narsi/Desktop/projects/Project_BUG/f_fir/f_fir_meta/f_fir_meta_D/f_fir_meta_/f_fir_meta_bug.sim/sim_1/behav/xsim'
INFO: [SIM-utils-51] Simulation object is 'sim_1'
INFO: [SIM-utils-72] Using boost library from 'C:/Xilinx/Vivado/2022.2/tps/boost_1_72_0'
INFO: [SIM-utils-54] Inspecting design source files for 'f_fir_meta_tb' in fileset 'sim_1'...
INFO: [USF-XSim-97] Finding global include files...
INFO: [USF-XSim-98] Fetching design files from 'sim_1'...
INFO: [USF-XSim-2] XSim::Compile design
INFO: [USF-XSim-61] Executing 'COMPILE and ANALYZE' step in 'C:/Users/narsi/Desktop/projects/Project_BUG/f_fir/f_fir_meta/f_fir_meta_D/f_fir_meta_/f_fir_meta_bug.sim/sim_1/behav/xsim'
"xvhdl --incr --relax -prj f_fir_meta_tb_vhdl.prj"
INFO: [VRFC 10-163] Analyzing VHDL file "C:/Users/narsi/Desktop/projects/Project_BUG/f_fir/f_fir_meta/f_fir_meta_D/rtl/FIR_FILTER.vhd" into library xil_defaultlib
INFO: [VRFC 10-3107] analyzing entity 'FIR_Filter'
INFO: [VRFC 10-163] Analyzing VHDL file "C:/Users/narsi/Desktop/projects/Project_BUG/f_fir/f_fir_meta/f_fir_meta_D/rtl/fifo.vhd" into library xil_defaultlib
INFO: [VRFC 10-3107] analyzing entity 'fifo'
INFO: [VRFC 10-163] Analyzing VHDL file "C:/Users/narsi/Desktop/projects/Project_BUG/f_fir/f_fir_meta/f_fir_meta_D/rtl/f_fir_meta.vhd" into library xil_defaultlib
INFO: [VRFC 10-3107] analyzing entity 'f_fir_meta'
INFO: [VRFC 10-163] Analyzing VHDL file "C:/Users/narsi/Desktop/projects/Project_BUG/f_fir/f_fir_meta/f_fir_meta_D/tb/f_fir_meta_tb.vhd" into library xil_defaultlib
INFO: [VRFC 10-3107] analyzing entity 'f_fir_meta_tb'
INFO: [USF-XSim-69] 'compile' step finished in '2' seconds
INFO: [USF-XSim-3] XSim::Elaborate design
INFO: [USF-XSim-61] Executing 'ELABORATE' step in 'C:/Users/narsi/Desktop/projects/Project_BUG/f_fir/f_fir_meta/f_fir_meta_D/f_fir_meta_/f_fir_meta_bug.sim/sim_1/behav/xsim'
"xelab --incr --debug typical --relax --mt 2 -L xil_defaultlib -L secureip --snapshot f_fir_meta_tb_behav xil_defaultlib.f_fir_meta_tb -log elaborate.log"
Vivado Simulator v2022.2
Copyright 1986-1999, 2001-2022 Xilinx, Inc. All Rights Reserved.
Running: C:/Xilinx/Vivado/2022.2/bin/unwrapped/win64.o/xelab.exe --incr --debug typical --relax --mt 2 -L xil_defaultlib -L secureip --snapshot f_fir_meta_tb_behav xil_defaultlib.f_fir_meta_tb -log elaborate.log 
Using 2 slave threads.
Starting static elaboration
Completed static elaboration
Starting simulation data flow analysis
Completed simulation data flow analysis
Time Resolution for simulation is 1ps
Compiling package std.standard
Compiling package std.textio
Compiling package ieee.std_logic_1164
Compiling package ieee.numeric_std
Compiling package std.env
Compiling architecture behavioral of entity xil_defaultlib.fifo [fifo_default]
Compiling architecture behavioral of entity xil_defaultlib.FIR_Filter [fir_filter_default]
Compiling architecture behavioral of entity xil_defaultlib.f_fir_meta [f_fir_meta_default]
Compiling architecture behavioral of entity xil_defaultlib.f_fir_meta_tb
Built simulation snapshot f_fir_meta_tb_behav
INFO: [USF-XSim-69] 'elaborate' step finished in '4' seconds
INFO: [USF-XSim-4] XSim::Simulate design
INFO: [USF-XSim-61] Executing 'SIMULATE' step in 'C:/Users/narsi/Desktop/projects/Project_BUG/f_fir/f_fir_meta/f_fir_meta_D/f_fir_meta_/f_fir_meta_bug.sim/sim_1/behav/xsim'
INFO: [USF-XSim-98] *** Running xsim
   with args "f_fir_meta_tb_behav -key {Behavioral:sim_1:Functional:f_fir_meta_tb} -tclbatch {f_fir_meta_tb.tcl} -log {simulate.log}"
INFO: [USF-XSim-8] Loading simulator feature
Time resolution is 1 ps
source f_fir_meta_tb.tcl
## current_wave_config
Error: ERROR: Write attempted while FIFO FULL
Time: 385 ns  Iteration: 1  Process: /f_fir_meta_tb/stimulus  File: C:/Users/narsi/Desktop/projects/Project_BUG/f_fir/f_fir_meta/f_fir_meta_D/tb/f_fir_meta_tb.vhd
Warning: WARNING: METASTABILITY
Time: 575 ns  Iteration: 0  Process: /f_fir_meta_tb/stimulus  File: C:/Users/narsi/Desktop/projects/Project_BUG/f_fir/f_fir_meta/f_fir_meta_D/tb/f_fir_meta_tb.vhd
Note: Simulation completed successfully.
Time: 575 ns  Iteration: 0  Process: /f_fir_meta_tb/stimulus  File: C:/Users/narsi/Desktop/projects/Project_BUG/f_fir/f_fir_meta/f_fir_meta_D/tb/f_fir_meta_tb.vhd
$stop called at time : 575 ns : File "C:/Users/narsi/Desktop/projects/Project_BUG/f_fir/f_fir_meta/f_fir_meta_D/tb/f_fir_meta_tb.vhd" Line 190
INFO: [USF-XSim-96] XSim completed. Design snapshot 'f_fir_meta_tb_behav' loaded.
INFO: [USF-XSim-97] XSim simulation ran for 1000ns
launch_simulation: Time (s): cpu = 00:00:00 ; elapsed = 00:00:09 . Memory (MB): peak = 1669.969 ; gain = 11.223
WARNING: [Simtcl 6-197] One or more HDL objects could not be logged because of object type or size limitations.  To see details please rerun the command with -verbose (-v).
Error: ERROR: fifo_empty should be 1 during reset
Time: 575 ns  Iteration: 1  Process: /f_fir_meta_tb/stimulus  File: C:/Users/narsi/Desktop/projects/Project_BUG/f_fir/f_fir_meta/f_fir_meta_D/tb/f_fir_meta_tb.vhd
Error: ERROR: Write attempted while FIFO FULL
Time: 955 ns  Iteration: 1  Process: /f_fir_meta_tb/stimulus  File: C:/Users/narsi/Desktop/projects/Project_BUG/f_fir/f_fir_meta/f_fir_meta_D/tb/f_fir_meta_tb.vhd
Warning: WARNING: METASTABILITY
Time: 1145 ns  Iteration: 0  Process: /f_fir_meta_tb/stimulus  File: C:/Users/narsi/Desktop/projects/Project_BUG/f_fir/f_fir_meta/f_fir_meta_D/tb/f_fir_meta_tb.vhd
Note: Simulation completed successfully.
Time: 1145 ns  Iteration: 0  Process: /f_fir_meta_tb/stimulus  File: C:/Users/narsi/Desktop/projects/Project_BUG/f_fir/f_fir_meta/f_fir_meta_D/tb/f_fir_meta_tb.vhd
$stop called at time : 1145 ns : File "C:/Users/narsi/Desktop/projects/Project_BUG/f_fir/f_fir_meta/f_fir_meta_D/tb/f_fir_meta_tb.vhd" Line 190
