#-----------------------------------------------------------
# Vivado v2022.2 (64-bit)
# SW Build 3671981 on Fri Oct 14 05:00:03 MDT 2022
# IP Build 3669848 on Fri Oct 14 08:30:02 MDT 2022
# Start of session at: Tue Apr  7 21:37:40 2026
# Process ID: 31212
# Current directory: C:/Users/narsi/Desktop/projects/Project_BUG/fsm_uart/fsm_uart_wfsm
# Command line: vivado.exe -mode batch -source build.tcl
# Log file: C:/Users/narsi/Desktop/projects/Project_BUG/fsm_uart/fsm_uart_wfsm/vivado.log
# Journal file: C:/Users/narsi/Desktop/projects/Project_BUG/fsm_uart/fsm_uart_wfsm\vivado.jou
# Running On: Milan, OS: Windows, CPU Frequency: 1797 MHz, CPU Physical cores: 16, Host memory: 6297 MB
#-----------------------------------------------------------
source build.tcl
# set main_project_name "fsm_uart_wfsm_D"
# set proj_name   "fsm_uart_wfsm_bug"
# set proj_dir    "./$main_project_name/fsm_uart_wfsm_"
# set build_dir   "./$main_project_name/build"
# set part        "xc7z020clg484-1"
# set rtl_glob    "./$main_project_name/rtl/*.vhd"
# set tb_glob     "./$main_project_name/tb/*_tb.vhd"
# set xdc_glob    "./constraints/*.xdc"
# set rtl_top_e   "fsm_uart_wfsm"
# set tb_top_e   "fsm_uart_wfsm_tb"
# set rtl_top     "./$main_project_name/rtl"
# set tb_top      "./$main_project_name/tb"
# set vivado_tool "Vivado 2022.2"
# set rtl_dir     "./rtl"
# set tb_dir      "./tb"
# set src_dir [glob -type d ./*.srcs]
# set full_src_rtl "$src_dir/sources_1/new"
# set full_src_tb "$src_dir/sim_1/new"
# catch {file mkdir $main_project_name}
# if {[file exists $build_dir]} {
#     puts "Cleaning build directory: $build_dir"
#     file delete -force $build_dir
# }
# file mkdir $build_dir
# catch { exec cmd.exe /c robocopy "./" "./$main_project_name" build.tcl run_case.dat } result
# if {![file exists $tb_top]} {
# catch {file mkdir $rtl_top}
# catch {file mkdir $tb_top}
# catch { exec cmd.exe /c robocopy "$full_src_tb" "$tb_top" /E } result
# catch { exec cmd.exe /c robocopy "$full_src_rtl" "$rtl_top" /E } result
# }
# create_project $proj_name $proj_dir -part $part -force
INFO: [ProjectBase 1-489] The host OS only allows 260 characters in a normal path. The project is stored in a path with more than 80 characters. If you experience issues with IP, Block Designs, or files not being found, please consider moving the project to a location with a shorter path. Alternately consider using the OS subst command to map part of the path to a drive letter.
Current project path is 'C:/Users/narsi/Desktop/projects/Project_BUG/fsm_uart/fsm_uart_wfsm/fsm_uart_wfsm_D/fsm_uart_wfsm_'
create_project: Time (s): cpu = 00:00:07 ; elapsed = 00:00:10 . Memory (MB): peak = 430.594 ; gain = 103.285
# foreach f [glob -nocomplain $rtl_glob] {
#   add_files $f
# }
# set_property top $rtl_top_e [current_fileset]
# update_compile_order -fileset sources_1
# set tb_list [glob -nocomplain $tb_glob]
# set run_sim 0
# if {[llength $tb_list] > 0} {
#   set run_sim 1
#   foreach f $tb_list {
#     add_files -fileset sim_1 $f
#   }
#   catch { set_property top $tb_top_e [get_filesets sim_1] }
#   update_compile_order -fileset sim_1
# }
# set sim_log [file join $build_dir sim.log]
# if {$run_sim} {
#   launch_simulation -simset sim_1 -mode behavioral
#   log_wave -recursive *
#   run all
#   catch { write_waveform -file [file join $build_dir waveform.wdb] }
#   if {[file exists "vivado.log"]} {
#     file copy -force "vivado.log" $sim_log
#   } else {
#     # create empty log
#     set fd [open $sim_log w]; puts $fd "No vivado.log"; close $fd
#   }
# } else {
#   # no sim run
#   set fd [open $sim_log w]; puts $fd "Simulation not run (no TB)"; close $fd
# }
Command: launch_simulation  -simset sim_1 -mode behavioral
INFO: [Vivado 12-12493] Simulation top is 'fsm_uart_wfsm_tb'
WARNING: [Vivado 12-13340] Unable to auto find GCC executables from simulator install path! (path not set)
WARNING: [Vivado 12-13277] Compiled library path does not exist: ''
INFO: [Vivado 12-5682] Launching behavioral simulation in 'C:/Users/narsi/Desktop/projects/Project_BUG/fsm_uart/fsm_uart_wfsm/fsm_uart_wfsm_D/fsm_uart_wfsm_/fsm_uart_wfsm_bug.sim/sim_1/behav/xsim'
INFO: [SIM-utils-51] Simulation object is 'sim_1'
INFO: [SIM-utils-72] Using boost library from 'C:/Xilinx/Vivado/2022.2/tps/boost_1_72_0'
INFO: [SIM-utils-54] Inspecting design source files for 'fsm_uart_wfsm_tb' in fileset 'sim_1'...
INFO: [USF-XSim-97] Finding global include files...
INFO: [USF-XSim-98] Fetching design files from 'sim_1'...
INFO: [USF-XSim-2] XSim::Compile design
INFO: [USF-XSim-61] Executing 'COMPILE and ANALYZE' step in 'C:/Users/narsi/Desktop/projects/Project_BUG/fsm_uart/fsm_uart_wfsm/fsm_uart_wfsm_D/fsm_uart_wfsm_/fsm_uart_wfsm_bug.sim/sim_1/behav/xsim'
"xvhdl --incr --relax -prj fsm_uart_wfsm_tb_vhdl.prj"
INFO: [VRFC 10-163] Analyzing VHDL file "C:/Users/narsi/Desktop/projects/Project_BUG/fsm_uart/fsm_uart_wfsm/fsm_uart_wfsm_D/rtl/fsm_uart_wfsm.vhd" into library xil_defaultlib
INFO: [VRFC 10-3107] analyzing entity 'fsm_uart_wfsm'
INFO: [VRFC 10-163] Analyzing VHDL file "C:/Users/narsi/Desktop/projects/Project_BUG/fsm_uart/fsm_uart_wfsm/fsm_uart_wfsm_D/tb/fsm_uart_wfsm_tb.vhd" into library xil_defaultlib
INFO: [VRFC 10-3107] analyzing entity 'fsm_uart_wfsm_tb'
INFO: [USF-XSim-69] 'compile' step finished in '2' seconds
INFO: [USF-XSim-3] XSim::Elaborate design
INFO: [USF-XSim-61] Executing 'ELABORATE' step in 'C:/Users/narsi/Desktop/projects/Project_BUG/fsm_uart/fsm_uart_wfsm/fsm_uart_wfsm_D/fsm_uart_wfsm_/fsm_uart_wfsm_bug.sim/sim_1/behav/xsim'
"xelab --incr --debug typical --relax --mt 2 -L xil_defaultlib -L secureip --snapshot fsm_uart_wfsm_tb_behav xil_defaultlib.fsm_uart_wfsm_tb -log elaborate.log"
Vivado Simulator v2022.2
Copyright 1986-1999, 2001-2022 Xilinx, Inc. All Rights Reserved.
Running: C:/Xilinx/Vivado/2022.2/bin/unwrapped/win64.o/xelab.exe --incr --debug typical --relax --mt 2 -L xil_defaultlib -L secureip --snapshot fsm_uart_wfsm_tb_behav xil_defaultlib.fsm_uart_wfsm_tb -log elaborate.log 
Using 2 slave threads.
Starting static elaboration
Completed static elaboration
Starting simulation data flow analysis
Completed simulation data flow analysis
Time Resolution for simulation is 1ps
Compiling package std.standard
Compiling package std.textio
Compiling package ieee.std_logic_1164
Compiling package ieee.numeric_std
Compiling package std.env
Compiling architecture behavioral of entity xil_defaultlib.fsm_uart_wfsm [fsm_uart_wfsm_default]
Compiling architecture behavioral of entity xil_defaultlib.fsm_uart_wfsm_tb
Built simulation snapshot fsm_uart_wfsm_tb_behav
INFO: [USF-XSim-69] 'elaborate' step finished in '2' seconds
INFO: [USF-XSim-4] XSim::Simulate design
INFO: [USF-XSim-61] Executing 'SIMULATE' step in 'C:/Users/narsi/Desktop/projects/Project_BUG/fsm_uart/fsm_uart_wfsm/fsm_uart_wfsm_D/fsm_uart_wfsm_/fsm_uart_wfsm_bug.sim/sim_1/behav/xsim'
INFO: [USF-XSim-98] *** Running xsim
   with args "fsm_uart_wfsm_tb_behav -key {Behavioral:sim_1:Functional:fsm_uart_wfsm_tb} -tclbatch {fsm_uart_wfsm_tb.tcl} -log {simulate.log}"
INFO: [USF-XSim-8] Loading simulator feature
Time resolution is 1 ps
source fsm_uart_wfsm_tb.tcl
## current_wave_config
Note: Cycle=0 | FSM_TX='U' | CG_TX='U' | META_TX='U'
Time: 5 ns  Iteration: 1  Process: /fsm_uart_wfsm_tb/monitor_proc  File: C:/Users/narsi/Desktop/projects/Project_BUG/fsm_uart/fsm_uart_wfsm/fsm_uart_wfsm_D/tb/fsm_uart_wfsm_tb.vhd
Note: Cycle=0 | FSM_TX='U' | CG_TX='U' | META_TX='1'
Time: 15 ns  Iteration: 1  Process: /fsm_uart_wfsm_tb/monitor_proc  File: C:/Users/narsi/Desktop/projects/Project_BUG/fsm_uart/fsm_uart_wfsm/fsm_uart_wfsm_D/tb/fsm_uart_wfsm_tb.vhd
Note: Cycle=0 | FSM_TX='U' | CG_TX='U' | META_TX='1'
Time: 25 ns  Iteration: 1  Process: /fsm_uart_wfsm_tb/monitor_proc  File: C:/Users/narsi/Desktop/projects/Project_BUG/fsm_uart/fsm_uart_wfsm/fsm_uart_wfsm_D/tb/fsm_uart_wfsm_tb.vhd
Note: Cycle=0 | FSM_TX='U' | CG_TX='U' | META_TX='1'
Time: 35 ns  Iteration: 1  Process: /fsm_uart_wfsm_tb/monitor_proc  File: C:/Users/narsi/Desktop/projects/Project_BUG/fsm_uart/fsm_uart_wfsm/fsm_uart_wfsm_D/tb/fsm_uart_wfsm_tb.vhd
Note: Cycle=0 | FSM_TX='U' | CG_TX='U' | META_TX='1'
Time: 45 ns  Iteration: 1  Process: /fsm_uart_wfsm_tb/monitor_proc  File: C:/Users/narsi/Desktop/projects/Project_BUG/fsm_uart/fsm_uart_wfsm/fsm_uart_wfsm_D/tb/fsm_uart_wfsm_tb.vhd
Note: Cycle=0 | FSM_TX='U' | CG_TX='U' | META_TX='1'
Time: 55 ns  Iteration: 1  Process: /fsm_uart_wfsm_tb/monitor_proc  File: C:/Users/narsi/Desktop/projects/Project_BUG/fsm_uart/fsm_uart_wfsm/fsm_uart_wfsm_D/tb/fsm_uart_wfsm_tb.vhd
Note: Cycle=0 | FSM_TX='U' | CG_TX='U' | META_TX='1'
Time: 65 ns  Iteration: 1  Process: /fsm_uart_wfsm_tb/monitor_proc  File: C:/Users/narsi/Desktop/projects/Project_BUG/fsm_uart/fsm_uart_wfsm/fsm_uart_wfsm_D/tb/fsm_uart_wfsm_tb.vhd
Note: Cycle=0 | FSM_TX='U' | CG_TX='U' | META_TX='1'
Time: 75 ns  Iteration: 1  Process: /fsm_uart_wfsm_tb/monitor_proc  File: C:/Users/narsi/Desktop/projects/Project_BUG/fsm_uart/fsm_uart_wfsm/fsm_uart_wfsm_D/tb/fsm_uart_wfsm_tb.vhd
Note: Cycle=0 | FSM_TX='U' | CG_TX='U' | META_TX='1'
Time: 85 ns  Iteration: 1  Process: /fsm_uart_wfsm_tb/monitor_proc  File: C:/Users/narsi/Desktop/projects/Project_BUG/fsm_uart/fsm_uart_wfsm/fsm_uart_wfsm_D/tb/fsm_uart_wfsm_tb.vhd
Note: Cycle=0 | FSM_TX='U' | CG_TX='U' | META_TX='1'
Time: 95 ns  Iteration: 1  Process: /fsm_uart_wfsm_tb/monitor_proc  File: C:/Users/narsi/Desktop/projects/Project_BUG/fsm_uart/fsm_uart_wfsm/fsm_uart_wfsm_D/tb/fsm_uart_wfsm_tb.vhd
Note: Cycle=0 | FSM_TX='U' | CG_TX='U' | META_TX='1'
Time: 105 ns  Iteration: 1  Process: /fsm_uart_wfsm_tb/monitor_proc  File: C:/Users/narsi/Desktop/projects/Project_BUG/fsm_uart/fsm_uart_wfsm/fsm_uart_wfsm_D/tb/fsm_uart_wfsm_tb.vhd
Note: Cycle=0 | FSM_TX='U' | CG_TX='U' | META_TX='1'
Time: 115 ns  Iteration: 1  Process: /fsm_uart_wfsm_tb/monitor_proc  File: C:/Users/narsi/Desktop/projects/Project_BUG/fsm_uart/fsm_uart_wfsm/fsm_uart_wfsm_D/tb/fsm_uart_wfsm_tb.vhd
Note: Cycle=0 | FSM_TX='U' | CG_TX='U' | META_TX='0'
Time: 125 ns  Iteration: 1  Process: /fsm_uart_wfsm_tb/monitor_proc  File: C:/Users/narsi/Desktop/projects/Project_BUG/fsm_uart/fsm_uart_wfsm/fsm_uart_wfsm_D/tb/fsm_uart_wfsm_tb.vhd
Note: Cycle=0 | FSM_TX='U' | CG_TX='U' | META_TX='1'
Time: 135 ns  Iteration: 1  Process: /fsm_uart_wfsm_tb/monitor_proc  File: C:/Users/narsi/Desktop/projects/Project_BUG/fsm_uart/fsm_uart_wfsm/fsm_uart_wfsm_D/tb/fsm_uart_wfsm_tb.vhd
Note: Cycle=0 | FSM_TX='U' | CG_TX='U' | META_TX='0'
Time: 145 ns  Iteration: 1  Process: /fsm_uart_wfsm_tb/monitor_proc  File: C:/Users/narsi/Desktop/projects/Project_BUG/fsm_uart/fsm_uart_wfsm/fsm_uart_wfsm_D/tb/fsm_uart_wfsm_tb.vhd
Note: Cycle=0 | FSM_TX='U' | CG_TX='U' | META_TX='1'
Time: 155 ns  Iteration: 1  Process: /fsm_uart_wfsm_tb/monitor_proc  File: C:/Users/narsi/Desktop/projects/Project_BUG/fsm_uart/fsm_uart_wfsm/fsm_uart_wfsm_D/tb/fsm_uart_wfsm_tb.vhd
Note: Cycle=0 | FSM_TX='U' | CG_TX='U' | META_TX='0'
Time: 165 ns  Iteration: 1  Process: /fsm_uart_wfsm_tb/monitor_proc  File: C:/Users/narsi/Desktop/projects/Project_BUG/fsm_uart/fsm_uart_wfsm/fsm_uart_wfsm_D/tb/fsm_uart_wfsm_tb.vhd
Note: Simulation completed successfully.
Time: 170 ns  Iteration: 0  Process: /fsm_uart_wfsm_tb/line__98  File: C:/Users/narsi/Desktop/projects/Project_BUG/fsm_uart/fsm_uart_wfsm/fsm_uart_wfsm_D/tb/fsm_uart_wfsm_tb.vhd
$stop called at time : 170 ns : File "C:/Users/narsi/Desktop/projects/Project_BUG/fsm_uart/fsm_uart_wfsm/fsm_uart_wfsm_D/tb/fsm_uart_wfsm_tb.vhd" Line 120
INFO: [USF-XSim-96] XSim completed. Design snapshot 'fsm_uart_wfsm_tb_behav' loaded.
INFO: [USF-XSim-97] XSim simulation ran for 1000ns
launch_simulation: Time (s): cpu = 00:00:00 ; elapsed = 00:00:06 . Memory (MB): peak = 469.867 ; gain = 39.273
WARNING: [Simtcl 6-55] No matching HDL object or HDL scope found
Note: Cycle=0 | FSM_TX='U' | CG_TX='U' | META_TX='0'
Time: 175 ns  Iteration: 1  Process: /fsm_uart_wfsm_tb/monitor_proc  File: C:/Users/narsi/Desktop/projects/Project_BUG/fsm_uart/fsm_uart_wfsm/fsm_uart_wfsm_D/tb/fsm_uart_wfsm_tb.vhd
Note: Cycle=0 | FSM_TX='U' | CG_TX='U' | META_TX='1'
Time: 185 ns  Iteration: 1  Process: /fsm_uart_wfsm_tb/monitor_proc  File: C:/Users/narsi/Desktop/projects/Project_BUG/fsm_uart/fsm_uart_wfsm/fsm_uart_wfsm_D/tb/fsm_uart_wfsm_tb.vhd
Note: Cycle=0 | FSM_TX='U' | CG_TX='U' | META_TX='1'
Time: 195 ns  Iteration: 1  Process: /fsm_uart_wfsm_tb/monitor_proc  File: C:/Users/narsi/Desktop/projects/Project_BUG/fsm_uart/fsm_uart_wfsm/fsm_uart_wfsm_D/tb/fsm_uart_wfsm_tb.vhd
Note: Cycle=0 | FSM_TX='U' | CG_TX='U' | META_TX='1'
Time: 205 ns  Iteration: 1  Process: /fsm_uart_wfsm_tb/monitor_proc  File: C:/Users/narsi/Desktop/projects/Project_BUG/fsm_uart/fsm_uart_wfsm/fsm_uart_wfsm_D/tb/fsm_uart_wfsm_tb.vhd
Note: Cycle=0 | FSM_TX='U' | CG_TX='U' | META_TX='1'
Time: 215 ns  Iteration: 1  Process: /fsm_uart_wfsm_tb/monitor_proc  File: C:/Users/narsi/Desktop/projects/Project_BUG/fsm_uart/fsm_uart_wfsm/fsm_uart_wfsm_D/tb/fsm_uart_wfsm_tb.vhd
Note: Cycle=0 | FSM_TX='U' | CG_TX='U' | META_TX='1'
Time: 225 ns  Iteration: 1  Process: /fsm_uart_wfsm_tb/monitor_proc  File: C:/Users/narsi/Desktop/projects/Project_BUG/fsm_uart/fsm_uart_wfsm/fsm_uart_wfsm_D/tb/fsm_uart_wfsm_tb.vhd
Note: Cycle=0 | FSM_TX='U' | CG_TX='U' | META_TX='1'
Time: 235 ns  Iteration: 1  Process: /fsm_uart_wfsm_tb/monitor_proc  File: C:/Users/narsi/Desktop/projects/Project_BUG/fsm_uart/fsm_uart_wfsm/fsm_uart_wfsm_D/tb/fsm_uart_wfsm_tb.vhd
Note: Cycle=0 | FSM_TX='U' | CG_TX='U' | META_TX='1'
Time: 245 ns  Iteration: 1  Process: /fsm_uart_wfsm_tb/monitor_proc  File: C:/Users/narsi/Desktop/projects/Project_BUG/fsm_uart/fsm_uart_wfsm/fsm_uart_wfsm_D/tb/fsm_uart_wfsm_tb.vhd
Note: Cycle=0 | FSM_TX='U' | CG_TX='U' | META_TX='1'
Time: 255 ns  Iteration: 1  Process: /fsm_uart_wfsm_tb/monitor_proc  File: C:/Users/narsi/Desktop/projects/Project_BUG/fsm_uart/fsm_uart_wfsm/fsm_uart_wfsm_D/tb/fsm_uart_wfsm_tb.vhd
Note: Cycle=0 | FSM_TX='U' | CG_TX='U' | META_TX='1'
Time: 265 ns  Iteration: 1  Process: /fsm_uart_wfsm_tb/monitor_proc  File: C:/Users/narsi/Desktop/projects/Project_BUG/fsm_uart/fsm_uart_wfsm/fsm_uart_wfsm_D/tb/fsm_uart_wfsm_tb.vhd
Note: Cycle=0 | FSM_TX='U' | CG_TX='U' | META_TX='1'
Time: 275 ns  Iteration: 1  Process: /fsm_uart_wfsm_tb/monitor_proc  File: C:/Users/narsi/Desktop/projects/Project_BUG/fsm_uart/fsm_uart_wfsm/fsm_uart_wfsm_D/tb/fsm_uart_wfsm_tb.vhd
Note: Cycle=0 | FSM_TX='U' | CG_TX='U' | META_TX='1'
Time: 285 ns  Iteration: 1  Process: /fsm_uart_wfsm_tb/monitor_proc  File: C:/Users/narsi/Desktop/projects/Project_BUG/fsm_uart/fsm_uart_wfsm/fsm_uart_wfsm_D/tb/fsm_uart_wfsm_tb.vhd
Note: Cycle=0 | FSM_TX='U' | CG_TX='U' | META_TX='0'
Time: 295 ns  Iteration: 1  Process: /fsm_uart_wfsm_tb/monitor_proc  File: C:/Users/narsi/Desktop/projects/Project_BUG/fsm_uart/fsm_uart_wfsm/fsm_uart_wfsm_D/tb/fsm_uart_wfsm_tb.vhd
Note: Cycle=0 | FSM_TX='U' | CG_TX='U' | META_TX='1'
Time: 305 ns  Iteration: 1  Process: /fsm_uart_wfsm_tb/monitor_proc  File: C:/Users/narsi/Desktop/projects/Project_BUG/fsm_uart/fsm_uart_wfsm/fsm_uart_wfsm_D/tb/fsm_uart_wfsm_tb.vhd
Note: Cycle=0 | FSM_TX='U' | CG_TX='U' | META_TX='0'
Time: 315 ns  Iteration: 1  Process: /fsm_uart_wfsm_tb/monitor_proc  File: C:/Users/narsi/Desktop/projects/Project_BUG/fsm_uart/fsm_uart_wfsm/fsm_uart_wfsm_D/tb/fsm_uart_wfsm_tb.vhd
Note: Cycle=0 | FSM_TX='U' | CG_TX='U' | META_TX='1'
Time: 325 ns  Iteration: 1  Process: /fsm_uart_wfsm_tb/monitor_proc  File: C:/Users/narsi/Desktop/projects/Project_BUG/fsm_uart/fsm_uart_wfsm/fsm_uart_wfsm_D/tb/fsm_uart_wfsm_tb.vhd
Note: Cycle=0 | FSM_TX='U' | CG_TX='U' | META_TX='0'
Time: 335 ns  Iteration: 1  Process: /fsm_uart_wfsm_tb/monitor_proc  File: C:/Users/narsi/Desktop/projects/Project_BUG/fsm_uart/fsm_uart_wfsm/fsm_uart_wfsm_D/tb/fsm_uart_wfsm_tb.vhd
Note: Simulation completed successfully.
Time: 340 ns  Iteration: 0  Process: /fsm_uart_wfsm_tb/line__98  File: C:/Users/narsi/Desktop/projects/Project_BUG/fsm_uart/fsm_uart_wfsm/fsm_uart_wfsm_D/tb/fsm_uart_wfsm_tb.vhd
$stop called at time : 340 ns : File "C:/Users/narsi/Desktop/projects/Project_BUG/fsm_uart/fsm_uart_wfsm/fsm_uart_wfsm_D/tb/fsm_uart_wfsm_tb.vhd" Line 120
