#-----------------------------------------------------------
# Vivado v2022.2 (64-bit)
# SW Build 3671981 on Fri Oct 14 05:00:03 MDT 2022
# IP Build 3669848 on Fri Oct 14 08:30:02 MDT 2022
# Start of session at: Fri Apr  3 10:58:58 2026
# Process ID: 22720
# Current directory: C:/Users/narsi/Desktop/projects/Project_BUG/g_filter/g_filter_meta
# Command line: vivado.exe -mode batch -source build.tcl
# Log file: C:/Users/narsi/Desktop/projects/Project_BUG/g_filter/g_filter_meta/vivado.log
# Journal file: C:/Users/narsi/Desktop/projects/Project_BUG/g_filter/g_filter_meta\vivado.jou
# Running On: Milan, OS: Windows, CPU Frequency: 1797 MHz, CPU Physical cores: 16, Host memory: 6297 MB
#-----------------------------------------------------------
source build.tcl
# set main_project_name "g_filter_meta_D"
# set proj_name   "g_filter_meta"
# set proj_dir    "./$main_project_name/g_filter_meta_"
# set build_dir   "./$main_project_name/build"
# set part        "xc7z020clg484-1"
# set rtl_glob    "./$main_project_name/rtl/*.vhd"
# set tb_glob     "./$main_project_name/tb/*_tb.vhd"
# set xdc_glob    "./constraints/*.xdc"
# set rtl_top_e   "g_filter_meta"
# set tb_top_e   "g_filter_meta_tb"
# set rtl_top     "./$main_project_name/rtl"
# set tb_top      "./$main_project_name/tb"
# set vivado_tool "Vivado 2022.2"
# set rtl_dir     "./rtl"
# set tb_dir      "./tb"
# set src_dir [glob -type d ./*.srcs]
# set full_src_rtl "$src_dir/sources_1/new"
# set full_src_tb "$src_dir/sim_1/new"
# catch {file mkdir $main_project_name}
# if {[file exists $build_dir]} {
#     puts "Cleaning build directory: $build_dir"
#     file delete -force $build_dir
# }
# file mkdir $build_dir
# catch { exec cmd.exe /c robocopy "./" "./$main_project_name" build.tcl run_case.dat } result
# if {![file exists $tb_top]} {
# catch {file mkdir $rtl_top}
# catch {file mkdir $tb_top}
# catch { exec cmd.exe /c robocopy "$full_src_tb" "$tb_top" /E } result
# catch { exec cmd.exe /c robocopy "$full_src_rtl" "$rtl_top" /E } result
# }
# create_project $proj_name $proj_dir -part $part -force
INFO: [ProjectBase 1-489] The host OS only allows 260 characters in a normal path. The project is stored in a path with more than 80 characters. If you experience issues with IP, Block Designs, or files not being found, please consider moving the project to a location with a shorter path. Alternately consider using the OS subst command to map part of the path to a drive letter.
Current project path is 'C:/Users/narsi/Desktop/projects/Project_BUG/g_filter/g_filter_meta/g_filter_meta_D/g_filter_meta_'
create_project: Time (s): cpu = 00:00:13 ; elapsed = 00:00:18 . Memory (MB): peak = 430.340 ; gain = 102.051
# foreach f [glob -nocomplain $rtl_glob] {
#   add_files $f
# }
# set_property top $rtl_top_e [current_fileset]
# update_compile_order -fileset sources_1
# set tb_list [glob -nocomplain $tb_glob]
# set run_sim 0
# if {[llength $tb_list] > 0} {
#   set run_sim 1
#   foreach f $tb_list {
#     add_files -fileset sim_1 $f
#   }
#   catch { set_property top $tb_top_e [get_filesets sim_1] }
#   update_compile_order -fileset sim_1
# }
# launch_runs synth_1
WARNING: [Vivado 12-7122] Auto Incremental Compile:: No reference checkpoint was found in run synth_1. Auto-incremental flow will not be run, the standard flow will be run instead.
[Fri Apr  3 10:59:28 2026] Launched synth_1...
Run output will be captured here: C:/Users/narsi/Desktop/projects/Project_BUG/g_filter/g_filter_meta/g_filter_meta_D/g_filter_meta_/g_filter_meta.runs/synth_1/runme.log
# wait_on_run synth_1
[Fri Apr  3 10:59:28 2026] Waiting for synth_1 to finish...

*** Running vivado
    with args -log g_filter_meta.vds -m64 -product Vivado -mode batch -messageDb vivado.pb -notrace -source g_filter_meta.tcl



****** Vivado v2022.2 (64-bit)
  **** SW Build 3671981 on Fri Oct 14 05:00:03 MDT 2022
  **** IP Build 3669848 on Fri Oct 14 08:30:02 MDT 2022
    ** Copyright 1986-2022 Xilinx, Inc. All Rights Reserved.

source g_filter_meta.tcl -notrace
create_project: Time (s): cpu = 00:00:12 ; elapsed = 00:00:13 . Memory (MB): peak = 431.758 ; gain = 98.527
Command: synth_design -top g_filter_meta -part xc7z020clg484-1
Starting synth_design
Attempting to get a license for feature 'Synthesis' and/or device 'xc7z020'
INFO: [Common 17-349] Got license for feature 'Synthesis' and/or device 'xc7z020'
INFO: [Synth 8-7079] Multithreading enabled for synth_design using a maximum of 2 processes.
INFO: [Synth 8-7078] Launching helper process for spawning children vivado processes
INFO: [Synth 8-7075] Helper process launched with PID 20344
INFO: [Synth 8-11241] undeclared symbol 'REGCCE', assumed default net type 'wire' [C:/Xilinx/Vivado/2022.2/data/verilog/src/unimacro/BRAM_SINGLE_MACRO.v:2170]
---------------------------------------------------------------------------------
Starting Synthesize : Time (s): cpu = 00:00:09 ; elapsed = 00:00:10 . Memory (MB): peak = 866.406 ; gain = 409.789
---------------------------------------------------------------------------------
INFO: [Synth 8-638] synthesizing module 'g_filter_meta' [C:/Users/narsi/Desktop/projects/Project_BUG/g_filter/g_filter_meta/g_filter_meta_D/rtl/g_filter_meta.vhd:52]
WARNING: [Synth 8-614] signal 'valid_in' is read in the process but is not in the sensitivity list [C:/Users/narsi/Desktop/projects/Project_BUG/g_filter/g_filter_meta/g_filter_meta_D/rtl/g_filter_meta.vhd:75]
WARNING: [Synth 8-614] signal 'lb0' is read in the process but is not in the sensitivity list [C:/Users/narsi/Desktop/projects/Project_BUG/g_filter/g_filter_meta/g_filter_meta_D/rtl/g_filter_meta.vhd:75]
WARNING: [Synth 8-614] signal 'col' is read in the process but is not in the sensitivity list [C:/Users/narsi/Desktop/projects/Project_BUG/g_filter/g_filter_meta/g_filter_meta_D/rtl/g_filter_meta.vhd:75]
WARNING: [Synth 8-614] signal 'lb1' is read in the process but is not in the sensitivity list [C:/Users/narsi/Desktop/projects/Project_BUG/g_filter/g_filter_meta/g_filter_meta_D/rtl/g_filter_meta.vhd:75]
WARNING: [Synth 8-614] signal 'w01' is read in the process but is not in the sensitivity list [C:/Users/narsi/Desktop/projects/Project_BUG/g_filter/g_filter_meta/g_filter_meta_D/rtl/g_filter_meta.vhd:75]
WARNING: [Synth 8-614] signal 'w02' is read in the process but is not in the sensitivity list [C:/Users/narsi/Desktop/projects/Project_BUG/g_filter/g_filter_meta/g_filter_meta_D/rtl/g_filter_meta.vhd:75]
WARNING: [Synth 8-614] signal 'pixel_in' is read in the process but is not in the sensitivity list [C:/Users/narsi/Desktop/projects/Project_BUG/g_filter/g_filter_meta/g_filter_meta_D/rtl/g_filter_meta.vhd:75]
WARNING: [Synth 8-614] signal 'w11' is read in the process but is not in the sensitivity list [C:/Users/narsi/Desktop/projects/Project_BUG/g_filter/g_filter_meta/g_filter_meta_D/rtl/g_filter_meta.vhd:75]
WARNING: [Synth 8-614] signal 'w12' is read in the process but is not in the sensitivity list [C:/Users/narsi/Desktop/projects/Project_BUG/g_filter/g_filter_meta/g_filter_meta_D/rtl/g_filter_meta.vhd:75]
WARNING: [Synth 8-614] signal 'w21' is read in the process but is not in the sensitivity list [C:/Users/narsi/Desktop/projects/Project_BUG/g_filter/g_filter_meta/g_filter_meta_D/rtl/g_filter_meta.vhd:75]
WARNING: [Synth 8-614] signal 'w22' is read in the process but is not in the sensitivity list [C:/Users/narsi/Desktop/projects/Project_BUG/g_filter/g_filter_meta/g_filter_meta_D/rtl/g_filter_meta.vhd:75]
WARNING: [Synth 8-614] signal 'row' is read in the process but is not in the sensitivity list [C:/Users/narsi/Desktop/projects/Project_BUG/g_filter/g_filter_meta/g_filter_meta_D/rtl/g_filter_meta.vhd:75]
WARNING: [Synth 8-614] signal 'v1' is read in the process but is not in the sensitivity list [C:/Users/narsi/Desktop/projects/Project_BUG/g_filter/g_filter_meta/g_filter_meta_D/rtl/g_filter_meta.vhd:75]
WARNING: [Synth 8-614] signal 'w00' is read in the process but is not in the sensitivity list [C:/Users/narsi/Desktop/projects/Project_BUG/g_filter/g_filter_meta/g_filter_meta_D/rtl/g_filter_meta.vhd:75]
WARNING: [Synth 8-614] signal 'w10' is read in the process but is not in the sensitivity list [C:/Users/narsi/Desktop/projects/Project_BUG/g_filter/g_filter_meta/g_filter_meta_D/rtl/g_filter_meta.vhd:75]
WARNING: [Synth 8-614] signal 'w20' is read in the process but is not in the sensitivity list [C:/Users/narsi/Desktop/projects/Project_BUG/g_filter/g_filter_meta/g_filter_meta_D/rtl/g_filter_meta.vhd:75]
WARNING: [Synth 8-614] signal 'v2' is read in the process but is not in the sensitivity list [C:/Users/narsi/Desktop/projects/Project_BUG/g_filter/g_filter_meta/g_filter_meta_D/rtl/g_filter_meta.vhd:75]
WARNING: [Synth 8-614] signal 'v3' is read in the process but is not in the sensitivity list [C:/Users/narsi/Desktop/projects/Project_BUG/g_filter/g_filter_meta/g_filter_meta_D/rtl/g_filter_meta.vhd:75]
WARNING: [Synth 8-614] signal 'acc' is read in the process but is not in the sensitivity list [C:/Users/narsi/Desktop/projects/Project_BUG/g_filter/g_filter_meta/g_filter_meta_D/rtl/g_filter_meta.vhd:75]
INFO: [Synth 8-256] done synthesizing module 'g_filter_meta' (0#1) [C:/Users/narsi/Desktop/projects/Project_BUG/g_filter/g_filter_meta/g_filter_meta_D/rtl/g_filter_meta.vhd:52]
WARNING: [Synth 8-7129] Port clk in module g_filter_meta is either unconnected or has no load
WARNING: [Synth 8-7129] Port rst in module g_filter_meta is either unconnected or has no load
---------------------------------------------------------------------------------
Finished Synthesize : Time (s): cpu = 00:00:19 ; elapsed = 00:00:20 . Memory (MB): peak = 1142.457 ; gain = 685.840
---------------------------------------------------------------------------------
---------------------------------------------------------------------------------
Finished Constraint Validation : Time (s): cpu = 00:00:20 ; elapsed = 00:00:22 . Memory (MB): peak = 1142.457 ; gain = 685.840
---------------------------------------------------------------------------------
---------------------------------------------------------------------------------
Start Loading Part and Timing Information
---------------------------------------------------------------------------------
Loading part: xc7z020clg484-1
---------------------------------------------------------------------------------
Finished Loading Part and Timing Information : Time (s): cpu = 00:00:20 ; elapsed = 00:00:22 . Memory (MB): peak = 1142.457 ; gain = 685.840
---------------------------------------------------------------------------------
INFO: [Device 21-403] Loading part xc7z020clg484-1
WARNING: [Synth 8-3936] Found unconnected internal register 'acc_reg' and it is trimmed from '16' to '12' bits. [C:/Users/narsi/Desktop/projects/Project_BUG/g_filter/g_filter_meta/g_filter_meta_D/rtl/g_filter_meta.vhd:127]
WARNING: [Synth 8-327] inferring latch for variable 'result_reg' [C:/Users/narsi/Desktop/projects/Project_BUG/g_filter/g_filter_meta/g_filter_meta_D/rtl/g_filter_meta.vhd:149]
WARNING: [Synth 8-327] inferring latch for variable 'col_reg' [C:/Users/narsi/Desktop/projects/Project_BUG/g_filter/g_filter_meta/g_filter_meta_D/rtl/g_filter_meta.vhd:84]
WARNING: [Synth 8-327] inferring latch for variable 'row_reg' [C:/Users/narsi/Desktop/projects/Project_BUG/g_filter/g_filter_meta/g_filter_meta_D/rtl/g_filter_meta.vhd:113]
WARNING: [Synth 8-327] inferring latch for variable 'acc_reg' [C:/Users/narsi/Desktop/projects/Project_BUG/g_filter/g_filter_meta/g_filter_meta_D/rtl/g_filter_meta.vhd:127]
WARNING: [Synth 8-327] inferring latch for variable 'w01_reg' [C:/Users/narsi/Desktop/projects/Project_BUG/g_filter/g_filter_meta/g_filter_meta_D/rtl/g_filter_meta.vhd:90]
WARNING: [Synth 8-327] inferring latch for variable 'w02_reg' [C:/Users/narsi/Desktop/projects/Project_BUG/g_filter/g_filter_meta/g_filter_meta_D/rtl/g_filter_meta.vhd:91]
WARNING: [Synth 8-327] inferring latch for variable 'w10_reg' [C:/Users/narsi/Desktop/projects/Project_BUG/g_filter/g_filter_meta/g_filter_meta_D/rtl/g_filter_meta.vhd:94]
WARNING: [Synth 8-327] inferring latch for variable 'w11_reg' [C:/Users/narsi/Desktop/projects/Project_BUG/g_filter/g_filter_meta/g_filter_meta_D/rtl/g_filter_meta.vhd:94]
WARNING: [Synth 8-327] inferring latch for variable 'w12_reg' [C:/Users/narsi/Desktop/projects/Project_BUG/g_filter/g_filter_meta/g_filter_meta_D/rtl/g_filter_meta.vhd:95]
WARNING: [Synth 8-327] inferring latch for variable 'w20_reg' [C:/Users/narsi/Desktop/projects/Project_BUG/g_filter/g_filter_meta/g_filter_meta_D/rtl/g_filter_meta.vhd:98]
WARNING: [Synth 8-327] inferring latch for variable 'w21_reg' [C:/Users/narsi/Desktop/projects/Project_BUG/g_filter/g_filter_meta/g_filter_meta_D/rtl/g_filter_meta.vhd:98]
WARNING: [Synth 8-327] inferring latch for variable 'w22_reg' [C:/Users/narsi/Desktop/projects/Project_BUG/g_filter/g_filter_meta/g_filter_meta_D/rtl/g_filter_meta.vhd:99]
WARNING: [Synth 8-327] inferring latch for variable 'w00_reg' [C:/Users/narsi/Desktop/projects/Project_BUG/g_filter/g_filter_meta/g_filter_meta_D/rtl/g_filter_meta.vhd:90]
WARNING: [Synth 8-327] inferring latch for variable 'lb0_reg[0]' [C:/Users/narsi/Desktop/projects/Project_BUG/g_filter/g_filter_meta/g_filter_meta_D/rtl/g_filter_meta.vhd:84]
WARNING: [Synth 8-327] inferring latch for variable 'lb0_reg[1]' [C:/Users/narsi/Desktop/projects/Project_BUG/g_filter/g_filter_meta/g_filter_meta_D/rtl/g_filter_meta.vhd:84]
WARNING: [Synth 8-327] inferring latch for variable 'lb0_reg[2]' [C:/Users/narsi/Desktop/projects/Project_BUG/g_filter/g_filter_meta/g_filter_meta_D/rtl/g_filter_meta.vhd:84]
WARNING: [Synth 8-327] inferring latch for variable 'lb0_reg[3]' [C:/Users/narsi/Desktop/projects/Project_BUG/g_filter/g_filter_meta/g_filter_meta_D/rtl/g_filter_meta.vhd:84]
WARNING: [Synth 8-327] inferring latch for variable 'lb0_reg[4]' [C:/Users/narsi/Desktop/projects/Project_BUG/g_filter/g_filter_meta/g_filter_meta_D/rtl/g_filter_meta.vhd:84]
WARNING: [Synth 8-327] inferring latch for variable 'lb0_reg[5]' [C:/Users/narsi/Desktop/projects/Project_BUG/g_filter/g_filter_meta/g_filter_meta_D/rtl/g_filter_meta.vhd:84]
WARNING: [Synth 8-327] inferring latch for variable 'lb0_reg[6]' [C:/Users/narsi/Desktop/projects/Project_BUG/g_filter/g_filter_meta/g_filter_meta_D/rtl/g_filter_meta.vhd:84]
WARNING: [Synth 8-327] inferring latch for variable 'lb0_reg[7]' [C:/Users/narsi/Desktop/projects/Project_BUG/g_filter/g_filter_meta/g_filter_meta_D/rtl/g_filter_meta.vhd:84]
WARNING: [Synth 8-327] inferring latch for variable 'lb0_reg[8]' [C:/Users/narsi/Desktop/projects/Project_BUG/g_filter/g_filter_meta/g_filter_meta_D/rtl/g_filter_meta.vhd:84]
WARNING: [Synth 8-327] inferring latch for variable 'lb0_reg[9]' [C:/Users/narsi/Desktop/projects/Project_BUG/g_filter/g_filter_meta/g_filter_meta_D/rtl/g_filter_meta.vhd:84]
WARNING: [Synth 8-327] inferring latch for variable 'lb0_reg[10]' [C:/Users/narsi/Desktop/projects/Project_BUG/g_filter/g_filter_meta/g_filter_meta_D/rtl/g_filter_meta.vhd:84]
WARNING: [Synth 8-327] inferring latch for variable 'lb0_reg[11]' [C:/Users/narsi/Desktop/projects/Project_BUG/g_filter/g_filter_meta/g_filter_meta_D/rtl/g_filter_meta.vhd:84]
WARNING: [Synth 8-327] inferring latch for variable 'lb0_reg[12]' [C:/Users/narsi/Desktop/projects/Project_BUG/g_filter/g_filter_meta/g_filter_meta_D/rtl/g_filter_meta.vhd:84]
WARNING: [Synth 8-327] inferring latch for variable 'lb0_reg[13]' [C:/Users/narsi/Desktop/projects/Project_BUG/g_filter/g_filter_meta/g_filter_meta_D/rtl/g_filter_meta.vhd:84]
WARNING: [Synth 8-327] inferring latch for variable 'lb0_reg[14]' [C:/Users/narsi/Desktop/projects/Project_BUG/g_filter/g_filter_meta/g_filter_meta_D/rtl/g_filter_meta.vhd:84]
WARNING: [Synth 8-327] inferring latch for variable 'lb0_reg[15]' [C:/Users/narsi/Desktop/projects/Project_BUG/g_filter/g_filter_meta/g_filter_meta_D/rtl/g_filter_meta.vhd:84]
WARNING: [Synth 8-327] inferring latch for variable 'lb0_reg[16]' [C:/Users/narsi/Desktop/projects/Project_BUG/g_filter/g_filter_meta/g_filter_meta_D/rtl/g_filter_meta.vhd:84]
WARNING: [Synth 8-327] inferring latch for variable 'lb0_reg[17]' [C:/Users/narsi/Desktop/projects/Project_BUG/g_filter/g_filter_meta/g_filter_meta_D/rtl/g_filter_meta.vhd:84]
WARNING: [Synth 8-327] inferring latch for variable 'lb0_reg[18]' [C:/Users/narsi/Desktop/projects/Project_BUG/g_filter/g_filter_meta/g_filter_meta_D/rtl/g_filter_meta.vhd:84]
WARNING: [Synth 8-327] inferring latch for variable 'lb0_reg[19]' [C:/Users/narsi/Desktop/projects/Project_BUG/g_filter/g_filter_meta/g_filter_meta_D/rtl/g_filter_meta.vhd:84]
WARNING: [Synth 8-327] inferring latch for variable 'lb0_reg[20]' [C:/Users/narsi/Desktop/projects/Project_BUG/g_filter/g_filter_meta/g_filter_meta_D/rtl/g_filter_meta.vhd:84]
WARNING: [Synth 8-327] inferring latch for variable 'lb0_reg[21]' [C:/Users/narsi/Desktop/projects/Project_BUG/g_filter/g_filter_meta/g_filter_meta_D/rtl/g_filter_meta.vhd:84]
WARNING: [Synth 8-327] inferring latch for variable 'lb0_reg[22]' [C:/Users/narsi/Desktop/projects/Project_BUG/g_filter/g_filter_meta/g_filter_meta_D/rtl/g_filter_meta.vhd:84]
WARNING: [Synth 8-327] inferring latch for variable 'lb0_reg[23]' [C:/Users/narsi/Desktop/projects/Project_BUG/g_filter/g_filter_meta/g_filter_meta_D/rtl/g_filter_meta.vhd:84]
WARNING: [Synth 8-327] inferring latch for variable 'lb0_reg[24]' [C:/Users/narsi/Desktop/projects/Project_BUG/g_filter/g_filter_meta/g_filter_meta_D/rtl/g_filter_meta.vhd:84]
WARNING: [Synth 8-327] inferring latch for variable 'lb0_reg[25]' [C:/Users/narsi/Desktop/projects/Project_BUG/g_filter/g_filter_meta/g_filter_meta_D/rtl/g_filter_meta.vhd:84]
WARNING: [Synth 8-327] inferring latch for variable 'lb0_reg[26]' [C:/Users/narsi/Desktop/projects/Project_BUG/g_filter/g_filter_meta/g_filter_meta_D/rtl/g_filter_meta.vhd:84]
WARNING: [Synth 8-327] inferring latch for variable 'lb0_reg[27]' [C:/Users/narsi/Desktop/projects/Project_BUG/g_filter/g_filter_meta/g_filter_meta_D/rtl/g_filter_meta.vhd:84]
WARNING: [Synth 8-327] inferring latch for variable 'lb0_reg[28]' [C:/Users/narsi/Desktop/projects/Project_BUG/g_filter/g_filter_meta/g_filter_meta_D/rtl/g_filter_meta.vhd:84]
WARNING: [Synth 8-327] inferring latch for variable 'lb0_reg[29]' [C:/Users/narsi/Desktop/projects/Project_BUG/g_filter/g_filter_meta/g_filter_meta_D/rtl/g_filter_meta.vhd:84]
WARNING: [Synth 8-327] inferring latch for variable 'lb0_reg[30]' [C:/Users/narsi/Desktop/projects/Project_BUG/g_filter/g_filter_meta/g_filter_meta_D/rtl/g_filter_meta.vhd:84]
WARNING: [Synth 8-327] inferring latch for variable 'lb0_reg[31]' [C:/Users/narsi/Desktop/projects/Project_BUG/g_filter/g_filter_meta/g_filter_meta_D/rtl/g_filter_meta.vhd:84]
WARNING: [Synth 8-327] inferring latch for variable 'lb0_reg[32]' [C:/Users/narsi/Desktop/projects/Project_BUG/g_filter/g_filter_meta/g_filter_meta_D/rtl/g_filter_meta.vhd:84]
WARNING: [Synth 8-327] inferring latch for variable 'lb0_reg[33]' [C:/Users/narsi/Desktop/projects/Project_BUG/g_filter/g_filter_meta/g_filter_meta_D/rtl/g_filter_meta.vhd:84]
WARNING: [Synth 8-327] inferring latch for variable 'lb0_reg[34]' [C:/Users/narsi/Desktop/projects/Project_BUG/g_filter/g_filter_meta/g_filter_meta_D/rtl/g_filter_meta.vhd:84]
WARNING: [Synth 8-327] inferring latch for variable 'lb0_reg[35]' [C:/Users/narsi/Desktop/projects/Project_BUG/g_filter/g_filter_meta/g_filter_meta_D/rtl/g_filter_meta.vhd:84]
WARNING: [Synth 8-327] inferring latch for variable 'lb0_reg[36]' [C:/Users/narsi/Desktop/projects/Project_BUG/g_filter/g_filter_meta/g_filter_meta_D/rtl/g_filter_meta.vhd:84]
WARNING: [Synth 8-327] inferring latch for variable 'lb0_reg[37]' [C:/Users/narsi/Desktop/projects/Project_BUG/g_filter/g_filter_meta/g_filter_meta_D/rtl/g_filter_meta.vhd:84]
WARNING: [Synth 8-327] inferring latch for variable 'lb0_reg[38]' [C:/Users/narsi/Desktop/projects/Project_BUG/g_filter/g_filter_meta/g_filter_meta_D/rtl/g_filter_meta.vhd:84]
WARNING: [Synth 8-327] inferring latch for variable 'lb0_reg[39]' [C:/Users/narsi/Desktop/projects/Project_BUG/g_filter/g_filter_meta/g_filter_meta_D/rtl/g_filter_meta.vhd:84]
WARNING: [Synth 8-327] inferring latch for variable 'lb0_reg[40]' [C:/Users/narsi/Desktop/projects/Project_BUG/g_filter/g_filter_meta/g_filter_meta_D/rtl/g_filter_meta.vhd:84]
WARNING: [Synth 8-327] inferring latch for variable 'lb0_reg[41]' [C:/Users/narsi/Desktop/projects/Project_BUG/g_filter/g_filter_meta/g_filter_meta_D/rtl/g_filter_meta.vhd:84]
WARNING: [Synth 8-327] inferring latch for variable 'lb0_reg[42]' [C:/Users/narsi/Desktop/projects/Project_BUG/g_filter/g_filter_meta/g_filter_meta_D/rtl/g_filter_meta.vhd:84]
WARNING: [Synth 8-327] inferring latch for variable 'lb0_reg[43]' [C:/Users/narsi/Desktop/projects/Project_BUG/g_filter/g_filter_meta/g_filter_meta_D/rtl/g_filter_meta.vhd:84]
WARNING: [Synth 8-327] inferring latch for variable 'lb0_reg[44]' [C:/Users/narsi/Desktop/projects/Project_BUG/g_filter/g_filter_meta/g_filter_meta_D/rtl/g_filter_meta.vhd:84]
WARNING: [Synth 8-327] inferring latch for variable 'lb0_reg[45]' [C:/Users/narsi/Desktop/projects/Project_BUG/g_filter/g_filter_meta/g_filter_meta_D/rtl/g_filter_meta.vhd:84]
WARNING: [Synth 8-327] inferring latch for variable 'lb0_reg[46]' [C:/Users/narsi/Desktop/projects/Project_BUG/g_filter/g_filter_meta/g_filter_meta_D/rtl/g_filter_meta.vhd:84]
WARNING: [Synth 8-327] inferring latch for variable 'lb0_reg[47]' [C:/Users/narsi/Desktop/projects/Project_BUG/g_filter/g_filter_meta/g_filter_meta_D/rtl/g_filter_meta.vhd:84]
WARNING: [Synth 8-327] inferring latch for variable 'lb0_reg[48]' [C:/Users/narsi/Desktop/projects/Project_BUG/g_filter/g_filter_meta/g_filter_meta_D/rtl/g_filter_meta.vhd:84]
WARNING: [Synth 8-327] inferring latch for variable 'lb0_reg[49]' [C:/Users/narsi/Desktop/projects/Project_BUG/g_filter/g_filter_meta/g_filter_meta_D/rtl/g_filter_meta.vhd:84]
WARNING: [Synth 8-327] inferring latch for variable 'lb0_reg[50]' [C:/Users/narsi/Desktop/projects/Project_BUG/g_filter/g_filter_meta/g_filter_meta_D/rtl/g_filter_meta.vhd:84]
WARNING: [Synth 8-327] inferring latch for variable 'lb0_reg[51]' [C:/Users/narsi/Desktop/projects/Project_BUG/g_filter/g_filter_meta/g_filter_meta_D/rtl/g_filter_meta.vhd:84]
WARNING: [Synth 8-327] inferring latch for variable 'lb0_reg[52]' [C:/Users/narsi/Desktop/projects/Project_BUG/g_filter/g_filter_meta/g_filter_meta_D/rtl/g_filter_meta.vhd:84]
WARNING: [Synth 8-327] inferring latch for variable 'lb0_reg[53]' [C:/Users/narsi/Desktop/projects/Project_BUG/g_filter/g_filter_meta/g_filter_meta_D/rtl/g_filter_meta.vhd:84]
WARNING: [Synth 8-327] inferring latch for variable 'lb0_reg[54]' [C:/Users/narsi/Desktop/projects/Project_BUG/g_filter/g_filter_meta/g_filter_meta_D/rtl/g_filter_meta.vhd:84]
WARNING: [Synth 8-327] inferring latch for variable 'lb0_reg[55]' [C:/Users/narsi/Desktop/projects/Project_BUG/g_filter/g_filter_meta/g_filter_meta_D/rtl/g_filter_meta.vhd:84]
WARNING: [Synth 8-327] inferring latch for variable 'lb0_reg[56]' [C:/Users/narsi/Desktop/projects/Project_BUG/g_filter/g_filter_meta/g_filter_meta_D/rtl/g_filter_meta.vhd:84]
WARNING: [Synth 8-327] inferring latch for variable 'lb0_reg[57]' [C:/Users/narsi/Desktop/projects/Project_BUG/g_filter/g_filter_meta/g_filter_meta_D/rtl/g_filter_meta.vhd:84]
WARNING: [Synth 8-327] inferring latch for variable 'lb0_reg[58]' [C:/Users/narsi/Desktop/projects/Project_BUG/g_filter/g_filter_meta/g_filter_meta_D/rtl/g_filter_meta.vhd:84]
WARNING: [Synth 8-327] inferring latch for variable 'lb0_reg[59]' [C:/Users/narsi/Desktop/projects/Project_BUG/g_filter/g_filter_meta/g_filter_meta_D/rtl/g_filter_meta.vhd:84]
WARNING: [Synth 8-327] inferring latch for variable 'lb0_reg[60]' [C:/Users/narsi/Desktop/projects/Project_BUG/g_filter/g_filter_meta/g_filter_meta_D/rtl/g_filter_meta.vhd:84]
WARNING: [Synth 8-327] inferring latch for variable 'lb0_reg[61]' [C:/Users/narsi/Desktop/projects/Project_BUG/g_filter/g_filter_meta/g_filter_meta_D/rtl/g_filter_meta.vhd:84]
WARNING: [Synth 8-327] inferring latch for variable 'lb0_reg[62]' [C:/Users/narsi/Desktop/projects/Project_BUG/g_filter/g_filter_meta/g_filter_meta_D/rtl/g_filter_meta.vhd:84]
WARNING: [Synth 8-327] inferring latch for variable 'lb0_reg[63]' [C:/Users/narsi/Desktop/projects/Project_BUG/g_filter/g_filter_meta/g_filter_meta_D/rtl/g_filter_meta.vhd:84]
WARNING: [Synth 8-327] inferring latch for variable 'lb0_reg[64]' [C:/Users/narsi/Desktop/projects/Project_BUG/g_filter/g_filter_meta/g_filter_meta_D/rtl/g_filter_meta.vhd:84]
WARNING: [Synth 8-327] inferring latch for variable 'lb0_reg[65]' [C:/Users/narsi/Desktop/projects/Project_BUG/g_filter/g_filter_meta/g_filter_meta_D/rtl/g_filter_meta.vhd:84]
WARNING: [Synth 8-327] inferring latch for variable 'lb0_reg[66]' [C:/Users/narsi/Desktop/projects/Project_BUG/g_filter/g_filter_meta/g_filter_meta_D/rtl/g_filter_meta.vhd:84]
WARNING: [Synth 8-327] inferring latch for variable 'lb0_reg[67]' [C:/Users/narsi/Desktop/projects/Project_BUG/g_filter/g_filter_meta/g_filter_meta_D/rtl/g_filter_meta.vhd:84]
WARNING: [Synth 8-327] inferring latch for variable 'lb0_reg[68]' [C:/Users/narsi/Desktop/projects/Project_BUG/g_filter/g_filter_meta/g_filter_meta_D/rtl/g_filter_meta.vhd:84]
WARNING: [Synth 8-327] inferring latch for variable 'lb0_reg[69]' [C:/Users/narsi/Desktop/projects/Project_BUG/g_filter/g_filter_meta/g_filter_meta_D/rtl/g_filter_meta.vhd:84]
WARNING: [Synth 8-327] inferring latch for variable 'lb0_reg[70]' [C:/Users/narsi/Desktop/projects/Project_BUG/g_filter/g_filter_meta/g_filter_meta_D/rtl/g_filter_meta.vhd:84]
WARNING: [Synth 8-327] inferring latch for variable 'lb0_reg[71]' [C:/Users/narsi/Desktop/projects/Project_BUG/g_filter/g_filter_meta/g_filter_meta_D/rtl/g_filter_meta.vhd:84]
WARNING: [Synth 8-327] inferring latch for variable 'lb0_reg[72]' [C:/Users/narsi/Desktop/projects/Project_BUG/g_filter/g_filter_meta/g_filter_meta_D/rtl/g_filter_meta.vhd:84]
WARNING: [Synth 8-327] inferring latch for variable 'lb0_reg[73]' [C:/Users/narsi/Desktop/projects/Project_BUG/g_filter/g_filter_meta/g_filter_meta_D/rtl/g_filter_meta.vhd:84]
WARNING: [Synth 8-327] inferring latch for variable 'lb0_reg[74]' [C:/Users/narsi/Desktop/projects/Project_BUG/g_filter/g_filter_meta/g_filter_meta_D/rtl/g_filter_meta.vhd:84]
WARNING: [Synth 8-327] inferring latch for variable 'lb0_reg[75]' [C:/Users/narsi/Desktop/projects/Project_BUG/g_filter/g_filter_meta/g_filter_meta_D/rtl/g_filter_meta.vhd:84]
WARNING: [Synth 8-327] inferring latch for variable 'lb0_reg[76]' [C:/Users/narsi/Desktop/projects/Project_BUG/g_filter/g_filter_meta/g_filter_meta_D/rtl/g_filter_meta.vhd:84]
WARNING: [Synth 8-327] inferring latch for variable 'lb0_reg[77]' [C:/Users/narsi/Desktop/projects/Project_BUG/g_filter/g_filter_meta/g_filter_meta_D/rtl/g_filter_meta.vhd:84]
WARNING: [Synth 8-327] inferring latch for variable 'lb0_reg[78]' [C:/Users/narsi/Desktop/projects/Project_BUG/g_filter/g_filter_meta/g_filter_meta_D/rtl/g_filter_meta.vhd:84]
WARNING: [Synth 8-327] inferring latch for variable 'lb0_reg[79]' [C:/Users/narsi/Desktop/projects/Project_BUG/g_filter/g_filter_meta/g_filter_meta_D/rtl/g_filter_meta.vhd:84]
WARNING: [Synth 8-327] inferring latch for variable 'lb0_reg[80]' [C:/Users/narsi/Desktop/projects/Project_BUG/g_filter/g_filter_meta/g_filter_meta_D/rtl/g_filter_meta.vhd:84]
WARNING: [Synth 8-327] inferring latch for variable 'lb0_reg[81]' [C:/Users/narsi/Desktop/projects/Project_BUG/g_filter/g_filter_meta/g_filter_meta_D/rtl/g_filter_meta.vhd:84]
WARNING: [Synth 8-327] inferring latch for variable 'lb0_reg[82]' [C:/Users/narsi/Desktop/projects/Project_BUG/g_filter/g_filter_meta/g_filter_meta_D/rtl/g_filter_meta.vhd:84]
WARNING: [Synth 8-327] inferring latch for variable 'lb0_reg[83]' [C:/Users/narsi/Desktop/projects/Project_BUG/g_filter/g_filter_meta/g_filter_meta_D/rtl/g_filter_meta.vhd:84]
WARNING: [Synth 8-327] inferring latch for variable 'lb0_reg[84]' [C:/Users/narsi/Desktop/projects/Project_BUG/g_filter/g_filter_meta/g_filter_meta_D/rtl/g_filter_meta.vhd:84]
WARNING: [Synth 8-327] inferring latch for variable 'lb0_reg[85]' [C:/Users/narsi/Desktop/projects/Project_BUG/g_filter/g_filter_meta/g_filter_meta_D/rtl/g_filter_meta.vhd:84]
WARNING: [Synth 8-327] inferring latch for variable 'lb0_reg[86]' [C:/Users/narsi/Desktop/projects/Project_BUG/g_filter/g_filter_meta/g_filter_meta_D/rtl/g_filter_meta.vhd:84]
INFO: [Common 17-14] Message 'Synth 8-327' appears 100 times and further instances of the messages will be disabled. Use the Tcl command set_msg_config to change the current settings.
---------------------------------------------------------------------------------
Finished RTL Optimization Phase 2 : Time (s): cpu = 00:00:37 ; elapsed = 00:00:36 . Memory (MB): peak = 1219.770 ; gain = 763.152
---------------------------------------------------------------------------------
No constraint files found.
---------------------------------------------------------------------------------
Start RTL Component Statistics 
---------------------------------------------------------------------------------
Detailed RTL Component Info : 
+---Adders : 
	   2 Input   32 Bit       Adders := 1     
	   9 Input   12 Bit       Adders := 1     
	   2 Input   10 Bit       Adders := 1     
+---Muxes : 
	   2 Input    1 Bit        Muxes := 10    
---------------------------------------------------------------------------------
Finished RTL Component Statistics 
---------------------------------------------------------------------------------
---------------------------------------------------------------------------------
Start Part Resource Summary
---------------------------------------------------------------------------------
Part Resources:
DSPs: 220 (col length:60)
BRAMs: 280 (col length: RAMB18 60 RAMB36 30)
---------------------------------------------------------------------------------
Finished Part Resource Summary
---------------------------------------------------------------------------------
No constraint files found.
---------------------------------------------------------------------------------
Start Cross Boundary and Area Optimization
---------------------------------------------------------------------------------
WARNING: [Synth 8-7080] Parallel synthesis criteria is not met
WARNING: [Synth 8-7129] Port clk in module g_filter_meta is either unconnected or has no load
WARNING: [Synth 8-7129] Port rst in module g_filter_meta is either unconnected or has no load
WARNING: [Synth 8-3332] Sequential element (acc_reg[3]) is unused and will be removed from module g_filter_meta.
WARNING: [Synth 8-3332] Sequential element (acc_reg[2]) is unused and will be removed from module g_filter_meta.
WARNING: [Synth 8-3332] Sequential element (acc_reg[1]) is unused and will be removed from module g_filter_meta.
WARNING: [Synth 8-3332] Sequential element (acc_reg[0]) is unused and will be removed from module g_filter_meta.
---------------------------------------------------------------------------------
Finished Cross Boundary and Area Optimization : Time (s): cpu = 00:00:54 ; elapsed = 00:00:56 . Memory (MB): peak = 1247.820 ; gain = 791.203
---------------------------------------------------------------------------------
No constraint files found.
---------------------------------------------------------------------------------
Start Timing Optimization
---------------------------------------------------------------------------------
---------------------------------------------------------------------------------
Finished Timing Optimization : Time (s): cpu = 00:00:56 ; elapsed = 00:00:58 . Memory (MB): peak = 1256.715 ; gain = 800.098
---------------------------------------------------------------------------------
---------------------------------------------------------------------------------
Start Technology Mapping
---------------------------------------------------------------------------------
---------------------------------------------------------------------------------
Finished Technology Mapping : Time (s): cpu = 00:01:00 ; elapsed = 00:01:03 . Memory (MB): peak = 1256.883 ; gain = 800.266
---------------------------------------------------------------------------------
---------------------------------------------------------------------------------
Start IO Insertion
---------------------------------------------------------------------------------
---------------------------------------------------------------------------------
Start Flattening Before IO Insertion
---------------------------------------------------------------------------------
---------------------------------------------------------------------------------
Finished Flattening Before IO Insertion
---------------------------------------------------------------------------------
---------------------------------------------------------------------------------
Start Final Netlist Cleanup
---------------------------------------------------------------------------------
---------------------------------------------------------------------------------
Finished Final Netlist Cleanup
---------------------------------------------------------------------------------
---------------------------------------------------------------------------------
Finished IO Insertion : Time (s): cpu = 00:01:15 ; elapsed = 00:01:19 . Memory (MB): peak = 1259.664 ; gain = 803.047
---------------------------------------------------------------------------------
---------------------------------------------------------------------------------
Start Renaming Generated Instances
---------------------------------------------------------------------------------
---------------------------------------------------------------------------------
Finished Renaming Generated Instances : Time (s): cpu = 00:01:16 ; elapsed = 00:01:19 . Memory (MB): peak = 1259.664 ; gain = 803.047
---------------------------------------------------------------------------------
---------------------------------------------------------------------------------
Start Rebuilding User Hierarchy
---------------------------------------------------------------------------------
---------------------------------------------------------------------------------
Finished Rebuilding User Hierarchy : Time (s): cpu = 00:01:16 ; elapsed = 00:01:19 . Memory (MB): peak = 1259.664 ; gain = 803.047
---------------------------------------------------------------------------------
---------------------------------------------------------------------------------
Start Renaming Generated Ports
---------------------------------------------------------------------------------
---------------------------------------------------------------------------------
Finished Renaming Generated Ports : Time (s): cpu = 00:01:16 ; elapsed = 00:01:19 . Memory (MB): peak = 1259.664 ; gain = 803.047
---------------------------------------------------------------------------------
---------------------------------------------------------------------------------
Start Handling Custom Attributes
---------------------------------------------------------------------------------
---------------------------------------------------------------------------------
Finished Handling Custom Attributes : Time (s): cpu = 00:01:16 ; elapsed = 00:01:20 . Memory (MB): peak = 1259.664 ; gain = 803.047
---------------------------------------------------------------------------------
---------------------------------------------------------------------------------
Start Renaming Generated Nets
---------------------------------------------------------------------------------
---------------------------------------------------------------------------------
Finished Renaming Generated Nets : Time (s): cpu = 00:01:16 ; elapsed = 00:01:20 . Memory (MB): peak = 1259.664 ; gain = 803.047
---------------------------------------------------------------------------------
---------------------------------------------------------------------------------
Start Writing Synthesis Report
---------------------------------------------------------------------------------

Report BlackBoxes: 
+-+--------------+----------+
| |BlackBox name |Instances |
+-+--------------+----------+
+-+--------------+----------+

Report Cell Usage: 
+------+-------+------+
|      |Cell   |Count |
+------+-------+------+
|1     |BUFG   |     2|
|2     |CARRY4 |    24|
|3     |LUT1   |    24|
|4     |LUT2   |    63|
|5     |LUT3   |    56|
|6     |LUT4   |    69|
|7     |LUT5   |   280|
|8     |LUT6   |  3271|
|9     |MUXF7  |  1344|
|10    |MUXF8  |   672|
|11    |LD     | 10442|
|12    |IBUF   |     9|
|13    |OBUF   |     9|
+------+-------+------+

Report Instance Areas: 
+------+---------+-------+------+
|      |Instance |Module |Cells |
+------+---------+-------+------+
|1     |top      |       | 16265|
+------+---------+-------+------+
---------------------------------------------------------------------------------
Finished Writing Synthesis Report : Time (s): cpu = 00:01:16 ; elapsed = 00:01:20 . Memory (MB): peak = 1259.664 ; gain = 803.047
---------------------------------------------------------------------------------
Synthesis finished with 0 errors, 0 critical warnings and 1322 warnings.
Synthesis Optimization Runtime : Time (s): cpu = 00:01:16 ; elapsed = 00:01:20 . Memory (MB): peak = 1259.664 ; gain = 803.047
Synthesis Optimization Complete : Time (s): cpu = 00:01:16 ; elapsed = 00:01:20 . Memory (MB): peak = 1259.664 ; gain = 803.047
INFO: [Project 1-571] Translating synthesized netlist
Netlist sorting complete. Time (s): cpu = 00:00:01 ; elapsed = 00:00:00.146 . Memory (MB): peak = 1271.770 ; gain = 0.000
INFO: [Netlist 29-17] Analyzing 12482 Unisim elements for replacement
INFO: [Netlist 29-28] Unisim Transformation completed in 1 CPU seconds
WARNING: [Netlist 29-101] Netlist 'g_filter_meta' is not ideal for floorplanning, since the cellview 'g_filter_meta' contains a large number of primitives.  Please consider enabling hierarchy in synthesis if you want to do floorplanning.
INFO: [Project 1-570] Preparing netlist for logic optimization
INFO: [Opt 31-138] Pushed 0 inverter(s) to 0 load pin(s).
Netlist sorting complete. Time (s): cpu = 00:00:00 ; elapsed = 00:00:00.008 . Memory (MB): peak = 1341.684 ; gain = 0.000
INFO: [Project 1-111] Unisim Transformation Summary:
  A total of 10442 instances were transformed.
  LD => LDCE: 10442 instances

Synth Design complete, checksum: 87be9479
INFO: [Common 17-83] Releasing license: Synthesis
16 Infos, 130 Warnings, 0 Critical Warnings and 0 Errors encountered.
synth_design completed successfully
synth_design: Time (s): cpu = 00:01:31 ; elapsed = 00:01:35 . Memory (MB): peak = 1341.684 ; gain = 909.926
INFO: [Common 17-1381] The checkpoint 'C:/Users/narsi/Desktop/projects/Project_BUG/g_filter/g_filter_meta/g_filter_meta_D/g_filter_meta_/g_filter_meta.runs/synth_1/g_filter_meta.dcp' has been generated.
INFO: [runtcl-4] Executing : report_utilization -file g_filter_meta_utilization_synth.rpt -pb g_filter_meta_utilization_synth.pb
INFO: [Common 17-206] Exiting Vivado at Fri Apr  3 11:01:29 2026...
[Fri Apr  3 11:01:34 2026] synth_1 finished
wait_on_runs: Time (s): cpu = 00:00:00 ; elapsed = 00:02:06 . Memory (MB): peak = 454.184 ; gain = 0.000
# open_run synth_1
Design is defaulting to impl run constrset: constrs_1
Design is defaulting to synth run part: xc7z020clg484-1
INFO: [Device 21-403] Loading part xc7z020clg484-1
Netlist sorting complete. Time (s): cpu = 00:00:00 ; elapsed = 00:00:00.086 . Memory (MB): peak = 862.262 ; gain = 0.000
INFO: [Netlist 29-17] Analyzing 2040 Unisim elements for replacement
INFO: [Netlist 29-28] Unisim Transformation completed in 0 CPU seconds
WARNING: [Netlist 29-101] Netlist 'g_filter_meta' is not ideal for floorplanning, since the cellview 'g_filter_meta' contains a large number of primitives.  Please consider enabling hierarchy in synthesis if you want to do floorplanning.
INFO: [Project 1-479] Netlist was created with Vivado 2022.2
INFO: [Project 1-570] Preparing netlist for logic optimization
INFO: [Opt 31-138] Pushed 0 inverter(s) to 0 load pin(s).
Netlist sorting complete. Time (s): cpu = 00:00:00 ; elapsed = 00:00:00.004 . Memory (MB): peak = 1000.582 ; gain = 0.000
INFO: [Project 1-111] Unisim Transformation Summary:
No Unisim elements were transformed.

open_run: Time (s): cpu = 00:00:18 ; elapsed = 00:00:21 . Memory (MB): peak = 1005.539 ; gain = 551.355
# write_checkpoint -force [file join $build_dir post_synth.dcp]
INFO: [Common 17-1381] The checkpoint 'C:/Users/narsi/Desktop/projects/Project_BUG/g_filter/g_filter_meta/g_filter_meta_D/build/post_synth.dcp' has been generated.
# launch_runs impl_1
[Fri Apr  3 11:01:58 2026] Launched impl_1...
Run output will be captured here: C:/Users/narsi/Desktop/projects/Project_BUG/g_filter/g_filter_meta/g_filter_meta_D/g_filter_meta_/g_filter_meta.runs/impl_1/runme.log
# wait_on_run impl_1
[Fri Apr  3 11:01:58 2026] Waiting for impl_1 to finish...

*** Running vivado
    with args -log g_filter_meta.vdi -applog -m64 -product Vivado -messageDb vivado.pb -mode batch -source g_filter_meta.tcl -notrace



****** Vivado v2022.2 (64-bit)
  **** SW Build 3671981 on Fri Oct 14 05:00:03 MDT 2022
  **** IP Build 3669848 on Fri Oct 14 08:30:02 MDT 2022
    ** Copyright 1986-2022 Xilinx, Inc. All Rights Reserved.

source g_filter_meta.tcl -notrace
Command: open_checkpoint C:/Users/narsi/Desktop/projects/Project_BUG/g_filter/g_filter_meta/g_filter_meta_D/g_filter_meta_/g_filter_meta.runs/impl_1/g_filter_meta.dcp
INFO: [Device 21-403] Loading part xc7z020clg484-1
Netlist sorting complete. Time (s): cpu = 00:00:00 ; elapsed = 00:00:00.079 . Memory (MB): peak = 861.977 ; gain = 0.000
INFO: [Netlist 29-17] Analyzing 2040 Unisim elements for replacement
INFO: [Netlist 29-28] Unisim Transformation completed in 0 CPU seconds
WARNING: [Netlist 29-101] Netlist 'g_filter_meta' is not ideal for floorplanning, since the cellview 'g_filter_meta' contains a large number of primitives.  Please consider enabling hierarchy in synthesis if you want to do floorplanning.
INFO: [Project 1-479] Netlist was created with Vivado 2022.2
INFO: [Project 1-570] Preparing netlist for logic optimization
Netlist sorting complete. Time (s): cpu = 00:00:00 ; elapsed = 00:00:00.004 . Memory (MB): peak = 976.141 ; gain = 0.000
INFO: [Project 1-111] Unisim Transformation Summary:
No Unisim elements were transformed.

INFO: [Project 1-604] Checkpoint was created with Vivado v2022.2 (64-bit) build 3671981
OpenCheckpoint Checksum | Checksum: d6f334e1
----- Checksum: PlaceDB: 00000000 ShapeSum: d6f334e1 RouteDB: 00000000 
open_checkpoint: Time (s): cpu = 00:00:22 ; elapsed = 00:00:28 . Memory (MB): peak = 980.180 ; gain = 647.652
Command: opt_design
Attempting to get a license for feature 'Implementation' and/or device 'xc7z020'
INFO: [Common 17-349] Got license for feature 'Implementation' and/or device 'xc7z020'
Running DRC as a precondition to command opt_design

Starting DRC Task
INFO: [DRC 23-27] Running DRC with 2 threads
INFO: [Project 1-461] DRC finished with 0 Errors
INFO: [Project 1-462] Please refer to the DRC report (report_drc) for more information.

Time (s): cpu = 00:00:03 ; elapsed = 00:00:02 . Memory (MB): peak = 1025.977 ; gain = 24.992

Starting Cache Timing Information Task
INFO: [Timing 38-35] Done setting XDC timing constraints.
Ending Cache Timing Information Task | Checksum: 15eb1c95a

Time (s): cpu = 00:00:12 ; elapsed = 00:00:13 . Memory (MB): peak = 1577.660 ; gain = 551.684

Starting Logic Optimization Task

Phase 1 Retarget
INFO: [Opt 31-138] Pushed 0 inverter(s) to 0 load pin(s).
INFO: [Opt 31-49] Retargeted 0 cell(s).
Phase 1 Retarget | Checksum: 15eb1c95a

Time (s): cpu = 00:00:01 ; elapsed = 00:00:00.733 . Memory (MB): peak = 1915.410 ; gain = 0.000
INFO: [Opt 31-389] Phase Retarget created 0 cells and removed 0 cells

Phase 2 Constant propagation
INFO: [Opt 31-138] Pushed 0 inverter(s) to 0 load pin(s).
Phase 2 Constant propagation | Checksum: 1b3330b55

Time (s): cpu = 00:00:01 ; elapsed = 00:00:00.897 . Memory (MB): peak = 1915.410 ; gain = 0.000
INFO: [Opt 31-389] Phase Constant propagation created 0 cells and removed 0 cells

Phase 3 Sweep
Phase 3 Sweep | Checksum: 18ae0d69e

Time (s): cpu = 00:00:01 ; elapsed = 00:00:01 . Memory (MB): peak = 1915.410 ; gain = 0.000
INFO: [Opt 31-389] Phase Sweep created 0 cells and removed 0 cells

Phase 4 BUFG optimization
Phase 4 BUFG optimization | Checksum: 18ae0d69e

Time (s): cpu = 00:00:02 ; elapsed = 00:00:01 . Memory (MB): peak = 1915.410 ; gain = 0.000
INFO: [Opt 31-662] Phase BUFG optimization created 0 cells of which 0 are BUFGs and removed 0 cells.

Phase 5 Shift Register Optimization
INFO: [Opt 31-1064] SRL Remap converted 0 SRLs to 0 registers and converted 0 registers of register chains to 0 SRLs
Phase 5 Shift Register Optimization | Checksum: 18ae0d69e

Time (s): cpu = 00:00:02 ; elapsed = 00:00:02 . Memory (MB): peak = 1915.410 ; gain = 0.000
INFO: [Opt 31-389] Phase Shift Register Optimization created 0 cells and removed 0 cells

Phase 6 Post Processing Netlist
Phase 6 Post Processing Netlist | Checksum: 18ae0d69e

Time (s): cpu = 00:00:02 ; elapsed = 00:00:02 . Memory (MB): peak = 1915.410 ; gain = 0.000
INFO: [Opt 31-389] Phase Post Processing Netlist created 0 cells and removed 0 cells
Opt_design Change Summary
=========================


-------------------------------------------------------------------------------------------------------------------------
|  Phase                        |  #Cells created  |  #Cells Removed  |  #Constrained objects preventing optimizations  |
-------------------------------------------------------------------------------------------------------------------------
|  Retarget                     |               0  |               0  |                                              0  |
|  Constant propagation         |               0  |               0  |                                              0  |
|  Sweep                        |               0  |               0  |                                              0  |
|  BUFG optimization            |               0  |               0  |                                              0  |
|  Shift Register Optimization  |               0  |               0  |                                              0  |
|  Post Processing Netlist      |               0  |               0  |                                              0  |
-------------------------------------------------------------------------------------------------------------------------



Starting Connectivity Check Task

Time (s): cpu = 00:00:00 ; elapsed = 00:00:00.033 . Memory (MB): peak = 1915.410 ; gain = 0.000
Ending Logic Optimization Task | Checksum: 98f13c39

Time (s): cpu = 00:00:02 ; elapsed = 00:00:02 . Memory (MB): peak = 1915.410 ; gain = 0.000

Starting Power Optimization Task
INFO: [Pwropt 34-132] Skipping clock gating for clocks with a period < 2.00 ns.
Ending Power Optimization Task | Checksum: 98f13c39

Time (s): cpu = 00:00:00 ; elapsed = 00:00:00.033 . Memory (MB): peak = 1915.410 ; gain = 0.000

Starting Final Cleanup Task
Ending Final Cleanup Task | Checksum: 98f13c39

Time (s): cpu = 00:00:00 ; elapsed = 00:00:00.003 . Memory (MB): peak = 1915.410 ; gain = 0.000

Starting Netlist Obfuscation Task
Netlist sorting complete. Time (s): cpu = 00:00:00 ; elapsed = 00:00:00.005 . Memory (MB): peak = 1915.410 ; gain = 0.000
Ending Netlist Obfuscation Task | Checksum: 98f13c39

Time (s): cpu = 00:00:00 ; elapsed = 00:00:00.008 . Memory (MB): peak = 1915.410 ; gain = 0.000
INFO: [Common 17-83] Releasing license: Implementation
24 Infos, 1 Warnings, 0 Critical Warnings and 0 Errors encountered.
opt_design completed successfully
opt_design: Time (s): cpu = 00:00:22 ; elapsed = 00:00:21 . Memory (MB): peak = 1915.410 ; gain = 935.230
INFO: [Common 17-1381] The checkpoint 'C:/Users/narsi/Desktop/projects/Project_BUG/g_filter/g_filter_meta/g_filter_meta_D/g_filter_meta_/g_filter_meta.runs/impl_1/g_filter_meta_opt.dcp' has been generated.
INFO: [runtcl-4] Executing : report_drc -file g_filter_meta_drc_opted.rpt -pb g_filter_meta_drc_opted.pb -rpx g_filter_meta_drc_opted.rpx
Command: report_drc -file g_filter_meta_drc_opted.rpt -pb g_filter_meta_drc_opted.pb -rpx g_filter_meta_drc_opted.rpx
INFO: [IP_Flow 19-234] Refreshing IP repositories
INFO: [IP_Flow 19-1704] No user IP repositories specified
INFO: [IP_Flow 19-2313] Loaded Vivado IP repository 'C:/Xilinx/Vivado/2022.2/data/ip'.
INFO: [DRC 23-27] Running DRC with 2 threads
INFO: [Vivado_Tcl 2-168] The results of DRC are in file C:/Users/narsi/Desktop/projects/Project_BUG/g_filter/g_filter_meta/g_filter_meta_D/g_filter_meta_/g_filter_meta.runs/impl_1/g_filter_meta_drc_opted.rpt.
report_drc completed successfully
report_drc: Time (s): cpu = 00:00:10 ; elapsed = 00:00:09 . Memory (MB): peak = 1915.410 ; gain = 0.000
Command: place_design
Attempting to get a license for feature 'Implementation' and/or device 'xc7z020'
INFO: [Common 17-349] Got license for feature 'Implementation' and/or device 'xc7z020'
INFO: [DRC 23-27] Running DRC with 2 threads
INFO: [Vivado_Tcl 4-198] DRC finished with 0 Errors
INFO: [Vivado_Tcl 4-199] Please refer to the DRC report (report_drc) for more information.
Running DRC as a precondition to command place_design
INFO: [DRC 23-27] Running DRC with 2 threads
INFO: [Vivado_Tcl 4-198] DRC finished with 0 Errors
INFO: [Vivado_Tcl 4-199] Please refer to the DRC report (report_drc) for more information.

Starting Placer Task
INFO: [Place 30-611] Multithreading enabled for place_design using a maximum of 2 CPUs

Phase 1 Placer Initialization

Phase 1.1 Placer Initialization Netlist Sorting
Netlist sorting complete. Time (s): cpu = 00:00:00 ; elapsed = 00:00:00.004 . Memory (MB): peak = 1915.410 ; gain = 0.000
Phase 1.1 Placer Initialization Netlist Sorting | Checksum: 56299e2f

Time (s): cpu = 00:00:00 ; elapsed = 00:00:00.022 . Memory (MB): peak = 1915.410 ; gain = 0.000
Netlist sorting complete. Time (s): cpu = 00:00:00 ; elapsed = 00:00:00.004 . Memory (MB): peak = 1915.410 ; gain = 0.000

Phase 1.2 IO Placement/ Clock Placement/ Build Placer Device
INFO: [Timing 38-35] Done setting XDC timing constraints.
Phase 1.2 IO Placement/ Clock Placement/ Build Placer Device | Checksum: a3a2fb4a

Time (s): cpu = 00:00:02 ; elapsed = 00:00:02 . Memory (MB): peak = 1915.410 ; gain = 0.000

Phase 1.3 Build Placer Netlist Model
Phase 1.3 Build Placer Netlist Model | Checksum: 106f2f12d

Time (s): cpu = 00:00:03 ; elapsed = 00:00:03 . Memory (MB): peak = 1915.410 ; gain = 0.000

Phase 1.4 Constrain Clocks/Macros
Phase 1.4 Constrain Clocks/Macros | Checksum: 106f2f12d

Time (s): cpu = 00:00:03 ; elapsed = 00:00:03 . Memory (MB): peak = 1915.410 ; gain = 0.000
Phase 1 Placer Initialization | Checksum: 106f2f12d

Time (s): cpu = 00:00:03 ; elapsed = 00:00:03 . Memory (MB): peak = 1915.410 ; gain = 0.000

Phase 2 Global Placement

Phase 2.1 Floorplanning
Phase 2.1 Floorplanning | Checksum: 106f2f12d

Time (s): cpu = 00:00:03 ; elapsed = 00:00:03 . Memory (MB): peak = 1915.410 ; gain = 0.000

Phase 2.2 Update Timing before SLR Path Opt
Phase 2.2 Update Timing before SLR Path Opt | Checksum: 106f2f12d

Time (s): cpu = 00:00:03 ; elapsed = 00:00:03 . Memory (MB): peak = 1915.410 ; gain = 0.000

Phase 2.3 Post-Processing in Floorplanning
Phase 2.3 Post-Processing in Floorplanning | Checksum: 106f2f12d

Time (s): cpu = 00:00:03 ; elapsed = 00:00:03 . Memory (MB): peak = 1915.410 ; gain = 0.000

Phase 2.4 Global Placement Core
WARNING: [Place 46-29] Timing had been disabled during Placer and, therefore, physical synthesis in Placer will be skipped.
Phase 2.4 Global Placement Core | Checksum: 13d6a15c9

Time (s): cpu = 00:00:10 ; elapsed = 00:00:07 . Memory (MB): peak = 1915.410 ; gain = 0.000
Phase 2 Global Placement | Checksum: 13d6a15c9

Time (s): cpu = 00:00:10 ; elapsed = 00:00:07 . Memory (MB): peak = 1915.410 ; gain = 0.000

Phase 3 Detail Placement

Phase 3.1 Commit Multi Column Macros
Phase 3.1 Commit Multi Column Macros | Checksum: 13d6a15c9

Time (s): cpu = 00:00:10 ; elapsed = 00:00:07 . Memory (MB): peak = 1915.410 ; gain = 0.000

Phase 3.2 Commit Most Macros & LUTRAMs
Phase 3.2 Commit Most Macros & LUTRAMs | Checksum: 12baf183e

Time (s): cpu = 00:00:10 ; elapsed = 00:00:07 . Memory (MB): peak = 1915.410 ; gain = 0.000

Phase 3.3 Area Swap Optimization
Phase 3.3 Area Swap Optimization | Checksum: e0cc5176

Time (s): cpu = 00:00:10 ; elapsed = 00:00:07 . Memory (MB): peak = 1915.410 ; gain = 0.000

Phase 3.4 Pipeline Register Optimization
Phase 3.4 Pipeline Register Optimization | Checksum: e0cc5176

Time (s): cpu = 00:00:10 ; elapsed = 00:00:07 . Memory (MB): peak = 1915.410 ; gain = 0.000

Phase 3.5 Small Shape Detail Placement
Phase 3.5 Small Shape Detail Placement | Checksum: 191a849e1

Time (s): cpu = 00:00:19 ; elapsed = 00:00:18 . Memory (MB): peak = 1915.410 ; gain = 0.000

Phase 3.6 Re-assign LUT pins
Phase 3.6 Re-assign LUT pins | Checksum: 191a849e1

Time (s): cpu = 00:00:20 ; elapsed = 00:00:19 . Memory (MB): peak = 1915.410 ; gain = 0.000

Phase 3.7 Pipeline Register Optimization
Phase 3.7 Pipeline Register Optimization | Checksum: 191a849e1

Time (s): cpu = 00:00:20 ; elapsed = 00:00:19 . Memory (MB): peak = 1915.410 ; gain = 0.000
Phase 3 Detail Placement | Checksum: 191a849e1

Time (s): cpu = 00:00:21 ; elapsed = 00:00:19 . Memory (MB): peak = 1915.410 ; gain = 0.000

Phase 4 Post Placement Optimization and Clean-Up

Phase 4.1 Post Commit Optimization
Phase 4.1 Post Commit Optimization | Checksum: 191a849e1

Time (s): cpu = 00:00:21 ; elapsed = 00:00:19 . Memory (MB): peak = 1915.410 ; gain = 0.000

Phase 4.2 Post Placement Cleanup
Phase 4.2 Post Placement Cleanup | Checksum: 191a849e1

Time (s): cpu = 00:00:21 ; elapsed = 00:00:19 . Memory (MB): peak = 1915.410 ; gain = 0.000

Phase 4.3 Placer Reporting

Phase 4.3.1 Print Estimated Congestion
INFO: [Place 30-612] Post-Placement Estimated Congestion 
 ____________________________________________________
|           | Global Congestion | Short Congestion  |
| Direction | Region Size       | Region Size       |
|___________|___________________|___________________|
|      North|                1x1|                1x1|
|___________|___________________|___________________|
|      South|                1x1|                1x1|
|___________|___________________|___________________|
|       East|                1x1|                1x1|
|___________|___________________|___________________|
|       West|                1x1|                1x1|
|___________|___________________|___________________|

Phase 4.3.1 Print Estimated Congestion | Checksum: 191a849e1

Time (s): cpu = 00:00:21 ; elapsed = 00:00:19 . Memory (MB): peak = 1915.410 ; gain = 0.000
Phase 4.3 Placer Reporting | Checksum: 191a849e1

Time (s): cpu = 00:00:21 ; elapsed = 00:00:19 . Memory (MB): peak = 1915.410 ; gain = 0.000

Phase 4.4 Final Placement Cleanup
Netlist sorting complete. Time (s): cpu = 00:00:00 ; elapsed = 00:00:00.005 . Memory (MB): peak = 1915.410 ; gain = 0.000

Time (s): cpu = 00:00:21 ; elapsed = 00:00:19 . Memory (MB): peak = 1915.410 ; gain = 0.000
Phase 4 Post Placement Optimization and Clean-Up | Checksum: 191a849e1

Time (s): cpu = 00:00:21 ; elapsed = 00:00:19 . Memory (MB): peak = 1915.410 ; gain = 0.000
Ending Placer Task | Checksum: 1423c7900

Time (s): cpu = 00:00:21 ; elapsed = 00:00:20 . Memory (MB): peak = 1915.410 ; gain = 0.000
INFO: [Common 17-83] Releasing license: Implementation
42 Infos, 2 Warnings, 0 Critical Warnings and 0 Errors encountered.
place_design completed successfully
place_design: Time (s): cpu = 00:00:24 ; elapsed = 00:00:21 . Memory (MB): peak = 1915.410 ; gain = 0.000
Writing XDEF routing.
Writing XDEF routing logical nets.
Writing XDEF routing special nets.
Write XDEF Complete: Time (s): cpu = 00:00:03 ; elapsed = 00:00:02 . Memory (MB): peak = 1930.355 ; gain = 7.238
INFO: [Common 17-1381] The checkpoint 'C:/Users/narsi/Desktop/projects/Project_BUG/g_filter/g_filter_meta/g_filter_meta_D/g_filter_meta_/g_filter_meta.runs/impl_1/g_filter_meta_placed.dcp' has been generated.
write_checkpoint: Time (s): cpu = 00:00:07 ; elapsed = 00:00:06 . Memory (MB): peak = 1930.355 ; gain = 14.945
INFO: [runtcl-4] Executing : report_io -file g_filter_meta_io_placed.rpt
report_io: Time (s): cpu = 00:00:00 ; elapsed = 00:00:00.138 . Memory (MB): peak = 1930.355 ; gain = 0.000
INFO: [runtcl-4] Executing : report_utilization -file g_filter_meta_utilization_placed.rpt -pb g_filter_meta_utilization_placed.pb
INFO: [runtcl-4] Executing : report_control_sets -verbose -file g_filter_meta_control_sets_placed.rpt
report_control_sets: Time (s): cpu = 00:00:00 ; elapsed = 00:00:00.097 . Memory (MB): peak = 1930.355 ; gain = 0.000
Command: phys_opt_design
Attempting to get a license for feature 'Implementation' and/or device 'xc7z020'
INFO: [Common 17-349] Got license for feature 'Implementation' and/or device 'xc7z020'

Starting Initial Update Timing Task

Time (s): cpu = 00:00:02 ; elapsed = 00:00:02 . Memory (MB): peak = 1943.621 ; gain = 13.266
INFO: [Vivado_Tcl 4-235] No timing constraint found. The netlist was not modified.
INFO: [Common 17-83] Releasing license: Implementation
49 Infos, 2 Warnings, 0 Critical Warnings and 0 Errors encountered.
phys_opt_design completed successfully
Writing XDEF routing.
Writing XDEF routing logical nets.
Writing XDEF routing special nets.
Write XDEF Complete: Time (s): cpu = 00:00:03 ; elapsed = 00:00:02 . Memory (MB): peak = 1961.484 ; gain = 17.863
INFO: [Common 17-1381] The checkpoint 'C:/Users/narsi/Desktop/projects/Project_BUG/g_filter/g_filter_meta/g_filter_meta_D/g_filter_meta_/g_filter_meta.runs/impl_1/g_filter_meta_physopt.dcp' has been generated.
Command: route_design
Attempting to get a license for feature 'Implementation' and/or device 'xc7z020'
INFO: [Common 17-349] Got license for feature 'Implementation' and/or device 'xc7z020'
Running DRC as a precondition to command route_design
INFO: [DRC 23-27] Running DRC with 2 threads
INFO: [Vivado_Tcl 4-198] DRC finished with 0 Errors
INFO: [Vivado_Tcl 4-199] Please refer to the DRC report (report_drc) for more information.


Starting Routing Task
INFO: [Route 35-254] Multithreading enabled for route_design using a maximum of 2 CPUs

Phase 1 Build RT Design
Checksum: PlaceDB: ec12dad1 ConstDB: 0 ShapeSum: 56299e2f RouteDB: 0
Post Restoration Checksum: NetGraph: 6f2d4583 NumContArr: 815a6409 Constraints: 0 Timing: 0
Phase 1 Build RT Design | Checksum: f087a98c

Time (s): cpu = 00:00:54 ; elapsed = 00:00:47 . Memory (MB): peak = 2073.723 ; gain = 103.102

Phase 2 Router Initialization
INFO: [Route 35-64] No timing constraints were detected. The router will operate in resource-optimization mode.

Phase 2.1 Fix Topology Constraints
Phase 2.1 Fix Topology Constraints | Checksum: f087a98c

Time (s): cpu = 00:00:54 ; elapsed = 00:00:47 . Memory (MB): peak = 2081.465 ; gain = 110.844

Phase 2.2 Pre Route Cleanup
Phase 2.2 Pre Route Cleanup | Checksum: f087a98c

Time (s): cpu = 00:00:55 ; elapsed = 00:00:47 . Memory (MB): peak = 2081.465 ; gain = 110.844
 Number of Nodes with overlaps = 0

Router Utilization Summary
  Global Vertical Routing Utilization    = 0 %
  Global Horizontal Routing Utilization  = 0 %
  Routable Net Status*
  *Does not include unroutable nets such as driverless and loadless.
  Run report_route_status for detailed report.
  Number of Failed Nets               = 12137
    (Failed Nets is the sum of unrouted and partially routed nets)
  Number of Unrouted Nets             = 12136
  Number of Partially Routed Nets     = 1
  Number of Node Overlaps             = 0

Phase 2 Router Initialization | Checksum: 162aac1a3

Time (s): cpu = 00:00:56 ; elapsed = 00:00:48 . Memory (MB): peak = 2101.980 ; gain = 131.359

Phase 3 Initial Routing

Phase 3.1 Global Routing
Phase 3.1 Global Routing | Checksum: 162aac1a3

Time (s): cpu = 00:00:56 ; elapsed = 00:00:48 . Memory (MB): peak = 2101.980 ; gain = 131.359
Phase 3 Initial Routing | Checksum: 59a4a8dd

Time (s): cpu = 00:01:02 ; elapsed = 00:00:51 . Memory (MB): peak = 2110.832 ; gain = 140.211

Phase 4 Rip-up And Reroute

Phase 4.1 Global Iteration 0
 Number of Nodes with overlaps = 944
 Number of Nodes with overlaps = 4
 Number of Nodes with overlaps = 1
 Number of Nodes with overlaps = 0
Phase 4.1 Global Iteration 0 | Checksum: ab2e09c9

Time (s): cpu = 00:01:11 ; elapsed = 00:00:58 . Memory (MB): peak = 2110.832 ; gain = 140.211
Phase 4 Rip-up And Reroute | Checksum: ab2e09c9

Time (s): cpu = 00:01:11 ; elapsed = 00:00:58 . Memory (MB): peak = 2110.832 ; gain = 140.211

Phase 5 Delay and Skew Optimization
Phase 5 Delay and Skew Optimization | Checksum: ab2e09c9

Time (s): cpu = 00:01:11 ; elapsed = 00:00:58 . Memory (MB): peak = 2110.832 ; gain = 140.211

Phase 6 Post Hold Fix

Phase 6.1 Hold Fix Iter
Phase 6.1 Hold Fix Iter | Checksum: ab2e09c9

Time (s): cpu = 00:01:11 ; elapsed = 00:00:58 . Memory (MB): peak = 2110.832 ; gain = 140.211
Phase 6 Post Hold Fix | Checksum: ab2e09c9

Time (s): cpu = 00:01:11 ; elapsed = 00:00:58 . Memory (MB): peak = 2110.832 ; gain = 140.211

Phase 7 Route finalize

Router Utilization Summary
  Global Vertical Routing Utilization    = 2.79259 %
  Global Horizontal Routing Utilization  = 3.90669 %
  Routable Net Status*
  *Does not include unroutable nets such as driverless and loadless.
  Run report_route_status for detailed report.
  Number of Failed Nets               = 0
    (Failed Nets is the sum of unrouted and partially routed nets)
  Number of Unrouted Nets             = 0
  Number of Partially Routed Nets     = 0
  Number of Node Overlaps             = 0

Congestion Report
North Dir 1x1 Area, Max Cong = 43.2432%, No Congested Regions.
South Dir 1x1 Area, Max Cong = 45.9459%, No Congested Regions.
East Dir 1x1 Area, Max Cong = 51.4706%, No Congested Regions.
West Dir 1x1 Area, Max Cong = 52.9412%, No Congested Regions.

------------------------------
Reporting congestion hotspots
------------------------------
Direction: North
----------------
Congested clusters found at Level 0
Effective congestion level: 0 Aspect Ratio: 1 Sparse Ratio: 0
Direction: South
----------------
Congested clusters found at Level 0
Effective congestion level: 0 Aspect Ratio: 1 Sparse Ratio: 0
Direction: East
----------------
Congested clusters found at Level 0
Effective congestion level: 0 Aspect Ratio: 1 Sparse Ratio: 0
Direction: West
----------------
Congested clusters found at Level 0
Effective congestion level: 0 Aspect Ratio: 1 Sparse Ratio: 0

Phase 7 Route finalize | Checksum: ab2e09c9

Time (s): cpu = 00:01:12 ; elapsed = 00:00:58 . Memory (MB): peak = 2110.832 ; gain = 140.211

Phase 8 Verifying routed nets

 Verification completed successfully
Phase 8 Verifying routed nets | Checksum: ab2e09c9

Time (s): cpu = 00:01:12 ; elapsed = 00:00:59 . Memory (MB): peak = 2110.832 ; gain = 140.211

Phase 9 Depositing Routes
Phase 9 Depositing Routes | Checksum: fe5c1461

Time (s): cpu = 00:01:14 ; elapsed = 00:01:00 . Memory (MB): peak = 2110.832 ; gain = 140.211
INFO: [Route 35-16] Router Completed Successfully

Time (s): cpu = 00:01:14 ; elapsed = 00:01:00 . Memory (MB): peak = 2110.832 ; gain = 140.211

Routing Is Done.
INFO: [Common 17-83] Releasing license: Implementation
58 Infos, 2 Warnings, 0 Critical Warnings and 0 Errors encountered.
route_design completed successfully
route_design: Time (s): cpu = 00:01:18 ; elapsed = 00:01:03 . Memory (MB): peak = 2110.832 ; gain = 149.348
Writing XDEF routing.
Writing XDEF routing logical nets.
Writing XDEF routing special nets.
Write XDEF Complete: Time (s): cpu = 00:00:03 ; elapsed = 00:00:02 . Memory (MB): peak = 2114.953 ; gain = 4.121
INFO: [Common 17-1381] The checkpoint 'C:/Users/narsi/Desktop/projects/Project_BUG/g_filter/g_filter_meta/g_filter_meta_D/g_filter_meta_/g_filter_meta.runs/impl_1/g_filter_meta_routed.dcp' has been generated.
write_checkpoint: Time (s): cpu = 00:00:07 ; elapsed = 00:00:07 . Memory (MB): peak = 2114.953 ; gain = 4.121
INFO: [runtcl-4] Executing : report_drc -file g_filter_meta_drc_routed.rpt -pb g_filter_meta_drc_routed.pb -rpx g_filter_meta_drc_routed.rpx
Command: report_drc -file g_filter_meta_drc_routed.rpt -pb g_filter_meta_drc_routed.pb -rpx g_filter_meta_drc_routed.rpx
INFO: [IP_Flow 19-1839] IP Catalog is up to date.
INFO: [DRC 23-27] Running DRC with 2 threads
INFO: [Vivado_Tcl 2-168] The results of DRC are in file C:/Users/narsi/Desktop/projects/Project_BUG/g_filter/g_filter_meta/g_filter_meta_D/g_filter_meta_/g_filter_meta.runs/impl_1/g_filter_meta_drc_routed.rpt.
report_drc completed successfully
report_drc: Time (s): cpu = 00:00:14 ; elapsed = 00:00:10 . Memory (MB): peak = 2129.555 ; gain = 14.602
INFO: [runtcl-4] Executing : report_methodology -file g_filter_meta_methodology_drc_routed.rpt -pb g_filter_meta_methodology_drc_routed.pb -rpx g_filter_meta_methodology_drc_routed.rpx
Command: report_methodology -file g_filter_meta_methodology_drc_routed.rpt -pb g_filter_meta_methodology_drc_routed.pb -rpx g_filter_meta_methodology_drc_routed.rpx
INFO: [Timing 38-35] Done setting XDC timing constraints.
INFO: [DRC 23-133] Running Methodology with 2 threads
INFO: [Vivado_Tcl 2-1520] The results of Report Methodology are in file C:/Users/narsi/Desktop/projects/Project_BUG/g_filter/g_filter_meta/g_filter_meta_D/g_filter_meta_/g_filter_meta.runs/impl_1/g_filter_meta_methodology_drc_routed.rpt.
report_methodology completed successfully
report_methodology: Time (s): cpu = 00:00:13 ; elapsed = 00:00:07 . Memory (MB): peak = 2141.430 ; gain = 11.875
INFO: [runtcl-4] Executing : report_power -file g_filter_meta_power_routed.rpt -pb g_filter_meta_power_summary_routed.pb -rpx g_filter_meta_power_routed.rpx
Command: report_power -file g_filter_meta_power_routed.rpt -pb g_filter_meta_power_summary_routed.pb -rpx g_filter_meta_power_routed.rpx
INFO: [Timing 38-35] Done setting XDC timing constraints.
WARNING: [Power 33-232] No user defined clocks were found in the design! Power estimation will be inaccurate until this is corrected.
Resolution: Please specify clocks using create_clock/create_generated_clock for sequential elements. For pure combinatorial circuits, please specify a virtual clock, otherwise the vectorless estimation might be inaccurate
Running Vector-less Activity Propagation...

Finished Running Vector-less Activity Propagation
69 Infos, 3 Warnings, 0 Critical Warnings and 0 Errors encountered.
report_power completed successfully
report_power: Time (s): cpu = 00:00:08 ; elapsed = 00:00:05 . Memory (MB): peak = 2158.883 ; gain = 17.453
INFO: [runtcl-4] Executing : report_route_status -file g_filter_meta_route_status.rpt -pb g_filter_meta_route_status.pb
INFO: [runtcl-4] Executing : report_timing_summary -max_paths 10 -report_unconstrained -file g_filter_meta_timing_summary_routed.rpt -pb g_filter_meta_timing_summary_routed.pb -rpx g_filter_meta_timing_summary_routed.rpx -warn_on_violation 
INFO: [Timing 38-91] UpdateTimingParams: Speed grade: -1, Delay Type: min_max.
INFO: [Timing 38-191] Multithreading enabled for timing update using a maximum of 2 CPUs
WARNING: [Timing 38-313] There are no user specified timing constraints. Timing constraints are needed for proper timing analysis.
INFO: [runtcl-4] Executing : report_incremental_reuse -file g_filter_meta_incremental_reuse_routed.rpt
INFO: [Vivado_Tcl 4-1062] Incremental flow is disabled. No incremental reuse Info to report.
INFO: [runtcl-4] Executing : report_clock_utilization -file g_filter_meta_clock_utilization_routed.rpt
INFO: [runtcl-4] Executing : report_bus_skew -warn_on_violation -file g_filter_meta_bus_skew_routed.rpt -pb g_filter_meta_bus_skew_routed.pb -rpx g_filter_meta_bus_skew_routed.rpx
INFO: [Timing 38-91] UpdateTimingParams: Speed grade: -1, Delay Type: min_max.
INFO: [Timing 38-191] Multithreading enabled for timing update using a maximum of 2 CPUs
INFO: [Common 17-206] Exiting Vivado at Fri Apr  3 11:05:23 2026...
[Fri Apr  3 11:05:26 2026] impl_1 finished
wait_on_runs: Time (s): cpu = 00:00:00 ; elapsed = 00:03:28 . Memory (MB): peak = 1008.848 ; gain = 0.000
# open_run impl_1
Netlist sorting complete. Time (s): cpu = 00:00:00 ; elapsed = 00:00:00.075 . Memory (MB): peak = 1017.391 ; gain = 0.000
INFO: [Netlist 29-17] Analyzing 2040 Unisim elements for replacement
INFO: [Netlist 29-28] Unisim Transformation completed in 0 CPU seconds
WARNING: [Netlist 29-101] Netlist 'g_filter_meta' is not ideal for floorplanning, since the cellview 'g_filter_meta' contains a large number of primitives.  Please consider enabling hierarchy in synthesis if you want to do floorplanning.
INFO: [Project 1-479] Netlist was created with Vivado 2022.2
INFO: [Project 1-570] Preparing netlist for logic optimization
Reading XDEF placement.
Reading placer database...
Reading XDEF routing.
Read XDEF Files: Time (s): cpu = 00:00:02 ; elapsed = 00:00:02 . Memory (MB): peak = 1147.625 ; gain = 32.289
Restored from archive | CPU: 2.000000 secs | Memory: 0.000000 MB |
Finished XDEF File Restore: Time (s): cpu = 00:00:02 ; elapsed = 00:00:02 . Memory (MB): peak = 1147.625 ; gain = 32.289
Netlist sorting complete. Time (s): cpu = 00:00:00 ; elapsed = 00:00:00.004 . Memory (MB): peak = 1545.941 ; gain = 0.000
INFO: [Project 1-111] Unisim Transformation Summary:
No Unisim elements were transformed.

open_run: Time (s): cpu = 00:00:08 ; elapsed = 00:00:10 . Memory (MB): peak = 1545.941 ; gain = 537.094
# report_utilization    -file [file join $build_dir utilization.rpt]
# report_timing_summary -file [file join $build_dir timing_summary.rpt]
INFO: [Timing 38-35] Done setting XDC timing constraints.
INFO: [Timing 38-91] UpdateTimingParams: Speed grade: -1, Delay Type: min_max.
INFO: [Timing 38-191] Multithreading enabled for timing update using a maximum of 2 CPUs
report_timing_summary: Time (s): cpu = 00:00:17 ; elapsed = 00:00:15 . Memory (MB): peak = 1759.898 ; gain = 213.957
# set sim_log [file join $build_dir sim.log]
# if {$run_sim} {
#   launch_simulation -simset sim_1 -mode behavioral
#   log_wave -recursive *
#   run all
#   catch { write_waveform -file [file join $build_dir waveform.wdb] }
#   if {[file exists "vivado.log"]} {
#     file copy -force "vivado.log" $sim_log
#   } else {
#     # create empty log
#     set fd [open $sim_log w]; puts $fd "No vivado.log"; close $fd
#   }
# } else {
#   # no sim run
#   set fd [open $sim_log w]; puts $fd "Simulation not run (no TB)"; close $fd
# }
Command: launch_simulation  -simset sim_1 -mode behavioral
INFO: [Vivado 12-12493] Simulation top is 'g_filter_meta_tb'
WARNING: [Vivado 12-13340] Unable to auto find GCC executables from simulator install path! (path not set)
WARNING: [Vivado 12-13277] Compiled library path does not exist: ''
INFO: [Vivado 12-5682] Launching behavioral simulation in 'C:/Users/narsi/Desktop/projects/Project_BUG/g_filter/g_filter_meta/g_filter_meta_D/g_filter_meta_/g_filter_meta.sim/sim_1/behav/xsim'
INFO: [SIM-utils-51] Simulation object is 'sim_1'
INFO: [SIM-utils-72] Using boost library from 'C:/Xilinx/Vivado/2022.2/tps/boost_1_72_0'
INFO: [SIM-utils-54] Inspecting design source files for 'g_filter_meta_tb' in fileset 'sim_1'...
INFO: [USF-XSim-97] Finding global include files...
INFO: [USF-XSim-98] Fetching design files from 'sim_1'...
INFO: [USF-XSim-2] XSim::Compile design
INFO: [USF-XSim-61] Executing 'COMPILE and ANALYZE' step in 'C:/Users/narsi/Desktop/projects/Project_BUG/g_filter/g_filter_meta/g_filter_meta_D/g_filter_meta_/g_filter_meta.sim/sim_1/behav/xsim'
"xvhdl --incr --relax -prj g_filter_meta_tb_vhdl.prj"
INFO: [VRFC 10-163] Analyzing VHDL file "C:/Users/narsi/Desktop/projects/Project_BUG/g_filter/g_filter_meta/g_filter_meta_D/rtl/g_filter_meta.vhd" into library xil_defaultlib
INFO: [VRFC 10-3107] analyzing entity 'g_filter_meta'
INFO: [VRFC 10-163] Analyzing VHDL file "C:/Users/narsi/Desktop/projects/Project_BUG/g_filter/g_filter_meta/g_filter_meta_D/tb/g_filter_meta_tb.vhd" into library xil_defaultlib
INFO: [VRFC 10-3107] analyzing entity 'g_filter_meta_tb'
INFO: [USF-XSim-69] 'compile' step finished in '3' seconds
INFO: [USF-XSim-3] XSim::Elaborate design
INFO: [USF-XSim-61] Executing 'ELABORATE' step in 'C:/Users/narsi/Desktop/projects/Project_BUG/g_filter/g_filter_meta/g_filter_meta_D/g_filter_meta_/g_filter_meta.sim/sim_1/behav/xsim'
"xelab --incr --debug typical --relax --mt 2 -L xil_defaultlib -L secureip --snapshot g_filter_meta_tb_behav xil_defaultlib.g_filter_meta_tb -log elaborate.log"
Vivado Simulator v2022.2
Copyright 1986-1999, 2001-2022 Xilinx, Inc. All Rights Reserved.
Running: C:/Xilinx/Vivado/2022.2/bin/unwrapped/win64.o/xelab.exe --incr --debug typical --relax --mt 2 -L xil_defaultlib -L secureip --snapshot g_filter_meta_tb_behav xil_defaultlib.g_filter_meta_tb -log elaborate.log 
Using 2 slave threads.
Starting static elaboration
Completed static elaboration
Starting simulation data flow analysis
Completed simulation data flow analysis
Time Resolution for simulation is 1ps
Compiling package std.standard
Compiling package std.textio
Compiling package ieee.std_logic_1164
Compiling package ieee.numeric_std
Compiling package std.env
Compiling architecture behavioral of entity xil_defaultlib.g_filter_meta [\g_filter_meta(image_width=8)\]
Compiling architecture behavioral of entity xil_defaultlib.g_filter_meta_tb
Built simulation snapshot g_filter_meta_tb_behav
INFO: [USF-XSim-69] 'elaborate' step finished in '4' seconds
INFO: [USF-XSim-4] XSim::Simulate design
INFO: [USF-XSim-61] Executing 'SIMULATE' step in 'C:/Users/narsi/Desktop/projects/Project_BUG/g_filter/g_filter_meta/g_filter_meta_D/g_filter_meta_/g_filter_meta.sim/sim_1/behav/xsim'
INFO: [USF-XSim-98] *** Running xsim
   with args "g_filter_meta_tb_behav -key {Behavioral:sim_1:Functional:g_filter_meta_tb} -tclbatch {g_filter_meta_tb.tcl} -log {simulate.log}"
INFO: [USF-XSim-8] Loading simulator feature
Time resolution is 1 ps
source g_filter_meta_tb.tcl
## current_wave_config
Error: Error : METASTABILITY (2,2) Exp=143 Got=127
Time: 375 ns  Iteration: 1  Process: /g_filter_meta_tb/line__146  File: C:/Users/narsi/Desktop/projects/Project_BUG/g_filter/g_filter_meta/g_filter_meta_D/tb/g_filter_meta_tb.vhd
Error: Error : METASTABILITY (2,3) Exp=191 Got=127
Time: 385 ns  Iteration: 1  Process: /g_filter_meta_tb/line__146  File: C:/Users/narsi/Desktop/projects/Project_BUG/g_filter/g_filter_meta/g_filter_meta_D/tb/g_filter_meta_tb.vhd
Error: Error : METASTABILITY (2,4) Exp=191 Got=127
Time: 395 ns  Iteration: 1  Process: /g_filter_meta_tb/line__146  File: C:/Users/narsi/Desktop/projects/Project_BUG/g_filter/g_filter_meta/g_filter_meta_D/tb/g_filter_meta_tb.vhd
Error: Error : METASTABILITY (2,5) Exp=143 Got=127
Time: 415 ns  Iteration: 1  Process: /g_filter_meta_tb/line__146  File: C:/Users/narsi/Desktop/projects/Project_BUG/g_filter/g_filter_meta/g_filter_meta_D/tb/g_filter_meta_tb.vhd
Error: Error : METASTABILITY (2,6) Exp=47 Got=127
Time: 425 ns  Iteration: 1  Process: /g_filter_meta_tb/line__146  File: C:/Users/narsi/Desktop/projects/Project_BUG/g_filter/g_filter_meta/g_filter_meta_D/tb/g_filter_meta_tb.vhd
Error: Error : METASTABILITY (2,7) Exp=0 Got=127
Time: 435 ns  Iteration: 1  Process: /g_filter_meta_tb/line__146  File: C:/Users/narsi/Desktop/projects/Project_BUG/g_filter/g_filter_meta/g_filter_meta_D/tb/g_filter_meta_tb.vhd
Error: Error : METASTABILITY (3,2) Exp=191 Got=127
Time: 475 ns  Iteration: 1  Process: /g_filter_meta_tb/line__146  File: C:/Users/narsi/Desktop/projects/Project_BUG/g_filter/g_filter_meta/g_filter_meta_D/tb/g_filter_meta_tb.vhd
Error: Error : METASTABILITY (3,3) Exp=255 Got=127
Time: 495 ns  Iteration: 1  Process: /g_filter_meta_tb/line__146  File: C:/Users/narsi/Desktop/projects/Project_BUG/g_filter/g_filter_meta/g_filter_meta_D/tb/g_filter_meta_tb.vhd
Error: Error : METASTABILITY (3,4) Exp=255 Got=127
Time: 505 ns  Iteration: 1  Process: /g_filter_meta_tb/line__146  File: C:/Users/narsi/Desktop/projects/Project_BUG/g_filter/g_filter_meta/g_filter_meta_D/tb/g_filter_meta_tb.vhd
Error: Error : METASTABILITY (3,5) Exp=191 Got=127
Time: 515 ns  Iteration: 1  Process: /g_filter_meta_tb/line__146  File: C:/Users/narsi/Desktop/projects/Project_BUG/g_filter/g_filter_meta/g_filter_meta_D/tb/g_filter_meta_tb.vhd
Error: Error : METASTABILITY (3,6) Exp=63 Got=127
Time: 535 ns  Iteration: 1  Process: /g_filter_meta_tb/line__146  File: C:/Users/narsi/Desktop/projects/Project_BUG/g_filter/g_filter_meta/g_filter_meta_D/tb/g_filter_meta_tb.vhd
Error: Error : METASTABILITY (3,7) Exp=0 Got=111
Time: 545 ns  Iteration: 1  Process: /g_filter_meta_tb/line__146  File: C:/Users/narsi/Desktop/projects/Project_BUG/g_filter/g_filter_meta/g_filter_meta_D/tb/g_filter_meta_tb.vhd
Error: Error : METASTABILITY (4,2) Exp=191 Got=47
Time: 585 ns  Iteration: 1  Process: /g_filter_meta_tb/line__146  File: C:/Users/narsi/Desktop/projects/Project_BUG/g_filter/g_filter_meta/g_filter_meta_D/tb/g_filter_meta_tb.vhd
Error: Error : METASTABILITY (4,3) Exp=255 Got=0
Time: 595 ns  Iteration: 1  Process: /g_filter_meta_tb/line__146  File: C:/Users/narsi/Desktop/projects/Project_BUG/g_filter/g_filter_meta/g_filter_meta_D/tb/g_filter_meta_tb.vhd
Error: Error : METASTABILITY (4,4) Exp=255 Got=0
Time: 615 ns  Iteration: 1  Process: /g_filter_meta_tb/line__146  File: C:/Users/narsi/Desktop/projects/Project_BUG/g_filter/g_filter_meta/g_filter_meta_D/tb/g_filter_meta_tb.vhd
Error: Error : METASTABILITY (4,5) Exp=191 Got=0
Time: 625 ns  Iteration: 1  Process: /g_filter_meta_tb/line__146  File: C:/Users/narsi/Desktop/projects/Project_BUG/g_filter/g_filter_meta/g_filter_meta_D/tb/g_filter_meta_tb.vhd
Error: Error : METASTABILITY (4,6) Exp=63 Got=0
Time: 635 ns  Iteration: 1  Process: /g_filter_meta_tb/line__146  File: C:/Users/narsi/Desktop/projects/Project_BUG/g_filter/g_filter_meta/g_filter_meta_D/tb/g_filter_meta_tb.vhd
Note: Simulation completed.
Time: 690 ns  Iteration: 0  Process: /g_filter_meta_tb/line__123  File: C:/Users/narsi/Desktop/projects/Project_BUG/g_filter/g_filter_meta/g_filter_meta_D/tb/g_filter_meta_tb.vhd
$stop called at time : 690 ns : File "C:/Users/narsi/Desktop/projects/Project_BUG/g_filter/g_filter_meta/g_filter_meta_D/tb/g_filter_meta_tb.vhd" Line 140
INFO: [USF-XSim-96] XSim completed. Design snapshot 'g_filter_meta_tb_behav' loaded.
INFO: [USF-XSim-97] XSim simulation ran for 1000ns
launch_simulation: Time (s): cpu = 00:00:01 ; elapsed = 00:00:10 . Memory (MB): peak = 1775.910 ; gain = 16.012
Error: Error : METASTABILITY (5,2) Exp=143 Got=0
Time: 745 ns  Iteration: 1  Process: /g_filter_meta_tb/line__146  File: C:/Users/narsi/Desktop/projects/Project_BUG/g_filter/g_filter_meta/g_filter_meta_D/tb/g_filter_meta_tb.vhd
Error: Error : METASTABILITY (5,3) Exp=191 Got=0
Time: 755 ns  Iteration: 1  Process: /g_filter_meta_tb/line__146  File: C:/Users/narsi/Desktop/projects/Project_BUG/g_filter/g_filter_meta/g_filter_meta_D/tb/g_filter_meta_tb.vhd
Error: Error : METASTABILITY (5,4) Exp=191 Got=0
Time: 765 ns  Iteration: 1  Process: /g_filter_meta_tb/line__146  File: C:/Users/narsi/Desktop/projects/Project_BUG/g_filter/g_filter_meta/g_filter_meta_D/tb/g_filter_meta_tb.vhd
Error: Error : METASTABILITY (5,5) Exp=143 Got=0
Time: 785 ns  Iteration: 1  Process: /g_filter_meta_tb/line__146  File: C:/Users/narsi/Desktop/projects/Project_BUG/g_filter/g_filter_meta/g_filter_meta_D/tb/g_filter_meta_tb.vhd
Error: Error : METASTABILITY (5,6) Exp=47 Got=0
Time: 795 ns  Iteration: 1  Process: /g_filter_meta_tb/line__146  File: C:/Users/narsi/Desktop/projects/Project_BUG/g_filter/g_filter_meta/g_filter_meta_D/tb/g_filter_meta_tb.vhd
Error: Error : METASTABILITY (6,2) Exp=47 Got=0
Time: 845 ns  Iteration: 1  Process: /g_filter_meta_tb/line__146  File: C:/Users/narsi/Desktop/projects/Project_BUG/g_filter/g_filter_meta/g_filter_meta_D/tb/g_filter_meta_tb.vhd
Error: Error : METASTABILITY (6,3) Exp=63 Got=0
Time: 865 ns  Iteration: 1  Process: /g_filter_meta_tb/line__146  File: C:/Users/narsi/Desktop/projects/Project_BUG/g_filter/g_filter_meta/g_filter_meta_D/tb/g_filter_meta_tb.vhd
Error: Error : METASTABILITY (6,4) Exp=63 Got=0
Time: 875 ns  Iteration: 1  Process: /g_filter_meta_tb/line__146  File: C:/Users/narsi/Desktop/projects/Project_BUG/g_filter/g_filter_meta/g_filter_meta_D/tb/g_filter_meta_tb.vhd
Error: Error : METASTABILITY (6,5) Exp=47 Got=0
Time: 885 ns  Iteration: 1  Process: /g_filter_meta_tb/line__146  File: C:/Users/narsi/Desktop/projects/Project_BUG/g_filter/g_filter_meta/g_filter_meta_D/tb/g_filter_meta_tb.vhd
Error: Error : METASTABILITY (6,6) Exp=15 Got=0
Time: 905 ns  Iteration: 1  Process: /g_filter_meta_tb/line__146  File: C:/Users/narsi/Desktop/projects/Project_BUG/g_filter/g_filter_meta/g_filter_meta_D/tb/g_filter_meta_tb.vhd
Error: Error : METASTABILITY (6,7) Exp=0 Got=15
Time: 915 ns  Iteration: 1  Process: /g_filter_meta_tb/line__146  File: C:/Users/narsi/Desktop/projects/Project_BUG/g_filter/g_filter_meta/g_filter_meta_D/tb/g_filter_meta_tb.vhd
Error: Error : METASTABILITY (7,2) Exp=0 Got=79
Time: 955 ns  Iteration: 1  Process: /g_filter_meta_tb/line__146  File: C:/Users/narsi/Desktop/projects/Project_BUG/g_filter/g_filter_meta/g_filter_meta_D/tb/g_filter_meta_tb.vhd
Error: Error : METASTABILITY (7,3) Exp=0 Got=127
Time: 965 ns  Iteration: 1  Process: /g_filter_meta_tb/line__146  File: C:/Users/narsi/Desktop/projects/Project_BUG/g_filter/g_filter_meta/g_filter_meta_D/tb/g_filter_meta_tb.vhd
Error: Error : METASTABILITY (7,4) Exp=0 Got=127
Time: 985 ns  Iteration: 1  Process: /g_filter_meta_tb/line__146  File: C:/Users/narsi/Desktop/projects/Project_BUG/g_filter/g_filter_meta/g_filter_meta_D/tb/g_filter_meta_tb.vhd
Error: Error : METASTABILITY (7,5) Exp=0 Got=127
Time: 995 ns  Iteration: 1  Process: /g_filter_meta_tb/line__146  File: C:/Users/narsi/Desktop/projects/Project_BUG/g_filter/g_filter_meta/g_filter_meta_D/tb/g_filter_meta_tb.vhd
Error: Error : METASTABILITY (7,6) Exp=0 Got=127
Time: 1005 ns  Iteration: 1  Process: /g_filter_meta_tb/line__146  File: C:/Users/narsi/Desktop/projects/Project_BUG/g_filter/g_filter_meta/g_filter_meta_D/tb/g_filter_meta_tb.vhd
Error: Error : METASTABILITY (7,7) Exp=0 Got=127
Time: 1025 ns  Iteration: 1  Process: /g_filter_meta_tb/line__146  File: C:/Users/narsi/Desktop/projects/Project_BUG/g_filter/g_filter_meta/g_filter_meta_D/tb/g_filter_meta_tb.vhd
ERROR: Index 8 out of bound 0 to 7
Time: 1065 ns  Iteration: 1  Process: /g_filter_meta_tb/line__146
  File: C:/Users/narsi/Desktop/projects/Project_BUG/g_filter/g_filter_meta/g_filter_meta_D/tb/g_filter_meta_tb.vhd

HDL Line: C:/Users/narsi/Desktop/projects/Project_BUG/g_filter/g_filter_meta/g_filter_meta_D/tb/g_filter_meta_tb.vhd:169
