Copyright 1986-2022 Xilinx, Inc. All Rights Reserved.
----------------------------------------------------------------------------------------
| Tool Version : Vivado v.2022.2 (win64) Build 3671981 Fri Oct 14 05:00:03 MDT 2022
| Date         : Fri Apr  3 11:05:50 2026
| Host         : Milan running 64-bit major release  (build 9200)
| Command      : report_timing_summary -file ./g_filter_meta_D/build/timing_summary.rpt
| Design       : g_filter_meta
| Device       : 7z020-clg484
| Speed File   : -1  PRODUCTION 1.12 2019-11-22
----------------------------------------------------------------------------------------

Timing Summary Report

------------------------------------------------------------------------------------------------
| Timer Settings
| --------------
------------------------------------------------------------------------------------------------

  Enable Multi Corner Analysis               :  Yes
  Enable Pessimism Removal                   :  Yes
  Pessimism Removal Resolution               :  Nearest Common Node
  Enable Input Delay Default Clock           :  No
  Enable Preset / Clear Arcs                 :  No
  Disable Flight Delays                      :  No
  Ignore I/O Paths                           :  No
  Timing Early Launch at Borrowing Latches   :  No
  Borrow Time for Max Delay Exceptions       :  Yes
  Merge Timing Exceptions                    :  Yes

  Corner  Analyze    Analyze    
  Name    Max Paths  Min Paths  
  ------  ---------  ---------  
  Slow    Yes        Yes        
  Fast    Yes        Yes        


------------------------------------------------------------------------------------------------
| Report Methodology
| ------------------
------------------------------------------------------------------------------------------------

No report available as report_methodology has not been run prior. Run report_methodology on the current design for the summary of methodology violations.



check_timing report

Table of Contents
-----------------
1. checking no_clock (117418)
2. checking constant_clock (0)
3. checking pulse_width_clock (0)
4. checking unconstrained_internal_endpoints (10442)
5. checking no_input_delay (8)
6. checking no_output_delay (9)
7. checking multiple_clock (0)
8. checking generated_clocks (0)
9. checking loops (0)
10. checking partial_input_delay (0)
11. checking partial_output_delay (0)
12. checking latch_loops (42)

1. checking no_clock (117418)
-----------------------------
 There are 10442 register/latch pins with no clock driven by root clock pin: valid_in (HIGH)

 There are 9920 register/latch pins with no clock driven by root clock pin: col_reg[0]/Q (HIGH)

 There are 224 register/latch pins with no clock driven by root clock pin: col_reg[0]_rep/Q (HIGH)

 There are 48 register/latch pins with no clock driven by root clock pin: col_reg[0]_rep__19/Q (HIGH)

 There are 80 register/latch pins with no clock driven by root clock pin: col_reg[0]_rep__20/Q (HIGH)

 There are 8912 register/latch pins with no clock driven by root clock pin: col_reg[1]/Q (HIGH)

 There are 1280 register/latch pins with no clock driven by root clock pin: col_reg[1]_rep__19/Q (HIGH)

 There are 64 register/latch pins with no clock driven by root clock pin: col_reg[1]_rep__2/Q (HIGH)

 There are 16 register/latch pins with no clock driven by root clock pin: col_reg[1]_rep__4/Q (HIGH)

 There are 16 register/latch pins with no clock driven by root clock pin: col_reg[1]_rep__6/Q (HIGH)

 There are 48 register/latch pins with no clock driven by root clock pin: col_reg[2]/Q (HIGH)

 There are 10240 register/latch pins with no clock driven by root clock pin: col_reg[2]_rep__12/Q (HIGH)

 There are 176 register/latch pins with no clock driven by root clock pin: col_reg[3]/Q (HIGH)

 There are 3856 register/latch pins with no clock driven by root clock pin: col_reg[3]_rep__2/Q (HIGH)

 There are 6256 register/latch pins with no clock driven by root clock pin: col_reg[3]_rep__4/Q (HIGH)

 There are 16 register/latch pins with no clock driven by root clock pin: col_reg[4]/Q (HIGH)

 There are 10272 register/latch pins with no clock driven by root clock pin: col_reg[4]_rep/Q (HIGH)

 There are 16 register/latch pins with no clock driven by root clock pin: col_reg[5]/Q (HIGH)

 There are 10272 register/latch pins with no clock driven by root clock pin: col_reg[5]_rep/Q (HIGH)

 There are 10288 register/latch pins with no clock driven by root clock pin: col_reg[6]/Q (HIGH)

 There are 1024 register/latch pins with no clock driven by root clock pin: col_reg[7]_rep/Q (HIGH)

 There are 5600 register/latch pins with no clock driven by root clock pin: col_reg[7]_rep__0/Q (HIGH)

 There are 3664 register/latch pins with no clock driven by root clock pin: col_reg[7]_rep__1/Q (HIGH)

 There are 1840 register/latch pins with no clock driven by root clock pin: col_reg[7]_rep__2/Q (HIGH)

 There are 1056 register/latch pins with no clock driven by root clock pin: col_reg[8]/Q (HIGH)

 There are 5760 register/latch pins with no clock driven by root clock pin: col_reg[8]_rep/Q (HIGH)

 There are 3488 register/latch pins with no clock driven by root clock pin: col_reg[8]_rep__0/Q (HIGH)

 There are 1744 register/latch pins with no clock driven by root clock pin: col_reg[8]_rep__1/Q (HIGH)

 There are 10288 register/latch pins with no clock driven by root clock pin: col_reg[9]/Q (HIGH)

 There are 16 register/latch pins with no clock driven by root clock pin: row_reg[0]/Q (HIGH)

 There are 16 register/latch pins with no clock driven by root clock pin: row_reg[10]/Q (HIGH)

 There are 16 register/latch pins with no clock driven by root clock pin: row_reg[11]/Q (HIGH)

 There are 16 register/latch pins with no clock driven by root clock pin: row_reg[12]/Q (HIGH)

 There are 16 register/latch pins with no clock driven by root clock pin: row_reg[13]/Q (HIGH)

 There are 16 register/latch pins with no clock driven by root clock pin: row_reg[14]/Q (HIGH)

 There are 16 register/latch pins with no clock driven by root clock pin: row_reg[15]/Q (HIGH)

 There are 16 register/latch pins with no clock driven by root clock pin: row_reg[16]/Q (HIGH)

 There are 16 register/latch pins with no clock driven by root clock pin: row_reg[17]/Q (HIGH)

 There are 16 register/latch pins with no clock driven by root clock pin: row_reg[18]/Q (HIGH)

 There are 16 register/latch pins with no clock driven by root clock pin: row_reg[19]/Q (HIGH)

 There are 16 register/latch pins with no clock driven by root clock pin: row_reg[1]/Q (HIGH)

 There are 16 register/latch pins with no clock driven by root clock pin: row_reg[20]/Q (HIGH)

 There are 16 register/latch pins with no clock driven by root clock pin: row_reg[21]/Q (HIGH)

 There are 16 register/latch pins with no clock driven by root clock pin: row_reg[22]/Q (HIGH)

 There are 16 register/latch pins with no clock driven by root clock pin: row_reg[23]/Q (HIGH)

 There are 16 register/latch pins with no clock driven by root clock pin: row_reg[24]/Q (HIGH)

 There are 16 register/latch pins with no clock driven by root clock pin: row_reg[25]/Q (HIGH)

 There are 16 register/latch pins with no clock driven by root clock pin: row_reg[26]/Q (HIGH)

 There are 16 register/latch pins with no clock driven by root clock pin: row_reg[27]/Q (HIGH)

 There are 16 register/latch pins with no clock driven by root clock pin: row_reg[28]/Q (HIGH)

 There are 16 register/latch pins with no clock driven by root clock pin: row_reg[29]/Q (HIGH)

 There are 16 register/latch pins with no clock driven by root clock pin: row_reg[2]/Q (HIGH)

 There are 16 register/latch pins with no clock driven by root clock pin: row_reg[30]/Q (HIGH)

 There are 16 register/latch pins with no clock driven by root clock pin: row_reg[31]/Q (HIGH)

 There are 16 register/latch pins with no clock driven by root clock pin: row_reg[3]/Q (HIGH)

 There are 16 register/latch pins with no clock driven by root clock pin: row_reg[4]/Q (HIGH)

 There are 16 register/latch pins with no clock driven by root clock pin: row_reg[5]/Q (HIGH)

 There are 16 register/latch pins with no clock driven by root clock pin: row_reg[6]/Q (HIGH)

 There are 16 register/latch pins with no clock driven by root clock pin: row_reg[7]/Q (HIGH)

 There are 16 register/latch pins with no clock driven by root clock pin: row_reg[8]/Q (HIGH)

 There are 16 register/latch pins with no clock driven by root clock pin: row_reg[9]/Q (HIGH)


2. checking constant_clock (0)
------------------------------
 There are 0 register/latch pins with constant_clock.


3. checking pulse_width_clock (0)
---------------------------------
 There are 0 register/latch pins which need pulse_width check


4. checking unconstrained_internal_endpoints (10442)
----------------------------------------------------
 There are 10442 pins that are not constrained for maximum delay. (HIGH)

 There are 0 pins that are not constrained for maximum delay due to constant clock.


5. checking no_input_delay (8)
------------------------------
 There are 8 input ports with no input delay specified. (HIGH)

 There are 0 input ports with no input delay but user has a false path constraint.


6. checking no_output_delay (9)
-------------------------------
 There are 9 ports with no output delay specified. (HIGH)

 There are 0 ports with no output delay but user has a false path constraint

 There are 0 ports with no output delay but with a timing clock defined on it or propagating through it


7. checking multiple_clock (0)
------------------------------
 There are 0 register/latch pins with multiple clocks.


8. checking generated_clocks (0)
--------------------------------
 There are 0 generated clocks that are not connected to a clock source.


9. checking loops (0)
---------------------
 There are 0 combinational loops in the design.


10. checking partial_input_delay (0)
------------------------------------
 There are 0 input ports with partial input delay specified.


11. checking partial_output_delay (0)
-------------------------------------
 There are 0 ports with partial output delay specified.


12. checking latch_loops (42)
-----------------------------
 There are 42 combinational latch loops in the design through latch input (HIGH)



------------------------------------------------------------------------------------------------
| Design Timing Summary
| ---------------------
------------------------------------------------------------------------------------------------

    WNS(ns)      TNS(ns)  TNS Failing Endpoints  TNS Total Endpoints      WHS(ns)      THS(ns)  THS Failing Endpoints  THS Total Endpoints     WPWS(ns)     TPWS(ns)  TPWS Failing Endpoints  TPWS Total Endpoints  
    -------      -------  ---------------------  -------------------      -------      -------  ---------------------  -------------------     --------     --------  ----------------------  --------------------  
         NA           NA                     NA                   NA           NA           NA                     NA                   NA           NA           NA                      NA                    NA  


There are no user specified timing constraints.


------------------------------------------------------------------------------------------------
| Clock Summary
| -------------
------------------------------------------------------------------------------------------------


------------------------------------------------------------------------------------------------
| Intra Clock Table
| -----------------
------------------------------------------------------------------------------------------------

Clock             WNS(ns)      TNS(ns)  TNS Failing Endpoints  TNS Total Endpoints      WHS(ns)      THS(ns)  THS Failing Endpoints  THS Total Endpoints     WPWS(ns)     TPWS(ns)  TPWS Failing Endpoints  TPWS Total Endpoints  
-----             -------      -------  ---------------------  -------------------      -------      -------  ---------------------  -------------------     --------     --------  ----------------------  --------------------  


------------------------------------------------------------------------------------------------
| Inter Clock Table
| -----------------
------------------------------------------------------------------------------------------------

From Clock    To Clock          WNS(ns)      TNS(ns)  TNS Failing Endpoints  TNS Total Endpoints      WHS(ns)      THS(ns)  THS Failing Endpoints  THS Total Endpoints  
----------    --------          -------      -------  ---------------------  -------------------      -------      -------  ---------------------  -------------------  


------------------------------------------------------------------------------------------------
| Other Path Groups Table
| -----------------------
------------------------------------------------------------------------------------------------

Path Group    From Clock    To Clock          WNS(ns)      TNS(ns)  TNS Failing Endpoints  TNS Total Endpoints      WHS(ns)      THS(ns)  THS Failing Endpoints  THS Total Endpoints  
----------    ----------    --------          -------      -------  ---------------------  -------------------      -------      -------  ---------------------  -------------------  


------------------------------------------------------------------------------------------------
| Timing Details
| --------------
------------------------------------------------------------------------------------------------


