#-----------------------------------------------------------
# Vivado v2022.2 (64-bit)
# SW Build 3671981 on Fri Oct 14 05:00:03 MDT 2022
# IP Build 3669848 on Fri Oct 14 08:30:02 MDT 2022
# Start of session at: Thu Apr  2 14:00:07 2026
# Process ID: 1988
# Current directory: C:/Users/narsi/Desktop/projects/Project_BUG/D_F/D_ff_cgat
# Command line: vivado.exe -mode batch -source build.tcl
# Log file: C:/Users/narsi/Desktop/projects/Project_BUG/D_F/D_ff_cgat/vivado.log
# Journal file: C:/Users/narsi/Desktop/projects/Project_BUG/D_F/D_ff_cgat\vivado.jou
# Running On: Milan, OS: Windows, CPU Frequency: 1797 MHz, CPU Physical cores: 16, Host memory: 6297 MB
#-----------------------------------------------------------
source build.tcl
# set main_project_name "D_ff_cgat_D"
# set proj_name   "D_ff_cgat_bug"
# set proj_dir    "./$main_project_name/D_ff_cgat_"
# set build_dir   "./$main_project_name/build"
# set part        "xc7z020clg484-1"
# set rtl_glob    "./$main_project_name/rtl/*.vhd"
# set tb_glob     "./$main_project_name/tb/*_tb.vhd"
# set xdc_glob    "./$main_project_name/constraints/*.xdc"
# set rtl_top_e   "D_ff_cgat"
# set tb_top_e   "D_ff_cgat_tb"
# set rtl_top     "./$main_project_name/rtl"
# set tb_top      "./$main_project_name/tb"
# set vivado_tool "Vivado 2022.2"
# set rtl_dir     "./rtl"
# set tb_dir      "./tb"
# set src_dir [glob -type d ./*.srcs]
# set full_src_rtl "$src_dir/sources_1/new"
# set full_src_tb "$src_dir/sim_1/new"
# catch {file mkdir $main_project_name}
# if {[file exists $build_dir]} {
#     puts "Cleaning build directory: $build_dir"
#     file delete -force $build_dir
# }
# file mkdir $build_dir
# catch { exec cmd.exe /c robocopy "./" "./$main_project_name" build.tcl run_case.dat } result
# if {![file exists $tb_top]} {
# catch {file mkdir $rtl_top}
# catch {file mkdir $tb_top}
# catch { exec cmd.exe /c robocopy "$full_src_tb" "$tb_top" /E } result
# catch { exec cmd.exe /c robocopy "$full_src_rtl" "$rtl_top" /E } result
# }
# create_project $proj_name $proj_dir -part $part -force
create_project: Time (s): cpu = 00:00:08 ; elapsed = 00:00:11 . Memory (MB): peak = 431.652 ; gain = 119.504
# foreach f [glob -nocomplain $rtl_glob] {
#   add_files $f
# }
# set_property top $rtl_top_e [current_fileset]
# update_compile_order -fileset sources_1
# set tb_list [glob -nocomplain $tb_glob]
# set run_sim 0
# if {[llength $tb_list] > 0} {
#   set run_sim 1
#   foreach f $tb_list {
#     add_files -fileset sim_1 $f
#   }
#   catch { set_property top $tb_top_e [get_filesets sim_1] }
#   update_compile_order -fileset sim_1
# }
CRITICAL WARNING: [filemgmt 20-742] The top module "D_ff_cgat_tb" specified for this project can not be validated. The current project is using automatic hierarchy update mode, and hence a new suitable replacement top will be automatically selected. If this is not desired, please change the hierarchy update mode to one of the manual compile order modes first, and then set top to any desired value.
Resolution: To switch to manual update order go to the Sources view, right-click on any node in the hierarchy and in the context menu select: 'Hierarchy Update' option 'No Update' or run the following Tcl Command: set_property source_mgmt_mode None [current_project] (which is the Manual Compile Order mode).
# launch_runs synth_1
WARNING: [Vivado 12-7122] Auto Incremental Compile:: No reference checkpoint was found in run synth_1. Auto-incremental flow will not be run, the standard flow will be run instead.
[Thu Apr  2 14:00:25 2026] Launched synth_1...
Run output will be captured here: C:/Users/narsi/Desktop/projects/Project_BUG/D_F/D_ff_cgat/D_ff_cgat_D/D_ff_cgat_/D_ff_cgat_bug.runs/synth_1/runme.log
# wait_on_run synth_1
[Thu Apr  2 14:00:25 2026] Waiting for synth_1 to finish...

*** Running vivado
    with args -log D_ff_cgat.vds -m64 -product Vivado -mode batch -messageDb vivado.pb -notrace -source D_ff_cgat.tcl



****** Vivado v2022.2 (64-bit)
  **** SW Build 3671981 on Fri Oct 14 05:00:03 MDT 2022
  **** IP Build 3669848 on Fri Oct 14 08:30:02 MDT 2022
    ** Copyright 1986-2022 Xilinx, Inc. All Rights Reserved.

source D_ff_cgat.tcl -notrace
create_project: Time (s): cpu = 00:00:07 ; elapsed = 00:00:08 . Memory (MB): peak = 431.492 ; gain = 97.418
Command: synth_design -top D_ff_cgat -part xc7z020clg484-1
Starting synth_design
Attempting to get a license for feature 'Synthesis' and/or device 'xc7z020'
INFO: [Common 17-349] Got license for feature 'Synthesis' and/or device 'xc7z020'
INFO: [Synth 8-7079] Multithreading enabled for synth_design using a maximum of 2 processes.
INFO: [Synth 8-7078] Launching helper process for spawning children vivado processes
INFO: [Synth 8-7075] Helper process launched with PID 24164
INFO: [Synth 8-11241] undeclared symbol 'REGCCE', assumed default net type 'wire' [C:/Xilinx/Vivado/2022.2/data/verilog/src/unimacro/BRAM_SINGLE_MACRO.v:2170]
---------------------------------------------------------------------------------
Starting Synthesize : Time (s): cpu = 00:00:07 ; elapsed = 00:00:08 . Memory (MB): peak = 868.098 ; gain = 411.715
---------------------------------------------------------------------------------
INFO: [Synth 8-638] synthesizing module 'D_ff_cgat' [C:/Users/narsi/Desktop/projects/Project_BUG/D_F/D_ff_cgat/D_ff_cgat_D/rtl/D_ff_cgat.vhd:43]
INFO: [Synth 8-256] done synthesizing module 'D_ff_cgat' (0#1) [C:/Users/narsi/Desktop/projects/Project_BUG/D_F/D_ff_cgat/D_ff_cgat_D/rtl/D_ff_cgat.vhd:43]
---------------------------------------------------------------------------------
Finished Synthesize : Time (s): cpu = 00:00:09 ; elapsed = 00:00:10 . Memory (MB): peak = 956.926 ; gain = 500.543
---------------------------------------------------------------------------------
---------------------------------------------------------------------------------
Finished Constraint Validation : Time (s): cpu = 00:00:10 ; elapsed = 00:00:10 . Memory (MB): peak = 956.926 ; gain = 500.543
---------------------------------------------------------------------------------
---------------------------------------------------------------------------------
Start Loading Part and Timing Information
---------------------------------------------------------------------------------
Loading part: xc7z020clg484-1
---------------------------------------------------------------------------------
Finished Loading Part and Timing Information : Time (s): cpu = 00:00:10 ; elapsed = 00:00:10 . Memory (MB): peak = 956.926 ; gain = 500.543
---------------------------------------------------------------------------------
INFO: [Device 21-403] Loading part xc7z020clg484-1
---------------------------------------------------------------------------------
Finished RTL Optimization Phase 2 : Time (s): cpu = 00:00:10 ; elapsed = 00:00:11 . Memory (MB): peak = 956.926 ; gain = 500.543
---------------------------------------------------------------------------------
No constraint files found.
---------------------------------------------------------------------------------
Start RTL Component Statistics 
---------------------------------------------------------------------------------
Detailed RTL Component Info : 
+---XORs : 
	   2 Input      1 Bit         XORs := 1     
+---Registers : 
	                1 Bit    Registers := 1     
---------------------------------------------------------------------------------
Finished RTL Component Statistics 
---------------------------------------------------------------------------------
---------------------------------------------------------------------------------
Start Part Resource Summary
---------------------------------------------------------------------------------
Part Resources:
DSPs: 220 (col length:60)
BRAMs: 280 (col length: RAMB18 60 RAMB36 30)
---------------------------------------------------------------------------------
Finished Part Resource Summary
---------------------------------------------------------------------------------
No constraint files found.
---------------------------------------------------------------------------------
Start Cross Boundary and Area Optimization
---------------------------------------------------------------------------------
WARNING: [Synth 8-7080] Parallel synthesis criteria is not met
---------------------------------------------------------------------------------
Finished Cross Boundary and Area Optimization : Time (s): cpu = 00:00:17 ; elapsed = 00:00:20 . Memory (MB): peak = 1154.691 ; gain = 698.309
---------------------------------------------------------------------------------
No constraint files found.
---------------------------------------------------------------------------------
Start Timing Optimization
---------------------------------------------------------------------------------
---------------------------------------------------------------------------------
Finished Timing Optimization : Time (s): cpu = 00:00:17 ; elapsed = 00:00:20 . Memory (MB): peak = 1154.691 ; gain = 698.309
---------------------------------------------------------------------------------
---------------------------------------------------------------------------------
Start Technology Mapping
---------------------------------------------------------------------------------
---------------------------------------------------------------------------------
Finished Technology Mapping : Time (s): cpu = 00:00:17 ; elapsed = 00:00:20 . Memory (MB): peak = 1154.840 ; gain = 698.457
---------------------------------------------------------------------------------
---------------------------------------------------------------------------------
Start IO Insertion
---------------------------------------------------------------------------------
---------------------------------------------------------------------------------
Start Flattening Before IO Insertion
---------------------------------------------------------------------------------
---------------------------------------------------------------------------------
Finished Flattening Before IO Insertion
---------------------------------------------------------------------------------
---------------------------------------------------------------------------------
Start Final Netlist Cleanup
---------------------------------------------------------------------------------
---------------------------------------------------------------------------------
Finished Final Netlist Cleanup
---------------------------------------------------------------------------------
---------------------------------------------------------------------------------
Finished IO Insertion : Time (s): cpu = 00:00:24 ; elapsed = 00:00:27 . Memory (MB): peak = 1154.840 ; gain = 698.457
---------------------------------------------------------------------------------
---------------------------------------------------------------------------------
Start Renaming Generated Instances
---------------------------------------------------------------------------------
---------------------------------------------------------------------------------
Finished Renaming Generated Instances : Time (s): cpu = 00:00:24 ; elapsed = 00:00:27 . Memory (MB): peak = 1154.840 ; gain = 698.457
---------------------------------------------------------------------------------
---------------------------------------------------------------------------------
Start Rebuilding User Hierarchy
---------------------------------------------------------------------------------
---------------------------------------------------------------------------------
Finished Rebuilding User Hierarchy : Time (s): cpu = 00:00:24 ; elapsed = 00:00:27 . Memory (MB): peak = 1154.840 ; gain = 698.457
---------------------------------------------------------------------------------
---------------------------------------------------------------------------------
Start Renaming Generated Ports
---------------------------------------------------------------------------------
---------------------------------------------------------------------------------
Finished Renaming Generated Ports : Time (s): cpu = 00:00:24 ; elapsed = 00:00:27 . Memory (MB): peak = 1154.840 ; gain = 698.457
---------------------------------------------------------------------------------
---------------------------------------------------------------------------------
Start Handling Custom Attributes
---------------------------------------------------------------------------------
---------------------------------------------------------------------------------
Finished Handling Custom Attributes : Time (s): cpu = 00:00:24 ; elapsed = 00:00:27 . Memory (MB): peak = 1154.840 ; gain = 698.457
---------------------------------------------------------------------------------
---------------------------------------------------------------------------------
Start Renaming Generated Nets
---------------------------------------------------------------------------------
---------------------------------------------------------------------------------
Finished Renaming Generated Nets : Time (s): cpu = 00:00:24 ; elapsed = 00:00:27 . Memory (MB): peak = 1154.840 ; gain = 698.457
---------------------------------------------------------------------------------
---------------------------------------------------------------------------------
Start Writing Synthesis Report
---------------------------------------------------------------------------------

Report BlackBoxes: 
+-+--------------+----------+
| |BlackBox name |Instances |
+-+--------------+----------+
+-+--------------+----------+

Report Cell Usage: 
+------+-----+------+
|      |Cell |Count |
+------+-----+------+
|1     |LUT2 |     1|
|2     |FDCE |     1|
|3     |IBUF |     3|
|4     |OBUF |     1|
+------+-----+------+

Report Instance Areas: 
+------+---------+-------+------+
|      |Instance |Module |Cells |
+------+---------+-------+------+
|1     |top      |       |     6|
+------+---------+-------+------+
---------------------------------------------------------------------------------
Finished Writing Synthesis Report : Time (s): cpu = 00:00:24 ; elapsed = 00:00:27 . Memory (MB): peak = 1154.840 ; gain = 698.457
---------------------------------------------------------------------------------
Synthesis finished with 0 errors, 0 critical warnings and 1 warnings.
Synthesis Optimization Runtime : Time (s): cpu = 00:00:24 ; elapsed = 00:00:27 . Memory (MB): peak = 1154.840 ; gain = 698.457
Synthesis Optimization Complete : Time (s): cpu = 00:00:24 ; elapsed = 00:00:27 . Memory (MB): peak = 1154.840 ; gain = 698.457
INFO: [Project 1-571] Translating synthesized netlist
Netlist sorting complete. Time (s): cpu = 00:00:00 ; elapsed = 00:00:00.002 . Memory (MB): peak = 1167.703 ; gain = 0.000
INFO: [Project 1-570] Preparing netlist for logic optimization
INFO: [Opt 31-138] Pushed 0 inverter(s) to 0 load pin(s).
Netlist sorting complete. Time (s): cpu = 00:00:00 ; elapsed = 00:00:00 . Memory (MB): peak = 1273.270 ; gain = 0.000
INFO: [Project 1-111] Unisim Transformation Summary:
No Unisim elements were transformed.

Synth Design complete, checksum: 8d668b31
INFO: [Common 17-83] Releasing license: Synthesis
13 Infos, 1 Warnings, 0 Critical Warnings and 0 Errors encountered.
synth_design completed successfully
synth_design: Time (s): cpu = 00:00:26 ; elapsed = 00:00:30 . Memory (MB): peak = 1273.270 ; gain = 841.777
INFO: [Common 17-1381] The checkpoint 'C:/Users/narsi/Desktop/projects/Project_BUG/D_F/D_ff_cgat/D_ff_cgat_D/D_ff_cgat_/D_ff_cgat_bug.runs/synth_1/D_ff_cgat.dcp' has been generated.
INFO: [runtcl-4] Executing : report_utilization -file D_ff_cgat_utilization_synth.rpt -pb D_ff_cgat_utilization_synth.pb
INFO: [Common 17-206] Exiting Vivado at Thu Apr  2 14:01:11 2026...
[Thu Apr  2 14:01:15 2026] synth_1 finished
wait_on_runs: Time (s): cpu = 00:00:00 ; elapsed = 00:00:50 . Memory (MB): peak = 456.551 ; gain = 0.000
# open_run synth_1
Design is defaulting to impl run constrset: constrs_1
Design is defaulting to synth run part: xc7z020clg484-1
INFO: [Device 21-403] Loading part xc7z020clg484-1
Netlist sorting complete. Time (s): cpu = 00:00:00 ; elapsed = 00:00:00 . Memory (MB): peak = 860.227 ; gain = 0.000
INFO: [Project 1-479] Netlist was created with Vivado 2022.2
INFO: [Project 1-570] Preparing netlist for logic optimization
INFO: [Opt 31-138] Pushed 0 inverter(s) to 0 load pin(s).
Netlist sorting complete. Time (s): cpu = 00:00:00 ; elapsed = 00:00:00 . Memory (MB): peak = 976.375 ; gain = 0.000
INFO: [Project 1-111] Unisim Transformation Summary:
No Unisim elements were transformed.

open_run: Time (s): cpu = 00:00:06 ; elapsed = 00:00:08 . Memory (MB): peak = 981.402 ; gain = 524.852
# write_checkpoint -force [file join $build_dir post_synth.dcp]
INFO: [Common 17-1381] The checkpoint 'C:/Users/narsi/Desktop/projects/Project_BUG/D_F/D_ff_cgat/D_ff_cgat_D/build/post_synth.dcp' has been generated.
# launch_runs impl_1
[Thu Apr  2 14:01:24 2026] Launched impl_1...
Run output will be captured here: C:/Users/narsi/Desktop/projects/Project_BUG/D_F/D_ff_cgat/D_ff_cgat_D/D_ff_cgat_/D_ff_cgat_bug.runs/impl_1/runme.log
# wait_on_run impl_1
[Thu Apr  2 14:01:24 2026] Waiting for impl_1 to finish...

*** Running vivado
    with args -log D_ff_cgat.vdi -applog -m64 -product Vivado -messageDb vivado.pb -mode batch -source D_ff_cgat.tcl -notrace



****** Vivado v2022.2 (64-bit)
  **** SW Build 3671981 on Fri Oct 14 05:00:03 MDT 2022
  **** IP Build 3669848 on Fri Oct 14 08:30:02 MDT 2022
    ** Copyright 1986-2022 Xilinx, Inc. All Rights Reserved.

source D_ff_cgat.tcl -notrace
Command: open_checkpoint C:/Users/narsi/Desktop/projects/Project_BUG/D_F/D_ff_cgat/D_ff_cgat_D/D_ff_cgat_/D_ff_cgat_bug.runs/impl_1/D_ff_cgat.dcp
INFO: [Device 21-403] Loading part xc7z020clg484-1
Netlist sorting complete. Time (s): cpu = 00:00:00 ; elapsed = 00:00:00 . Memory (MB): peak = 859.527 ; gain = 0.000
INFO: [Project 1-479] Netlist was created with Vivado 2022.2
INFO: [Project 1-570] Preparing netlist for logic optimization
Netlist sorting complete. Time (s): cpu = 00:00:00 ; elapsed = 00:00:00 . Memory (MB): peak = 951.082 ; gain = 0.000
INFO: [Project 1-111] Unisim Transformation Summary:
No Unisim elements were transformed.

INFO: [Project 1-604] Checkpoint was created with Vivado v2022.2 (64-bit) build 3671981
OpenCheckpoint Checksum | Checksum: b2c412b8
----- Checksum: PlaceDB: 00000000 ShapeSum: b2c412b8 RouteDB: 00000000 
open_checkpoint: Time (s): cpu = 00:00:13 ; elapsed = 00:00:16 . Memory (MB): peak = 955.109 ; gain = 644.090
Command: opt_design
Attempting to get a license for feature 'Implementation' and/or device 'xc7z020'
INFO: [Common 17-349] Got license for feature 'Implementation' and/or device 'xc7z020'
Running DRC as a precondition to command opt_design

Starting DRC Task
INFO: [DRC 23-27] Running DRC with 2 threads
INFO: [Project 1-461] DRC finished with 0 Errors
INFO: [Project 1-462] Please refer to the DRC report (report_drc) for more information.

Time (s): cpu = 00:00:00 ; elapsed = 00:00:00.659 . Memory (MB): peak = 995.828 ; gain = 18.910

Starting Cache Timing Information Task
INFO: [Timing 38-35] Done setting XDC timing constraints.
Ending Cache Timing Information Task | Checksum: 1402a9de9

Time (s): cpu = 00:00:07 ; elapsed = 00:00:08 . Memory (MB): peak = 1500.277 ; gain = 504.449

Starting Logic Optimization Task

Phase 1 Retarget
INFO: [Opt 31-138] Pushed 0 inverter(s) to 0 load pin(s).
INFO: [Opt 31-49] Retargeted 0 cell(s).
Phase 1 Retarget | Checksum: 1402a9de9

Time (s): cpu = 00:00:00 ; elapsed = 00:00:00.056 . Memory (MB): peak = 1837.355 ; gain = 0.000
INFO: [Opt 31-389] Phase Retarget created 0 cells and removed 0 cells

Phase 2 Constant propagation
INFO: [Opt 31-138] Pushed 0 inverter(s) to 0 load pin(s).
Phase 2 Constant propagation | Checksum: 1402a9de9

Time (s): cpu = 00:00:00 ; elapsed = 00:00:00.058 . Memory (MB): peak = 1837.355 ; gain = 0.000
INFO: [Opt 31-389] Phase Constant propagation created 0 cells and removed 0 cells

Phase 3 Sweep
Phase 3 Sweep | Checksum: 1402a9de9

Time (s): cpu = 00:00:00 ; elapsed = 00:00:00.063 . Memory (MB): peak = 1837.355 ; gain = 0.000
INFO: [Opt 31-389] Phase Sweep created 0 cells and removed 0 cells

Phase 4 BUFG optimization
Phase 4 BUFG optimization | Checksum: 1402a9de9

Time (s): cpu = 00:00:00 ; elapsed = 00:00:00.111 . Memory (MB): peak = 1837.355 ; gain = 0.000
INFO: [Opt 31-662] Phase BUFG optimization created 0 cells of which 0 are BUFGs and removed 0 cells.

Phase 5 Shift Register Optimization
INFO: [Opt 31-1064] SRL Remap converted 0 SRLs to 0 registers and converted 0 registers of register chains to 0 SRLs
Phase 5 Shift Register Optimization | Checksum: 1402a9de9

Time (s): cpu = 00:00:00 ; elapsed = 00:00:00.114 . Memory (MB): peak = 1837.355 ; gain = 0.000
INFO: [Opt 31-389] Phase Shift Register Optimization created 0 cells and removed 0 cells

Phase 6 Post Processing Netlist
Phase 6 Post Processing Netlist | Checksum: 1402a9de9

Time (s): cpu = 00:00:01 ; elapsed = 00:00:00.117 . Memory (MB): peak = 1837.355 ; gain = 0.000
INFO: [Opt 31-389] Phase Post Processing Netlist created 0 cells and removed 0 cells
Opt_design Change Summary
=========================


-------------------------------------------------------------------------------------------------------------------------
|  Phase                        |  #Cells created  |  #Cells Removed  |  #Constrained objects preventing optimizations  |
-------------------------------------------------------------------------------------------------------------------------
|  Retarget                     |               0  |               0  |                                              0  |
|  Constant propagation         |               0  |               0  |                                              0  |
|  Sweep                        |               0  |               0  |                                              0  |
|  BUFG optimization            |               0  |               0  |                                              0  |
|  Shift Register Optimization  |               0  |               0  |                                              0  |
|  Post Processing Netlist      |               0  |               0  |                                              0  |
-------------------------------------------------------------------------------------------------------------------------



Starting Connectivity Check Task

Time (s): cpu = 00:00:00 ; elapsed = 00:00:00.001 . Memory (MB): peak = 1837.355 ; gain = 0.000
Ending Logic Optimization Task | Checksum: 1402a9de9

Time (s): cpu = 00:00:01 ; elapsed = 00:00:00.121 . Memory (MB): peak = 1837.355 ; gain = 0.000

Starting Power Optimization Task
INFO: [Pwropt 34-132] Skipping clock gating for clocks with a period < 2.00 ns.
Ending Power Optimization Task | Checksum: 1402a9de9

Time (s): cpu = 00:00:00 ; elapsed = 00:00:00.018 . Memory (MB): peak = 1837.355 ; gain = 0.000

Starting Final Cleanup Task
Ending Final Cleanup Task | Checksum: 1402a9de9

Time (s): cpu = 00:00:00 ; elapsed = 00:00:00 . Memory (MB): peak = 1837.355 ; gain = 0.000

Starting Netlist Obfuscation Task
Netlist sorting complete. Time (s): cpu = 00:00:00 ; elapsed = 00:00:00 . Memory (MB): peak = 1837.355 ; gain = 0.000
Ending Netlist Obfuscation Task | Checksum: 1402a9de9

Time (s): cpu = 00:00:00 ; elapsed = 00:00:00 . Memory (MB): peak = 1837.355 ; gain = 0.000
INFO: [Common 17-83] Releasing license: Implementation
22 Infos, 0 Warnings, 0 Critical Warnings and 0 Errors encountered.
opt_design completed successfully
opt_design: Time (s): cpu = 00:00:11 ; elapsed = 00:00:12 . Memory (MB): peak = 1837.355 ; gain = 882.246
INFO: [Common 17-1381] The checkpoint 'C:/Users/narsi/Desktop/projects/Project_BUG/D_F/D_ff_cgat/D_ff_cgat_D/D_ff_cgat_/D_ff_cgat_bug.runs/impl_1/D_ff_cgat_opt.dcp' has been generated.
INFO: [runtcl-4] Executing : report_drc -file D_ff_cgat_drc_opted.rpt -pb D_ff_cgat_drc_opted.pb -rpx D_ff_cgat_drc_opted.rpx
Command: report_drc -file D_ff_cgat_drc_opted.rpt -pb D_ff_cgat_drc_opted.pb -rpx D_ff_cgat_drc_opted.rpx
INFO: [IP_Flow 19-234] Refreshing IP repositories
INFO: [IP_Flow 19-1704] No user IP repositories specified
INFO: [IP_Flow 19-2313] Loaded Vivado IP repository 'C:/Xilinx/Vivado/2022.2/data/ip'.
INFO: [DRC 23-27] Running DRC with 2 threads
INFO: [Vivado_Tcl 2-168] The results of DRC are in file C:/Users/narsi/Desktop/projects/Project_BUG/D_F/D_ff_cgat/D_ff_cgat_D/D_ff_cgat_/D_ff_cgat_bug.runs/impl_1/D_ff_cgat_drc_opted.rpt.
report_drc completed successfully
Command: place_design
Attempting to get a license for feature 'Implementation' and/or device 'xc7z020'
INFO: [Common 17-349] Got license for feature 'Implementation' and/or device 'xc7z020'
INFO: [DRC 23-27] Running DRC with 2 threads
INFO: [Vivado_Tcl 4-198] DRC finished with 0 Errors
INFO: [Vivado_Tcl 4-199] Please refer to the DRC report (report_drc) for more information.
Running DRC as a precondition to command place_design
INFO: [DRC 23-27] Running DRC with 2 threads
INFO: [Vivado_Tcl 4-198] DRC finished with 0 Errors
INFO: [Vivado_Tcl 4-199] Please refer to the DRC report (report_drc) for more information.

Starting Placer Task
INFO: [Place 30-611] Multithreading enabled for place_design using a maximum of 2 CPUs

Phase 1 Placer Initialization

Phase 1.1 Placer Initialization Netlist Sorting
Netlist sorting complete. Time (s): cpu = 00:00:00 ; elapsed = 00:00:00 . Memory (MB): peak = 1837.355 ; gain = 0.000
Phase 1.1 Placer Initialization Netlist Sorting | Checksum: b2c412b8

Time (s): cpu = 00:00:00 ; elapsed = 00:00:00.016 . Memory (MB): peak = 1837.355 ; gain = 0.000
Netlist sorting complete. Time (s): cpu = 00:00:00 ; elapsed = 00:00:00 . Memory (MB): peak = 1837.355 ; gain = 0.000

Phase 1.2 IO Placement/ Clock Placement/ Build Placer Device
WARNING: [Place 30-568] A LUT 'reg_i_1' is driving clock pin of 1 registers. This could lead to large hold time violations. First few involved registers are:
	reg_reg {FDCE}
INFO: [Timing 38-35] Done setting XDC timing constraints.
Phase 1.2 IO Placement/ Clock Placement/ Build Placer Device | Checksum: 152e9aa1e

Time (s): cpu = 00:00:00 ; elapsed = 00:00:00.194 . Memory (MB): peak = 1837.355 ; gain = 0.000

Phase 1.3 Build Placer Netlist Model
Phase 1.3 Build Placer Netlist Model | Checksum: 1f2d7e3b0

Time (s): cpu = 00:00:00 ; elapsed = 00:00:00.261 . Memory (MB): peak = 1837.355 ; gain = 0.000

Phase 1.4 Constrain Clocks/Macros
Phase 1.4 Constrain Clocks/Macros | Checksum: 1f2d7e3b0

Time (s): cpu = 00:00:00 ; elapsed = 00:00:00.265 . Memory (MB): peak = 1837.355 ; gain = 0.000
Phase 1 Placer Initialization | Checksum: 1f2d7e3b0

Time (s): cpu = 00:00:00 ; elapsed = 00:00:00.274 . Memory (MB): peak = 1837.355 ; gain = 0.000

Phase 2 Global Placement

Phase 2.1 Floorplanning
Phase 2.1 Floorplanning | Checksum: 1f2d7e3b0

Time (s): cpu = 00:00:00 ; elapsed = 00:00:00.284 . Memory (MB): peak = 1837.355 ; gain = 0.000

Phase 2.2 Update Timing before SLR Path Opt
Phase 2.2 Update Timing before SLR Path Opt | Checksum: 1f2d7e3b0

Time (s): cpu = 00:00:00 ; elapsed = 00:00:00.284 . Memory (MB): peak = 1837.355 ; gain = 0.000

Phase 2.3 Post-Processing in Floorplanning
Phase 2.3 Post-Processing in Floorplanning | Checksum: 1f2d7e3b0

Time (s): cpu = 00:00:00 ; elapsed = 00:00:00.284 . Memory (MB): peak = 1837.355 ; gain = 0.000

Phase 2.4 Global Placement Core
WARNING: [Place 46-29] Timing had been disabled during Placer and, therefore, physical synthesis in Placer will be skipped.
Phase 2.4 Global Placement Core | Checksum: 1b1957e7e

Time (s): cpu = 00:00:01 ; elapsed = 00:00:00.949 . Memory (MB): peak = 1837.355 ; gain = 0.000
Phase 2 Global Placement | Checksum: 1b1957e7e

Time (s): cpu = 00:00:01 ; elapsed = 00:00:00.954 . Memory (MB): peak = 1837.355 ; gain = 0.000

Phase 3 Detail Placement

Phase 3.1 Commit Multi Column Macros
Phase 3.1 Commit Multi Column Macros | Checksum: 1b1957e7e

Time (s): cpu = 00:00:01 ; elapsed = 00:00:00.960 . Memory (MB): peak = 1837.355 ; gain = 0.000

Phase 3.2 Commit Most Macros & LUTRAMs
Phase 3.2 Commit Most Macros & LUTRAMs | Checksum: 1e5cf056e

Time (s): cpu = 00:00:01 ; elapsed = 00:00:00.967 . Memory (MB): peak = 1837.355 ; gain = 0.000

Phase 3.3 Area Swap Optimization
Phase 3.3 Area Swap Optimization | Checksum: 1d0efde71

Time (s): cpu = 00:00:01 ; elapsed = 00:00:00.979 . Memory (MB): peak = 1837.355 ; gain = 0.000

Phase 3.4 Pipeline Register Optimization
Phase 3.4 Pipeline Register Optimization | Checksum: 1d0efde71

Time (s): cpu = 00:00:01 ; elapsed = 00:00:00.981 . Memory (MB): peak = 1837.355 ; gain = 0.000

Phase 3.5 Small Shape Detail Placement
Phase 3.5 Small Shape Detail Placement | Checksum: 164922475

Time (s): cpu = 00:00:02 ; elapsed = 00:00:02 . Memory (MB): peak = 1837.355 ; gain = 0.000

Phase 3.6 Re-assign LUT pins
Phase 3.6 Re-assign LUT pins | Checksum: 164922475

Time (s): cpu = 00:00:02 ; elapsed = 00:00:02 . Memory (MB): peak = 1837.355 ; gain = 0.000

Phase 3.7 Pipeline Register Optimization
Phase 3.7 Pipeline Register Optimization | Checksum: 164922475

Time (s): cpu = 00:00:02 ; elapsed = 00:00:02 . Memory (MB): peak = 1837.355 ; gain = 0.000
Phase 3 Detail Placement | Checksum: 164922475

Time (s): cpu = 00:00:02 ; elapsed = 00:00:02 . Memory (MB): peak = 1837.355 ; gain = 0.000

Phase 4 Post Placement Optimization and Clean-Up

Phase 4.1 Post Commit Optimization
Phase 4.1 Post Commit Optimization | Checksum: 164922475

Time (s): cpu = 00:00:02 ; elapsed = 00:00:02 . Memory (MB): peak = 1837.355 ; gain = 0.000

Phase 4.2 Post Placement Cleanup
Phase 4.2 Post Placement Cleanup | Checksum: 164922475

Time (s): cpu = 00:00:02 ; elapsed = 00:00:02 . Memory (MB): peak = 1837.355 ; gain = 0.000

Phase 4.3 Placer Reporting

Phase 4.3.1 Print Estimated Congestion
INFO: [Place 30-612] Post-Placement Estimated Congestion 
 ____________________________________________________
|           | Global Congestion | Short Congestion  |
| Direction | Region Size       | Region Size       |
|___________|___________________|___________________|
|      North|                1x1|                1x1|
|___________|___________________|___________________|
|      South|                1x1|                1x1|
|___________|___________________|___________________|
|       East|                1x1|                1x1|
|___________|___________________|___________________|
|       West|                1x1|                1x1|
|___________|___________________|___________________|

Phase 4.3.1 Print Estimated Congestion | Checksum: 164922475

Time (s): cpu = 00:00:02 ; elapsed = 00:00:02 . Memory (MB): peak = 1837.355 ; gain = 0.000
Phase 4.3 Placer Reporting | Checksum: 164922475

Time (s): cpu = 00:00:02 ; elapsed = 00:00:02 . Memory (MB): peak = 1837.355 ; gain = 0.000

Phase 4.4 Final Placement Cleanup
Netlist sorting complete. Time (s): cpu = 00:00:00 ; elapsed = 00:00:00 . Memory (MB): peak = 1837.355 ; gain = 0.000

Time (s): cpu = 00:00:02 ; elapsed = 00:00:02 . Memory (MB): peak = 1837.355 ; gain = 0.000
Phase 4 Post Placement Optimization and Clean-Up | Checksum: 164922475

Time (s): cpu = 00:00:02 ; elapsed = 00:00:02 . Memory (MB): peak = 1837.355 ; gain = 0.000
Ending Placer Task | Checksum: 11ea5fa35

Time (s): cpu = 00:00:02 ; elapsed = 00:00:02 . Memory (MB): peak = 1837.355 ; gain = 0.000
INFO: [Common 17-83] Releasing license: Implementation
40 Infos, 2 Warnings, 0 Critical Warnings and 0 Errors encountered.
place_design completed successfully
Writing XDEF routing.
Writing XDEF routing logical nets.
Writing XDEF routing special nets.
Write XDEF Complete: Time (s): cpu = 00:00:00 ; elapsed = 00:00:00.133 . Memory (MB): peak = 1853.961 ; gain = 16.605
INFO: [Common 17-1381] The checkpoint 'C:/Users/narsi/Desktop/projects/Project_BUG/D_F/D_ff_cgat/D_ff_cgat_D/D_ff_cgat_/D_ff_cgat_bug.runs/impl_1/D_ff_cgat_placed.dcp' has been generated.
INFO: [runtcl-4] Executing : report_io -file D_ff_cgat_io_placed.rpt
report_io: Time (s): cpu = 00:00:00 ; elapsed = 00:00:00.124 . Memory (MB): peak = 1853.961 ; gain = 0.000
INFO: [runtcl-4] Executing : report_utilization -file D_ff_cgat_utilization_placed.rpt -pb D_ff_cgat_utilization_placed.pb
INFO: [runtcl-4] Executing : report_control_sets -verbose -file D_ff_cgat_control_sets_placed.rpt
report_control_sets: Time (s): cpu = 00:00:00 ; elapsed = 00:00:00.003 . Memory (MB): peak = 1853.961 ; gain = 0.000
Command: phys_opt_design
Attempting to get a license for feature 'Implementation' and/or device 'xc7z020'
INFO: [Common 17-349] Got license for feature 'Implementation' and/or device 'xc7z020'

Starting Initial Update Timing Task

Time (s): cpu = 00:00:00 ; elapsed = 00:00:00.016 . Memory (MB): peak = 1853.961 ; gain = 0.000
INFO: [Vivado_Tcl 4-235] No timing constraint found. The netlist was not modified.
INFO: [Common 17-83] Releasing license: Implementation
47 Infos, 2 Warnings, 0 Critical Warnings and 0 Errors encountered.
phys_opt_design completed successfully
Writing XDEF routing.
Writing XDEF routing logical nets.
Writing XDEF routing special nets.
Write XDEF Complete: Time (s): cpu = 00:00:00 ; elapsed = 00:00:00.063 . Memory (MB): peak = 1861.723 ; gain = 7.762
INFO: [Common 17-1381] The checkpoint 'C:/Users/narsi/Desktop/projects/Project_BUG/D_F/D_ff_cgat/D_ff_cgat_D/D_ff_cgat_/D_ff_cgat_bug.runs/impl_1/D_ff_cgat_physopt.dcp' has been generated.
Command: route_design
Attempting to get a license for feature 'Implementation' and/or device 'xc7z020'
INFO: [Common 17-349] Got license for feature 'Implementation' and/or device 'xc7z020'
Running DRC as a precondition to command route_design
INFO: [DRC 23-27] Running DRC with 2 threads
INFO: [Vivado_Tcl 4-198] DRC finished with 0 Errors
INFO: [Vivado_Tcl 4-199] Please refer to the DRC report (report_drc) for more information.


Starting Routing Task
INFO: [Route 35-254] Multithreading enabled for route_design using a maximum of 2 CPUs

Phase 1 Build RT Design
Checksum: PlaceDB: 6be1e77d ConstDB: 0 ShapeSum: b2c412b8 RouteDB: 0
Post Restoration Checksum: NetGraph: b0b5e638 NumContArr: 27335cb6 Constraints: 0 Timing: 0
Phase 1 Build RT Design | Checksum: d7e942ee

Time (s): cpu = 00:00:28 ; elapsed = 00:00:24 . Memory (MB): peak = 1964.844 ; gain = 93.984

Phase 2 Router Initialization
INFO: [Route 35-64] No timing constraints were detected. The router will operate in resource-optimization mode.

Phase 2.1 Fix Topology Constraints
Phase 2.1 Fix Topology Constraints | Checksum: d7e942ee

Time (s): cpu = 00:00:28 ; elapsed = 00:00:24 . Memory (MB): peak = 1971.461 ; gain = 100.602

Phase 2.2 Pre Route Cleanup
Phase 2.2 Pre Route Cleanup | Checksum: d7e942ee

Time (s): cpu = 00:00:28 ; elapsed = 00:00:24 . Memory (MB): peak = 1971.461 ; gain = 100.602

Router Utilization Summary
  Global Vertical Routing Utilization    = 0 %
  Global Horizontal Routing Utilization  = 0 %
  Routable Net Status*
  *Does not include unroutable nets such as driverless and loadless.
  Run report_route_status for detailed report.
  Number of Failed Nets               = 5
    (Failed Nets is the sum of unrouted and partially routed nets)
  Number of Unrouted Nets             = 5
  Number of Partially Routed Nets     = 0
  Number of Node Overlaps             = 0

Phase 2 Router Initialization | Checksum: d7e942ee

Time (s): cpu = 00:00:29 ; elapsed = 00:00:25 . Memory (MB): peak = 1981.945 ; gain = 111.086

Phase 3 Initial Routing

Phase 3.1 Global Routing
Phase 3.1 Global Routing | Checksum: d7e942ee

Time (s): cpu = 00:00:29 ; elapsed = 00:00:25 . Memory (MB): peak = 1981.945 ; gain = 111.086
Phase 3 Initial Routing | Checksum: f04cf549

Time (s): cpu = 00:00:29 ; elapsed = 00:00:25 . Memory (MB): peak = 1981.945 ; gain = 111.086

Phase 4 Rip-up And Reroute

Phase 4.1 Global Iteration 0
 Number of Nodes with overlaps = 0
Phase 4.1 Global Iteration 0 | Checksum: 14620275c

Time (s): cpu = 00:00:29 ; elapsed = 00:00:25 . Memory (MB): peak = 1981.945 ; gain = 111.086
Phase 4 Rip-up And Reroute | Checksum: 14620275c

Time (s): cpu = 00:00:29 ; elapsed = 00:00:25 . Memory (MB): peak = 1981.945 ; gain = 111.086

Phase 5 Delay and Skew Optimization
Phase 5 Delay and Skew Optimization | Checksum: 14620275c

Time (s): cpu = 00:00:29 ; elapsed = 00:00:25 . Memory (MB): peak = 1981.945 ; gain = 111.086

Phase 6 Post Hold Fix

Phase 6.1 Hold Fix Iter
Phase 6.1 Hold Fix Iter | Checksum: 14620275c

Time (s): cpu = 00:00:29 ; elapsed = 00:00:25 . Memory (MB): peak = 1981.945 ; gain = 111.086
Phase 6 Post Hold Fix | Checksum: 14620275c

Time (s): cpu = 00:00:29 ; elapsed = 00:00:25 . Memory (MB): peak = 1981.945 ; gain = 111.086

Phase 7 Route finalize

Router Utilization Summary
  Global Vertical Routing Utilization    = 0.000207104 %
  Global Horizontal Routing Utilization  = 0.000676133 %
  Routable Net Status*
  *Does not include unroutable nets such as driverless and loadless.
  Run report_route_status for detailed report.
  Number of Failed Nets               = 0
    (Failed Nets is the sum of unrouted and partially routed nets)
  Number of Unrouted Nets             = 0
  Number of Partially Routed Nets     = 0
  Number of Node Overlaps             = 0

Congestion Report
North Dir 1x1 Area, Max Cong = 0.900901%, No Congested Regions.
South Dir 1x1 Area, Max Cong = 1.8018%, No Congested Regions.
East Dir 1x1 Area, Max Cong = 4.41176%, No Congested Regions.
West Dir 1x1 Area, Max Cong = 2.94118%, No Congested Regions.

------------------------------
Reporting congestion hotspots
------------------------------
Direction: North
----------------
Congested clusters found at Level 0
Effective congestion level: 0 Aspect Ratio: 1 Sparse Ratio: 0
Direction: South
----------------
Congested clusters found at Level 0
Effective congestion level: 0 Aspect Ratio: 1 Sparse Ratio: 0
Direction: East
----------------
Congested clusters found at Level 0
Effective congestion level: 0 Aspect Ratio: 1 Sparse Ratio: 0
Direction: West
----------------
Congested clusters found at Level 0
Effective congestion level: 0 Aspect Ratio: 1 Sparse Ratio: 0

Phase 7 Route finalize | Checksum: 14620275c

Time (s): cpu = 00:00:29 ; elapsed = 00:00:25 . Memory (MB): peak = 1981.945 ; gain = 111.086

Phase 8 Verifying routed nets

 Verification completed successfully
Phase 8 Verifying routed nets | Checksum: 14620275c

Time (s): cpu = 00:00:29 ; elapsed = 00:00:25 . Memory (MB): peak = 1981.945 ; gain = 111.086

Phase 9 Depositing Routes
Phase 9 Depositing Routes | Checksum: 1404cb796

Time (s): cpu = 00:00:29 ; elapsed = 00:00:25 . Memory (MB): peak = 1981.945 ; gain = 111.086
INFO: [Route 35-16] Router Completed Successfully

Time (s): cpu = 00:00:29 ; elapsed = 00:00:25 . Memory (MB): peak = 1981.945 ; gain = 111.086

Routing Is Done.
INFO: [Common 17-83] Releasing license: Implementation
56 Infos, 2 Warnings, 0 Critical Warnings and 0 Errors encountered.
route_design completed successfully
route_design: Time (s): cpu = 00:00:30 ; elapsed = 00:00:26 . Memory (MB): peak = 1981.945 ; gain = 120.223
Writing XDEF routing.
Writing XDEF routing logical nets.
Writing XDEF routing special nets.
Write XDEF Complete: Time (s): cpu = 00:00:00 ; elapsed = 00:00:00.076 . Memory (MB): peak = 1992.621 ; gain = 10.676
INFO: [Common 17-1381] The checkpoint 'C:/Users/narsi/Desktop/projects/Project_BUG/D_F/D_ff_cgat/D_ff_cgat_D/D_ff_cgat_/D_ff_cgat_bug.runs/impl_1/D_ff_cgat_routed.dcp' has been generated.
INFO: [runtcl-4] Executing : report_drc -file D_ff_cgat_drc_routed.rpt -pb D_ff_cgat_drc_routed.pb -rpx D_ff_cgat_drc_routed.rpx
Command: report_drc -file D_ff_cgat_drc_routed.rpt -pb D_ff_cgat_drc_routed.pb -rpx D_ff_cgat_drc_routed.rpx
INFO: [IP_Flow 19-1839] IP Catalog is up to date.
INFO: [DRC 23-27] Running DRC with 2 threads
INFO: [Vivado_Tcl 2-168] The results of DRC are in file C:/Users/narsi/Desktop/projects/Project_BUG/D_F/D_ff_cgat/D_ff_cgat_D/D_ff_cgat_/D_ff_cgat_bug.runs/impl_1/D_ff_cgat_drc_routed.rpt.
report_drc completed successfully
INFO: [runtcl-4] Executing : report_methodology -file D_ff_cgat_methodology_drc_routed.rpt -pb D_ff_cgat_methodology_drc_routed.pb -rpx D_ff_cgat_methodology_drc_routed.rpx
Command: report_methodology -file D_ff_cgat_methodology_drc_routed.rpt -pb D_ff_cgat_methodology_drc_routed.pb -rpx D_ff_cgat_methodology_drc_routed.rpx
INFO: [Timing 38-35] Done setting XDC timing constraints.
INFO: [DRC 23-133] Running Methodology with 2 threads
INFO: [Vivado_Tcl 2-1520] The results of Report Methodology are in file C:/Users/narsi/Desktop/projects/Project_BUG/D_F/D_ff_cgat/D_ff_cgat_D/D_ff_cgat_/D_ff_cgat_bug.runs/impl_1/D_ff_cgat_methodology_drc_routed.rpt.
report_methodology completed successfully
INFO: [runtcl-4] Executing : report_power -file D_ff_cgat_power_routed.rpt -pb D_ff_cgat_power_summary_routed.pb -rpx D_ff_cgat_power_routed.rpx
Command: report_power -file D_ff_cgat_power_routed.rpt -pb D_ff_cgat_power_summary_routed.pb -rpx D_ff_cgat_power_routed.rpx
INFO: [Timing 38-35] Done setting XDC timing constraints.
WARNING: [Power 33-232] No user defined clocks were found in the design! Power estimation will be inaccurate until this is corrected.
Resolution: Please specify clocks using create_clock/create_generated_clock for sequential elements. For pure combinatorial circuits, please specify a virtual clock, otherwise the vectorless estimation might be inaccurate
Running Vector-less Activity Propagation...

Finished Running Vector-less Activity Propagation
67 Infos, 3 Warnings, 0 Critical Warnings and 0 Errors encountered.
report_power completed successfully
INFO: [runtcl-4] Executing : report_route_status -file D_ff_cgat_route_status.rpt -pb D_ff_cgat_route_status.pb
INFO: [runtcl-4] Executing : report_timing_summary -max_paths 10 -report_unconstrained -file D_ff_cgat_timing_summary_routed.rpt -pb D_ff_cgat_timing_summary_routed.pb -rpx D_ff_cgat_timing_summary_routed.rpx -warn_on_violation 
INFO: [Timing 38-91] UpdateTimingParams: Speed grade: -1, Delay Type: min_max.
INFO: [Timing 38-191] Multithreading enabled for timing update using a maximum of 2 CPUs
WARNING: [Timing 38-313] There are no user specified timing constraints. Timing constraints are needed for proper timing analysis.
INFO: [runtcl-4] Executing : report_incremental_reuse -file D_ff_cgat_incremental_reuse_routed.rpt
INFO: [Vivado_Tcl 4-1062] Incremental flow is disabled. No incremental reuse Info to report.
INFO: [runtcl-4] Executing : report_clock_utilization -file D_ff_cgat_clock_utilization_routed.rpt
INFO: [runtcl-4] Executing : report_bus_skew -warn_on_violation -file D_ff_cgat_bus_skew_routed.rpt -pb D_ff_cgat_bus_skew_routed.pb -rpx D_ff_cgat_bus_skew_routed.rpx
INFO: [Timing 38-91] UpdateTimingParams: Speed grade: -1, Delay Type: min_max.
INFO: [Timing 38-191] Multithreading enabled for timing update using a maximum of 2 CPUs
INFO: [Common 17-206] Exiting Vivado at Thu Apr  2 14:02:39 2026...
[Thu Apr  2 14:02:45 2026] impl_1 finished
wait_on_runs: Time (s): cpu = 00:00:00 ; elapsed = 00:01:21 . Memory (MB): peak = 981.402 ; gain = 0.000
# open_run impl_1
Netlist sorting complete. Time (s): cpu = 00:00:00 ; elapsed = 00:00:00 . Memory (MB): peak = 981.402 ; gain = 0.000
INFO: [Project 1-479] Netlist was created with Vivado 2022.2
INFO: [Project 1-570] Preparing netlist for logic optimization
Reading XDEF placement.
Reading placer database...
Reading XDEF routing.
Read XDEF Files: Time (s): cpu = 00:00:00 ; elapsed = 00:00:00.212 . Memory (MB): peak = 1092.816 ; gain = 24.836
Restored from archive | CPU: 0.000000 secs | Memory: 0.000000 MB |
Finished XDEF File Restore: Time (s): cpu = 00:00:00 ; elapsed = 00:00:00.214 . Memory (MB): peak = 1092.816 ; gain = 24.836
Netlist sorting complete. Time (s): cpu = 00:00:00 ; elapsed = 00:00:00 . Memory (MB): peak = 1479.609 ; gain = 0.000
INFO: [Project 1-111] Unisim Transformation Summary:
No Unisim elements were transformed.

# report_utilization    -file [file join $build_dir utilization.rpt]
# report_timing_summary -file [file join $build_dir timing_summary.rpt]
INFO: [Timing 38-35] Done setting XDC timing constraints.
INFO: [Timing 38-91] UpdateTimingParams: Speed grade: -1, Delay Type: min_max.
INFO: [Timing 38-191] Multithreading enabled for timing update using a maximum of 2 CPUs
report_timing_summary: Time (s): cpu = 00:00:05 ; elapsed = 00:00:05 . Memory (MB): peak = 1615.203 ; gain = 135.594
# set sim_log [file join $build_dir sim.log]
# if {$run_sim} {
#   launch_simulation -simset sim_1 -mode behavioral
#   log_wave -recursive *
#   run all
#   catch { write_waveform -file [file join $build_dir waveform.wdb] }
#   if {[file exists "vivado.log"]} {
#     file copy -force "vivado.log" $sim_log
#   } else {
#     # create empty log
#     set fd [open $sim_log w]; puts $fd "No vivado.log"; close $fd
#   }
# } else {
#   # no sim run
#   set fd [open $sim_log w]; puts $fd "Simulation not run (no TB)"; close $fd
# }
Command: launch_simulation  -simset sim_1 -mode behavioral
INFO: [Vivado 12-12493] Simulation top is 'D_F_tb'
WARNING: [Vivado 12-13340] Unable to auto find GCC executables from simulator install path! (path not set)
WARNING: [Vivado 12-13277] Compiled library path does not exist: ''
INFO: [Vivado 12-5682] Launching behavioral simulation in 'C:/Users/narsi/Desktop/projects/Project_BUG/D_F/D_ff_cgat/D_ff_cgat_D/D_ff_cgat_/D_ff_cgat_bug.sim/sim_1/behav/xsim'
INFO: [SIM-utils-51] Simulation object is 'sim_1'
INFO: [SIM-utils-72] Using boost library from 'C:/Xilinx/Vivado/2022.2/tps/boost_1_72_0'
INFO: [SIM-utils-54] Inspecting design source files for 'D_F_tb' in fileset 'sim_1'...
INFO: [USF-XSim-97] Finding global include files...
INFO: [USF-XSim-98] Fetching design files from 'sim_1'...
INFO: [USF-XSim-2] XSim::Compile design
INFO: [USF-XSim-61] Executing 'COMPILE and ANALYZE' step in 'C:/Users/narsi/Desktop/projects/Project_BUG/D_F/D_ff_cgat/D_ff_cgat_D/D_ff_cgat_/D_ff_cgat_bug.sim/sim_1/behav/xsim'
"xvhdl --incr --relax -prj D_F_tb_vhdl.prj"
INFO: [VRFC 10-163] Analyzing VHDL file "C:/Users/narsi/Desktop/projects/Project_BUG/D_F/D_ff_cgat/D_ff_cgat_D/rtl/D_ff_cgat.vhd" into library xil_defaultlib
INFO: [VRFC 10-3107] analyzing entity 'D_ff_cgat'
INFO: [VRFC 10-163] Analyzing VHDL file "C:/Users/narsi/Desktop/projects/Project_BUG/D_F/D_ff_cgat/D_ff_cgat_D/tb/D_ff_cgat_tb.vhd" into library xil_defaultlib
INFO: [VRFC 10-3107] analyzing entity 'D_F_tb'
INFO: [USF-XSim-69] 'compile' step finished in '2' seconds
INFO: [USF-XSim-3] XSim::Elaborate design
INFO: [USF-XSim-61] Executing 'ELABORATE' step in 'C:/Users/narsi/Desktop/projects/Project_BUG/D_F/D_ff_cgat/D_ff_cgat_D/D_ff_cgat_/D_ff_cgat_bug.sim/sim_1/behav/xsim'
"xelab --incr --debug typical --relax --mt 2 -L xil_defaultlib -L secureip --snapshot D_F_tb_behav xil_defaultlib.D_F_tb -log elaborate.log"
Vivado Simulator v2022.2
Copyright 1986-1999, 2001-2022 Xilinx, Inc. All Rights Reserved.
Running: C:/Xilinx/Vivado/2022.2/bin/unwrapped/win64.o/xelab.exe --incr --debug typical --relax --mt 2 -L xil_defaultlib -L secureip --snapshot D_F_tb_behav xil_defaultlib.D_F_tb -log elaborate.log 
Using 2 slave threads.
Starting static elaboration
Completed static elaboration
Starting simulation data flow analysis
Completed simulation data flow analysis
Time Resolution for simulation is 1ps
Compiling package std.standard
Compiling package std.textio
Compiling package ieee.std_logic_1164
Compiling package ieee.numeric_std
Compiling package std.env
Compiling architecture behavioral of entity xil_defaultlib.D_ff_cgat [d_ff_cgat_default]
Compiling architecture behavioral of entity xil_defaultlib.d_f_tb
Built simulation snapshot D_F_tb_behav
INFO: [USF-XSim-69] 'elaborate' step finished in '3' seconds
INFO: [USF-XSim-4] XSim::Simulate design
INFO: [USF-XSim-61] Executing 'SIMULATE' step in 'C:/Users/narsi/Desktop/projects/Project_BUG/D_F/D_ff_cgat/D_ff_cgat_D/D_ff_cgat_/D_ff_cgat_bug.sim/sim_1/behav/xsim'
INFO: [USF-XSim-98] *** Running xsim
   with args "D_F_tb_behav -key {Behavioral:sim_1:Functional:D_F_tb} -tclbatch {D_F_tb.tcl} -log {simulate.log}"
INFO: [USF-XSim-8] Loading simulator feature
Time resolution is 1 ps
source D_F_tb.tcl
## current_wave_config
Error: BUG DETECTED: Q changed outside clock edge (clock gating glitch)
Time: 0 ps  Iteration: 1  Process: /D_F_tb/assert_q_outside_clk  File: C:/Users/narsi/Desktop/projects/Project_BUG/D_F/D_ff_cgat/D_ff_cgat_D/tb/D_ff_cgat_tb.vhd
Error: BUG DETECTED: Q changed outside clock edge (clock gating glitch)
Time: 40 ns  Iteration: 4  Process: /D_F_tb/assert_q_outside_clk  File: C:/Users/narsi/Desktop/projects/Project_BUG/D_F/D_ff_cgat/D_ff_cgat_D/tb/D_ff_cgat_tb.vhd
Error: BUG DETECTED: Q changed outside clock edge (clock gating glitch)
Time: 60 ns  Iteration: 4  Process: /D_F_tb/assert_q_outside_clk  File: C:/Users/narsi/Desktop/projects/Project_BUG/D_F/D_ff_cgat/D_ff_cgat_D/tb/D_ff_cgat_tb.vhd
Error: BUG DETECTED: Q changed outside clock edge (clock gating glitch)
Time: 80 ns  Iteration: 4  Process: /D_F_tb/assert_q_outside_clk  File: C:/Users/narsi/Desktop/projects/Project_BUG/D_F/D_ff_cgat/D_ff_cgat_D/tb/D_ff_cgat_tb.vhd
Error: BUG DETECTED: Q changed outside clock edge (clock gating glitch)
Time: 100 ns  Iteration: 4  Process: /D_F_tb/assert_q_outside_clk  File: C:/Users/narsi/Desktop/projects/Project_BUG/D_F/D_ff_cgat/D_ff_cgat_D/tb/D_ff_cgat_tb.vhd
Error: BUG DETECTED: Q changed outside clock edge (clock gating glitch)
Time: 120 ns  Iteration: 4  Process: /D_F_tb/assert_q_outside_clk  File: C:/Users/narsi/Desktop/projects/Project_BUG/D_F/D_ff_cgat/D_ff_cgat_D/tb/D_ff_cgat_tb.vhd
Error: BUG DETECTED: Q changed outside clock edge (clock gating glitch)
Time: 150 ns  Iteration: 4  Process: /D_F_tb/assert_q_outside_clk  File: C:/Users/narsi/Desktop/projects/Project_BUG/D_F/D_ff_cgat/D_ff_cgat_D/tb/D_ff_cgat_tb.vhd
Note: ------------------------------------
Time: 183 ns  Iteration: 0  Process: /D_F_tb/stim_proc  File: C:/Users/narsi/Desktop/projects/Project_BUG/D_F/D_ff_cgat/D_ff_cgat_D/tb/D_ff_cgat_tb.vhd
Note: TOTAL BUGS INJECTED = 11
Time: 183 ns  Iteration: 0  Process: /D_F_tb/stim_proc  File: C:/Users/narsi/Desktop/projects/Project_BUG/D_F/D_ff_cgat/D_ff_cgat_D/tb/D_ff_cgat_tb.vhd
Note: TOTAL BUGS DETECTED = 7
Time: 183 ns  Iteration: 0  Process: /D_F_tb/stim_proc  File: C:/Users/narsi/Desktop/projects/Project_BUG/D_F/D_ff_cgat/D_ff_cgat_D/tb/D_ff_cgat_tb.vhd
Note: ------------------------------------
Time: 183 ns  Iteration: 0  Process: /D_F_tb/stim_proc  File: C:/Users/narsi/Desktop/projects/Project_BUG/D_F/D_ff_cgat/D_ff_cgat_D/tb/D_ff_cgat_tb.vhd
$stop called at time : 283 ns : File "C:/Users/narsi/Desktop/projects/Project_BUG/D_F/D_ff_cgat/D_ff_cgat_D/tb/D_ff_cgat_tb.vhd" Line 151
INFO: [USF-XSim-96] XSim completed. Design snapshot 'D_F_tb_behav' loaded.
INFO: [USF-XSim-97] XSim simulation ran for 1000ns
launch_simulation: Time (s): cpu = 00:00:00 ; elapsed = 00:00:07 . Memory (MB): peak = 1626.438 ; gain = 11.234
Error: BUG DETECTED: Q changed outside clock edge (clock gating glitch)
Time: 310 ns  Iteration: 4  Process: /D_F_tb/assert_q_outside_clk  File: C:/Users/narsi/Desktop/projects/Project_BUG/D_F/D_ff_cgat/D_ff_cgat_D/tb/D_ff_cgat_tb.vhd
Error: BUG DETECTED: Q changed outside clock edge (clock gating glitch)
Time: 330 ns  Iteration: 4  Process: /D_F_tb/assert_q_outside_clk  File: C:/Users/narsi/Desktop/projects/Project_BUG/D_F/D_ff_cgat/D_ff_cgat_D/tb/D_ff_cgat_tb.vhd
Error: BUG DETECTED: Q changed outside clock edge (clock gating glitch)
Time: 350 ns  Iteration: 4  Process: /D_F_tb/assert_q_outside_clk  File: C:/Users/narsi/Desktop/projects/Project_BUG/D_F/D_ff_cgat/D_ff_cgat_D/tb/D_ff_cgat_tb.vhd
Error: BUG DETECTED: Q changed outside clock edge (clock gating glitch)
Time: 370 ns  Iteration: 4  Process: /D_F_tb/assert_q_outside_clk  File: C:/Users/narsi/Desktop/projects/Project_BUG/D_F/D_ff_cgat/D_ff_cgat_D/tb/D_ff_cgat_tb.vhd
Error: BUG DETECTED: Q changed outside clock edge (clock gating glitch)
Time: 390 ns  Iteration: 4  Process: /D_F_tb/assert_q_outside_clk  File: C:/Users/narsi/Desktop/projects/Project_BUG/D_F/D_ff_cgat/D_ff_cgat_D/tb/D_ff_cgat_tb.vhd
Error: BUG DETECTED: Q changed outside clock edge (clock gating glitch)
Time: 410 ns  Iteration: 4  Process: /D_F_tb/assert_q_outside_clk  File: C:/Users/narsi/Desktop/projects/Project_BUG/D_F/D_ff_cgat/D_ff_cgat_D/tb/D_ff_cgat_tb.vhd
Note: ------------------------------------
Time: 466 ns  Iteration: 0  Process: /D_F_tb/stim_proc  File: C:/Users/narsi/Desktop/projects/Project_BUG/D_F/D_ff_cgat/D_ff_cgat_D/tb/D_ff_cgat_tb.vhd
Note: TOTAL BUGS INJECTED = 22
Time: 466 ns  Iteration: 0  Process: /D_F_tb/stim_proc  File: C:/Users/narsi/Desktop/projects/Project_BUG/D_F/D_ff_cgat/D_ff_cgat_D/tb/D_ff_cgat_tb.vhd
Note: TOTAL BUGS DETECTED = 13
Time: 466 ns  Iteration: 0  Process: /D_F_tb/stim_proc  File: C:/Users/narsi/Desktop/projects/Project_BUG/D_F/D_ff_cgat/D_ff_cgat_D/tb/D_ff_cgat_tb.vhd
Note: ------------------------------------
Time: 466 ns  Iteration: 0  Process: /D_F_tb/stim_proc  File: C:/Users/narsi/Desktop/projects/Project_BUG/D_F/D_ff_cgat/D_ff_cgat_D/tb/D_ff_cgat_tb.vhd
$stop called at time : 566 ns : File "C:/Users/narsi/Desktop/projects/Project_BUG/D_F/D_ff_cgat/D_ff_cgat_D/tb/D_ff_cgat_tb.vhd" Line 151
