#-----------------------------------------------------------
# Vivado v2022.2 (64-bit)
# SW Build 3671981 on Fri Oct 14 05:00:03 MDT 2022
# IP Build 3669848 on Fri Oct 14 08:30:02 MDT 2022
# Start of session at: Thu Apr  2 23:59:57 2026
# Process ID: 23292
# Current directory: C:/Users/narsi/Desktop/projects/Project_BUG/fifo/FIFO_meta
# Command line: vivado.exe -mode batch -source build.tcl
# Log file: C:/Users/narsi/Desktop/projects/Project_BUG/fifo/FIFO_meta/vivado.log
# Journal file: C:/Users/narsi/Desktop/projects/Project_BUG/fifo/FIFO_meta\vivado.jou
# Running On: Milan, OS: Windows, CPU Frequency: 1797 MHz, CPU Physical cores: 16, Host memory: 6297 MB
#-----------------------------------------------------------
source build.tcl
# set main_project_name "FIFO_meta_D"
# set proj_name   "FIFO_meta_bug"
# set proj_dir    "./$main_project_name/FIFO_meta_"
# set build_dir   "./$main_project_name/build"
# set part        "xc7z020clg484-1"
# set rtl_glob    "./$main_project_name/rtl/*.vhd"
# set tb_glob     "./$main_project_name/tb/*_tb.vhd"
# set xdc_glob    "./constraints/*.xdc"
# set rtl_top_e   "FIFO_meta"
# set tb_top_e   "FIFO_meta_tb"
# set rtl_top     "./$main_project_name/rtl"
# set tb_top      "./$main_project_name/tb"
# set vivado_tool "Vivado 2022.2"
# set rtl_dir     "./rtl"
# set tb_dir      "./tb"
# set src_dir [glob -type d ./*.srcs]
# set full_src_rtl "$src_dir/sources_1/new"
# set full_src_tb "$src_dir/sim_1/new"
# catch {file mkdir $main_project_name}
# if {[file exists $build_dir]} {
#     puts "Cleaning build directory: $build_dir"
#     file delete -force $build_dir
# }
# file mkdir $build_dir
# catch { exec cmd.exe /c robocopy "./" "./$main_project_name" build.tcl run_case.dat } result
# if {![file exists $tb_top]} {
# catch {file mkdir $rtl_top}
# catch {file mkdir $tb_top}
# catch { exec cmd.exe /c robocopy "$full_src_tb" "$tb_top" /E } result
# catch { exec cmd.exe /c robocopy "$full_src_rtl" "$rtl_top" /E } result
# }
# create_project $proj_name $proj_dir -part $part -force
INFO: [ProjectBase 1-489] The host OS only allows 260 characters in a normal path. The project is stored in a path with more than 80 characters. If you experience issues with IP, Block Designs, or files not being found, please consider moving the project to a location with a shorter path. Alternately consider using the OS subst command to map part of the path to a drive letter.
Current project path is 'C:/Users/narsi/Desktop/projects/Project_BUG/fifo/FIFO_meta/FIFO_meta_D/FIFO_meta_'
create_project: Time (s): cpu = 00:00:07 ; elapsed = 00:00:10 . Memory (MB): peak = 431.797 ; gain = 98.656
# foreach f [glob -nocomplain $rtl_glob] {
#   add_files $f
# }
# set_property top $rtl_top_e [current_fileset]
# update_compile_order -fileset sources_1
# set tb_list [glob -nocomplain $tb_glob]
# set run_sim 0
# if {[llength $tb_list] > 0} {
#   set run_sim 1
#   foreach f $tb_list {
#     add_files -fileset sim_1 $f
#   }
#   catch { set_property top $tb_top_e [get_filesets sim_1] }
#   update_compile_order -fileset sim_1
# }
CRITICAL WARNING: [filemgmt 20-742] The top module "FIFO_meta_tb" specified for this project can not be validated. The current project is using automatic hierarchy update mode, and hence a new suitable replacement top will be automatically selected. If this is not desired, please change the hierarchy update mode to one of the manual compile order modes first, and then set top to any desired value.
Resolution: To switch to manual update order go to the Sources view, right-click on any node in the hierarchy and in the context menu select: 'Hierarchy Update' option 'No Update' or run the following Tcl Command: set_property source_mgmt_mode None [current_project] (which is the Manual Compile Order mode).
# launch_runs synth_1
WARNING: [Vivado 12-7122] Auto Incremental Compile:: No reference checkpoint was found in run synth_1. Auto-incremental flow will not be run, the standard flow will be run instead.
[Fri Apr  3 00:00:15 2026] Launched synth_1...
Run output will be captured here: C:/Users/narsi/Desktop/projects/Project_BUG/fifo/FIFO_meta/FIFO_meta_D/FIFO_meta_/FIFO_meta_bug.runs/synth_1/runme.log
# wait_on_run synth_1
[Fri Apr  3 00:00:15 2026] Waiting for synth_1 to finish...

*** Running vivado
    with args -log FIFO_meta.vds -m64 -product Vivado -mode batch -messageDb vivado.pb -notrace -source FIFO_meta.tcl



****** Vivado v2022.2 (64-bit)
  **** SW Build 3671981 on Fri Oct 14 05:00:03 MDT 2022
  **** IP Build 3669848 on Fri Oct 14 08:30:02 MDT 2022
    ** Copyright 1986-2022 Xilinx, Inc. All Rights Reserved.

source FIFO_meta.tcl -notrace
create_project: Time (s): cpu = 00:00:07 ; elapsed = 00:00:08 . Memory (MB): peak = 430.441 ; gain = 104.801
Command: synth_design -top FIFO_meta -part xc7z020clg484-1
Starting synth_design
Attempting to get a license for feature 'Synthesis' and/or device 'xc7z020'
INFO: [Common 17-349] Got license for feature 'Synthesis' and/or device 'xc7z020'
INFO: [Synth 8-7079] Multithreading enabled for synth_design using a maximum of 2 processes.
INFO: [Synth 8-7078] Launching helper process for spawning children vivado processes
INFO: [Synth 8-7075] Helper process launched with PID 10248
INFO: [Synth 8-11241] undeclared symbol 'REGCCE', assumed default net type 'wire' [C:/Xilinx/Vivado/2022.2/data/verilog/src/unimacro/BRAM_SINGLE_MACRO.v:2170]
---------------------------------------------------------------------------------
Starting Synthesize : Time (s): cpu = 00:00:06 ; elapsed = 00:00:06 . Memory (MB): peak = 867.441 ; gain = 413.168
---------------------------------------------------------------------------------
INFO: [Synth 8-638] synthesizing module 'FIFO_meta' [C:/Users/narsi/Desktop/projects/Project_BUG/fifo/FIFO_meta/FIFO_meta_D/rtl/FIFO_meta.vhd:42]
INFO: [Synth 8-256] done synthesizing module 'FIFO_meta' (0#1) [C:/Users/narsi/Desktop/projects/Project_BUG/fifo/FIFO_meta/FIFO_meta_D/rtl/FIFO_meta.vhd:42]
---------------------------------------------------------------------------------
Finished Synthesize : Time (s): cpu = 00:00:07 ; elapsed = 00:00:08 . Memory (MB): peak = 955.992 ; gain = 501.719
---------------------------------------------------------------------------------
---------------------------------------------------------------------------------
Finished Constraint Validation : Time (s): cpu = 00:00:08 ; elapsed = 00:00:08 . Memory (MB): peak = 955.992 ; gain = 501.719
---------------------------------------------------------------------------------
---------------------------------------------------------------------------------
Start Loading Part and Timing Information
---------------------------------------------------------------------------------
Loading part: xc7z020clg484-1
---------------------------------------------------------------------------------
Finished Loading Part and Timing Information : Time (s): cpu = 00:00:08 ; elapsed = 00:00:08 . Memory (MB): peak = 955.992 ; gain = 501.719
---------------------------------------------------------------------------------
INFO: [Device 21-403] Loading part xc7z020clg484-1
---------------------------------------------------------------------------------
Finished RTL Optimization Phase 2 : Time (s): cpu = 00:00:08 ; elapsed = 00:00:09 . Memory (MB): peak = 955.992 ; gain = 501.719
---------------------------------------------------------------------------------
No constraint files found.
---------------------------------------------------------------------------------
Start RTL Component Statistics 
---------------------------------------------------------------------------------
Detailed RTL Component Info : 
+---Adders : 
	   2 Input    6 Bit       Adders := 1     
	   2 Input    5 Bit       Adders := 3     
+---Registers : 
	                8 Bit    Registers := 1     
	                6 Bit    Registers := 1     
	                5 Bit    Registers := 2     
+---RAMs : 
	              256 Bit	(32 X 8 bit)          RAMs := 1     
+---Muxes : 
	   2 Input    1 Bit        Muxes := 3     
---------------------------------------------------------------------------------
Finished RTL Component Statistics 
---------------------------------------------------------------------------------
---------------------------------------------------------------------------------
Start Part Resource Summary
---------------------------------------------------------------------------------
Part Resources:
DSPs: 220 (col length:60)
BRAMs: 280 (col length: RAMB18 60 RAMB36 30)
---------------------------------------------------------------------------------
Finished Part Resource Summary
---------------------------------------------------------------------------------
No constraint files found.
---------------------------------------------------------------------------------
Start Cross Boundary and Area Optimization
---------------------------------------------------------------------------------
WARNING: [Synth 8-7080] Parallel synthesis criteria is not met
---------------------------------------------------------------------------------
Finished Cross Boundary and Area Optimization : Time (s): cpu = 00:00:13 ; elapsed = 00:00:16 . Memory (MB): peak = 1172.172 ; gain = 717.898
---------------------------------------------------------------------------------
---------------------------------------------------------------------------------
Start ROM, RAM, DSP, Shift Register and Retiming Reporting
---------------------------------------------------------------------------------

Distributed RAM: Preliminary Mapping Report (see note below)
+------------+------------+-----------+----------------------+-------------+
|Module Name | RTL Object | Inference | Size (Depth x Width) | Primitives  | 
+------------+------------+-----------+----------------------+-------------+
|FIFO_meta   | mem_reg    | Implied   | 32 x 8               | RAM32M x 2  | 
+------------+------------+-----------+----------------------+-------------+

Note: The table above is a preliminary report that shows the Distributed RAMs at the current stage of the synthesis flow. Some Distributed RAMs may be reimplemented as non Distributed RAM primitives later in the synthesis flow. Multiple instantiated RAMs are reported only once.
---------------------------------------------------------------------------------
Finished ROM, RAM, DSP, Shift Register and Retiming Reporting
---------------------------------------------------------------------------------
No constraint files found.
---------------------------------------------------------------------------------
Start Timing Optimization
---------------------------------------------------------------------------------
---------------------------------------------------------------------------------
Finished Timing Optimization : Time (s): cpu = 00:00:13 ; elapsed = 00:00:16 . Memory (MB): peak = 1172.172 ; gain = 717.898
---------------------------------------------------------------------------------
---------------------------------------------------------------------------------
Start ROM, RAM, DSP, Shift Register and Retiming Reporting
---------------------------------------------------------------------------------

Distributed RAM: Final Mapping Report
+------------+------------+-----------+----------------------+-------------+
|Module Name | RTL Object | Inference | Size (Depth x Width) | Primitives  | 
+------------+------------+-----------+----------------------+-------------+
|FIFO_meta   | mem_reg    | Implied   | 32 x 8               | RAM32M x 2  | 
+------------+------------+-----------+----------------------+-------------+

---------------------------------------------------------------------------------
Finished ROM, RAM, DSP, Shift Register and Retiming Reporting
---------------------------------------------------------------------------------
---------------------------------------------------------------------------------
Start Technology Mapping
---------------------------------------------------------------------------------
---------------------------------------------------------------------------------
Finished Technology Mapping : Time (s): cpu = 00:00:13 ; elapsed = 00:00:16 . Memory (MB): peak = 1172.172 ; gain = 717.898
---------------------------------------------------------------------------------
---------------------------------------------------------------------------------
Start IO Insertion
---------------------------------------------------------------------------------
---------------------------------------------------------------------------------
Start Flattening Before IO Insertion
---------------------------------------------------------------------------------
---------------------------------------------------------------------------------
Finished Flattening Before IO Insertion
---------------------------------------------------------------------------------
---------------------------------------------------------------------------------
Start Final Netlist Cleanup
---------------------------------------------------------------------------------
---------------------------------------------------------------------------------
Finished Final Netlist Cleanup
---------------------------------------------------------------------------------
---------------------------------------------------------------------------------
Finished IO Insertion : Time (s): cpu = 00:00:18 ; elapsed = 00:00:22 . Memory (MB): peak = 1172.172 ; gain = 717.898
---------------------------------------------------------------------------------
---------------------------------------------------------------------------------
Start Renaming Generated Instances
---------------------------------------------------------------------------------
---------------------------------------------------------------------------------
Finished Renaming Generated Instances : Time (s): cpu = 00:00:18 ; elapsed = 00:00:22 . Memory (MB): peak = 1172.172 ; gain = 717.898
---------------------------------------------------------------------------------
---------------------------------------------------------------------------------
Start Rebuilding User Hierarchy
---------------------------------------------------------------------------------
---------------------------------------------------------------------------------
Finished Rebuilding User Hierarchy : Time (s): cpu = 00:00:18 ; elapsed = 00:00:22 . Memory (MB): peak = 1172.172 ; gain = 717.898
---------------------------------------------------------------------------------
---------------------------------------------------------------------------------
Start Renaming Generated Ports
---------------------------------------------------------------------------------
---------------------------------------------------------------------------------
Finished Renaming Generated Ports : Time (s): cpu = 00:00:18 ; elapsed = 00:00:22 . Memory (MB): peak = 1172.172 ; gain = 717.898
---------------------------------------------------------------------------------
---------------------------------------------------------------------------------
Start Handling Custom Attributes
---------------------------------------------------------------------------------
---------------------------------------------------------------------------------
Finished Handling Custom Attributes : Time (s): cpu = 00:00:18 ; elapsed = 00:00:22 . Memory (MB): peak = 1172.172 ; gain = 717.898
---------------------------------------------------------------------------------
---------------------------------------------------------------------------------
Start Renaming Generated Nets
---------------------------------------------------------------------------------
---------------------------------------------------------------------------------
Finished Renaming Generated Nets : Time (s): cpu = 00:00:18 ; elapsed = 00:00:22 . Memory (MB): peak = 1172.172 ; gain = 717.898
---------------------------------------------------------------------------------
---------------------------------------------------------------------------------
Start Writing Synthesis Report
---------------------------------------------------------------------------------

Report BlackBoxes: 
+-+--------------+----------+
| |BlackBox name |Instances |
+-+--------------+----------+
+-+--------------+----------+

Report Cell Usage: 
+------+---------+------+
|      |Cell     |Count |
+------+---------+------+
|1     |BUFG     |     1|
|2     |LUT1     |     3|
|3     |LUT2     |     4|
|4     |LUT3     |     4|
|5     |LUT4     |     4|
|6     |LUT5     |     4|
|7     |LUT6     |     8|
|8     |RAM32M   |     1|
|9     |RAM32X1D |     2|
|10    |FDRE     |    24|
|11    |IBUF     |    12|
|12    |OBUF     |    10|
+------+---------+------+

Report Instance Areas: 
+------+---------+-------+------+
|      |Instance |Module |Cells |
+------+---------+-------+------+
|1     |top      |       |    77|
+------+---------+-------+------+
---------------------------------------------------------------------------------
Finished Writing Synthesis Report : Time (s): cpu = 00:00:18 ; elapsed = 00:00:22 . Memory (MB): peak = 1172.172 ; gain = 717.898
---------------------------------------------------------------------------------
Synthesis finished with 0 errors, 0 critical warnings and 1 warnings.
Synthesis Optimization Runtime : Time (s): cpu = 00:00:18 ; elapsed = 00:00:22 . Memory (MB): peak = 1172.172 ; gain = 717.898
Synthesis Optimization Complete : Time (s): cpu = 00:00:18 ; elapsed = 00:00:22 . Memory (MB): peak = 1172.172 ; gain = 717.898
INFO: [Project 1-571] Translating synthesized netlist
Netlist sorting complete. Time (s): cpu = 00:00:00 ; elapsed = 00:00:00.002 . Memory (MB): peak = 1182.004 ; gain = 0.000
INFO: [Netlist 29-17] Analyzing 3 Unisim elements for replacement
INFO: [Netlist 29-28] Unisim Transformation completed in 0 CPU seconds
INFO: [Project 1-570] Preparing netlist for logic optimization
INFO: [Opt 31-138] Pushed 0 inverter(s) to 0 load pin(s).
Netlist sorting complete. Time (s): cpu = 00:00:00 ; elapsed = 00:00:00 . Memory (MB): peak = 1283.836 ; gain = 0.000
INFO: [Project 1-111] Unisim Transformation Summary:
  A total of 3 instances were transformed.
  RAM32M => RAM32M (RAMD32(x6), RAMS32(x2)): 1 instance 
  RAM32X1D => RAM32X1D (RAMD32(x2)): 2 instances

Synth Design complete, checksum: e0bf8ef3
INFO: [Common 17-83] Releasing license: Synthesis
15 Infos, 1 Warnings, 0 Critical Warnings and 0 Errors encountered.
synth_design completed successfully
synth_design: Time (s): cpu = 00:00:20 ; elapsed = 00:00:24 . Memory (MB): peak = 1283.836 ; gain = 853.395
INFO: [Common 17-1381] The checkpoint 'C:/Users/narsi/Desktop/projects/Project_BUG/fifo/FIFO_meta/FIFO_meta_D/FIFO_meta_/FIFO_meta_bug.runs/synth_1/FIFO_meta.dcp' has been generated.
INFO: [runtcl-4] Executing : report_utilization -file FIFO_meta_utilization_synth.rpt -pb FIFO_meta_utilization_synth.pb
INFO: [Common 17-206] Exiting Vivado at Fri Apr  3 00:00:54 2026...
[Fri Apr  3 00:00:56 2026] synth_1 finished
wait_on_runs: Time (s): cpu = 00:00:00 ; elapsed = 00:00:40 . Memory (MB): peak = 456.688 ; gain = 0.000
# open_run synth_1
Design is defaulting to impl run constrset: constrs_1
Design is defaulting to synth run part: xc7z020clg484-1
INFO: [Device 21-403] Loading part xc7z020clg484-1
Netlist sorting complete. Time (s): cpu = 00:00:00 ; elapsed = 00:00:00.001 . Memory (MB): peak = 860.324 ; gain = 0.000
INFO: [Netlist 29-17] Analyzing 3 Unisim elements for replacement
INFO: [Netlist 29-28] Unisim Transformation completed in 0 CPU seconds
INFO: [Project 1-479] Netlist was created with Vivado 2022.2
INFO: [Project 1-570] Preparing netlist for logic optimization
INFO: [Opt 31-138] Pushed 0 inverter(s) to 0 load pin(s).
Netlist sorting complete. Time (s): cpu = 00:00:00 ; elapsed = 00:00:00 . Memory (MB): peak = 977.352 ; gain = 0.000
INFO: [Project 1-111] Unisim Transformation Summary:
  A total of 3 instances were transformed.
  RAM32M => RAM32M (RAMD32(x6), RAMS32(x2)): 1 instance 
  RAM32X1D => RAM32X1D (RAMD32(x2)): 2 instances

open_run: Time (s): cpu = 00:00:05 ; elapsed = 00:00:07 . Memory (MB): peak = 977.352 ; gain = 520.664
# write_checkpoint -force [file join $build_dir post_synth.dcp]
INFO: [Common 17-1381] The checkpoint 'C:/Users/narsi/Desktop/projects/Project_BUG/fifo/FIFO_meta/FIFO_meta_D/build/post_synth.dcp' has been generated.
# launch_runs impl_1
[Fri Apr  3 00:01:03 2026] Launched impl_1...
Run output will be captured here: C:/Users/narsi/Desktop/projects/Project_BUG/fifo/FIFO_meta/FIFO_meta_D/FIFO_meta_/FIFO_meta_bug.runs/impl_1/runme.log
# wait_on_run impl_1
[Fri Apr  3 00:01:03 2026] Waiting for impl_1 to finish...

*** Running vivado
    with args -log FIFO_meta.vdi -applog -m64 -product Vivado -messageDb vivado.pb -mode batch -source FIFO_meta.tcl -notrace



****** Vivado v2022.2 (64-bit)
  **** SW Build 3671981 on Fri Oct 14 05:00:03 MDT 2022
  **** IP Build 3669848 on Fri Oct 14 08:30:02 MDT 2022
    ** Copyright 1986-2022 Xilinx, Inc. All Rights Reserved.

source FIFO_meta.tcl -notrace
Command: open_checkpoint C:/Users/narsi/Desktop/projects/Project_BUG/fifo/FIFO_meta/FIFO_meta_D/FIFO_meta_/FIFO_meta_bug.runs/impl_1/FIFO_meta.dcp
INFO: [Device 21-403] Loading part xc7z020clg484-1
Netlist sorting complete. Time (s): cpu = 00:00:00 ; elapsed = 00:00:00 . Memory (MB): peak = 860.586 ; gain = 0.000
INFO: [Netlist 29-17] Analyzing 3 Unisim elements for replacement
INFO: [Netlist 29-28] Unisim Transformation completed in 0 CPU seconds
INFO: [Project 1-479] Netlist was created with Vivado 2022.2
INFO: [Project 1-570] Preparing netlist for logic optimization
Netlist sorting complete. Time (s): cpu = 00:00:00 ; elapsed = 00:00:00 . Memory (MB): peak = 951.703 ; gain = 0.000
INFO: [Project 1-111] Unisim Transformation Summary:
  A total of 3 instances were transformed.
  RAM32M => RAM32M (RAMD32(x6), RAMS32(x2)): 1 instance 
  RAM32X1D => RAM32X1D (RAMD32(x2)): 2 instances

INFO: [Project 1-604] Checkpoint was created with Vivado v2022.2 (64-bit) build 3671981
OpenCheckpoint Checksum | Checksum: 7056f3e2
----- Checksum: PlaceDB: 00000000 ShapeSum: 7056f3e2 RouteDB: 00000000 
open_checkpoint: Time (s): cpu = 00:00:13 ; elapsed = 00:00:16 . Memory (MB): peak = 955.738 ; gain = 634.891
Command: opt_design
Attempting to get a license for feature 'Implementation' and/or device 'xc7z020'
INFO: [Common 17-349] Got license for feature 'Implementation' and/or device 'xc7z020'
Running DRC as a precondition to command opt_design

Starting DRC Task
INFO: [DRC 23-27] Running DRC with 2 threads
INFO: [Project 1-461] DRC finished with 0 Errors
INFO: [Project 1-462] Please refer to the DRC report (report_drc) for more information.

Time (s): cpu = 00:00:01 ; elapsed = 00:00:01 . Memory (MB): peak = 1007.031 ; gain = 29.211

Starting Cache Timing Information Task
INFO: [Timing 38-35] Done setting XDC timing constraints.
Ending Cache Timing Information Task | Checksum: 1511682d5

Time (s): cpu = 00:00:08 ; elapsed = 00:00:08 . Memory (MB): peak = 1556.445 ; gain = 549.414

Starting Logic Optimization Task

Phase 1 Retarget
INFO: [Opt 31-138] Pushed 0 inverter(s) to 0 load pin(s).
INFO: [Opt 31-49] Retargeted 0 cell(s).
Phase 1 Retarget | Checksum: 1511682d5

Time (s): cpu = 00:00:00 ; elapsed = 00:00:00.069 . Memory (MB): peak = 1888.578 ; gain = 0.000
INFO: [Opt 31-389] Phase Retarget created 0 cells and removed 0 cells

Phase 2 Constant propagation
INFO: [Opt 31-138] Pushed 0 inverter(s) to 0 load pin(s).
Phase 2 Constant propagation | Checksum: 1511682d5

Time (s): cpu = 00:00:00 ; elapsed = 00:00:00.073 . Memory (MB): peak = 1888.578 ; gain = 0.000
INFO: [Opt 31-389] Phase Constant propagation created 0 cells and removed 0 cells

Phase 3 Sweep
Phase 3 Sweep | Checksum: 1511682d5

Time (s): cpu = 00:00:00 ; elapsed = 00:00:00.077 . Memory (MB): peak = 1888.578 ; gain = 0.000
INFO: [Opt 31-389] Phase Sweep created 0 cells and removed 0 cells

Phase 4 BUFG optimization
Phase 4 BUFG optimization | Checksum: 1511682d5

Time (s): cpu = 00:00:00 ; elapsed = 00:00:00.129 . Memory (MB): peak = 1888.578 ; gain = 0.000
INFO: [Opt 31-662] Phase BUFG optimization created 0 cells of which 0 are BUFGs and removed 0 cells.

Phase 5 Shift Register Optimization
INFO: [Opt 31-1064] SRL Remap converted 0 SRLs to 0 registers and converted 0 registers of register chains to 0 SRLs
Phase 5 Shift Register Optimization | Checksum: 1511682d5

Time (s): cpu = 00:00:00 ; elapsed = 00:00:00.132 . Memory (MB): peak = 1888.578 ; gain = 0.000
INFO: [Opt 31-389] Phase Shift Register Optimization created 0 cells and removed 0 cells

Phase 6 Post Processing Netlist
Phase 6 Post Processing Netlist | Checksum: 1511682d5

Time (s): cpu = 00:00:00 ; elapsed = 00:00:00.139 . Memory (MB): peak = 1888.578 ; gain = 0.000
INFO: [Opt 31-389] Phase Post Processing Netlist created 0 cells and removed 0 cells
Opt_design Change Summary
=========================


-------------------------------------------------------------------------------------------------------------------------
|  Phase                        |  #Cells created  |  #Cells Removed  |  #Constrained objects preventing optimizations  |
-------------------------------------------------------------------------------------------------------------------------
|  Retarget                     |               0  |               0  |                                              0  |
|  Constant propagation         |               0  |               0  |                                              0  |
|  Sweep                        |               0  |               0  |                                              0  |
|  BUFG optimization            |               0  |               0  |                                              0  |
|  Shift Register Optimization  |               0  |               0  |                                              0  |
|  Post Processing Netlist      |               0  |               0  |                                              0  |
-------------------------------------------------------------------------------------------------------------------------



Starting Connectivity Check Task

Time (s): cpu = 00:00:00 ; elapsed = 00:00:00.001 . Memory (MB): peak = 1888.578 ; gain = 0.000
Ending Logic Optimization Task | Checksum: 1511682d5

Time (s): cpu = 00:00:00 ; elapsed = 00:00:00.143 . Memory (MB): peak = 1888.578 ; gain = 0.000

Starting Power Optimization Task
INFO: [Pwropt 34-132] Skipping clock gating for clocks with a period < 2.00 ns.
Ending Power Optimization Task | Checksum: 1511682d5

Time (s): cpu = 00:00:00 ; elapsed = 00:00:00.022 . Memory (MB): peak = 1888.578 ; gain = 0.000

Starting Final Cleanup Task
Ending Final Cleanup Task | Checksum: 1511682d5

Time (s): cpu = 00:00:00 ; elapsed = 00:00:00.001 . Memory (MB): peak = 1888.578 ; gain = 0.000

Starting Netlist Obfuscation Task
Netlist sorting complete. Time (s): cpu = 00:00:00 ; elapsed = 00:00:00 . Memory (MB): peak = 1888.578 ; gain = 0.000
Ending Netlist Obfuscation Task | Checksum: 1511682d5

Time (s): cpu = 00:00:00 ; elapsed = 00:00:00.001 . Memory (MB): peak = 1888.578 ; gain = 0.000
INFO: [Common 17-83] Releasing license: Implementation
24 Infos, 0 Warnings, 0 Critical Warnings and 0 Errors encountered.
opt_design completed successfully
opt_design: Time (s): cpu = 00:00:12 ; elapsed = 00:00:12 . Memory (MB): peak = 1888.578 ; gain = 932.840
INFO: [Common 17-1381] The checkpoint 'C:/Users/narsi/Desktop/projects/Project_BUG/fifo/FIFO_meta/FIFO_meta_D/FIFO_meta_/FIFO_meta_bug.runs/impl_1/FIFO_meta_opt.dcp' has been generated.
INFO: [runtcl-4] Executing : report_drc -file FIFO_meta_drc_opted.rpt -pb FIFO_meta_drc_opted.pb -rpx FIFO_meta_drc_opted.rpx
Command: report_drc -file FIFO_meta_drc_opted.rpt -pb FIFO_meta_drc_opted.pb -rpx FIFO_meta_drc_opted.rpx
INFO: [IP_Flow 19-234] Refreshing IP repositories
INFO: [IP_Flow 19-1704] No user IP repositories specified
INFO: [IP_Flow 19-2313] Loaded Vivado IP repository 'C:/Xilinx/Vivado/2022.2/data/ip'.
INFO: [DRC 23-27] Running DRC with 2 threads
INFO: [Vivado_Tcl 2-168] The results of DRC are in file C:/Users/narsi/Desktop/projects/Project_BUG/fifo/FIFO_meta/FIFO_meta_D/FIFO_meta_/FIFO_meta_bug.runs/impl_1/FIFO_meta_drc_opted.rpt.
report_drc completed successfully
Command: place_design
Attempting to get a license for feature 'Implementation' and/or device 'xc7z020'
INFO: [Common 17-349] Got license for feature 'Implementation' and/or device 'xc7z020'
INFO: [DRC 23-27] Running DRC with 2 threads
INFO: [Vivado_Tcl 4-198] DRC finished with 0 Errors
INFO: [Vivado_Tcl 4-199] Please refer to the DRC report (report_drc) for more information.
Running DRC as a precondition to command place_design
INFO: [DRC 23-27] Running DRC with 2 threads
INFO: [Vivado_Tcl 4-198] DRC finished with 0 Errors
INFO: [Vivado_Tcl 4-199] Please refer to the DRC report (report_drc) for more information.

Starting Placer Task
INFO: [Place 30-611] Multithreading enabled for place_design using a maximum of 2 CPUs

Phase 1 Placer Initialization

Phase 1.1 Placer Initialization Netlist Sorting
Netlist sorting complete. Time (s): cpu = 00:00:00 ; elapsed = 00:00:00 . Memory (MB): peak = 1888.578 ; gain = 0.000
Phase 1.1 Placer Initialization Netlist Sorting | Checksum: 7056f3e2

Time (s): cpu = 00:00:00 ; elapsed = 00:00:00.018 . Memory (MB): peak = 1888.578 ; gain = 0.000
Netlist sorting complete. Time (s): cpu = 00:00:00 ; elapsed = 00:00:00 . Memory (MB): peak = 1888.578 ; gain = 0.000

Phase 1.2 IO Placement/ Clock Placement/ Build Placer Device
INFO: [Timing 38-35] Done setting XDC timing constraints.
Phase 1.2 IO Placement/ Clock Placement/ Build Placer Device | Checksum: 1511b1a88

Time (s): cpu = 00:00:00 ; elapsed = 00:00:00.332 . Memory (MB): peak = 1888.578 ; gain = 0.000

Phase 1.3 Build Placer Netlist Model
Phase 1.3 Build Placer Netlist Model | Checksum: 1ae28ad8d

Time (s): cpu = 00:00:01 ; elapsed = 00:00:00.443 . Memory (MB): peak = 1888.578 ; gain = 0.000

Phase 1.4 Constrain Clocks/Macros
Phase 1.4 Constrain Clocks/Macros | Checksum: 1ae28ad8d

Time (s): cpu = 00:00:01 ; elapsed = 00:00:00.450 . Memory (MB): peak = 1888.578 ; gain = 0.000
Phase 1 Placer Initialization | Checksum: 1ae28ad8d

Time (s): cpu = 00:00:01 ; elapsed = 00:00:00.464 . Memory (MB): peak = 1888.578 ; gain = 0.000

Phase 2 Global Placement

Phase 2.1 Floorplanning
Phase 2.1 Floorplanning | Checksum: 1ae28ad8d

Time (s): cpu = 00:00:01 ; elapsed = 00:00:00.479 . Memory (MB): peak = 1888.578 ; gain = 0.000

Phase 2.2 Update Timing before SLR Path Opt
Phase 2.2 Update Timing before SLR Path Opt | Checksum: 1ae28ad8d

Time (s): cpu = 00:00:01 ; elapsed = 00:00:00.480 . Memory (MB): peak = 1888.578 ; gain = 0.000

Phase 2.3 Post-Processing in Floorplanning
Phase 2.3 Post-Processing in Floorplanning | Checksum: 1ae28ad8d

Time (s): cpu = 00:00:01 ; elapsed = 00:00:00.480 . Memory (MB): peak = 1888.578 ; gain = 0.000

Phase 2.4 Global Placement Core
WARNING: [Place 46-29] Timing had been disabled during Placer and, therefore, physical synthesis in Placer will be skipped.
Phase 2.4 Global Placement Core | Checksum: 1f99ca0f8

Time (s): cpu = 00:00:03 ; elapsed = 00:00:03 . Memory (MB): peak = 1888.578 ; gain = 0.000
Phase 2 Global Placement | Checksum: 1f99ca0f8

Time (s): cpu = 00:00:03 ; elapsed = 00:00:03 . Memory (MB): peak = 1888.578 ; gain = 0.000

Phase 3 Detail Placement

Phase 3.1 Commit Multi Column Macros
Phase 3.1 Commit Multi Column Macros | Checksum: 1f99ca0f8

Time (s): cpu = 00:00:03 ; elapsed = 00:00:03 . Memory (MB): peak = 1888.578 ; gain = 0.000

Phase 3.2 Commit Most Macros & LUTRAMs
Phase 3.2 Commit Most Macros & LUTRAMs | Checksum: 183bd405b

Time (s): cpu = 00:00:03 ; elapsed = 00:00:03 . Memory (MB): peak = 1888.578 ; gain = 0.000

Phase 3.3 Area Swap Optimization
Phase 3.3 Area Swap Optimization | Checksum: 1675cb6d2

Time (s): cpu = 00:00:03 ; elapsed = 00:00:03 . Memory (MB): peak = 1888.578 ; gain = 0.000

Phase 3.4 Pipeline Register Optimization
Phase 3.4 Pipeline Register Optimization | Checksum: 1675cb6d2

Time (s): cpu = 00:00:03 ; elapsed = 00:00:03 . Memory (MB): peak = 1888.578 ; gain = 0.000

Phase 3.5 Small Shape Detail Placement
Phase 3.5 Small Shape Detail Placement | Checksum: b8051d1a

Time (s): cpu = 00:00:03 ; elapsed = 00:00:03 . Memory (MB): peak = 1888.578 ; gain = 0.000

Phase 3.6 Re-assign LUT pins
Phase 3.6 Re-assign LUT pins | Checksum: b8051d1a

Time (s): cpu = 00:00:03 ; elapsed = 00:00:03 . Memory (MB): peak = 1888.578 ; gain = 0.000

Phase 3.7 Pipeline Register Optimization
Phase 3.7 Pipeline Register Optimization | Checksum: b8051d1a

Time (s): cpu = 00:00:03 ; elapsed = 00:00:03 . Memory (MB): peak = 1888.578 ; gain = 0.000
Phase 3 Detail Placement | Checksum: b8051d1a

Time (s): cpu = 00:00:03 ; elapsed = 00:00:03 . Memory (MB): peak = 1888.578 ; gain = 0.000

Phase 4 Post Placement Optimization and Clean-Up

Phase 4.1 Post Commit Optimization
Phase 4.1 Post Commit Optimization | Checksum: b8051d1a

Time (s): cpu = 00:00:03 ; elapsed = 00:00:03 . Memory (MB): peak = 1888.578 ; gain = 0.000

Phase 4.2 Post Placement Cleanup
Phase 4.2 Post Placement Cleanup | Checksum: b8051d1a

Time (s): cpu = 00:00:03 ; elapsed = 00:00:03 . Memory (MB): peak = 1888.578 ; gain = 0.000

Phase 4.3 Placer Reporting

Phase 4.3.1 Print Estimated Congestion
INFO: [Place 30-612] Post-Placement Estimated Congestion 
 ____________________________________________________
|           | Global Congestion | Short Congestion  |
| Direction | Region Size       | Region Size       |
|___________|___________________|___________________|
|      North|                1x1|                1x1|
|___________|___________________|___________________|
|      South|                1x1|                1x1|
|___________|___________________|___________________|
|       East|                1x1|                1x1|
|___________|___________________|___________________|
|       West|                1x1|                1x1|
|___________|___________________|___________________|

Phase 4.3.1 Print Estimated Congestion | Checksum: b8051d1a

Time (s): cpu = 00:00:03 ; elapsed = 00:00:03 . Memory (MB): peak = 1888.578 ; gain = 0.000
Phase 4.3 Placer Reporting | Checksum: b8051d1a

Time (s): cpu = 00:00:03 ; elapsed = 00:00:03 . Memory (MB): peak = 1888.578 ; gain = 0.000

Phase 4.4 Final Placement Cleanup
Netlist sorting complete. Time (s): cpu = 00:00:00 ; elapsed = 00:00:00 . Memory (MB): peak = 1888.578 ; gain = 0.000

Time (s): cpu = 00:00:03 ; elapsed = 00:00:03 . Memory (MB): peak = 1888.578 ; gain = 0.000
Phase 4 Post Placement Optimization and Clean-Up | Checksum: 76b4248d

Time (s): cpu = 00:00:03 ; elapsed = 00:00:03 . Memory (MB): peak = 1888.578 ; gain = 0.000
Ending Placer Task | Checksum: 2df17f22

Time (s): cpu = 00:00:03 ; elapsed = 00:00:03 . Memory (MB): peak = 1888.578 ; gain = 0.000
INFO: [Common 17-83] Releasing license: Implementation
42 Infos, 1 Warnings, 0 Critical Warnings and 0 Errors encountered.
place_design completed successfully
Writing XDEF routing.
Writing XDEF routing logical nets.
Writing XDEF routing special nets.
Write XDEF Complete: Time (s): cpu = 00:00:00 ; elapsed = 00:00:00.138 . Memory (MB): peak = 1888.578 ; gain = 0.000
INFO: [Common 17-1381] The checkpoint 'C:/Users/narsi/Desktop/projects/Project_BUG/fifo/FIFO_meta/FIFO_meta_D/FIFO_meta_/FIFO_meta_bug.runs/impl_1/FIFO_meta_placed.dcp' has been generated.
INFO: [runtcl-4] Executing : report_io -file FIFO_meta_io_placed.rpt
report_io: Time (s): cpu = 00:00:00 ; elapsed = 00:00:00.093 . Memory (MB): peak = 1888.578 ; gain = 0.000
INFO: [runtcl-4] Executing : report_utilization -file FIFO_meta_utilization_placed.rpt -pb FIFO_meta_utilization_placed.pb
INFO: [runtcl-4] Executing : report_control_sets -verbose -file FIFO_meta_control_sets_placed.rpt
report_control_sets: Time (s): cpu = 00:00:00 ; elapsed = 00:00:00.004 . Memory (MB): peak = 1888.578 ; gain = 0.000
Command: phys_opt_design
Attempting to get a license for feature 'Implementation' and/or device 'xc7z020'
INFO: [Common 17-349] Got license for feature 'Implementation' and/or device 'xc7z020'

Starting Initial Update Timing Task

Time (s): cpu = 00:00:00 ; elapsed = 00:00:00.035 . Memory (MB): peak = 1898.406 ; gain = 9.828
INFO: [Vivado_Tcl 4-235] No timing constraint found. The netlist was not modified.
INFO: [Common 17-83] Releasing license: Implementation
49 Infos, 1 Warnings, 0 Critical Warnings and 0 Errors encountered.
phys_opt_design completed successfully
Writing XDEF routing.
Writing XDEF routing logical nets.
Writing XDEF routing special nets.
Write XDEF Complete: Time (s): cpu = 00:00:00 ; elapsed = 00:00:00.068 . Memory (MB): peak = 1916.277 ; gain = 14.855
INFO: [Common 17-1381] The checkpoint 'C:/Users/narsi/Desktop/projects/Project_BUG/fifo/FIFO_meta/FIFO_meta_D/FIFO_meta_/FIFO_meta_bug.runs/impl_1/FIFO_meta_physopt.dcp' has been generated.
Command: route_design
Attempting to get a license for feature 'Implementation' and/or device 'xc7z020'
INFO: [Common 17-349] Got license for feature 'Implementation' and/or device 'xc7z020'
Running DRC as a precondition to command route_design
INFO: [DRC 23-27] Running DRC with 2 threads
INFO: [Vivado_Tcl 4-198] DRC finished with 0 Errors
INFO: [Vivado_Tcl 4-199] Please refer to the DRC report (report_drc) for more information.


Starting Routing Task
INFO: [Route 35-254] Multithreading enabled for route_design using a maximum of 2 CPUs

Phase 1 Build RT Design
Checksum: PlaceDB: 1b89c587 ConstDB: 0 ShapeSum: 1267b99b RouteDB: 0
Post Restoration Checksum: NetGraph: 564ec52 NumContArr: 6e47f119 Constraints: 0 Timing: 0
Phase 1 Build RT Design | Checksum: 73acdd6b

Time (s): cpu = 00:00:28 ; elapsed = 00:00:25 . Memory (MB): peak = 2018.711 ; gain = 93.289

Phase 2 Router Initialization
INFO: [Route 35-64] No timing constraints were detected. The router will operate in resource-optimization mode.

Phase 2.1 Fix Topology Constraints
Phase 2.1 Fix Topology Constraints | Checksum: 73acdd6b

Time (s): cpu = 00:00:28 ; elapsed = 00:00:25 . Memory (MB): peak = 2025.344 ; gain = 99.922

Phase 2.2 Pre Route Cleanup
Phase 2.2 Pre Route Cleanup | Checksum: 73acdd6b

Time (s): cpu = 00:00:28 ; elapsed = 00:00:25 . Memory (MB): peak = 2025.344 ; gain = 99.922
 Number of Nodes with overlaps = 0

Router Utilization Summary
  Global Vertical Routing Utilization    = 0 %
  Global Horizontal Routing Utilization  = 0 %
  Routable Net Status*
  *Does not include unroutable nets such as driverless and loadless.
  Run report_route_status for detailed report.
  Number of Failed Nets               = 48
    (Failed Nets is the sum of unrouted and partially routed nets)
  Number of Unrouted Nets             = 48
  Number of Partially Routed Nets     = 0
  Number of Node Overlaps             = 0

Phase 2 Router Initialization | Checksum: 18fbfdf34

Time (s): cpu = 00:00:28 ; elapsed = 00:00:25 . Memory (MB): peak = 2038.148 ; gain = 112.727

Phase 3 Initial Routing

Phase 3.1 Global Routing
Phase 3.1 Global Routing | Checksum: 18fbfdf34

Time (s): cpu = 00:00:28 ; elapsed = 00:00:25 . Memory (MB): peak = 2038.148 ; gain = 112.727
Phase 3 Initial Routing | Checksum: 174d1925b

Time (s): cpu = 00:00:28 ; elapsed = 00:00:26 . Memory (MB): peak = 2038.148 ; gain = 112.727

Phase 4 Rip-up And Reroute

Phase 4.1 Global Iteration 0
 Number of Nodes with overlaps = 5
 Number of Nodes with overlaps = 0
Phase 4.1 Global Iteration 0 | Checksum: 1d801be4e

Time (s): cpu = 00:00:29 ; elapsed = 00:00:26 . Memory (MB): peak = 2038.148 ; gain = 112.727
Phase 4 Rip-up And Reroute | Checksum: 1d801be4e

Time (s): cpu = 00:00:29 ; elapsed = 00:00:26 . Memory (MB): peak = 2038.148 ; gain = 112.727

Phase 5 Delay and Skew Optimization
Phase 5 Delay and Skew Optimization | Checksum: 1d801be4e

Time (s): cpu = 00:00:29 ; elapsed = 00:00:26 . Memory (MB): peak = 2038.148 ; gain = 112.727

Phase 6 Post Hold Fix

Phase 6.1 Hold Fix Iter
Phase 6.1 Hold Fix Iter | Checksum: 1d801be4e

Time (s): cpu = 00:00:29 ; elapsed = 00:00:26 . Memory (MB): peak = 2038.148 ; gain = 112.727
Phase 6 Post Hold Fix | Checksum: 1d801be4e

Time (s): cpu = 00:00:29 ; elapsed = 00:00:26 . Memory (MB): peak = 2038.148 ; gain = 112.727

Phase 7 Route finalize

Router Utilization Summary
  Global Vertical Routing Utilization    = 0.00890546 %
  Global Horizontal Routing Utilization  = 0.00836714 %
  Routable Net Status*
  *Does not include unroutable nets such as driverless and loadless.
  Run report_route_status for detailed report.
  Number of Failed Nets               = 0
    (Failed Nets is the sum of unrouted and partially routed nets)
  Number of Unrouted Nets             = 0
  Number of Partially Routed Nets     = 0
  Number of Node Overlaps             = 0

Congestion Report
North Dir 1x1 Area, Max Cong = 23.4234%, No Congested Regions.
South Dir 1x1 Area, Max Cong = 5.40541%, No Congested Regions.
East Dir 1x1 Area, Max Cong = 10.2941%, No Congested Regions.
West Dir 1x1 Area, Max Cong = 11.7647%, No Congested Regions.

------------------------------
Reporting congestion hotspots
------------------------------
Direction: North
----------------
Congested clusters found at Level 0
Effective congestion level: 0 Aspect Ratio: 1 Sparse Ratio: 0
Direction: South
----------------
Congested clusters found at Level 0
Effective congestion level: 0 Aspect Ratio: 1 Sparse Ratio: 0
Direction: East
----------------
Congested clusters found at Level 0
Effective congestion level: 0 Aspect Ratio: 1 Sparse Ratio: 0
Direction: West
----------------
Congested clusters found at Level 0
Effective congestion level: 0 Aspect Ratio: 1 Sparse Ratio: 0

Phase 7 Route finalize | Checksum: 1d801be4e

Time (s): cpu = 00:00:29 ; elapsed = 00:00:26 . Memory (MB): peak = 2038.148 ; gain = 112.727

Phase 8 Verifying routed nets

 Verification completed successfully
Phase 8 Verifying routed nets | Checksum: 1d801be4e

Time (s): cpu = 00:00:29 ; elapsed = 00:00:26 . Memory (MB): peak = 2038.148 ; gain = 112.727

Phase 9 Depositing Routes
Phase 9 Depositing Routes | Checksum: 13fc4a1c2

Time (s): cpu = 00:00:29 ; elapsed = 00:00:26 . Memory (MB): peak = 2038.148 ; gain = 112.727
INFO: [Route 35-16] Router Completed Successfully

Time (s): cpu = 00:00:29 ; elapsed = 00:00:26 . Memory (MB): peak = 2038.148 ; gain = 112.727

Routing Is Done.
INFO: [Common 17-83] Releasing license: Implementation
58 Infos, 1 Warnings, 0 Critical Warnings and 0 Errors encountered.
route_design completed successfully
route_design: Time (s): cpu = 00:00:31 ; elapsed = 00:00:27 . Memory (MB): peak = 2038.148 ; gain = 121.871
Writing XDEF routing.
Writing XDEF routing logical nets.
Writing XDEF routing special nets.
Write XDEF Complete: Time (s): cpu = 00:00:00 ; elapsed = 00:00:00.066 . Memory (MB): peak = 2048.789 ; gain = 10.641
INFO: [Common 17-1381] The checkpoint 'C:/Users/narsi/Desktop/projects/Project_BUG/fifo/FIFO_meta/FIFO_meta_D/FIFO_meta_/FIFO_meta_bug.runs/impl_1/FIFO_meta_routed.dcp' has been generated.
INFO: [runtcl-4] Executing : report_drc -file FIFO_meta_drc_routed.rpt -pb FIFO_meta_drc_routed.pb -rpx FIFO_meta_drc_routed.rpx
Command: report_drc -file FIFO_meta_drc_routed.rpt -pb FIFO_meta_drc_routed.pb -rpx FIFO_meta_drc_routed.rpx
INFO: [IP_Flow 19-1839] IP Catalog is up to date.
INFO: [DRC 23-27] Running DRC with 2 threads
INFO: [Vivado_Tcl 2-168] The results of DRC are in file C:/Users/narsi/Desktop/projects/Project_BUG/fifo/FIFO_meta/FIFO_meta_D/FIFO_meta_/FIFO_meta_bug.runs/impl_1/FIFO_meta_drc_routed.rpt.
report_drc completed successfully
INFO: [runtcl-4] Executing : report_methodology -file FIFO_meta_methodology_drc_routed.rpt -pb FIFO_meta_methodology_drc_routed.pb -rpx FIFO_meta_methodology_drc_routed.rpx
Command: report_methodology -file FIFO_meta_methodology_drc_routed.rpt -pb FIFO_meta_methodology_drc_routed.pb -rpx FIFO_meta_methodology_drc_routed.rpx
INFO: [Timing 38-35] Done setting XDC timing constraints.
INFO: [DRC 23-133] Running Methodology with 2 threads
INFO: [Vivado_Tcl 2-1520] The results of Report Methodology are in file C:/Users/narsi/Desktop/projects/Project_BUG/fifo/FIFO_meta/FIFO_meta_D/FIFO_meta_/FIFO_meta_bug.runs/impl_1/FIFO_meta_methodology_drc_routed.rpt.
report_methodology completed successfully
INFO: [runtcl-4] Executing : report_power -file FIFO_meta_power_routed.rpt -pb FIFO_meta_power_summary_routed.pb -rpx FIFO_meta_power_routed.rpx
Command: report_power -file FIFO_meta_power_routed.rpt -pb FIFO_meta_power_summary_routed.pb -rpx FIFO_meta_power_routed.rpx
INFO: [Timing 38-35] Done setting XDC timing constraints.
WARNING: [Power 33-232] No user defined clocks were found in the design! Power estimation will be inaccurate until this is corrected.
Resolution: Please specify clocks using create_clock/create_generated_clock for sequential elements. For pure combinatorial circuits, please specify a virtual clock, otherwise the vectorless estimation might be inaccurate
Running Vector-less Activity Propagation...

Finished Running Vector-less Activity Propagation
69 Infos, 2 Warnings, 0 Critical Warnings and 0 Errors encountered.
report_power completed successfully
INFO: [runtcl-4] Executing : report_route_status -file FIFO_meta_route_status.rpt -pb FIFO_meta_route_status.pb
INFO: [runtcl-4] Executing : report_timing_summary -max_paths 10 -report_unconstrained -file FIFO_meta_timing_summary_routed.rpt -pb FIFO_meta_timing_summary_routed.pb -rpx FIFO_meta_timing_summary_routed.rpx -warn_on_violation 
INFO: [Timing 38-91] UpdateTimingParams: Speed grade: -1, Delay Type: min_max.
INFO: [Timing 38-191] Multithreading enabled for timing update using a maximum of 2 CPUs
WARNING: [Timing 38-313] There are no user specified timing constraints. Timing constraints are needed for proper timing analysis.
INFO: [runtcl-4] Executing : report_incremental_reuse -file FIFO_meta_incremental_reuse_routed.rpt
INFO: [Vivado_Tcl 4-1062] Incremental flow is disabled. No incremental reuse Info to report.
INFO: [runtcl-4] Executing : report_clock_utilization -file FIFO_meta_clock_utilization_routed.rpt
INFO: [runtcl-4] Executing : report_bus_skew -warn_on_violation -file FIFO_meta_bus_skew_routed.rpt -pb FIFO_meta_bus_skew_routed.pb -rpx FIFO_meta_bus_skew_routed.rpx
INFO: [Timing 38-91] UpdateTimingParams: Speed grade: -1, Delay Type: min_max.
INFO: [Timing 38-191] Multithreading enabled for timing update using a maximum of 2 CPUs
INFO: [Common 17-206] Exiting Vivado at Fri Apr  3 00:02:21 2026...
[Fri Apr  3 00:02:24 2026] impl_1 finished
wait_on_runs: Time (s): cpu = 00:00:00 ; elapsed = 00:01:21 . Memory (MB): peak = 979.504 ; gain = 0.000
# open_run impl_1
Netlist sorting complete. Time (s): cpu = 00:00:00 ; elapsed = 00:00:00 . Memory (MB): peak = 979.504 ; gain = 0.000
INFO: [Netlist 29-17] Analyzing 3 Unisim elements for replacement
INFO: [Netlist 29-28] Unisim Transformation completed in 0 CPU seconds
INFO: [Project 1-479] Netlist was created with Vivado 2022.2
INFO: [Project 1-570] Preparing netlist for logic optimization
Reading XDEF placement.
Reading placer database...
Reading XDEF routing.
Read XDEF Files: Time (s): cpu = 00:00:00 ; elapsed = 00:00:00.243 . Memory (MB): peak = 1093.344 ; gain = 24.859
Restored from archive | CPU: 0.000000 secs | Memory: 0.000000 MB |
Finished XDEF File Restore: Time (s): cpu = 00:00:00 ; elapsed = 00:00:00.246 . Memory (MB): peak = 1093.344 ; gain = 24.859
Netlist sorting complete. Time (s): cpu = 00:00:00 ; elapsed = 00:00:00 . Memory (MB): peak = 1480.203 ; gain = 0.000
INFO: [Project 1-111] Unisim Transformation Summary:
  A total of 3 instances were transformed.
  RAM32M => RAM32M (RAMD32(x6), RAMS32(x2)): 1 instance 
  RAM32X1D => RAM32X1D (RAMD32(x2)): 2 instances

# report_utilization    -file [file join $build_dir utilization.rpt]
# report_timing_summary -file [file join $build_dir timing_summary.rpt]
INFO: [Timing 38-35] Done setting XDC timing constraints.
INFO: [Timing 38-91] UpdateTimingParams: Speed grade: -1, Delay Type: min_max.
INFO: [Timing 38-191] Multithreading enabled for timing update using a maximum of 2 CPUs
report_timing_summary: Time (s): cpu = 00:00:05 ; elapsed = 00:00:05 . Memory (MB): peak = 1669.508 ; gain = 189.305
# set sim_log [file join $build_dir sim.log]
# if {$run_sim} {
#   launch_simulation -simset sim_1 -mode behavioral
#   log_wave -recursive *
#   run all
#   catch { write_waveform -file [file join $build_dir waveform.wdb] }
#   if {[file exists "vivado.log"]} {
#     file copy -force "vivado.log" $sim_log
#   } else {
#     # create empty log
#     set fd [open $sim_log w]; puts $fd "No vivado.log"; close $fd
#   }
# } else {
#   # no sim run
#   set fd [open $sim_log w]; puts $fd "Simulation not run (no TB)"; close $fd
# }
Command: launch_simulation  -simset sim_1 -mode behavioral
INFO: [Vivado 12-12493] Simulation top is 'fifo_tb'
WARNING: [Vivado 12-13340] Unable to auto find GCC executables from simulator install path! (path not set)
WARNING: [Vivado 12-13277] Compiled library path does not exist: ''
INFO: [Vivado 12-5682] Launching behavioral simulation in 'C:/Users/narsi/Desktop/projects/Project_BUG/fifo/FIFO_meta/FIFO_meta_D/FIFO_meta_/FIFO_meta_bug.sim/sim_1/behav/xsim'
INFO: [SIM-utils-51] Simulation object is 'sim_1'
INFO: [SIM-utils-72] Using boost library from 'C:/Xilinx/Vivado/2022.2/tps/boost_1_72_0'
INFO: [SIM-utils-54] Inspecting design source files for 'fifo_tb' in fileset 'sim_1'...
INFO: [USF-XSim-97] Finding global include files...
INFO: [USF-XSim-98] Fetching design files from 'sim_1'...
INFO: [USF-XSim-2] XSim::Compile design
INFO: [USF-XSim-61] Executing 'COMPILE and ANALYZE' step in 'C:/Users/narsi/Desktop/projects/Project_BUG/fifo/FIFO_meta/FIFO_meta_D/FIFO_meta_/FIFO_meta_bug.sim/sim_1/behav/xsim'
"xvhdl --incr --relax -prj fifo_tb_vhdl.prj"
INFO: [VRFC 10-163] Analyzing VHDL file "C:/Users/narsi/Desktop/projects/Project_BUG/fifo/FIFO_meta/FIFO_meta_D/rtl/FIFO_meta.vhd" into library xil_defaultlib
INFO: [VRFC 10-3107] analyzing entity 'FIFO_meta'
INFO: [VRFC 10-163] Analyzing VHDL file "C:/Users/narsi/Desktop/projects/Project_BUG/fifo/FIFO_meta/FIFO_meta_D/tb/FIFO_meta_tb.vhd" into library xil_defaultlib
INFO: [VRFC 10-3107] analyzing entity 'fifo_tb'
INFO: [USF-XSim-69] 'compile' step finished in '3' seconds
INFO: [USF-XSim-3] XSim::Elaborate design
INFO: [USF-XSim-61] Executing 'ELABORATE' step in 'C:/Users/narsi/Desktop/projects/Project_BUG/fifo/FIFO_meta/FIFO_meta_D/FIFO_meta_/FIFO_meta_bug.sim/sim_1/behav/xsim'
"xelab --incr --debug typical --relax --mt 2 -L xil_defaultlib -L secureip --snapshot fifo_tb_behav xil_defaultlib.fifo_tb -log elaborate.log"
Vivado Simulator v2022.2
Copyright 1986-1999, 2001-2022 Xilinx, Inc. All Rights Reserved.
Running: C:/Xilinx/Vivado/2022.2/bin/unwrapped/win64.o/xelab.exe --incr --debug typical --relax --mt 2 -L xil_defaultlib -L secureip --snapshot fifo_tb_behav xil_defaultlib.fifo_tb -log elaborate.log 
Using 2 slave threads.
Starting static elaboration
Completed static elaboration
Starting simulation data flow analysis
Completed simulation data flow analysis
Time Resolution for simulation is 1ps
Compiling package std.standard
Compiling package std.textio
Compiling package ieee.std_logic_1164
Compiling package ieee.numeric_std
Compiling package std.env
Compiling architecture behavioral of entity xil_defaultlib.FIFO_meta [\FIFO_meta(f_width=16)\]
Compiling architecture tb of entity xil_defaultlib.fifo_tb
Built simulation snapshot fifo_tb_behav
INFO: [USF-XSim-69] 'elaborate' step finished in '3' seconds
INFO: [USF-XSim-4] XSim::Simulate design
INFO: [USF-XSim-61] Executing 'SIMULATE' step in 'C:/Users/narsi/Desktop/projects/Project_BUG/fifo/FIFO_meta/FIFO_meta_D/FIFO_meta_/FIFO_meta_bug.sim/sim_1/behav/xsim'
INFO: [USF-XSim-98] *** Running xsim
   with args "fifo_tb_behav -key {Behavioral:sim_1:Functional:fifo_tb} -tclbatch {fifo_tb.tcl} -log {simulate.log}"
INFO: [USF-XSim-8] Loading simulator feature
Time resolution is 1 ps
source fifo_tb.tcl
## current_wave_config
Error: ERROR: Data mismatch in FIFO METASTABILITY
Time: 245 ns  Iteration: 1  Process: /fifo_tb/checker  File: C:/Users/narsi/Desktop/projects/Project_BUG/fifo/FIFO_meta/FIFO_meta_D/tb/FIFO_meta_tb.vhd
Error: ERROR: Data mismatch in FIFO METASTABILITY
Time: 255 ns  Iteration: 1  Process: /fifo_tb/checker  File: C:/Users/narsi/Desktop/projects/Project_BUG/fifo/FIFO_meta/FIFO_meta_D/tb/FIFO_meta_tb.vhd
Error: ERROR: Data mismatch in FIFO METASTABILITY
Time: 265 ns  Iteration: 1  Process: /fifo_tb/checker  File: C:/Users/narsi/Desktop/projects/Project_BUG/fifo/FIFO_meta/FIFO_meta_D/tb/FIFO_meta_tb.vhd
Error: ERROR: Data mismatch in FIFO METASTABILITY
Time: 275 ns  Iteration: 1  Process: /fifo_tb/checker  File: C:/Users/narsi/Desktop/projects/Project_BUG/fifo/FIFO_meta/FIFO_meta_D/tb/FIFO_meta_tb.vhd
Error: ERROR: Data mismatch in FIFO METASTABILITY
Time: 285 ns  Iteration: 1  Process: /fifo_tb/checker  File: C:/Users/narsi/Desktop/projects/Project_BUG/fifo/FIFO_meta/FIFO_meta_D/tb/FIFO_meta_tb.vhd
Error: ERROR: Data mismatch in FIFO METASTABILITY
Time: 295 ns  Iteration: 1  Process: /fifo_tb/checker  File: C:/Users/narsi/Desktop/projects/Project_BUG/fifo/FIFO_meta/FIFO_meta_D/tb/FIFO_meta_tb.vhd
Error: ERROR: Data mismatch in FIFO METASTABILITY
Time: 305 ns  Iteration: 1  Process: /fifo_tb/checker  File: C:/Users/narsi/Desktop/projects/Project_BUG/fifo/FIFO_meta/FIFO_meta_D/tb/FIFO_meta_tb.vhd
Error: ERROR: Data mismatch in FIFO METASTABILITY
Time: 315 ns  Iteration: 1  Process: /fifo_tb/checker  File: C:/Users/narsi/Desktop/projects/Project_BUG/fifo/FIFO_meta/FIFO_meta_D/tb/FIFO_meta_tb.vhd
Error: ERROR: Data mismatch in FIFO METASTABILITY
Time: 325 ns  Iteration: 1  Process: /fifo_tb/checker  File: C:/Users/narsi/Desktop/projects/Project_BUG/fifo/FIFO_meta/FIFO_meta_D/tb/FIFO_meta_tb.vhd
Error: ERROR: Data mismatch in FIFO METASTABILITY
Time: 335 ns  Iteration: 1  Process: /fifo_tb/checker  File: C:/Users/narsi/Desktop/projects/Project_BUG/fifo/FIFO_meta/FIFO_meta_D/tb/FIFO_meta_tb.vhd
Error: ERROR: Data mismatch in FIFO METASTABILITY
Time: 345 ns  Iteration: 1  Process: /fifo_tb/checker  File: C:/Users/narsi/Desktop/projects/Project_BUG/fifo/FIFO_meta/FIFO_meta_D/tb/FIFO_meta_tb.vhd
Error: ERROR: Data mismatch in FIFO METASTABILITY
Time: 355 ns  Iteration: 1  Process: /fifo_tb/checker  File: C:/Users/narsi/Desktop/projects/Project_BUG/fifo/FIFO_meta/FIFO_meta_D/tb/FIFO_meta_tb.vhd
Error: ERROR: Data mismatch in FIFO METASTABILITY
Time: 365 ns  Iteration: 1  Process: /fifo_tb/checker  File: C:/Users/narsi/Desktop/projects/Project_BUG/fifo/FIFO_meta/FIFO_meta_D/tb/FIFO_meta_tb.vhd
Error: ERROR: Data mismatch in FIFO METASTABILITY
Time: 375 ns  Iteration: 1  Process: /fifo_tb/checker  File: C:/Users/narsi/Desktop/projects/Project_BUG/fifo/FIFO_meta/FIFO_meta_D/tb/FIFO_meta_tb.vhd
Error: ERROR: Data mismatch in FIFO METASTABILITY
Time: 385 ns  Iteration: 1  Process: /fifo_tb/checker  File: C:/Users/narsi/Desktop/projects/Project_BUG/fifo/FIFO_meta/FIFO_meta_D/tb/FIFO_meta_tb.vhd
Error: ERROR: Data mismatch in FIFO METASTABILITY
Time: 395 ns  Iteration: 1  Process: /fifo_tb/checker  File: C:/Users/narsi/Desktop/projects/Project_BUG/fifo/FIFO_meta/FIFO_meta_D/tb/FIFO_meta_tb.vhd
Error: ERROR: Data mismatch in FIFO METASTABILITY
Time: 405 ns  Iteration: 1  Process: /fifo_tb/checker  File: C:/Users/narsi/Desktop/projects/Project_BUG/fifo/FIFO_meta/FIFO_meta_D/tb/FIFO_meta_tb.vhd
Error: ERROR: Data mismatch in FIFO METASTABILITY
Time: 415 ns  Iteration: 1  Process: /fifo_tb/checker  File: C:/Users/narsi/Desktop/projects/Project_BUG/fifo/FIFO_meta/FIFO_meta_D/tb/FIFO_meta_tb.vhd
Error: ERROR: Data mismatch in FIFO METASTABILITY
Time: 425 ns  Iteration: 1  Process: /fifo_tb/checker  File: C:/Users/narsi/Desktop/projects/Project_BUG/fifo/FIFO_meta/FIFO_meta_D/tb/FIFO_meta_tb.vhd
Note: Simulation completed successfully.
Time: 435 ns  Iteration: 1  Process: /fifo_tb/stimulus  File: C:/Users/narsi/Desktop/projects/Project_BUG/fifo/FIFO_meta/FIFO_meta_D/tb/FIFO_meta_tb.vhd
Error: ERROR: Data mismatch in FIFO METASTABILITY
Time: 435 ns  Iteration: 1  Process: /fifo_tb/checker  File: C:/Users/narsi/Desktop/projects/Project_BUG/fifo/FIFO_meta/FIFO_meta_D/tb/FIFO_meta_tb.vhd
$stop called at time : 485 ns : File "C:/Users/narsi/Desktop/projects/Project_BUG/fifo/FIFO_meta/FIFO_meta_D/tb/FIFO_meta_tb.vhd" Line 100
INFO: [USF-XSim-96] XSim completed. Design snapshot 'fifo_tb_behav' loaded.
INFO: [USF-XSim-97] XSim simulation ran for 1000ns
launch_simulation: Time (s): cpu = 00:00:00 ; elapsed = 00:00:08 . Memory (MB): peak = 1681.750 ; gain = 12.242
Error: ERROR: Data mismatch in FIFO METASTABILITY
Time: 725 ns  Iteration: 1  Process: /fifo_tb/checker  File: C:/Users/narsi/Desktop/projects/Project_BUG/fifo/FIFO_meta/FIFO_meta_D/tb/FIFO_meta_tb.vhd
Error: ERROR: Data mismatch in FIFO METASTABILITY
Time: 735 ns  Iteration: 1  Process: /fifo_tb/checker  File: C:/Users/narsi/Desktop/projects/Project_BUG/fifo/FIFO_meta/FIFO_meta_D/tb/FIFO_meta_tb.vhd
Error: ERROR: Data mismatch in FIFO METASTABILITY
Time: 745 ns  Iteration: 1  Process: /fifo_tb/checker  File: C:/Users/narsi/Desktop/projects/Project_BUG/fifo/FIFO_meta/FIFO_meta_D/tb/FIFO_meta_tb.vhd
Error: ERROR: Data mismatch in FIFO METASTABILITY
Time: 755 ns  Iteration: 1  Process: /fifo_tb/checker  File: C:/Users/narsi/Desktop/projects/Project_BUG/fifo/FIFO_meta/FIFO_meta_D/tb/FIFO_meta_tb.vhd
Error: ERROR: Data mismatch in FIFO METASTABILITY
Time: 765 ns  Iteration: 1  Process: /fifo_tb/checker  File: C:/Users/narsi/Desktop/projects/Project_BUG/fifo/FIFO_meta/FIFO_meta_D/tb/FIFO_meta_tb.vhd
Error: ERROR: Data mismatch in FIFO METASTABILITY
Time: 775 ns  Iteration: 1  Process: /fifo_tb/checker  File: C:/Users/narsi/Desktop/projects/Project_BUG/fifo/FIFO_meta/FIFO_meta_D/tb/FIFO_meta_tb.vhd
Error: ERROR: Data mismatch in FIFO METASTABILITY
Time: 785 ns  Iteration: 1  Process: /fifo_tb/checker  File: C:/Users/narsi/Desktop/projects/Project_BUG/fifo/FIFO_meta/FIFO_meta_D/tb/FIFO_meta_tb.vhd
Error: ERROR: Data mismatch in FIFO METASTABILITY
Time: 795 ns  Iteration: 1  Process: /fifo_tb/checker  File: C:/Users/narsi/Desktop/projects/Project_BUG/fifo/FIFO_meta/FIFO_meta_D/tb/FIFO_meta_tb.vhd
Error: ERROR: Data mismatch in FIFO METASTABILITY
Time: 805 ns  Iteration: 1  Process: /fifo_tb/checker  File: C:/Users/narsi/Desktop/projects/Project_BUG/fifo/FIFO_meta/FIFO_meta_D/tb/FIFO_meta_tb.vhd
Error: ERROR: Data mismatch in FIFO METASTABILITY
Time: 815 ns  Iteration: 1  Process: /fifo_tb/checker  File: C:/Users/narsi/Desktop/projects/Project_BUG/fifo/FIFO_meta/FIFO_meta_D/tb/FIFO_meta_tb.vhd
Error: ERROR: Data mismatch in FIFO METASTABILITY
Time: 825 ns  Iteration: 1  Process: /fifo_tb/checker  File: C:/Users/narsi/Desktop/projects/Project_BUG/fifo/FIFO_meta/FIFO_meta_D/tb/FIFO_meta_tb.vhd
Error: ERROR: Data mismatch in FIFO METASTABILITY
Time: 835 ns  Iteration: 1  Process: /fifo_tb/checker  File: C:/Users/narsi/Desktop/projects/Project_BUG/fifo/FIFO_meta/FIFO_meta_D/tb/FIFO_meta_tb.vhd
Error: ERROR: Data mismatch in FIFO METASTABILITY
Time: 845 ns  Iteration: 1  Process: /fifo_tb/checker  File: C:/Users/narsi/Desktop/projects/Project_BUG/fifo/FIFO_meta/FIFO_meta_D/tb/FIFO_meta_tb.vhd
Error: ERROR: Data mismatch in FIFO METASTABILITY
Time: 855 ns  Iteration: 1  Process: /fifo_tb/checker  File: C:/Users/narsi/Desktop/projects/Project_BUG/fifo/FIFO_meta/FIFO_meta_D/tb/FIFO_meta_tb.vhd
Error: ERROR: Data mismatch in FIFO METASTABILITY
Time: 865 ns  Iteration: 1  Process: /fifo_tb/checker  File: C:/Users/narsi/Desktop/projects/Project_BUG/fifo/FIFO_meta/FIFO_meta_D/tb/FIFO_meta_tb.vhd
Error: ERROR: Data mismatch in FIFO METASTABILITY
Time: 875 ns  Iteration: 1  Process: /fifo_tb/checker  File: C:/Users/narsi/Desktop/projects/Project_BUG/fifo/FIFO_meta/FIFO_meta_D/tb/FIFO_meta_tb.vhd
Error: ERROR: Data mismatch in FIFO METASTABILITY
Time: 885 ns  Iteration: 1  Process: /fifo_tb/checker  File: C:/Users/narsi/Desktop/projects/Project_BUG/fifo/FIFO_meta/FIFO_meta_D/tb/FIFO_meta_tb.vhd
Error: ERROR: Data mismatch in FIFO METASTABILITY
Time: 895 ns  Iteration: 1  Process: /fifo_tb/checker  File: C:/Users/narsi/Desktop/projects/Project_BUG/fifo/FIFO_meta/FIFO_meta_D/tb/FIFO_meta_tb.vhd
Error: ERROR: Data mismatch in FIFO METASTABILITY
Time: 905 ns  Iteration: 1  Process: /fifo_tb/checker  File: C:/Users/narsi/Desktop/projects/Project_BUG/fifo/FIFO_meta/FIFO_meta_D/tb/FIFO_meta_tb.vhd
Note: Simulation completed successfully.
Time: 915 ns  Iteration: 1  Process: /fifo_tb/stimulus  File: C:/Users/narsi/Desktop/projects/Project_BUG/fifo/FIFO_meta/FIFO_meta_D/tb/FIFO_meta_tb.vhd
Error: ERROR: Data mismatch in FIFO METASTABILITY
Time: 915 ns  Iteration: 1  Process: /fifo_tb/checker  File: C:/Users/narsi/Desktop/projects/Project_BUG/fifo/FIFO_meta/FIFO_meta_D/tb/FIFO_meta_tb.vhd
$stop called at time : 965 ns : File "C:/Users/narsi/Desktop/projects/Project_BUG/fifo/FIFO_meta/FIFO_meta_D/tb/FIFO_meta_tb.vhd" Line 100
