#-----------------------------------------------------------
# Vivado v2022.2 (64-bit)
# SW Build 3671981 on Fri Oct 14 05:00:03 MDT 2022
# IP Build 3669848 on Fri Oct 14 08:30:02 MDT 2022
# Start of session at: Tue Apr  7 21:41:44 2026
# Process ID: 26768
# Current directory: C:/Users/narsi/Desktop/projects/Project_BUG/fsm_uart
# Command line: vivado.exe -mode batch -source build.tcl
# Log file: C:/Users/narsi/Desktop/projects/Project_BUG/fsm_uart/vivado.log
# Journal file: C:/Users/narsi/Desktop/projects/Project_BUG/fsm_uart\vivado.jou
# Running On: Milan, OS: Windows, CPU Frequency: 1797 MHz, CPU Physical cores: 16, Host memory: 6297 MB
#-----------------------------------------------------------
source build.tcl
# set main_project_name "fsm_uart_g"
# set proj_name   "fsm_uart_bug"
# set proj_dir    "./$main_project_name/fsm_uart_g_"
# set build_dir   "./$main_project_name/build"
# set part        "xc7z020clg484-1"
# set rtl_glob    "./$main_project_name/rtl/*.vhd"
# set tb_glob     "./$main_project_name/tb/*_tb.vhd"
# set xdc_glob    "./constraints/*.xdc"
# set rtl_top_e   "fsm_uart"
# set tb_top_e   "fsm_uart_tb"
# set rtl_top     "./$main_project_name/rtl"
# set tb_top      "./$main_project_name/tb"
# set vivado_tool "Vivado 2022.2"
# set rtl_dir     "./rtl"
# set tb_dir      "./tb"
# set src_dir [glob -type d ./*.srcs]
# set full_src_rtl "$src_dir/sources_1/new"
# set full_src_tb "$src_dir/sim_1/new"
# catch {file mkdir $main_project_name}
# if {[file exists $build_dir]} {
#     puts "Cleaning build directory: $build_dir"
#     file delete -force $build_dir
# }
# file mkdir $build_dir
# catch { exec cmd.exe /c robocopy "./" "./$main_project_name" build.tcl run_case.dat } result
# if {![file exists $tb_top]} {
# catch {file mkdir $rtl_top}
# catch {file mkdir $tb_top}
# catch { exec cmd.exe /c robocopy "$full_src_tb" "$tb_top" /E } result
# catch { exec cmd.exe /c robocopy "$full_src_rtl" "$rtl_top" /E } result
# }
# create_project $proj_name $proj_dir -part $part -force
create_project: Time (s): cpu = 00:00:07 ; elapsed = 00:00:10 . Memory (MB): peak = 431.246 ; gain = 111.906
# foreach f [glob -nocomplain $rtl_glob] {
#   add_files $f
# }
# set_property top $rtl_top_e [current_fileset]
# update_compile_order -fileset sources_1
# set tb_list [glob -nocomplain $tb_glob]
# set run_sim 0
# if {[llength $tb_list] > 0} {
#   set run_sim 1
#   foreach f $tb_list {
#     add_files -fileset sim_1 $f
#   }
#   catch { set_property top $tb_top_e [get_filesets sim_1] }
#   update_compile_order -fileset sim_1
# }
# set sim_log [file join $build_dir sim.log]
# if {$run_sim} {
#   launch_simulation -simset sim_1 -mode behavioral
#   log_wave -recursive *
#   run all
#   catch { write_waveform -file [file join $build_dir waveform.wdb] }
#   if {[file exists "vivado.log"]} {
#     file copy -force "vivado.log" $sim_log
#   } else {
#     # create empty log
#     set fd [open $sim_log w]; puts $fd "No vivado.log"; close $fd
#   }
# } else {
#   # no sim run
#   set fd [open $sim_log w]; puts $fd "Simulation not run (no TB)"; close $fd
# }
Command: launch_simulation  -simset sim_1 -mode behavioral
INFO: [Vivado 12-12493] Simulation top is 'fsm_uart_tb'
WARNING: [Vivado 12-13340] Unable to auto find GCC executables from simulator install path! (path not set)
WARNING: [Vivado 12-13277] Compiled library path does not exist: ''
INFO: [Vivado 12-5682] Launching behavioral simulation in 'C:/Users/narsi/Desktop/projects/Project_BUG/fsm_uart/fsm_uart_g/fsm_uart_g_/fsm_uart_bug.sim/sim_1/behav/xsim'
INFO: [SIM-utils-51] Simulation object is 'sim_1'
INFO: [SIM-utils-72] Using boost library from 'C:/Xilinx/Vivado/2022.2/tps/boost_1_72_0'
INFO: [SIM-utils-54] Inspecting design source files for 'fsm_uart_tb' in fileset 'sim_1'...
INFO: [USF-XSim-97] Finding global include files...
INFO: [USF-XSim-98] Fetching design files from 'sim_1'...
INFO: [USF-XSim-2] XSim::Compile design
INFO: [USF-XSim-61] Executing 'COMPILE and ANALYZE' step in 'C:/Users/narsi/Desktop/projects/Project_BUG/fsm_uart/fsm_uart_g/fsm_uart_g_/fsm_uart_bug.sim/sim_1/behav/xsim'
"xvhdl --incr --relax -prj fsm_uart_tb_vhdl.prj"
INFO: [VRFC 10-163] Analyzing VHDL file "C:/Users/narsi/Desktop/projects/Project_BUG/fsm_uart/fsm_uart_g/rtl/fsm_uart.vhd" into library xil_defaultlib
INFO: [VRFC 10-3107] analyzing entity 'fsm_uart'
INFO: [VRFC 10-163] Analyzing VHDL file "C:/Users/narsi/Desktop/projects/Project_BUG/fsm_uart/fsm_uart_g/tb/fsm_uart_tb.vhd" into library xil_defaultlib
INFO: [VRFC 10-3107] analyzing entity 'fsm_uart_tb'
INFO: [USF-XSim-69] 'compile' step finished in '2' seconds
INFO: [USF-XSim-3] XSim::Elaborate design
INFO: [USF-XSim-61] Executing 'ELABORATE' step in 'C:/Users/narsi/Desktop/projects/Project_BUG/fsm_uart/fsm_uart_g/fsm_uart_g_/fsm_uart_bug.sim/sim_1/behav/xsim'
"xelab --incr --debug typical --relax --mt 2 -L xil_defaultlib -L secureip --snapshot fsm_uart_tb_behav xil_defaultlib.fsm_uart_tb -log elaborate.log"
Vivado Simulator v2022.2
Copyright 1986-1999, 2001-2022 Xilinx, Inc. All Rights Reserved.
Running: C:/Xilinx/Vivado/2022.2/bin/unwrapped/win64.o/xelab.exe --incr --debug typical --relax --mt 2 -L xil_defaultlib -L secureip --snapshot fsm_uart_tb_behav xil_defaultlib.fsm_uart_tb -log elaborate.log 
Using 2 slave threads.
Starting static elaboration
Completed static elaboration
Starting simulation data flow analysis
Completed simulation data flow analysis
Time Resolution for simulation is 1ps
Compiling package std.standard
Compiling package std.textio
Compiling package ieee.std_logic_1164
Compiling package ieee.numeric_std
Compiling package std.env
Compiling architecture behavioral of entity xil_defaultlib.fsm_uart [fsm_uart_default]
Compiling architecture behavioral of entity xil_defaultlib.fsm_uart_tb
Built simulation snapshot fsm_uart_tb_behav
INFO: [USF-XSim-69] 'elaborate' step finished in '3' seconds
INFO: [USF-XSim-4] XSim::Simulate design
INFO: [USF-XSim-61] Executing 'SIMULATE' step in 'C:/Users/narsi/Desktop/projects/Project_BUG/fsm_uart/fsm_uart_g/fsm_uart_g_/fsm_uart_bug.sim/sim_1/behav/xsim'
INFO: [USF-XSim-98] *** Running xsim
   with args "fsm_uart_tb_behav -key {Behavioral:sim_1:Functional:fsm_uart_tb} -tclbatch {fsm_uart_tb.tcl} -log {simulate.log}"
INFO: [USF-XSim-8] Loading simulator feature
Time resolution is 1 ps
source fsm_uart_tb.tcl
## current_wave_config
INFO: [USF-XSim-96] XSim completed. Design snapshot 'fsm_uart_tb_behav' loaded.
INFO: [USF-XSim-97] XSim simulation ran for 1000ns
launch_simulation: Time (s): cpu = 00:00:01 ; elapsed = 00:00:08 . Memory (MB): peak = 471.828 ; gain = 40.582
WARNING: [Simtcl 6-197] One or more HDL objects could not be logged because of object type or size limitations.  To see details please rerun the command with -verbose (-v).
Note: RX not done (T1)
Time: 1980 ns  Iteration: 0  Process: /fsm_uart_tb/stim  File: C:/Users/narsi/Desktop/projects/Project_BUG/fsm_uart/fsm_uart_g/tb/fsm_uart_tb.vhd
Note: Mismatch (T1)
Time: 1980 ns  Iteration: 0  Process: /fsm_uart_tb/stim  File: C:/Users/narsi/Desktop/projects/Project_BUG/fsm_uart/fsm_uart_g/tb/fsm_uart_tb.vhd
Note: Mismatch (T2)
Time: 3910 ns  Iteration: 0  Process: /fsm_uart_tb/stim  File: C:/Users/narsi/Desktop/projects/Project_BUG/fsm_uart/fsm_uart_g/tb/fsm_uart_tb.vhd
Error: Mismatch (T3)
Time: 5840 ns  Iteration: 0  Process: /fsm_uart_tb/stim  File: C:/Users/narsi/Desktop/projects/Project_BUG/fsm_uart/fsm_uart_g/tb/fsm_uart_tb.vhd
Note: ALL TESTS PASSED ?
Time: 5840 ns  Iteration: 0  Process: /fsm_uart_tb/stim  File: C:/Users/narsi/Desktop/projects/Project_BUG/fsm_uart/fsm_uart_g/tb/fsm_uart_tb.vhd
Note: Simulation Finished
Time: 5860 ns  Iteration: 0  Process: /fsm_uart_tb/stim  File: C:/Users/narsi/Desktop/projects/Project_BUG/fsm_uart/fsm_uart_g/tb/fsm_uart_tb.vhd
$stop called at time : 5860 ns : File "C:/Users/narsi/Desktop/projects/Project_BUG/fsm_uart/fsm_uart_g/tb/fsm_uart_tb.vhd" Line 139
