#-----------------------------------------------------------
# Vivado v2022.2 (64-bit)
# SW Build 3671981 on Fri Oct 14 05:00:03 MDT 2022
# IP Build 3669848 on Fri Oct 14 08:30:02 MDT 2022
# Start of session at: Fri Apr  3 09:57:55 2026
# Process ID: 9856
# Current directory: C:/Users/narsi/Desktop/projects/Project_BUG/f_uart/f_uart_meta
# Command line: vivado.exe -mode batch -source build.tcl
# Log file: C:/Users/narsi/Desktop/projects/Project_BUG/f_uart/f_uart_meta/vivado.log
# Journal file: C:/Users/narsi/Desktop/projects/Project_BUG/f_uart/f_uart_meta\vivado.jou
# Running On: Milan, OS: Windows, CPU Frequency: 1797 MHz, CPU Physical cores: 16, Host memory: 6297 MB
#-----------------------------------------------------------
source build.tcl
# set main_project_name "f_uart_meta_D"
# set proj_name   "f_uart_meta_bug"
# set proj_dir    "./$main_project_name/f_uart_meta_"
# set build_dir   "./$main_project_name/build"
# set part        "xc7z020clg484-1"
# set rtl_glob    "./$main_project_name/rtl/*.vhd"
# set tb_glob     "./$main_project_name/tb/*_tb.vhd"
# set xdc_glob    "./$main_project_name/constraints/*.xdc"
# set rtl_top_e   "f_uart_meta"
# set tb_top_e   "f_uart_meta_tb"
# set rtl_top     "./$main_project_name/rtl"
# set tb_top      "./$main_project_name/tb"
# set vivado_tool "Vivado 2022.2"
# set rtl_dir     "./rtl"
# set tb_dir      "./tb"
# set src_dir [glob -type d ./*.srcs]
# set full_src_rtl "$src_dir/sources_1/new"
# set full_src_tb "$src_dir/sim_1/new"
# catch {file mkdir $main_project_name}
# if {[file exists $build_dir]} {
#     puts "Cleaning build directory: $build_dir"
#     file delete -force $build_dir
# }
# file mkdir $build_dir
# catch { exec cmd.exe /c robocopy "./" "./$main_project_name" build.tcl run_case.dat } result
# if {![file exists $tb_top]} {
# catch {file mkdir $rtl_top}
# catch {file mkdir $tb_top}
# catch { exec cmd.exe /c robocopy "$full_src_tb" "$tb_top" /E } result
# catch { exec cmd.exe /c robocopy "$full_src_rtl" "$rtl_top" /E } result
# }
# create_project $proj_name $proj_dir -part $part -force
INFO: [ProjectBase 1-489] The host OS only allows 260 characters in a normal path. The project is stored in a path with more than 80 characters. If you experience issues with IP, Block Designs, or files not being found, please consider moving the project to a location with a shorter path. Alternately consider using the OS subst command to map part of the path to a drive letter.
Current project path is 'C:/Users/narsi/Desktop/projects/Project_BUG/f_uart/f_uart_meta/f_uart_meta_D/f_uart_meta_'
create_project: Time (s): cpu = 00:00:11 ; elapsed = 00:00:15 . Memory (MB): peak = 433.359 ; gain = 113.160
# foreach f [glob -nocomplain $rtl_glob] {
#   add_files $f
# }
# set_property top $rtl_top_e [current_fileset]
# update_compile_order -fileset sources_1
CRITICAL WARNING: [filemgmt 20-742] The top module "f_uart_meta" specified for this project can not be validated. The current project is using automatic hierarchy update mode, and hence a new suitable replacement top will be automatically selected. If this is not desired, please change the hierarchy update mode to one of the manual compile order modes first, and then set top to any desired value.
Resolution: To switch to manual update order go to the Sources view, right-click on any node in the hierarchy and in the context menu select: 'Hierarchy Update' option 'No Update' or run the following Tcl Command: set_property source_mgmt_mode None [current_project] (which is the Manual Compile Order mode).
# set tb_list [glob -nocomplain $tb_glob]
# set run_sim 0
# if {[llength $tb_list] > 0} {
#   set run_sim 1
#   foreach f $tb_list {
#     add_files -fileset sim_1 $f
#   }
#   catch { set_property top $tb_top_e [get_filesets sim_1] }
#   update_compile_order -fileset sim_1
# }
CRITICAL WARNING: [filemgmt 20-742] The top module "f_uart_meta_tb" specified for this project can not be validated. The current project is using automatic hierarchy update mode, and hence a new suitable replacement top will be automatically selected. If this is not desired, please change the hierarchy update mode to one of the manual compile order modes first, and then set top to any desired value.
Resolution: To switch to manual update order go to the Sources view, right-click on any node in the hierarchy and in the context menu select: 'Hierarchy Update' option 'No Update' or run the following Tcl Command: set_property source_mgmt_mode None [current_project] (which is the Manual Compile Order mode).
# launch_runs synth_1
WARNING: [Vivado 12-7122] Auto Incremental Compile:: No reference checkpoint was found in run synth_1. Auto-incremental flow will not be run, the standard flow will be run instead.
[Fri Apr  3 09:58:22 2026] Launched synth_1...
Run output will be captured here: C:/Users/narsi/Desktop/projects/Project_BUG/f_uart/f_uart_meta/f_uart_meta_D/f_uart_meta_/f_uart_meta_bug.runs/synth_1/runme.log
# wait_on_run synth_1
[Fri Apr  3 09:58:22 2026] Waiting for synth_1 to finish...

*** Running vivado
    with args -log f_uart.vds -m64 -product Vivado -mode batch -messageDb vivado.pb -notrace -source f_uart.tcl



****** Vivado v2022.2 (64-bit)
  **** SW Build 3671981 on Fri Oct 14 05:00:03 MDT 2022
  **** IP Build 3669848 on Fri Oct 14 08:30:02 MDT 2022
    ** Copyright 1986-2022 Xilinx, Inc. All Rights Reserved.

source f_uart.tcl -notrace
create_project: Time (s): cpu = 00:00:10 ; elapsed = 00:00:11 . Memory (MB): peak = 430.465 ; gain = 96.945
Command: synth_design -top f_uart -part xc7z020clg484-1
Starting synth_design
Attempting to get a license for feature 'Synthesis' and/or device 'xc7z020'
INFO: [Common 17-349] Got license for feature 'Synthesis' and/or device 'xc7z020'
INFO: [Synth 8-7079] Multithreading enabled for synth_design using a maximum of 2 processes.
INFO: [Synth 8-7078] Launching helper process for spawning children vivado processes
INFO: [Synth 8-7075] Helper process launched with PID 18608
INFO: [Synth 8-11241] undeclared symbol 'REGCCE', assumed default net type 'wire' [C:/Xilinx/Vivado/2022.2/data/verilog/src/unimacro/BRAM_SINGLE_MACRO.v:2170]
---------------------------------------------------------------------------------
Starting Synthesize : Time (s): cpu = 00:00:08 ; elapsed = 00:00:09 . Memory (MB): peak = 865.848 ; gain = 411.531
---------------------------------------------------------------------------------
INFO: [Synth 8-638] synthesizing module 'f_uart' [C:/Users/narsi/Desktop/projects/Project_BUG/f_uart/f_uart_meta/f_uart_meta_D/rtl/f_uart_meta.vhd:27]
INFO: [Synth 8-638] synthesizing module 'FIFO_meta' [C:/Users/narsi/Desktop/projects/Project_BUG/f_uart/f_uart_meta/f_uart_meta_D/rtl/FIFO_meta.vhd:42]
	Parameter f_WIDTH bound to: 8 - type: integer 
	Parameter f_DEPTH bound to: 32 - type: integer 
INFO: [Synth 8-256] done synthesizing module 'FIFO_meta' (0#1) [C:/Users/narsi/Desktop/projects/Project_BUG/f_uart/f_uart_meta/f_uart_meta_D/rtl/FIFO_meta.vhd:42]
INFO: [Synth 8-638] synthesizing module 'UART_TX_meta' [C:/Users/narsi/Desktop/projects/Project_BUG/f_uart/f_uart_meta/f_uart_meta_D/rtl/UART_TX_meta.vhd:43]
	Parameter CLKS_PER_BIT bound to: 868 - type: integer 
INFO: [Synth 8-256] done synthesizing module 'UART_TX_meta' (0#1) [C:/Users/narsi/Desktop/projects/Project_BUG/f_uart/f_uart_meta/f_uart_meta_D/rtl/UART_TX_meta.vhd:43]
INFO: [Synth 8-256] done synthesizing module 'f_uart' (0#1) [C:/Users/narsi/Desktop/projects/Project_BUG/f_uart/f_uart_meta/f_uart_meta_D/rtl/f_uart_meta.vhd:27]
WARNING: [Synth 8-6014] Unused sequential element state_next_reg was removed.  [C:/Users/narsi/Desktop/projects/Project_BUG/f_uart/f_uart_meta/f_uart_meta_D/rtl/UART_TX_meta.vhd:91]
WARNING: [Synth 8-6014] Unused sequential element clk_count_next_reg was removed.  [C:/Users/narsi/Desktop/projects/Project_BUG/f_uart/f_uart_meta/f_uart_meta_D/rtl/UART_TX_meta.vhd:92]
WARNING: [Synth 8-6014] Unused sequential element bit_index_next_reg was removed.  [C:/Users/narsi/Desktop/projects/Project_BUG/f_uart/f_uart_meta/f_uart_meta_D/rtl/UART_TX_meta.vhd:93]
WARNING: [Synth 8-6014] Unused sequential element data_next_reg was removed.  [C:/Users/narsi/Desktop/projects/Project_BUG/f_uart/f_uart_meta/f_uart_meta_D/rtl/UART_TX_meta.vhd:94]
WARNING: [Synth 8-6014] Unused sequential element tx_next_reg was removed.  [C:/Users/narsi/Desktop/projects/Project_BUG/f_uart/f_uart_meta/f_uart_meta_D/rtl/UART_TX_meta.vhd:96]
WARNING: [Synth 8-6014] Unused sequential element tx_busy_next_reg was removed.  [C:/Users/narsi/Desktop/projects/Project_BUG/f_uart/f_uart_meta/f_uart_meta_D/rtl/UART_TX_meta.vhd:97]
WARNING: [Synth 8-6014] Unused sequential element tx_done_next_reg was removed.  [C:/Users/narsi/Desktop/projects/Project_BUG/f_uart/f_uart_meta/f_uart_meta_D/rtl/UART_TX_meta.vhd:98]
WARNING: [Synth 8-7129] Port tx_data[7] in module UART_TX_meta is either unconnected or has no load
WARNING: [Synth 8-7129] Port tx_data[6] in module UART_TX_meta is either unconnected or has no load
WARNING: [Synth 8-7129] Port tx_data[5] in module UART_TX_meta is either unconnected or has no load
WARNING: [Synth 8-7129] Port tx_data[4] in module UART_TX_meta is either unconnected or has no load
WARNING: [Synth 8-7129] Port tx_data[3] in module UART_TX_meta is either unconnected or has no load
WARNING: [Synth 8-7129] Port tx_data[2] in module UART_TX_meta is either unconnected or has no load
WARNING: [Synth 8-7129] Port tx_data[1] in module UART_TX_meta is either unconnected or has no load
WARNING: [Synth 8-7129] Port tx_data[0] in module UART_TX_meta is either unconnected or has no load
---------------------------------------------------------------------------------
Finished Synthesize : Time (s): cpu = 00:00:10 ; elapsed = 00:00:11 . Memory (MB): peak = 955.848 ; gain = 501.531
---------------------------------------------------------------------------------
---------------------------------------------------------------------------------
Finished Constraint Validation : Time (s): cpu = 00:00:11 ; elapsed = 00:00:12 . Memory (MB): peak = 955.848 ; gain = 501.531
---------------------------------------------------------------------------------
---------------------------------------------------------------------------------
Start Loading Part and Timing Information
---------------------------------------------------------------------------------
Loading part: xc7z020clg484-1
---------------------------------------------------------------------------------
Finished Loading Part and Timing Information : Time (s): cpu = 00:00:11 ; elapsed = 00:00:12 . Memory (MB): peak = 955.848 ; gain = 501.531
---------------------------------------------------------------------------------
INFO: [Device 21-403] Loading part xc7z020clg484-1
INFO: [Synth 8-802] inferred FSM for state register 'state_reg_reg' in module 'f_uart'
---------------------------------------------------------------------------------------------------
                   State |                     New Encoding |                Previous Encoding 
---------------------------------------------------------------------------------------------------
                    idle |                              001 |                               00
               read_fifo |                              010 |                               01
              start_uart |                              100 |                               10
---------------------------------------------------------------------------------------------------
INFO: [Synth 8-3354] encoded FSM with state register 'state_reg_reg' using encoding 'one-hot' in module 'f_uart'
---------------------------------------------------------------------------------
Finished RTL Optimization Phase 2 : Time (s): cpu = 00:00:11 ; elapsed = 00:00:12 . Memory (MB): peak = 955.848 ; gain = 501.531
---------------------------------------------------------------------------------
No constraint files found.
---------------------------------------------------------------------------------
Start RTL Component Statistics 
---------------------------------------------------------------------------------
Detailed RTL Component Info : 
+---Adders : 
	   2 Input    6 Bit       Adders := 1     
	   2 Input    5 Bit       Adders := 3     
+---Registers : 
	                8 Bit    Registers := 2     
	                6 Bit    Registers := 1     
	                5 Bit    Registers := 2     
	                3 Bit    Registers := 1     
	                1 Bit    Registers := 4     
+---RAMs : 
	              256 Bit	(32 X 8 bit)          RAMs := 1     
+---Muxes : 
	   2 Input    1 Bit        Muxes := 3     
	   6 Input    1 Bit        Muxes := 1     
	   3 Input    1 Bit        Muxes := 2     
---------------------------------------------------------------------------------
Finished RTL Component Statistics 
---------------------------------------------------------------------------------
---------------------------------------------------------------------------------
Start Part Resource Summary
---------------------------------------------------------------------------------
Part Resources:
DSPs: 220 (col length:60)
BRAMs: 280 (col length: RAMB18 60 RAMB36 30)
---------------------------------------------------------------------------------
Finished Part Resource Summary
---------------------------------------------------------------------------------
No constraint files found.
---------------------------------------------------------------------------------
Start Cross Boundary and Area Optimization
---------------------------------------------------------------------------------
WARNING: [Synth 8-7080] Parallel synthesis criteria is not met
WARNING: [Synth 8-6014] Unused sequential element FIFO_INST/mem_reg was removed. 
WARNING: [Synth 8-7129] Port data_write[7] in module f_uart is either unconnected or has no load
WARNING: [Synth 8-7129] Port data_write[6] in module f_uart is either unconnected or has no load
WARNING: [Synth 8-7129] Port data_write[5] in module f_uart is either unconnected or has no load
WARNING: [Synth 8-7129] Port data_write[4] in module f_uart is either unconnected or has no load
WARNING: [Synth 8-7129] Port data_write[3] in module f_uart is either unconnected or has no load
WARNING: [Synth 8-7129] Port data_write[2] in module f_uart is either unconnected or has no load
WARNING: [Synth 8-7129] Port data_write[1] in module f_uart is either unconnected or has no load
WARNING: [Synth 8-7129] Port data_write[0] in module f_uart is either unconnected or has no load
CRITICAL WARNING: [Synth 8-6859] multi-driven net on pin Q with 1st driver pin 'UART_INST/tx_busy_reg_reg/Q' [C:/Users/narsi/Desktop/projects/Project_BUG/f_uart/f_uart_meta/f_uart_meta_D/rtl/UART_TX_meta.vhd:62]
CRITICAL WARNING: [Synth 8-6859] multi-driven net on pin Q with 2nd driver pin 'GND' [C:/Users/narsi/Desktop/projects/Project_BUG/f_uart/f_uart_meta/f_uart_meta_D/rtl/UART_TX_meta.vhd:62]
CRITICAL WARNING: [Synth 8-6858] multi-driven net Q is connected to at least one constant driver which has been preserved, other driver is ignored [C:/Users/narsi/Desktop/projects/Project_BUG/f_uart/f_uart_meta/f_uart_meta_D/rtl/UART_TX_meta.vhd:62]
---------------------------------------------------------------------------------
Finished Cross Boundary and Area Optimization : Time (s): cpu = 00:00:19 ; elapsed = 00:00:23 . Memory (MB): peak = 1177.859 ; gain = 723.543
---------------------------------------------------------------------------------
No constraint files found.
---------------------------------------------------------------------------------
Start Timing Optimization
---------------------------------------------------------------------------------
---------------------------------------------------------------------------------
Finished Timing Optimization : Time (s): cpu = 00:00:19 ; elapsed = 00:00:23 . Memory (MB): peak = 1177.859 ; gain = 723.543
---------------------------------------------------------------------------------
---------------------------------------------------------------------------------
Start Technology Mapping
---------------------------------------------------------------------------------
---------------------------------------------------------------------------------
Finished Technology Mapping : Time (s): cpu = 00:00:19 ; elapsed = 00:00:23 . Memory (MB): peak = 1177.859 ; gain = 723.543
---------------------------------------------------------------------------------
---------------------------------------------------------------------------------
Start IO Insertion
---------------------------------------------------------------------------------
---------------------------------------------------------------------------------
Start Flattening Before IO Insertion
---------------------------------------------------------------------------------
---------------------------------------------------------------------------------
Finished Flattening Before IO Insertion
---------------------------------------------------------------------------------
---------------------------------------------------------------------------------
Start Final Netlist Cleanup
---------------------------------------------------------------------------------
---------------------------------------------------------------------------------
Finished Final Netlist Cleanup
---------------------------------------------------------------------------------
---------------------------------------------------------------------------------
Finished IO Insertion : Time (s): cpu = 00:00:28 ; elapsed = 00:00:32 . Memory (MB): peak = 1177.859 ; gain = 723.543
---------------------------------------------------------------------------------
---------------------------------------------------------------------------------
Start Renaming Generated Instances
---------------------------------------------------------------------------------
---------------------------------------------------------------------------------
Finished Renaming Generated Instances : Time (s): cpu = 00:00:28 ; elapsed = 00:00:32 . Memory (MB): peak = 1177.859 ; gain = 723.543
---------------------------------------------------------------------------------
---------------------------------------------------------------------------------
Start Rebuilding User Hierarchy
---------------------------------------------------------------------------------
---------------------------------------------------------------------------------
Finished Rebuilding User Hierarchy : Time (s): cpu = 00:00:28 ; elapsed = 00:00:32 . Memory (MB): peak = 1177.859 ; gain = 723.543
---------------------------------------------------------------------------------
---------------------------------------------------------------------------------
Start Renaming Generated Ports
---------------------------------------------------------------------------------
---------------------------------------------------------------------------------
Finished Renaming Generated Ports : Time (s): cpu = 00:00:28 ; elapsed = 00:00:32 . Memory (MB): peak = 1177.859 ; gain = 723.543
---------------------------------------------------------------------------------
---------------------------------------------------------------------------------
Start Handling Custom Attributes
---------------------------------------------------------------------------------
---------------------------------------------------------------------------------
Finished Handling Custom Attributes : Time (s): cpu = 00:00:28 ; elapsed = 00:00:32 . Memory (MB): peak = 1177.859 ; gain = 723.543
---------------------------------------------------------------------------------
---------------------------------------------------------------------------------
Start Renaming Generated Nets
---------------------------------------------------------------------------------
---------------------------------------------------------------------------------
Finished Renaming Generated Nets : Time (s): cpu = 00:00:28 ; elapsed = 00:00:32 . Memory (MB): peak = 1177.859 ; gain = 723.543
---------------------------------------------------------------------------------
---------------------------------------------------------------------------------
Start Writing Synthesis Report
---------------------------------------------------------------------------------

Report BlackBoxes: 
+-+--------------+----------+
| |BlackBox name |Instances |
+-+--------------+----------+
+-+--------------+----------+

Report Cell Usage: 
+------+-----+------+
|      |Cell |Count |
+------+-----+------+
|1     |BUFG |     1|
|2     |LUT1 |     1|
|3     |LUT2 |     2|
|4     |LUT3 |     1|
|5     |LUT4 |     2|
|6     |LUT5 |     4|
|7     |LUT6 |     7|
|8     |FDRE |    10|
|9     |IBUF |     3|
|10    |OBUF |     3|
+------+-----+------+

Report Instance Areas: 
+------+------------+----------+------+
|      |Instance    |Module    |Cells |
+------+------------+----------+------+
|1     |top         |          |    34|
|2     |  FIFO_INST |FIFO_meta |    22|
+------+------------+----------+------+
---------------------------------------------------------------------------------
Finished Writing Synthesis Report : Time (s): cpu = 00:00:28 ; elapsed = 00:00:32 . Memory (MB): peak = 1177.859 ; gain = 723.543
---------------------------------------------------------------------------------
Synthesis finished with 0 errors, 3 critical warnings and 25 warnings.
Synthesis Optimization Runtime : Time (s): cpu = 00:00:28 ; elapsed = 00:00:32 . Memory (MB): peak = 1177.859 ; gain = 723.543
Synthesis Optimization Complete : Time (s): cpu = 00:00:28 ; elapsed = 00:00:32 . Memory (MB): peak = 1177.859 ; gain = 723.543
INFO: [Project 1-571] Translating synthesized netlist
Netlist sorting complete. Time (s): cpu = 00:00:00 ; elapsed = 00:00:00.001 . Memory (MB): peak = 1184.707 ; gain = 0.000
INFO: [Project 1-570] Preparing netlist for logic optimization
INFO: [Opt 31-138] Pushed 0 inverter(s) to 0 load pin(s).
Netlist sorting complete. Time (s): cpu = 00:00:00 ; elapsed = 00:00:00 . Memory (MB): peak = 1284.629 ; gain = 0.000
INFO: [Project 1-111] Unisim Transformation Summary:
No Unisim elements were transformed.

Synth Design complete, checksum: 3283e9f1
INFO: [Common 17-83] Releasing license: Synthesis
19 Infos, 25 Warnings, 3 Critical Warnings and 0 Errors encountered.
synth_design completed successfully
synth_design: Time (s): cpu = 00:00:30 ; elapsed = 00:00:35 . Memory (MB): peak = 1284.629 ; gain = 854.164
INFO: [runtcl-6] Synthesis results are not added to the cache due to CRITICAL_WARNING
INFO: [Common 17-1381] The checkpoint 'C:/Users/narsi/Desktop/projects/Project_BUG/f_uart/f_uart_meta/f_uart_meta_D/f_uart_meta_/f_uart_meta_bug.runs/synth_1/f_uart.dcp' has been generated.
INFO: [runtcl-4] Executing : report_utilization -file f_uart_utilization_synth.rpt -pb f_uart_utilization_synth.pb
INFO: [Common 17-206] Exiting Vivado at Fri Apr  3 09:59:20 2026...
[Fri Apr  3 09:59:23 2026] synth_1 finished
wait_on_runs: Time (s): cpu = 00:00:01 ; elapsed = 00:01:00 . Memory (MB): peak = 458.215 ; gain = 0.000
# open_run synth_1
Design is defaulting to impl run constrset: constrs_1
Design is defaulting to synth run part: xc7z020clg484-1
INFO: [Device 21-403] Loading part xc7z020clg484-1
Netlist sorting complete. Time (s): cpu = 00:00:00 ; elapsed = 00:00:00 . Memory (MB): peak = 861.621 ; gain = 0.000
INFO: [Project 1-479] Netlist was created with Vivado 2022.2
INFO: [Project 1-570] Preparing netlist for logic optimization
INFO: [Opt 31-138] Pushed 0 inverter(s) to 0 load pin(s).
Netlist sorting complete. Time (s): cpu = 00:00:00 ; elapsed = 00:00:00 . Memory (MB): peak = 975.773 ; gain = 0.000
INFO: [Project 1-111] Unisim Transformation Summary:
No Unisim elements were transformed.

open_run: Time (s): cpu = 00:00:07 ; elapsed = 00:00:10 . Memory (MB): peak = 980.773 ; gain = 522.559
# write_checkpoint -force [file join $build_dir post_synth.dcp]
INFO: [Common 17-1381] The checkpoint 'C:/Users/narsi/Desktop/projects/Project_BUG/f_uart/f_uart_meta/f_uart_meta_D/build/post_synth.dcp' has been generated.
# launch_runs impl_1
[Fri Apr  3 09:59:34 2026] Launched impl_1...
Run output will be captured here: C:/Users/narsi/Desktop/projects/Project_BUG/f_uart/f_uart_meta/f_uart_meta_D/f_uart_meta_/f_uart_meta_bug.runs/impl_1/runme.log
# wait_on_run impl_1
[Fri Apr  3 09:59:34 2026] Waiting for impl_1 to finish...

*** Running vivado
    with args -log f_uart.vdi -applog -m64 -product Vivado -messageDb vivado.pb -mode batch -source f_uart.tcl -notrace



****** Vivado v2022.2 (64-bit)
  **** SW Build 3671981 on Fri Oct 14 05:00:03 MDT 2022
  **** IP Build 3669848 on Fri Oct 14 08:30:02 MDT 2022
    ** Copyright 1986-2022 Xilinx, Inc. All Rights Reserved.

source f_uart.tcl -notrace
Command: open_checkpoint C:/Users/narsi/Desktop/projects/Project_BUG/f_uart/f_uart_meta/f_uart_meta_D/f_uart_meta_/f_uart_meta_bug.runs/impl_1/f_uart.dcp
INFO: [Device 21-403] Loading part xc7z020clg484-1
Netlist sorting complete. Time (s): cpu = 00:00:00 ; elapsed = 00:00:00 . Memory (MB): peak = 861.141 ; gain = 0.000
INFO: [Project 1-479] Netlist was created with Vivado 2022.2
INFO: [Project 1-570] Preparing netlist for logic optimization
Netlist sorting complete. Time (s): cpu = 00:00:00 ; elapsed = 00:00:00.001 . Memory (MB): peak = 954.500 ; gain = 0.000
INFO: [Project 1-111] Unisim Transformation Summary:
No Unisim elements were transformed.

INFO: [Project 1-604] Checkpoint was created with Vivado v2022.2 (64-bit) build 3671981
OpenCheckpoint Checksum | Checksum: f704ba52
----- Checksum: PlaceDB: 00000000 ShapeSum: f704ba52 RouteDB: 00000000 
open_checkpoint: Time (s): cpu = 00:00:21 ; elapsed = 00:00:26 . Memory (MB): peak = 958.555 ; gain = 624.043
Command: opt_design
Attempting to get a license for feature 'Implementation' and/or device 'xc7z020'
INFO: [Common 17-349] Got license for feature 'Implementation' and/or device 'xc7z020'
Running DRC as a precondition to command opt_design

Starting DRC Task
INFO: [DRC 23-27] Running DRC with 2 threads
INFO: [Project 1-461] DRC finished with 0 Errors
INFO: [Project 1-462] Please refer to the DRC report (report_drc) for more information.

Time (s): cpu = 00:00:02 ; elapsed = 00:00:02 . Memory (MB): peak = 1009.348 ; gain = 28.941

Starting Cache Timing Information Task
INFO: [Timing 38-35] Done setting XDC timing constraints.
Ending Cache Timing Information Task | Checksum: 12988a443

Time (s): cpu = 00:00:11 ; elapsed = 00:00:12 . Memory (MB): peak = 1547.562 ; gain = 538.215

Starting Logic Optimization Task

Phase 1 Retarget
INFO: [Opt 31-138] Pushed 0 inverter(s) to 0 load pin(s).
INFO: [Opt 31-49] Retargeted 0 cell(s).
Phase 1 Retarget | Checksum: 12988a443

Time (s): cpu = 00:00:00 ; elapsed = 00:00:00.112 . Memory (MB): peak = 1881.285 ; gain = 0.000
INFO: [Opt 31-389] Phase Retarget created 0 cells and removed 0 cells

Phase 2 Constant propagation
INFO: [Opt 31-138] Pushed 0 inverter(s) to 0 load pin(s).
Phase 2 Constant propagation | Checksum: 12988a443

Time (s): cpu = 00:00:00 ; elapsed = 00:00:00.116 . Memory (MB): peak = 1881.285 ; gain = 0.000
INFO: [Opt 31-389] Phase Constant propagation created 0 cells and removed 0 cells

Phase 3 Sweep
Phase 3 Sweep | Checksum: 12988a443

Time (s): cpu = 00:00:00 ; elapsed = 00:00:00.123 . Memory (MB): peak = 1881.285 ; gain = 0.000
INFO: [Opt 31-389] Phase Sweep created 0 cells and removed 0 cells

Phase 4 BUFG optimization
Phase 4 BUFG optimization | Checksum: 12988a443

Time (s): cpu = 00:00:00 ; elapsed = 00:00:00.192 . Memory (MB): peak = 1881.285 ; gain = 0.000
INFO: [Opt 31-662] Phase BUFG optimization created 0 cells of which 0 are BUFGs and removed 0 cells.

Phase 5 Shift Register Optimization
INFO: [Opt 31-1064] SRL Remap converted 0 SRLs to 0 registers and converted 0 registers of register chains to 0 SRLs
Phase 5 Shift Register Optimization | Checksum: 12988a443

Time (s): cpu = 00:00:00 ; elapsed = 00:00:00.195 . Memory (MB): peak = 1881.285 ; gain = 0.000
INFO: [Opt 31-389] Phase Shift Register Optimization created 0 cells and removed 0 cells

Phase 6 Post Processing Netlist
Phase 6 Post Processing Netlist | Checksum: 12988a443

Time (s): cpu = 00:00:00 ; elapsed = 00:00:00.198 . Memory (MB): peak = 1881.285 ; gain = 0.000
INFO: [Opt 31-389] Phase Post Processing Netlist created 0 cells and removed 0 cells
Opt_design Change Summary
=========================


-------------------------------------------------------------------------------------------------------------------------
|  Phase                        |  #Cells created  |  #Cells Removed  |  #Constrained objects preventing optimizations  |
-------------------------------------------------------------------------------------------------------------------------
|  Retarget                     |               0  |               0  |                                              0  |
|  Constant propagation         |               0  |               0  |                                              0  |
|  Sweep                        |               0  |               0  |                                              0  |
|  BUFG optimization            |               0  |               0  |                                              0  |
|  Shift Register Optimization  |               0  |               0  |                                              0  |
|  Post Processing Netlist      |               0  |               0  |                                              0  |
-------------------------------------------------------------------------------------------------------------------------



Starting Connectivity Check Task

Time (s): cpu = 00:00:00 ; elapsed = 00:00:00.001 . Memory (MB): peak = 1881.285 ; gain = 0.000
Ending Logic Optimization Task | Checksum: 12988a443

Time (s): cpu = 00:00:00 ; elapsed = 00:00:00.205 . Memory (MB): peak = 1881.285 ; gain = 0.000

Starting Power Optimization Task
INFO: [Pwropt 34-132] Skipping clock gating for clocks with a period < 2.00 ns.
Ending Power Optimization Task | Checksum: 12988a443

Time (s): cpu = 00:00:00 ; elapsed = 00:00:00.023 . Memory (MB): peak = 1881.285 ; gain = 0.000

Starting Final Cleanup Task
Ending Final Cleanup Task | Checksum: 12988a443

Time (s): cpu = 00:00:00 ; elapsed = 00:00:00 . Memory (MB): peak = 1881.285 ; gain = 0.000

Starting Netlist Obfuscation Task
Netlist sorting complete. Time (s): cpu = 00:00:00 ; elapsed = 00:00:00 . Memory (MB): peak = 1881.285 ; gain = 0.000
Ending Netlist Obfuscation Task | Checksum: 12988a443

Time (s): cpu = 00:00:00 ; elapsed = 00:00:00.001 . Memory (MB): peak = 1881.285 ; gain = 0.000
INFO: [Common 17-83] Releasing license: Implementation
22 Infos, 0 Warnings, 0 Critical Warnings and 0 Errors encountered.
opt_design completed successfully
opt_design: Time (s): cpu = 00:00:18 ; elapsed = 00:00:19 . Memory (MB): peak = 1881.285 ; gain = 922.730
INFO: [Common 17-1381] The checkpoint 'C:/Users/narsi/Desktop/projects/Project_BUG/f_uart/f_uart_meta/f_uart_meta_D/f_uart_meta_/f_uart_meta_bug.runs/impl_1/f_uart_opt.dcp' has been generated.
INFO: [runtcl-4] Executing : report_drc -file f_uart_drc_opted.rpt -pb f_uart_drc_opted.pb -rpx f_uart_drc_opted.rpx
Command: report_drc -file f_uart_drc_opted.rpt -pb f_uart_drc_opted.pb -rpx f_uart_drc_opted.rpx
INFO: [IP_Flow 19-234] Refreshing IP repositories
INFO: [IP_Flow 19-1704] No user IP repositories specified
INFO: [IP_Flow 19-2313] Loaded Vivado IP repository 'C:/Xilinx/Vivado/2022.2/data/ip'.
INFO: [DRC 23-27] Running DRC with 2 threads
INFO: [Vivado_Tcl 2-168] The results of DRC are in file C:/Users/narsi/Desktop/projects/Project_BUG/f_uart/f_uart_meta/f_uart_meta_D/f_uart_meta_/f_uart_meta_bug.runs/impl_1/f_uart_drc_opted.rpt.
report_drc completed successfully
Command: place_design
Attempting to get a license for feature 'Implementation' and/or device 'xc7z020'
INFO: [Common 17-349] Got license for feature 'Implementation' and/or device 'xc7z020'
INFO: [DRC 23-27] Running DRC with 2 threads
INFO: [Vivado_Tcl 4-198] DRC finished with 0 Errors
INFO: [Vivado_Tcl 4-199] Please refer to the DRC report (report_drc) for more information.
Running DRC as a precondition to command place_design
INFO: [DRC 23-27] Running DRC with 2 threads
INFO: [Vivado_Tcl 4-198] DRC finished with 0 Errors
INFO: [Vivado_Tcl 4-199] Please refer to the DRC report (report_drc) for more information.

Starting Placer Task
INFO: [Place 30-611] Multithreading enabled for place_design using a maximum of 2 CPUs

Phase 1 Placer Initialization

Phase 1.1 Placer Initialization Netlist Sorting
Netlist sorting complete. Time (s): cpu = 00:00:00 ; elapsed = 00:00:00 . Memory (MB): peak = 1881.285 ; gain = 0.000
Phase 1.1 Placer Initialization Netlist Sorting | Checksum: f704ba52

Time (s): cpu = 00:00:00 ; elapsed = 00:00:00.026 . Memory (MB): peak = 1881.285 ; gain = 0.000
Netlist sorting complete. Time (s): cpu = 00:00:00 ; elapsed = 00:00:00 . Memory (MB): peak = 1881.285 ; gain = 0.000

Phase 1.2 IO Placement/ Clock Placement/ Build Placer Device
INFO: [Timing 38-35] Done setting XDC timing constraints.
Phase 1.2 IO Placement/ Clock Placement/ Build Placer Device | Checksum: eec58362

Time (s): cpu = 00:00:01 ; elapsed = 00:00:00.457 . Memory (MB): peak = 1881.285 ; gain = 0.000

Phase 1.3 Build Placer Netlist Model
Phase 1.3 Build Placer Netlist Model | Checksum: 171d3bd10

Time (s): cpu = 00:00:01 ; elapsed = 00:00:00.571 . Memory (MB): peak = 1881.285 ; gain = 0.000

Phase 1.4 Constrain Clocks/Macros
Phase 1.4 Constrain Clocks/Macros | Checksum: 171d3bd10

Time (s): cpu = 00:00:01 ; elapsed = 00:00:00.576 . Memory (MB): peak = 1881.285 ; gain = 0.000
Phase 1 Placer Initialization | Checksum: 171d3bd10

Time (s): cpu = 00:00:01 ; elapsed = 00:00:00.587 . Memory (MB): peak = 1881.285 ; gain = 0.000

Phase 2 Global Placement

Phase 2.1 Floorplanning
Phase 2.1 Floorplanning | Checksum: 171d3bd10

Time (s): cpu = 00:00:01 ; elapsed = 00:00:00.601 . Memory (MB): peak = 1881.285 ; gain = 0.000

Phase 2.2 Update Timing before SLR Path Opt
Phase 2.2 Update Timing before SLR Path Opt | Checksum: 171d3bd10

Time (s): cpu = 00:00:01 ; elapsed = 00:00:00.603 . Memory (MB): peak = 1881.285 ; gain = 0.000

Phase 2.3 Post-Processing in Floorplanning
Phase 2.3 Post-Processing in Floorplanning | Checksum: 171d3bd10

Time (s): cpu = 00:00:01 ; elapsed = 00:00:00.604 . Memory (MB): peak = 1881.285 ; gain = 0.000

Phase 2.4 Global Placement Core
WARNING: [Place 46-29] Timing had been disabled during Placer and, therefore, physical synthesis in Placer will be skipped.
Phase 2.4 Global Placement Core | Checksum: 13082c092

Time (s): cpu = 00:00:04 ; elapsed = 00:00:03 . Memory (MB): peak = 1881.285 ; gain = 0.000
Phase 2 Global Placement | Checksum: 13082c092

Time (s): cpu = 00:00:04 ; elapsed = 00:00:03 . Memory (MB): peak = 1881.285 ; gain = 0.000

Phase 3 Detail Placement

Phase 3.1 Commit Multi Column Macros
Phase 3.1 Commit Multi Column Macros | Checksum: 13082c092

Time (s): cpu = 00:00:04 ; elapsed = 00:00:03 . Memory (MB): peak = 1881.285 ; gain = 0.000

Phase 3.2 Commit Most Macros & LUTRAMs
Phase 3.2 Commit Most Macros & LUTRAMs | Checksum: 1c7ab3667

Time (s): cpu = 00:00:04 ; elapsed = 00:00:03 . Memory (MB): peak = 1881.285 ; gain = 0.000

Phase 3.3 Area Swap Optimization
Phase 3.3 Area Swap Optimization | Checksum: 1532395ee

Time (s): cpu = 00:00:04 ; elapsed = 00:00:03 . Memory (MB): peak = 1881.285 ; gain = 0.000

Phase 3.4 Pipeline Register Optimization
Phase 3.4 Pipeline Register Optimization | Checksum: 1532395ee

Time (s): cpu = 00:00:04 ; elapsed = 00:00:03 . Memory (MB): peak = 1881.285 ; gain = 0.000

Phase 3.5 Small Shape Detail Placement
Phase 3.5 Small Shape Detail Placement | Checksum: 129d3dd3c

Time (s): cpu = 00:00:04 ; elapsed = 00:00:03 . Memory (MB): peak = 1881.285 ; gain = 0.000

Phase 3.6 Re-assign LUT pins
Phase 3.6 Re-assign LUT pins | Checksum: 129d3dd3c

Time (s): cpu = 00:00:04 ; elapsed = 00:00:03 . Memory (MB): peak = 1881.285 ; gain = 0.000

Phase 3.7 Pipeline Register Optimization
Phase 3.7 Pipeline Register Optimization | Checksum: 129d3dd3c

Time (s): cpu = 00:00:04 ; elapsed = 00:00:03 . Memory (MB): peak = 1881.285 ; gain = 0.000
Phase 3 Detail Placement | Checksum: 129d3dd3c

Time (s): cpu = 00:00:04 ; elapsed = 00:00:03 . Memory (MB): peak = 1881.285 ; gain = 0.000

Phase 4 Post Placement Optimization and Clean-Up

Phase 4.1 Post Commit Optimization
Phase 4.1 Post Commit Optimization | Checksum: 129d3dd3c

Time (s): cpu = 00:00:04 ; elapsed = 00:00:03 . Memory (MB): peak = 1881.285 ; gain = 0.000

Phase 4.2 Post Placement Cleanup
Phase 4.2 Post Placement Cleanup | Checksum: 129d3dd3c

Time (s): cpu = 00:00:04 ; elapsed = 00:00:03 . Memory (MB): peak = 1881.285 ; gain = 0.000

Phase 4.3 Placer Reporting

Phase 4.3.1 Print Estimated Congestion
INFO: [Place 30-612] Post-Placement Estimated Congestion 
 ____________________________________________________
|           | Global Congestion | Short Congestion  |
| Direction | Region Size       | Region Size       |
|___________|___________________|___________________|
|      North|                1x1|                1x1|
|___________|___________________|___________________|
|      South|                1x1|                1x1|
|___________|___________________|___________________|
|       East|                1x1|                1x1|
|___________|___________________|___________________|
|       West|                1x1|                1x1|
|___________|___________________|___________________|

Phase 4.3.1 Print Estimated Congestion | Checksum: 129d3dd3c

Time (s): cpu = 00:00:04 ; elapsed = 00:00:03 . Memory (MB): peak = 1881.285 ; gain = 0.000
Phase 4.3 Placer Reporting | Checksum: 129d3dd3c

Time (s): cpu = 00:00:04 ; elapsed = 00:00:03 . Memory (MB): peak = 1881.285 ; gain = 0.000

Phase 4.4 Final Placement Cleanup
Netlist sorting complete. Time (s): cpu = 00:00:00 ; elapsed = 00:00:00 . Memory (MB): peak = 1881.285 ; gain = 0.000

Time (s): cpu = 00:00:04 ; elapsed = 00:00:03 . Memory (MB): peak = 1881.285 ; gain = 0.000
Phase 4 Post Placement Optimization and Clean-Up | Checksum: 19aa985fb

Time (s): cpu = 00:00:04 ; elapsed = 00:00:03 . Memory (MB): peak = 1881.285 ; gain = 0.000
Ending Placer Task | Checksum: 196b4a7db

Time (s): cpu = 00:00:04 ; elapsed = 00:00:03 . Memory (MB): peak = 1881.285 ; gain = 0.000
INFO: [Common 17-83] Releasing license: Implementation
40 Infos, 1 Warnings, 0 Critical Warnings and 0 Errors encountered.
place_design completed successfully
Writing XDEF routing.
Writing XDEF routing logical nets.
Writing XDEF routing special nets.
Write XDEF Complete: Time (s): cpu = 00:00:01 ; elapsed = 00:00:00.184 . Memory (MB): peak = 1882.605 ; gain = 1.320
INFO: [Common 17-1381] The checkpoint 'C:/Users/narsi/Desktop/projects/Project_BUG/f_uart/f_uart_meta/f_uart_meta_D/f_uart_meta_/f_uart_meta_bug.runs/impl_1/f_uart_placed.dcp' has been generated.
INFO: [runtcl-4] Executing : report_io -file f_uart_io_placed.rpt
report_io: Time (s): cpu = 00:00:00 ; elapsed = 00:00:00.117 . Memory (MB): peak = 1882.605 ; gain = 0.000
INFO: [runtcl-4] Executing : report_utilization -file f_uart_utilization_placed.rpt -pb f_uart_utilization_placed.pb
INFO: [runtcl-4] Executing : report_control_sets -verbose -file f_uart_control_sets_placed.rpt
report_control_sets: Time (s): cpu = 00:00:00 ; elapsed = 00:00:00.004 . Memory (MB): peak = 1882.605 ; gain = 0.000
Command: phys_opt_design
Attempting to get a license for feature 'Implementation' and/or device 'xc7z020'
INFO: [Common 17-349] Got license for feature 'Implementation' and/or device 'xc7z020'

Starting Initial Update Timing Task

Time (s): cpu = 00:00:00 ; elapsed = 00:00:00.031 . Memory (MB): peak = 1885.664 ; gain = 3.059
INFO: [Vivado_Tcl 4-235] No timing constraint found. The netlist was not modified.
INFO: [Common 17-83] Releasing license: Implementation
47 Infos, 1 Warnings, 0 Critical Warnings and 0 Errors encountered.
phys_opt_design completed successfully
Writing XDEF routing.
Writing XDEF routing logical nets.
Writing XDEF routing special nets.
Write XDEF Complete: Time (s): cpu = 00:00:00 ; elapsed = 00:00:00.090 . Memory (MB): peak = 1903.484 ; gain = 14.902
INFO: [Common 17-1381] The checkpoint 'C:/Users/narsi/Desktop/projects/Project_BUG/f_uart/f_uart_meta/f_uart_meta_D/f_uart_meta_/f_uart_meta_bug.runs/impl_1/f_uart_physopt.dcp' has been generated.
Command: route_design
Attempting to get a license for feature 'Implementation' and/or device 'xc7z020'
INFO: [Common 17-349] Got license for feature 'Implementation' and/or device 'xc7z020'
Running DRC as a precondition to command route_design
INFO: [DRC 23-27] Running DRC with 2 threads
INFO: [Vivado_Tcl 4-198] DRC finished with 0 Errors
INFO: [Vivado_Tcl 4-199] Please refer to the DRC report (report_drc) for more information.


Starting Routing Task
INFO: [Route 35-254] Multithreading enabled for route_design using a maximum of 2 CPUs

Phase 1 Build RT Design
Checksum: PlaceDB: f6f8efb2 ConstDB: 0 ShapeSum: 9fbbb829 RouteDB: 0
Post Restoration Checksum: NetGraph: dac52244 NumContArr: c971eee0 Constraints: 0 Timing: 0
Phase 1 Build RT Design | Checksum: 1a4371124

Time (s): cpu = 00:00:53 ; elapsed = 00:00:48 . Memory (MB): peak = 2006.520 ; gain = 93.898

Phase 2 Router Initialization
INFO: [Route 35-64] No timing constraints were detected. The router will operate in resource-optimization mode.

Phase 2.1 Fix Topology Constraints
Phase 2.1 Fix Topology Constraints | Checksum: 1a4371124

Time (s): cpu = 00:00:53 ; elapsed = 00:00:48 . Memory (MB): peak = 2013.168 ; gain = 100.547

Phase 2.2 Pre Route Cleanup
Phase 2.2 Pre Route Cleanup | Checksum: 1a4371124

Time (s): cpu = 00:00:53 ; elapsed = 00:00:48 . Memory (MB): peak = 2013.168 ; gain = 100.547
 Number of Nodes with overlaps = 0

Router Utilization Summary
  Global Vertical Routing Utilization    = 0 %
  Global Horizontal Routing Utilization  = 0 %
  Routable Net Status*
  *Does not include unroutable nets such as driverless and loadless.
  Run report_route_status for detailed report.
  Number of Failed Nets               = 21
    (Failed Nets is the sum of unrouted and partially routed nets)
  Number of Unrouted Nets             = 21
  Number of Partially Routed Nets     = 0
  Number of Node Overlaps             = 0

Phase 2 Router Initialization | Checksum: 13dd33f09

Time (s): cpu = 00:00:54 ; elapsed = 00:00:49 . Memory (MB): peak = 2026.227 ; gain = 113.605

Phase 3 Initial Routing

Phase 3.1 Global Routing
Phase 3.1 Global Routing | Checksum: 13dd33f09

Time (s): cpu = 00:00:54 ; elapsed = 00:00:49 . Memory (MB): peak = 2026.227 ; gain = 113.605
Phase 3 Initial Routing | Checksum: 14075fe60

Time (s): cpu = 00:00:54 ; elapsed = 00:00:49 . Memory (MB): peak = 2026.227 ; gain = 113.605

Phase 4 Rip-up And Reroute

Phase 4.1 Global Iteration 0
 Number of Nodes with overlaps = 2
 Number of Nodes with overlaps = 0
Phase 4.1 Global Iteration 0 | Checksum: 4abd401f

Time (s): cpu = 00:00:54 ; elapsed = 00:00:49 . Memory (MB): peak = 2026.227 ; gain = 113.605
Phase 4 Rip-up And Reroute | Checksum: 4abd401f

Time (s): cpu = 00:00:54 ; elapsed = 00:00:49 . Memory (MB): peak = 2026.227 ; gain = 113.605

Phase 5 Delay and Skew Optimization
Phase 5 Delay and Skew Optimization | Checksum: 4abd401f

Time (s): cpu = 00:00:54 ; elapsed = 00:00:49 . Memory (MB): peak = 2026.227 ; gain = 113.605

Phase 6 Post Hold Fix

Phase 6.1 Hold Fix Iter
Phase 6.1 Hold Fix Iter | Checksum: 4abd401f

Time (s): cpu = 00:00:54 ; elapsed = 00:00:49 . Memory (MB): peak = 2026.227 ; gain = 113.605
Phase 6 Post Hold Fix | Checksum: 4abd401f

Time (s): cpu = 00:00:54 ; elapsed = 00:00:49 . Memory (MB): peak = 2026.227 ; gain = 113.605

Phase 7 Route finalize

Router Utilization Summary
  Global Vertical Routing Utilization    = 0.000931966 %
  Global Horizontal Routing Utilization  = 0.00177485 %
  Routable Net Status*
  *Does not include unroutable nets such as driverless and loadless.
  Run report_route_status for detailed report.
  Number of Failed Nets               = 0
    (Failed Nets is the sum of unrouted and partially routed nets)
  Number of Unrouted Nets             = 0
  Number of Partially Routed Nets     = 0
  Number of Node Overlaps             = 0

Congestion Report
North Dir 1x1 Area, Max Cong = 5.40541%, No Congested Regions.
South Dir 1x1 Area, Max Cong = 2.7027%, No Congested Regions.
East Dir 1x1 Area, Max Cong = 4.41176%, No Congested Regions.
West Dir 1x1 Area, Max Cong = 10.2941%, No Congested Regions.

------------------------------
Reporting congestion hotspots
------------------------------
Direction: North
----------------
Congested clusters found at Level 0
Effective congestion level: 0 Aspect Ratio: 1 Sparse Ratio: 0
Direction: South
----------------
Congested clusters found at Level 0
Effective congestion level: 0 Aspect Ratio: 1 Sparse Ratio: 0
Direction: East
----------------
Congested clusters found at Level 0
Effective congestion level: 0 Aspect Ratio: 1 Sparse Ratio: 0
Direction: West
----------------
Congested clusters found at Level 0
Effective congestion level: 0 Aspect Ratio: 1 Sparse Ratio: 0

Phase 7 Route finalize | Checksum: 4abd401f

Time (s): cpu = 00:00:54 ; elapsed = 00:00:49 . Memory (MB): peak = 2026.227 ; gain = 113.605

Phase 8 Verifying routed nets

 Verification completed successfully
Phase 8 Verifying routed nets | Checksum: 4abd401f

Time (s): cpu = 00:00:54 ; elapsed = 00:00:49 . Memory (MB): peak = 2026.227 ; gain = 113.605

Phase 9 Depositing Routes
Phase 9 Depositing Routes | Checksum: 11319d0e2

Time (s): cpu = 00:00:54 ; elapsed = 00:00:49 . Memory (MB): peak = 2026.227 ; gain = 113.605
INFO: [Route 35-16] Router Completed Successfully

Time (s): cpu = 00:00:54 ; elapsed = 00:00:49 . Memory (MB): peak = 2026.227 ; gain = 113.605

Routing Is Done.
INFO: [Common 17-83] Releasing license: Implementation
56 Infos, 1 Warnings, 0 Critical Warnings and 0 Errors encountered.
route_design completed successfully
route_design: Time (s): cpu = 00:00:56 ; elapsed = 00:00:51 . Memory (MB): peak = 2026.227 ; gain = 122.742
Writing XDEF routing.
Writing XDEF routing logical nets.
Writing XDEF routing special nets.
Write XDEF Complete: Time (s): cpu = 00:00:01 ; elapsed = 00:00:00.105 . Memory (MB): peak = 2035.902 ; gain = 9.676
INFO: [Common 17-1381] The checkpoint 'C:/Users/narsi/Desktop/projects/Project_BUG/f_uart/f_uart_meta/f_uart_meta_D/f_uart_meta_/f_uart_meta_bug.runs/impl_1/f_uart_routed.dcp' has been generated.
INFO: [runtcl-4] Executing : report_drc -file f_uart_drc_routed.rpt -pb f_uart_drc_routed.pb -rpx f_uart_drc_routed.rpx
Command: report_drc -file f_uart_drc_routed.rpt -pb f_uart_drc_routed.pb -rpx f_uart_drc_routed.rpx
INFO: [IP_Flow 19-1839] IP Catalog is up to date.
INFO: [DRC 23-27] Running DRC with 2 threads
INFO: [Vivado_Tcl 2-168] The results of DRC are in file C:/Users/narsi/Desktop/projects/Project_BUG/f_uart/f_uart_meta/f_uart_meta_D/f_uart_meta_/f_uart_meta_bug.runs/impl_1/f_uart_drc_routed.rpt.
report_drc completed successfully
INFO: [runtcl-4] Executing : report_methodology -file f_uart_methodology_drc_routed.rpt -pb f_uart_methodology_drc_routed.pb -rpx f_uart_methodology_drc_routed.rpx
Command: report_methodology -file f_uart_methodology_drc_routed.rpt -pb f_uart_methodology_drc_routed.pb -rpx f_uart_methodology_drc_routed.rpx
INFO: [Timing 38-35] Done setting XDC timing constraints.
INFO: [DRC 23-133] Running Methodology with 2 threads
INFO: [Vivado_Tcl 2-1520] The results of Report Methodology are in file C:/Users/narsi/Desktop/projects/Project_BUG/f_uart/f_uart_meta/f_uart_meta_D/f_uart_meta_/f_uart_meta_bug.runs/impl_1/f_uart_methodology_drc_routed.rpt.
report_methodology completed successfully
INFO: [runtcl-4] Executing : report_power -file f_uart_power_routed.rpt -pb f_uart_power_summary_routed.pb -rpx f_uart_power_routed.rpx
Command: report_power -file f_uart_power_routed.rpt -pb f_uart_power_summary_routed.pb -rpx f_uart_power_routed.rpx
INFO: [Timing 38-35] Done setting XDC timing constraints.
WARNING: [Power 33-232] No user defined clocks were found in the design! Power estimation will be inaccurate until this is corrected.
Resolution: Please specify clocks using create_clock/create_generated_clock for sequential elements. For pure combinatorial circuits, please specify a virtual clock, otherwise the vectorless estimation might be inaccurate
Running Vector-less Activity Propagation...

Finished Running Vector-less Activity Propagation
67 Infos, 2 Warnings, 0 Critical Warnings and 0 Errors encountered.
report_power completed successfully
INFO: [runtcl-4] Executing : report_route_status -file f_uart_route_status.rpt -pb f_uart_route_status.pb
INFO: [runtcl-4] Executing : report_timing_summary -max_paths 10 -report_unconstrained -file f_uart_timing_summary_routed.rpt -pb f_uart_timing_summary_routed.pb -rpx f_uart_timing_summary_routed.rpx -warn_on_violation 
INFO: [Timing 38-91] UpdateTimingParams: Speed grade: -1, Delay Type: min_max.
INFO: [Timing 38-191] Multithreading enabled for timing update using a maximum of 2 CPUs
WARNING: [Timing 38-313] There are no user specified timing constraints. Timing constraints are needed for proper timing analysis.
INFO: [runtcl-4] Executing : report_incremental_reuse -file f_uart_incremental_reuse_routed.rpt
INFO: [Vivado_Tcl 4-1062] Incremental flow is disabled. No incremental reuse Info to report.
INFO: [runtcl-4] Executing : report_clock_utilization -file f_uart_clock_utilization_routed.rpt
INFO: [runtcl-4] Executing : report_bus_skew -warn_on_violation -file f_uart_bus_skew_routed.rpt -pb f_uart_bus_skew_routed.pb -rpx f_uart_bus_skew_routed.rpx
INFO: [Timing 38-91] UpdateTimingParams: Speed grade: -1, Delay Type: min_max.
INFO: [Timing 38-191] Multithreading enabled for timing update using a maximum of 2 CPUs
INFO: [Common 17-206] Exiting Vivado at Fri Apr  3 10:01:41 2026...
[Fri Apr  3 10:01:46 2026] impl_1 finished
wait_on_runs: Time (s): cpu = 00:00:00 ; elapsed = 00:02:12 . Memory (MB): peak = 980.773 ; gain = 0.000
# open_run impl_1
Netlist sorting complete. Time (s): cpu = 00:00:00 ; elapsed = 00:00:00.002 . Memory (MB): peak = 980.773 ; gain = 0.000
INFO: [Project 1-479] Netlist was created with Vivado 2022.2
INFO: [Project 1-570] Preparing netlist for logic optimization
Reading XDEF placement.
Reading placer database...
Reading XDEF routing.
Read XDEF Files: Time (s): cpu = 00:00:00 ; elapsed = 00:00:00.353 . Memory (MB): peak = 1093.133 ; gain = 24.898
Restored from archive | CPU: 0.000000 secs | Memory: 0.000000 MB |
Finished XDEF File Restore: Time (s): cpu = 00:00:00 ; elapsed = 00:00:00.356 . Memory (MB): peak = 1093.133 ; gain = 24.898
Netlist sorting complete. Time (s): cpu = 00:00:00 ; elapsed = 00:00:00 . Memory (MB): peak = 1479.836 ; gain = 0.000
INFO: [Project 1-111] Unisim Transformation Summary:
No Unisim elements were transformed.

open_run: Time (s): cpu = 00:00:04 ; elapsed = 00:00:06 . Memory (MB): peak = 1479.836 ; gain = 499.062
# report_utilization    -file [file join $build_dir utilization.rpt]
# report_timing_summary -file [file join $build_dir timing_summary.rpt]
INFO: [Timing 38-35] Done setting XDC timing constraints.
INFO: [Timing 38-91] UpdateTimingParams: Speed grade: -1, Delay Type: min_max.
INFO: [Timing 38-191] Multithreading enabled for timing update using a maximum of 2 CPUs
report_timing_summary: Time (s): cpu = 00:00:08 ; elapsed = 00:00:09 . Memory (MB): peak = 1658.242 ; gain = 178.406
# set sim_log [file join $build_dir sim.log]
# if {$run_sim} {
#   launch_simulation -simset sim_1 -mode behavioral
#   log_wave -recursive *
#   run 200 us
#   catch { write_waveform -file [file join $build_dir waveform.wdb] }
#   if {[file exists "vivado.log"]} {
#     file copy -force "vivado.log" $sim_log
#   } else {
#     # create empty log
#     set fd [open $sim_log w]; puts $fd "No vivado.log"; close $fd
#   }
# } else {
#   # no sim run
#   set fd [open $sim_log w]; puts $fd "Simulation not run (no TB)"; close $fd
# }
Command: launch_simulation  -simset sim_1 -mode behavioral
INFO: [Vivado 12-12493] Simulation top is 'f_uart_tb'
WARNING: [Vivado 12-13340] Unable to auto find GCC executables from simulator install path! (path not set)
WARNING: [Vivado 12-13277] Compiled library path does not exist: ''
INFO: [Vivado 12-5682] Launching behavioral simulation in 'C:/Users/narsi/Desktop/projects/Project_BUG/f_uart/f_uart_meta/f_uart_meta_D/f_uart_meta_/f_uart_meta_bug.sim/sim_1/behav/xsim'
INFO: [SIM-utils-51] Simulation object is 'sim_1'
INFO: [SIM-utils-72] Using boost library from 'C:/Xilinx/Vivado/2022.2/tps/boost_1_72_0'
INFO: [SIM-utils-54] Inspecting design source files for 'f_uart_tb' in fileset 'sim_1'...
INFO: [USF-XSim-97] Finding global include files...
INFO: [USF-XSim-98] Fetching design files from 'sim_1'...
INFO: [USF-XSim-2] XSim::Compile design
INFO: [USF-XSim-61] Executing 'COMPILE and ANALYZE' step in 'C:/Users/narsi/Desktop/projects/Project_BUG/f_uart/f_uart_meta/f_uart_meta_D/f_uart_meta_/f_uart_meta_bug.sim/sim_1/behav/xsim'
"xvhdl --incr --relax -prj f_uart_tb_vhdl.prj"
INFO: [VRFC 10-163] Analyzing VHDL file "C:/Users/narsi/Desktop/projects/Project_BUG/f_uart/f_uart_meta/f_uart_meta_D/rtl/FIFO_meta.vhd" into library xil_defaultlib
INFO: [VRFC 10-3107] analyzing entity 'FIFO_meta'
INFO: [VRFC 10-163] Analyzing VHDL file "C:/Users/narsi/Desktop/projects/Project_BUG/f_uart/f_uart_meta/f_uart_meta_D/rtl/UART_TX_meta.vhd" into library xil_defaultlib
INFO: [VRFC 10-3107] analyzing entity 'UART_TX_meta'
INFO: [VRFC 10-163] Analyzing VHDL file "C:/Users/narsi/Desktop/projects/Project_BUG/f_uart/f_uart_meta/f_uart_meta_D/rtl/f_uart_meta.vhd" into library xil_defaultlib
INFO: [VRFC 10-3107] analyzing entity 'f_uart'
INFO: [VRFC 10-163] Analyzing VHDL file "C:/Users/narsi/Desktop/projects/Project_BUG/f_uart/f_uart_meta/f_uart_meta_D/tb/f_uart_meta_tb.vhd" into library xil_defaultlib
INFO: [VRFC 10-3107] analyzing entity 'f_uart_tb'
INFO: [USF-XSim-69] 'compile' step finished in '3' seconds
INFO: [USF-XSim-3] XSim::Elaborate design
INFO: [USF-XSim-61] Executing 'ELABORATE' step in 'C:/Users/narsi/Desktop/projects/Project_BUG/f_uart/f_uart_meta/f_uart_meta_D/f_uart_meta_/f_uart_meta_bug.sim/sim_1/behav/xsim'
"xelab --incr --debug typical --relax --mt 2 -L xil_defaultlib -L secureip --snapshot f_uart_tb_behav xil_defaultlib.f_uart_tb -log elaborate.log"
Vivado Simulator v2022.2
Copyright 1986-1999, 2001-2022 Xilinx, Inc. All Rights Reserved.
Running: C:/Xilinx/Vivado/2022.2/bin/unwrapped/win64.o/xelab.exe --incr --debug typical --relax --mt 2 -L xil_defaultlib -L secureip --snapshot f_uart_tb_behav xil_defaultlib.f_uart_tb -log elaborate.log 
Using 2 slave threads.
Starting static elaboration
Completed static elaboration
Starting simulation data flow analysis
Completed simulation data flow analysis
Time Resolution for simulation is 1ps
Compiling package std.standard
Compiling package std.textio
Compiling package ieee.std_logic_1164
Compiling package ieee.numeric_std
Compiling package std.env
Compiling architecture behavioral of entity xil_defaultlib.FIFO_meta [fifo_meta_default]
Compiling architecture rtl of entity xil_defaultlib.UART_TX_meta [uart_tx_meta_default]
Compiling architecture behavioral of entity xil_defaultlib.f_uart [f_uart_default]
Compiling architecture tb of entity xil_defaultlib.f_uart_tb
Built simulation snapshot f_uart_tb_behav
INFO: [USF-XSim-69] 'elaborate' step finished in '5' seconds
INFO: [USF-XSim-4] XSim::Simulate design
INFO: [USF-XSim-61] Executing 'SIMULATE' step in 'C:/Users/narsi/Desktop/projects/Project_BUG/f_uart/f_uart_meta/f_uart_meta_D/f_uart_meta_/f_uart_meta_bug.sim/sim_1/behav/xsim'
INFO: [USF-XSim-98] *** Running xsim
   with args "f_uart_tb_behav -key {Behavioral:sim_1:Functional:f_uart_tb} -tclbatch {f_uart_tb.tcl} -log {simulate.log}"
INFO: [USF-XSim-8] Loading simulator feature
Time resolution is 1 ps
source f_uart_tb.tcl
## current_wave_config
Error: ERROR: METASTABILITY
Time: 960 ns  Iteration: 0  Process: /f_uart_tb/stim_proc  File: C:/Users/narsi/Desktop/projects/Project_BUG/f_uart/f_uart_meta/f_uart_meta_D/tb/f_uart_meta_tb.vhd
INFO: [USF-XSim-96] XSim completed. Design snapshot 'f_uart_tb_behav' loaded.
INFO: [USF-XSim-97] XSim simulation ran for 1000ns
launch_simulation: Time (s): cpu = 00:00:01 ; elapsed = 00:00:10 . Memory (MB): peak = 1669.449 ; gain = 11.207
Note: Simulation completed.
Time: 4912 ns  Iteration: 0  Process: /f_uart_tb/stim_proc  File: C:/Users/narsi/Desktop/projects/Project_BUG/f_uart/f_uart_meta/f_uart_meta_D/tb/f_uart_meta_tb.vhd
$stop called at time : 4912 ns : File "C:/Users/narsi/Desktop/projects/Project_BUG/f_uart/f_uart_meta/f_uart_meta_D/tb/f_uart_meta_tb.vhd" Line 294
