#-----------------------------------------------------------
# Vivado v2022.2 (64-bit)
# SW Build 3671981 on Fri Oct 14 05:00:03 MDT 2022
# IP Build 3669848 on Fri Oct 14 08:30:02 MDT 2022
# Start of session at: Tue Apr  7 20:23:51 2026
# Process ID: 37836
# Current directory: C:/Users/narsi/Desktop/projects/Project_BUG/UART_RX/UART_RX_rseq
# Command line: vivado.exe -mode batch -source build.tcl
# Log file: C:/Users/narsi/Desktop/projects/Project_BUG/UART_RX/UART_RX_rseq/vivado.log
# Journal file: C:/Users/narsi/Desktop/projects/Project_BUG/UART_RX/UART_RX_rseq\vivado.jou
# Running On: Milan, OS: Windows, CPU Frequency: 1797 MHz, CPU Physical cores: 16, Host memory: 6297 MB
#-----------------------------------------------------------
source build.tcl
# set main_project_name "UART_RX_rseq_D"
# set proj_name   "UART_RX_rseq_bug"
# set proj_dir    "./$main_project_name/UART_RX_rseq_"
# set build_dir   "./$main_project_name/build"
# set part        "xc7z020clg484-1"
# set rtl_glob    "./$main_project_name/rtl/*.vhd"
# set tb_glob     "./$main_project_name/tb/*_tb.vhd"
# set xdc_glob    "./constraints/*.xdc"
# set rtl_top_e   "UART_RX_rseq"
# set tb_top_e   "UART_RX_rseq_tb"
# set rtl_top     "./$main_project_name/rtl"
# set tb_top      "./$main_project_name/tb"
# set vivado_tool "Vivado 2022.2"
# set rtl_dir     "./rtl"
# set tb_dir      "./tb"
# set src_dir [glob -type d ./*.srcs]
# set full_src_rtl "$src_dir/sources_1/new"
# set full_src_tb "$src_dir/sim_1/new"
# catch {file mkdir $main_project_name}
# if {[file exists $build_dir]} {
#     puts "Cleaning build directory: $build_dir"
#     file delete -force $build_dir
# }
# file mkdir $build_dir
# catch { exec cmd.exe /c robocopy "./" "./$main_project_name" build.tcl run_case.dat } result
# if {![file exists $tb_top]} {
# catch {file mkdir $rtl_top}
# catch {file mkdir $tb_top}
# catch { exec cmd.exe /c robocopy "$full_src_tb" "$tb_top" /E } result
# catch { exec cmd.exe /c robocopy "$full_src_rtl" "$rtl_top" /E } result
# }
# create_project $proj_name $proj_dir -part $part -force
INFO: [ProjectBase 1-489] The host OS only allows 260 characters in a normal path. The project is stored in a path with more than 80 characters. If you experience issues with IP, Block Designs, or files not being found, please consider moving the project to a location with a shorter path. Alternately consider using the OS subst command to map part of the path to a drive letter.
Current project path is 'C:/Users/narsi/Desktop/projects/Project_BUG/UART_RX/UART_RX_rseq/UART_RX_rseq_D/UART_RX_rseq_'
create_project: Time (s): cpu = 00:00:09 ; elapsed = 00:00:13 . Memory (MB): peak = 432.484 ; gain = 109.438
# foreach f [glob -nocomplain $rtl_glob] {
#   add_files $f
# }
# set_property top $rtl_top_e [current_fileset]
# update_compile_order -fileset sources_1
# set tb_list [glob -nocomplain $tb_glob]
# set run_sim 0
# if {[llength $tb_list] > 0} {
#   set run_sim 1
#   foreach f $tb_list {
#     add_files -fileset sim_1 $f
#   }
#   catch { set_property top $tb_top_e [get_filesets sim_1] }
#   update_compile_order -fileset sim_1
# }
# set sim_log [file join $build_dir sim.log]
# if {$run_sim} {
#   launch_simulation -simset sim_1 -mode behavioral
#   log_wave -recursive *
#   run all
#   catch { write_waveform -file [file join $build_dir waveform.wdb] }
#   if {[file exists "vivado.log"]} {
#     file copy -force "vivado.log" $sim_log
#   } else {
#     # create empty log
#     set fd [open $sim_log w]; puts $fd "No vivado.log"; close $fd
#   }
# } else {
#   # no sim run
#   set fd [open $sim_log w]; puts $fd "Simulation not run (no TB)"; close $fd
# }
Command: launch_simulation  -simset sim_1 -mode behavioral
INFO: [Vivado 12-12493] Simulation top is 'UART_RX_rseq_tb'
WARNING: [Vivado 12-13340] Unable to auto find GCC executables from simulator install path! (path not set)
WARNING: [Vivado 12-13277] Compiled library path does not exist: ''
INFO: [Vivado 12-5682] Launching behavioral simulation in 'C:/Users/narsi/Desktop/projects/Project_BUG/UART_RX/UART_RX_rseq/UART_RX_rseq_D/UART_RX_rseq_/UART_RX_rseq_bug.sim/sim_1/behav/xsim'
INFO: [SIM-utils-51] Simulation object is 'sim_1'
INFO: [SIM-utils-72] Using boost library from 'C:/Xilinx/Vivado/2022.2/tps/boost_1_72_0'
INFO: [SIM-utils-54] Inspecting design source files for 'UART_RX_rseq_tb' in fileset 'sim_1'...
INFO: [USF-XSim-97] Finding global include files...
INFO: [USF-XSim-98] Fetching design files from 'sim_1'...
INFO: [USF-XSim-2] XSim::Compile design
INFO: [USF-XSim-61] Executing 'COMPILE and ANALYZE' step in 'C:/Users/narsi/Desktop/projects/Project_BUG/UART_RX/UART_RX_rseq/UART_RX_rseq_D/UART_RX_rseq_/UART_RX_rseq_bug.sim/sim_1/behav/xsim'
"xvhdl --incr --relax -prj UART_RX_rseq_tb_vhdl.prj"
INFO: [VRFC 10-163] Analyzing VHDL file "C:/Users/narsi/Desktop/projects/Project_BUG/UART_RX/UART_RX_rseq/UART_RX_rseq_D/rtl/UART_RX_rseq.vhd" into library xil_defaultlib
INFO: [VRFC 10-3107] analyzing entity 'UART_RX_rseq'
INFO: [VRFC 10-163] Analyzing VHDL file "C:/Users/narsi/Desktop/projects/Project_BUG/UART_RX/UART_RX_rseq/UART_RX_rseq_D/tb/UART_RX_rseq_tb.vhd" into library xil_defaultlib
INFO: [VRFC 10-3107] analyzing entity 'UART_RX_rseq_tb'
INFO: [USF-XSim-69] 'compile' step finished in '2' seconds
INFO: [USF-XSim-3] XSim::Elaborate design
INFO: [USF-XSim-61] Executing 'ELABORATE' step in 'C:/Users/narsi/Desktop/projects/Project_BUG/UART_RX/UART_RX_rseq/UART_RX_rseq_D/UART_RX_rseq_/UART_RX_rseq_bug.sim/sim_1/behav/xsim'
"xelab --incr --debug typical --relax --mt 2 -L xil_defaultlib -L secureip --snapshot UART_RX_rseq_tb_behav xil_defaultlib.UART_RX_rseq_tb -log elaborate.log"
Vivado Simulator v2022.2
Copyright 1986-1999, 2001-2022 Xilinx, Inc. All Rights Reserved.
Running: C:/Xilinx/Vivado/2022.2/bin/unwrapped/win64.o/xelab.exe --incr --debug typical --relax --mt 2 -L xil_defaultlib -L secureip --snapshot UART_RX_rseq_tb_behav xil_defaultlib.UART_RX_rseq_tb -log elaborate.log 
Using 2 slave threads.
Starting static elaboration
Completed static elaboration
Starting simulation data flow analysis
Completed simulation data flow analysis
Time Resolution for simulation is 1ps
Compiling package std.standard
Compiling package std.textio
Compiling package ieee.std_logic_1164
Compiling package std.env
Compiling architecture behavioral of entity xil_defaultlib.UART_RX_rseq [uart_rx_rseq_default]
Compiling architecture behavioral of entity xil_defaultlib.uart_rx_rseq_tb
Built simulation snapshot UART_RX_rseq_tb_behav
INFO: [USF-XSim-69] 'elaborate' step finished in '3' seconds
INFO: [USF-XSim-4] XSim::Simulate design
INFO: [USF-XSim-61] Executing 'SIMULATE' step in 'C:/Users/narsi/Desktop/projects/Project_BUG/UART_RX/UART_RX_rseq/UART_RX_rseq_D/UART_RX_rseq_/UART_RX_rseq_bug.sim/sim_1/behav/xsim'
INFO: [USF-XSim-98] *** Running xsim
   with args "UART_RX_rseq_tb_behav -key {Behavioral:sim_1:Functional:UART_RX_rseq_tb} -tclbatch {UART_RX_rseq_tb.tcl} -log {simulate.log}"
INFO: [USF-XSim-8] Loading simulator feature
Time resolution is 1 ps
source UART_RX_rseq_tb.tcl
## current_wave_config
Error: RESET_SEQUENCE DETECTED
Time: 305 ns  Iteration: 1  Process: /UART_RX_rseq_tb/monitor_proc  File: C:/Users/narsi/Desktop/projects/Project_BUG/UART_RX/UART_RX_rseq/UART_RX_rseq_D/tb/UART_RX_rseq_tb.vhd
INFO: [USF-XSim-96] XSim completed. Design snapshot 'UART_RX_rseq_tb_behav' loaded.
INFO: [USF-XSim-97] XSim simulation ran for 1000ns
launch_simulation: Time (s): cpu = 00:00:01 ; elapsed = 00:00:07 . Memory (MB): peak = 472.305 ; gain = 39.820
WARNING: [Simtcl 6-197] One or more HDL objects could not be logged because of object type or size limitations.  To see details please rerun the command with -verbose (-v).
Error: RESET_SEQUENCE DETECTED
Time: 17665 ns  Iteration: 1  Process: /UART_RX_rseq_tb/monitor_proc  File: C:/Users/narsi/Desktop/projects/Project_BUG/UART_RX/UART_RX_rseq/UART_RX_rseq_D/tb/UART_RX_rseq_tb.vhd
Error: RESET_SEQUENCE DETECTED
Time: 35025 ns  Iteration: 1  Process: /UART_RX_rseq_tb/monitor_proc  File: C:/Users/narsi/Desktop/projects/Project_BUG/UART_RX/UART_RX_rseq/UART_RX_rseq_D/tb/UART_RX_rseq_tb.vhd
Error: RESET_SEQUENCE DETECTED
Time: 61065 ns  Iteration: 1  Process: /UART_RX_rseq_tb/monitor_proc  File: C:/Users/narsi/Desktop/projects/Project_BUG/UART_RX/UART_RX_rseq/UART_RX_rseq_D/tb/UART_RX_rseq_tb.vhd
Warning: BUG: EARLY RX_DONE
Time: 82805 ns  Iteration: 1  Process: /UART_RX_rseq_tb/monitor_proc  File: C:/Users/narsi/Desktop/projects/Project_BUG/UART_RX/UART_RX_rseq/UART_RX_rseq_D/tb/UART_RX_rseq_tb.vhd
Error: RESET_SEQUENCE DETECTED
Time: 91105 ns  Iteration: 1  Process: /UART_RX_rseq_tb/monitor_proc  File: C:/Users/narsi/Desktop/projects/Project_BUG/UART_RX/UART_RX_rseq/UART_RX_rseq_D/tb/UART_RX_rseq_tb.vhd
Error: RESET_SEQUENCE DETECTED
Time: 151865 ns  Iteration: 1  Process: /UART_RX_rseq_tb/monitor_proc  File: C:/Users/narsi/Desktop/projects/Project_BUG/UART_RX/UART_RX_rseq/UART_RX_rseq_D/tb/UART_RX_rseq_tb.vhd
Warning: BUG: EARLY RX_DONE
Time: 173605 ns  Iteration: 1  Process: /UART_RX_rseq_tb/monitor_proc  File: C:/Users/narsi/Desktop/projects/Project_BUG/UART_RX/UART_RX_rseq/UART_RX_rseq_D/tb/UART_RX_rseq_tb.vhd
Error: RESET_SEQUENCE DETECTED
Time: 181905 ns  Iteration: 1  Process: /UART_RX_rseq_tb/monitor_proc  File: C:/Users/narsi/Desktop/projects/Project_BUG/UART_RX/UART_RX_rseq/UART_RX_rseq_D/tb/UART_RX_rseq_tb.vhd
Error: RESET_SEQUENCE DETECTED
Time: 207945 ns  Iteration: 1  Process: /UART_RX_rseq_tb/monitor_proc  File: C:/Users/narsi/Desktop/projects/Project_BUG/UART_RX/UART_RX_rseq/UART_RX_rseq_D/tb/UART_RX_rseq_tb.vhd
Error: RESET_SEQUENCE DETECTED
Time: 225305 ns  Iteration: 1  Process: /UART_RX_rseq_tb/monitor_proc  File: C:/Users/narsi/Desktop/projects/Project_BUG/UART_RX/UART_RX_rseq/UART_RX_rseq_D/tb/UART_RX_rseq_tb.vhd
Error: RESET_SEQUENCE DETECTED
Time: 242665 ns  Iteration: 1  Process: /UART_RX_rseq_tb/monitor_proc  File: C:/Users/narsi/Desktop/projects/Project_BUG/UART_RX/UART_RX_rseq/UART_RX_rseq_D/tb/UART_RX_rseq_tb.vhd
Warning: BUG: EARLY RX_DONE
Time: 264405 ns  Iteration: 1  Process: /UART_RX_rseq_tb/monitor_proc  File: C:/Users/narsi/Desktop/projects/Project_BUG/UART_RX/UART_RX_rseq/UART_RX_rseq_D/tb/UART_RX_rseq_tb.vhd
Error: RESET_SEQUENCE DETECTED
Time: 268705 ns  Iteration: 1  Process: /UART_RX_rseq_tb/monitor_proc  File: C:/Users/narsi/Desktop/projects/Project_BUG/UART_RX/UART_RX_rseq/UART_RX_rseq_D/tb/UART_RX_rseq_tb.vhd
Error: RESET_SEQUENCE DETECTED
Time: 286065 ns  Iteration: 1  Process: /UART_RX_rseq_tb/monitor_proc  File: C:/Users/narsi/Desktop/projects/Project_BUG/UART_RX/UART_RX_rseq/UART_RX_rseq_D/tb/UART_RX_rseq_tb.vhd
Error: RESET_SEQUENCE DETECTED
Time: 303425 ns  Iteration: 1  Process: /UART_RX_rseq_tb/monitor_proc  File: C:/Users/narsi/Desktop/projects/Project_BUG/UART_RX/UART_RX_rseq/UART_RX_rseq_D/tb/UART_RX_rseq_tb.vhd
Error: RESET_SEQUENCE DETECTED
Time: 320785 ns  Iteration: 1  Process: /UART_RX_rseq_tb/monitor_proc  File: C:/Users/narsi/Desktop/projects/Project_BUG/UART_RX/UART_RX_rseq/UART_RX_rseq_D/tb/UART_RX_rseq_tb.vhd
Error: RESET_SEQUENCE DETECTED
Time: 338145 ns  Iteration: 1  Process: /UART_RX_rseq_tb/monitor_proc  File: C:/Users/narsi/Desktop/projects/Project_BUG/UART_RX/UART_RX_rseq/UART_RX_rseq_D/tb/UART_RX_rseq_tb.vhd
Warning: BUG: EARLY RX_DONE
Time: 351205 ns  Iteration: 1  Process: /UART_RX_rseq_tb/monitor_proc  File: C:/Users/narsi/Desktop/projects/Project_BUG/UART_RX/UART_RX_rseq/UART_RX_rseq_D/tb/UART_RX_rseq_tb.vhd
Error: RESET_SEQUENCE DETECTED
Time: 360505 ns  Iteration: 1  Process: /UART_RX_rseq_tb/monitor_proc  File: C:/Users/narsi/Desktop/projects/Project_BUG/UART_RX/UART_RX_rseq/UART_RX_rseq_D/tb/UART_RX_rseq_tb.vhd
Note: Simulation completed successfully
Time: 450420 ns  Iteration: 0  Process: /UART_RX_rseq_tb/stimulus  File: C:/Users/narsi/Desktop/projects/Project_BUG/UART_RX/UART_RX_rseq/UART_RX_rseq_D/tb/UART_RX_rseq_tb.vhd
$stop called at time : 450420 ns : File "C:/Users/narsi/Desktop/projects/Project_BUG/UART_RX/UART_RX_rseq/UART_RX_rseq_D/tb/UART_RX_rseq_tb.vhd" Line 184
