#-----------------------------------------------------------
# Vivado v2022.2 (64-bit)
# SW Build 3671981 on Fri Oct 14 05:00:03 MDT 2022
# IP Build 3669848 on Fri Oct 14 08:30:02 MDT 2022
# Start of session at: Thu Apr  2 21:23:33 2026
# Process ID: 2796
# Current directory: C:/Users/narsi/Desktop/projects/Project_BUG/reg_PISO/reg_PISO_meta
# Command line: vivado.exe -mode batch -source build.tcl
# Log file: C:/Users/narsi/Desktop/projects/Project_BUG/reg_PISO/reg_PISO_meta/vivado.log
# Journal file: C:/Users/narsi/Desktop/projects/Project_BUG/reg_PISO/reg_PISO_meta\vivado.jou
# Running On: Milan, OS: Windows, CPU Frequency: 1797 MHz, CPU Physical cores: 16, Host memory: 6297 MB
#-----------------------------------------------------------
source build.tcl
# set main_project_name "reg_PISO_meta_D"
# set proj_name   "reg_PISO_meta_bug"
# set proj_dir    "./$main_project_name/reg_PISO_meta_"
# set build_dir   "./$main_project_name/build"
# set part        "xc7z020clg484-1"
# set rtl_glob    "./$main_project_name/rtl/*.vhd"
# set tb_glob     "./$main_project_name/tb/*_tb.vhd"
# set xdc_glob    "./$main_project_name/constraints/*.xdc"
# set rtl_top_e   "reg_PISO_meta"
# set tb_top_e   "reg_PISO_meta_tb"
# set rtl_top     "./$main_project_name/rtl"
# set tb_top      "./$main_project_name/tb"
# set vivado_tool "Vivado 2022.2"
# set rtl_dir     "./rtl"
# set tb_dir      "./tb"
# set src_dir [glob -type d ./*.srcs]
# set full_src_rtl "$src_dir/sources_1/new"
# set full_src_tb "$src_dir/sim_1/new"
# catch {file mkdir $main_project_name}
# if {[file exists $build_dir]} {
#     puts "Cleaning build directory: $build_dir"
#     file delete -force $build_dir
# }
# file mkdir $build_dir
# catch { exec cmd.exe /c robocopy "./" "./$main_project_name" build.tcl run_case.dat } result
# if {![file exists $tb_top]} {
# catch {file mkdir $rtl_top}
# catch {file mkdir $tb_top}
# catch { exec cmd.exe /c robocopy "$full_src_tb" "$tb_top" /E } result
# catch { exec cmd.exe /c robocopy "$full_src_rtl" "$rtl_top" /E } result
# }
# create_project $proj_name $proj_dir -part $part -force
INFO: [ProjectBase 1-489] The host OS only allows 260 characters in a normal path. The project is stored in a path with more than 80 characters. If you experience issues with IP, Block Designs, or files not being found, please consider moving the project to a location with a shorter path. Alternately consider using the OS subst command to map part of the path to a drive letter.
Current project path is 'C:/Users/narsi/Desktop/projects/Project_BUG/reg_PISO/reg_PISO_meta/reg_PISO_meta_D/reg_PISO_meta_'
create_project: Time (s): cpu = 00:00:10 ; elapsed = 00:00:13 . Memory (MB): peak = 430.766 ; gain = 104.582
# foreach f [glob -nocomplain $rtl_glob] {
#   add_files $f
# }
# set_property top $rtl_top_e [current_fileset]
# update_compile_order -fileset sources_1
# set tb_list [glob -nocomplain $tb_glob]
# set run_sim 0
# if {[llength $tb_list] > 0} {
#   set run_sim 1
#   foreach f $tb_list {
#     add_files -fileset sim_1 $f
#   }
#   catch { set_property top $tb_top_e [get_filesets sim_1] }
#   update_compile_order -fileset sim_1
# }
# launch_runs synth_1
WARNING: [Vivado 12-7122] Auto Incremental Compile:: No reference checkpoint was found in run synth_1. Auto-incremental flow will not be run, the standard flow will be run instead.
[Thu Apr  2 21:23:56 2026] Launched synth_1...
Run output will be captured here: C:/Users/narsi/Desktop/projects/Project_BUG/reg_PISO/reg_PISO_meta/reg_PISO_meta_D/reg_PISO_meta_/reg_PISO_meta_bug.runs/synth_1/runme.log
# wait_on_run synth_1
[Thu Apr  2 21:23:56 2026] Waiting for synth_1 to finish...

*** Running vivado
    with args -log reg_PISO_meta.vds -m64 -product Vivado -mode batch -messageDb vivado.pb -notrace -source reg_PISO_meta.tcl



****** Vivado v2022.2 (64-bit)
  **** SW Build 3671981 on Fri Oct 14 05:00:03 MDT 2022
  **** IP Build 3669848 on Fri Oct 14 08:30:02 MDT 2022
    ** Copyright 1986-2022 Xilinx, Inc. All Rights Reserved.

source reg_PISO_meta.tcl -notrace
create_project: Time (s): cpu = 00:00:08 ; elapsed = 00:00:10 . Memory (MB): peak = 431.188 ; gain = 97.113
Command: synth_design -top reg_PISO_meta -part xc7z020clg484-1
Starting synth_design
Attempting to get a license for feature 'Synthesis' and/or device 'xc7z020'
INFO: [Common 17-349] Got license for feature 'Synthesis' and/or device 'xc7z020'
INFO: [Synth 8-7079] Multithreading enabled for synth_design using a maximum of 2 processes.
INFO: [Synth 8-7078] Launching helper process for spawning children vivado processes
INFO: [Synth 8-7075] Helper process launched with PID 24780
INFO: [Synth 8-11241] undeclared symbol 'REGCCE', assumed default net type 'wire' [C:/Xilinx/Vivado/2022.2/data/verilog/src/unimacro/BRAM_SINGLE_MACRO.v:2170]
---------------------------------------------------------------------------------
Starting Synthesize : Time (s): cpu = 00:00:08 ; elapsed = 00:00:08 . Memory (MB): peak = 866.379 ; gain = 410.355
---------------------------------------------------------------------------------
INFO: [Synth 8-638] synthesizing module 'reg_PISO_meta' [C:/Users/narsi/Desktop/projects/Project_BUG/reg_PISO/reg_PISO_meta/reg_PISO_meta_D/rtl/reg_PISO_meta.vhd:37]
INFO: [Synth 8-256] done synthesizing module 'reg_PISO_meta' (0#1) [C:/Users/narsi/Desktop/projects/Project_BUG/reg_PISO/reg_PISO_meta/reg_PISO_meta_D/rtl/reg_PISO_meta.vhd:37]
---------------------------------------------------------------------------------
Finished Synthesize : Time (s): cpu = 00:00:10 ; elapsed = 00:00:11 . Memory (MB): peak = 956.207 ; gain = 500.184
---------------------------------------------------------------------------------
---------------------------------------------------------------------------------
Finished Constraint Validation : Time (s): cpu = 00:00:11 ; elapsed = 00:00:11 . Memory (MB): peak = 956.207 ; gain = 500.184
---------------------------------------------------------------------------------
---------------------------------------------------------------------------------
Start Loading Part and Timing Information
---------------------------------------------------------------------------------
Loading part: xc7z020clg484-1
---------------------------------------------------------------------------------
Finished Loading Part and Timing Information : Time (s): cpu = 00:00:11 ; elapsed = 00:00:11 . Memory (MB): peak = 956.207 ; gain = 500.184
---------------------------------------------------------------------------------
INFO: [Device 21-403] Loading part xc7z020clg484-1
---------------------------------------------------------------------------------
Finished RTL Optimization Phase 2 : Time (s): cpu = 00:00:11 ; elapsed = 00:00:11 . Memory (MB): peak = 956.207 ; gain = 500.184
---------------------------------------------------------------------------------
No constraint files found.
---------------------------------------------------------------------------------
Start RTL Component Statistics 
---------------------------------------------------------------------------------
Detailed RTL Component Info : 
+---XORs : 
	   3 Input      1 Bit         XORs := 1     
+---Registers : 
	                8 Bit    Registers := 1     
+---Muxes : 
	   2 Input    8 Bit        Muxes := 1     
---------------------------------------------------------------------------------
Finished RTL Component Statistics 
---------------------------------------------------------------------------------
---------------------------------------------------------------------------------
Start Part Resource Summary
---------------------------------------------------------------------------------
Part Resources:
DSPs: 220 (col length:60)
BRAMs: 280 (col length: RAMB18 60 RAMB36 30)
---------------------------------------------------------------------------------
Finished Part Resource Summary
---------------------------------------------------------------------------------
No constraint files found.
---------------------------------------------------------------------------------
Start Cross Boundary and Area Optimization
---------------------------------------------------------------------------------
WARNING: [Synth 8-7080] Parallel synthesis criteria is not met
---------------------------------------------------------------------------------
Finished Cross Boundary and Area Optimization : Time (s): cpu = 00:00:18 ; elapsed = 00:00:22 . Memory (MB): peak = 1171.219 ; gain = 715.195
---------------------------------------------------------------------------------
No constraint files found.
---------------------------------------------------------------------------------
Start Timing Optimization
---------------------------------------------------------------------------------
---------------------------------------------------------------------------------
Finished Timing Optimization : Time (s): cpu = 00:00:18 ; elapsed = 00:00:22 . Memory (MB): peak = 1172.141 ; gain = 716.117
---------------------------------------------------------------------------------
---------------------------------------------------------------------------------
Start Technology Mapping
---------------------------------------------------------------------------------
---------------------------------------------------------------------------------
Finished Technology Mapping : Time (s): cpu = 00:00:18 ; elapsed = 00:00:22 . Memory (MB): peak = 1172.328 ; gain = 716.305
---------------------------------------------------------------------------------
---------------------------------------------------------------------------------
Start IO Insertion
---------------------------------------------------------------------------------
---------------------------------------------------------------------------------
Start Flattening Before IO Insertion
---------------------------------------------------------------------------------
---------------------------------------------------------------------------------
Finished Flattening Before IO Insertion
---------------------------------------------------------------------------------
---------------------------------------------------------------------------------
Start Final Netlist Cleanup
---------------------------------------------------------------------------------
---------------------------------------------------------------------------------
Finished Final Netlist Cleanup
---------------------------------------------------------------------------------
---------------------------------------------------------------------------------
Finished IO Insertion : Time (s): cpu = 00:00:28 ; elapsed = 00:00:32 . Memory (MB): peak = 1172.328 ; gain = 716.305
---------------------------------------------------------------------------------
---------------------------------------------------------------------------------
Start Renaming Generated Instances
---------------------------------------------------------------------------------
---------------------------------------------------------------------------------
Finished Renaming Generated Instances : Time (s): cpu = 00:00:28 ; elapsed = 00:00:32 . Memory (MB): peak = 1172.328 ; gain = 716.305
---------------------------------------------------------------------------------
---------------------------------------------------------------------------------
Start Rebuilding User Hierarchy
---------------------------------------------------------------------------------
---------------------------------------------------------------------------------
Finished Rebuilding User Hierarchy : Time (s): cpu = 00:00:28 ; elapsed = 00:00:32 . Memory (MB): peak = 1172.328 ; gain = 716.305
---------------------------------------------------------------------------------
---------------------------------------------------------------------------------
Start Renaming Generated Ports
---------------------------------------------------------------------------------
---------------------------------------------------------------------------------
Finished Renaming Generated Ports : Time (s): cpu = 00:00:28 ; elapsed = 00:00:32 . Memory (MB): peak = 1172.328 ; gain = 716.305
---------------------------------------------------------------------------------
---------------------------------------------------------------------------------
Start Handling Custom Attributes
---------------------------------------------------------------------------------
---------------------------------------------------------------------------------
Finished Handling Custom Attributes : Time (s): cpu = 00:00:28 ; elapsed = 00:00:32 . Memory (MB): peak = 1172.328 ; gain = 716.305
---------------------------------------------------------------------------------
---------------------------------------------------------------------------------
Start Renaming Generated Nets
---------------------------------------------------------------------------------
---------------------------------------------------------------------------------
Finished Renaming Generated Nets : Time (s): cpu = 00:00:28 ; elapsed = 00:00:32 . Memory (MB): peak = 1172.328 ; gain = 716.305
---------------------------------------------------------------------------------
---------------------------------------------------------------------------------
Start Writing Synthesis Report
---------------------------------------------------------------------------------

Report BlackBoxes: 
+-+--------------+----------+
| |BlackBox name |Instances |
+-+--------------+----------+
+-+--------------+----------+

Report Cell Usage: 
+------+-----+------+
|      |Cell |Count |
+------+-----+------+
|1     |BUFG |     1|
|2     |LUT2 |     1|
|3     |LUT3 |     8|
|4     |FDCE |     8|
|5     |IBUF |    11|
|6     |OBUF |     9|
+------+-----+------+

Report Instance Areas: 
+------+---------+-------+------+
|      |Instance |Module |Cells |
+------+---------+-------+------+
|1     |top      |       |    38|
+------+---------+-------+------+
---------------------------------------------------------------------------------
Finished Writing Synthesis Report : Time (s): cpu = 00:00:28 ; elapsed = 00:00:32 . Memory (MB): peak = 1172.328 ; gain = 716.305
---------------------------------------------------------------------------------
Synthesis finished with 0 errors, 0 critical warnings and 1 warnings.
Synthesis Optimization Runtime : Time (s): cpu = 00:00:28 ; elapsed = 00:00:32 . Memory (MB): peak = 1172.328 ; gain = 716.305
Synthesis Optimization Complete : Time (s): cpu = 00:00:28 ; elapsed = 00:00:32 . Memory (MB): peak = 1172.328 ; gain = 716.305
INFO: [Project 1-571] Translating synthesized netlist
Netlist sorting complete. Time (s): cpu = 00:00:00 ; elapsed = 00:00:00.001 . Memory (MB): peak = 1185.176 ; gain = 0.000
INFO: [Project 1-570] Preparing netlist for logic optimization
INFO: [Opt 31-138] Pushed 0 inverter(s) to 0 load pin(s).
Netlist sorting complete. Time (s): cpu = 00:00:00 ; elapsed = 00:00:00 . Memory (MB): peak = 1283.496 ; gain = 0.000
INFO: [Project 1-111] Unisim Transformation Summary:
No Unisim elements were transformed.

Synth Design complete, checksum: 3746736f
INFO: [Common 17-83] Releasing license: Synthesis
13 Infos, 1 Warnings, 0 Critical Warnings and 0 Errors encountered.
synth_design completed successfully
synth_design: Time (s): cpu = 00:00:31 ; elapsed = 00:00:35 . Memory (MB): peak = 1283.496 ; gain = 852.309
INFO: [Common 17-1381] The checkpoint 'C:/Users/narsi/Desktop/projects/Project_BUG/reg_PISO/reg_PISO_meta/reg_PISO_meta_D/reg_PISO_meta_/reg_PISO_meta_bug.runs/synth_1/reg_PISO_meta.dcp' has been generated.
INFO: [runtcl-4] Executing : report_utilization -file reg_PISO_meta_utilization_synth.rpt -pb reg_PISO_meta_utilization_synth.pb
INFO: [Common 17-206] Exiting Vivado at Thu Apr  2 21:24:50 2026...
[Thu Apr  2 21:24:56 2026] synth_1 finished
wait_on_runs: Time (s): cpu = 00:00:00 ; elapsed = 00:01:00 . Memory (MB): peak = 454.668 ; gain = 0.000
# open_run synth_1
Design is defaulting to impl run constrset: constrs_1
Design is defaulting to synth run part: xc7z020clg484-1
INFO: [Device 21-403] Loading part xc7z020clg484-1
Netlist sorting complete. Time (s): cpu = 00:00:00 ; elapsed = 00:00:00 . Memory (MB): peak = 861.539 ; gain = 0.000
INFO: [Project 1-479] Netlist was created with Vivado 2022.2
INFO: [Project 1-570] Preparing netlist for logic optimization
INFO: [Opt 31-138] Pushed 0 inverter(s) to 0 load pin(s).
Netlist sorting complete. Time (s): cpu = 00:00:00 ; elapsed = 00:00:00 . Memory (MB): peak = 977.625 ; gain = 0.000
INFO: [Project 1-111] Unisim Transformation Summary:
No Unisim elements were transformed.

open_run: Time (s): cpu = 00:00:07 ; elapsed = 00:00:10 . Memory (MB): peak = 982.629 ; gain = 527.961
# write_checkpoint -force [file join $build_dir post_synth.dcp]
INFO: [Common 17-1381] The checkpoint 'C:/Users/narsi/Desktop/projects/Project_BUG/reg_PISO/reg_PISO_meta/reg_PISO_meta_D/build/post_synth.dcp' has been generated.
# launch_runs impl_1
[Thu Apr  2 21:25:07 2026] Launched impl_1...
Run output will be captured here: C:/Users/narsi/Desktop/projects/Project_BUG/reg_PISO/reg_PISO_meta/reg_PISO_meta_D/reg_PISO_meta_/reg_PISO_meta_bug.runs/impl_1/runme.log
# wait_on_run impl_1
[Thu Apr  2 21:25:07 2026] Waiting for impl_1 to finish...

*** Running vivado
    with args -log reg_PISO_meta.vdi -applog -m64 -product Vivado -messageDb vivado.pb -mode batch -source reg_PISO_meta.tcl -notrace



****** Vivado v2022.2 (64-bit)
  **** SW Build 3671981 on Fri Oct 14 05:00:03 MDT 2022
  **** IP Build 3669848 on Fri Oct 14 08:30:02 MDT 2022
    ** Copyright 1986-2022 Xilinx, Inc. All Rights Reserved.

source reg_PISO_meta.tcl -notrace
Command: open_checkpoint C:/Users/narsi/Desktop/projects/Project_BUG/reg_PISO/reg_PISO_meta/reg_PISO_meta_D/reg_PISO_meta_/reg_PISO_meta_bug.runs/impl_1/reg_PISO_meta.dcp
INFO: [Device 21-403] Loading part xc7z020clg484-1
Netlist sorting complete. Time (s): cpu = 00:00:00 ; elapsed = 00:00:00 . Memory (MB): peak = 860.641 ; gain = 0.000
INFO: [Project 1-479] Netlist was created with Vivado 2022.2
INFO: [Project 1-570] Preparing netlist for logic optimization
Netlist sorting complete. Time (s): cpu = 00:00:00 ; elapsed = 00:00:00 . Memory (MB): peak = 952.113 ; gain = 0.000
INFO: [Project 1-111] Unisim Transformation Summary:
No Unisim elements were transformed.

INFO: [Project 1-604] Checkpoint was created with Vivado v2022.2 (64-bit) build 3671981
OpenCheckpoint Checksum | Checksum: bfbb9ed5
----- Checksum: PlaceDB: 00000000 ShapeSum: bfbb9ed5 RouteDB: 00000000 
open_checkpoint: Time (s): cpu = 00:00:17 ; elapsed = 00:00:22 . Memory (MB): peak = 956.277 ; gain = 644.301
Command: opt_design
Attempting to get a license for feature 'Implementation' and/or device 'xc7z020'
INFO: [Common 17-349] Got license for feature 'Implementation' and/or device 'xc7z020'
Running DRC as a precondition to command opt_design

Starting DRC Task
INFO: [DRC 23-27] Running DRC with 2 threads
INFO: [Project 1-461] DRC finished with 0 Errors
INFO: [Project 1-462] Please refer to the DRC report (report_drc) for more information.

Time (s): cpu = 00:00:03 ; elapsed = 00:00:02 . Memory (MB): peak = 1007.336 ; gain = 28.973

Starting Cache Timing Information Task
INFO: [Timing 38-35] Done setting XDC timing constraints.
Ending Cache Timing Information Task | Checksum: f7021244

Time (s): cpu = 00:00:10 ; elapsed = 00:00:11 . Memory (MB): peak = 1550.773 ; gain = 543.438

Starting Logic Optimization Task

Phase 1 Retarget
INFO: [Opt 31-138] Pushed 0 inverter(s) to 0 load pin(s).
INFO: [Opt 31-49] Retargeted 0 cell(s).
Phase 1 Retarget | Checksum: f7021244

Time (s): cpu = 00:00:00 ; elapsed = 00:00:00.078 . Memory (MB): peak = 1884.691 ; gain = 0.000
INFO: [Opt 31-389] Phase Retarget created 0 cells and removed 0 cells

Phase 2 Constant propagation
INFO: [Opt 31-138] Pushed 0 inverter(s) to 0 load pin(s).
Phase 2 Constant propagation | Checksum: f7021244

Time (s): cpu = 00:00:00 ; elapsed = 00:00:00.082 . Memory (MB): peak = 1884.691 ; gain = 0.000
INFO: [Opt 31-389] Phase Constant propagation created 0 cells and removed 0 cells

Phase 3 Sweep
Phase 3 Sweep | Checksum: 124636441

Time (s): cpu = 00:00:00 ; elapsed = 00:00:00.107 . Memory (MB): peak = 1884.691 ; gain = 0.000
INFO: [Opt 31-389] Phase Sweep created 7 cells and removed 0 cells

Phase 4 BUFG optimization
Phase 4 BUFG optimization | Checksum: 124636441

Time (s): cpu = 00:00:00 ; elapsed = 00:00:00.169 . Memory (MB): peak = 1884.691 ; gain = 0.000
INFO: [Opt 31-662] Phase BUFG optimization created 0 cells of which 0 are BUFGs and removed 0 cells.

Phase 5 Shift Register Optimization
INFO: [Opt 31-1064] SRL Remap converted 0 SRLs to 0 registers and converted 0 registers of register chains to 0 SRLs
Phase 5 Shift Register Optimization | Checksum: 124636441

Time (s): cpu = 00:00:00 ; elapsed = 00:00:00.172 . Memory (MB): peak = 1884.691 ; gain = 0.000
INFO: [Opt 31-389] Phase Shift Register Optimization created 0 cells and removed 0 cells

Phase 6 Post Processing Netlist
Phase 6 Post Processing Netlist | Checksum: 124636441

Time (s): cpu = 00:00:00 ; elapsed = 00:00:00.174 . Memory (MB): peak = 1884.691 ; gain = 0.000
INFO: [Opt 31-389] Phase Post Processing Netlist created 0 cells and removed 0 cells
Opt_design Change Summary
=========================


-------------------------------------------------------------------------------------------------------------------------
|  Phase                        |  #Cells created  |  #Cells Removed  |  #Constrained objects preventing optimizations  |
-------------------------------------------------------------------------------------------------------------------------
|  Retarget                     |               0  |               0  |                                              0  |
|  Constant propagation         |               0  |               0  |                                              0  |
|  Sweep                        |               7  |               0  |                                              0  |
|  BUFG optimization            |               0  |               0  |                                              0  |
|  Shift Register Optimization  |               0  |               0  |                                              0  |
|  Post Processing Netlist      |               0  |               0  |                                              0  |
-------------------------------------------------------------------------------------------------------------------------



Starting Connectivity Check Task

Time (s): cpu = 00:00:00 ; elapsed = 00:00:00.001 . Memory (MB): peak = 1884.691 ; gain = 0.000
Ending Logic Optimization Task | Checksum: 1d60d2bc0

Time (s): cpu = 00:00:00 ; elapsed = 00:00:00.193 . Memory (MB): peak = 1884.691 ; gain = 0.000

Starting Power Optimization Task
INFO: [Pwropt 34-132] Skipping clock gating for clocks with a period < 2.00 ns.
Ending Power Optimization Task | Checksum: 1d60d2bc0

Time (s): cpu = 00:00:00 ; elapsed = 00:00:00.020 . Memory (MB): peak = 1884.691 ; gain = 0.000

Starting Final Cleanup Task
Ending Final Cleanup Task | Checksum: 1d60d2bc0

Time (s): cpu = 00:00:00 ; elapsed = 00:00:00.001 . Memory (MB): peak = 1884.691 ; gain = 0.000

Starting Netlist Obfuscation Task
Netlist sorting complete. Time (s): cpu = 00:00:00 ; elapsed = 00:00:00 . Memory (MB): peak = 1884.691 ; gain = 0.000
Ending Netlist Obfuscation Task | Checksum: 1d60d2bc0

Time (s): cpu = 00:00:00 ; elapsed = 00:00:00.001 . Memory (MB): peak = 1884.691 ; gain = 0.000
INFO: [Common 17-83] Releasing license: Implementation
22 Infos, 0 Warnings, 0 Critical Warnings and 0 Errors encountered.
opt_design completed successfully
opt_design: Time (s): cpu = 00:00:18 ; elapsed = 00:00:18 . Memory (MB): peak = 1884.691 ; gain = 928.414
INFO: [Common 17-1381] The checkpoint 'C:/Users/narsi/Desktop/projects/Project_BUG/reg_PISO/reg_PISO_meta/reg_PISO_meta_D/reg_PISO_meta_/reg_PISO_meta_bug.runs/impl_1/reg_PISO_meta_opt.dcp' has been generated.
INFO: [runtcl-4] Executing : report_drc -file reg_PISO_meta_drc_opted.rpt -pb reg_PISO_meta_drc_opted.pb -rpx reg_PISO_meta_drc_opted.rpx
Command: report_drc -file reg_PISO_meta_drc_opted.rpt -pb reg_PISO_meta_drc_opted.pb -rpx reg_PISO_meta_drc_opted.rpx
INFO: [IP_Flow 19-234] Refreshing IP repositories
INFO: [IP_Flow 19-1704] No user IP repositories specified
INFO: [IP_Flow 19-2313] Loaded Vivado IP repository 'C:/Xilinx/Vivado/2022.2/data/ip'.
INFO: [DRC 23-27] Running DRC with 2 threads
INFO: [Vivado_Tcl 2-168] The results of DRC are in file C:/Users/narsi/Desktop/projects/Project_BUG/reg_PISO/reg_PISO_meta/reg_PISO_meta_D/reg_PISO_meta_/reg_PISO_meta_bug.runs/impl_1/reg_PISO_meta_drc_opted.rpt.
report_drc completed successfully
Command: place_design
Attempting to get a license for feature 'Implementation' and/or device 'xc7z020'
INFO: [Common 17-349] Got license for feature 'Implementation' and/or device 'xc7z020'
INFO: [DRC 23-27] Running DRC with 2 threads
INFO: [Vivado_Tcl 4-198] DRC finished with 0 Errors
INFO: [Vivado_Tcl 4-199] Please refer to the DRC report (report_drc) for more information.
Running DRC as a precondition to command place_design
INFO: [DRC 23-27] Running DRC with 2 threads
CRITICAL WARNING: [DRC LUTLP-1] Combinatorial Loop Alert: 1 LUT cells form a combinatorial loop. This can create a race condition. Timing analysis may not be accurate. The preferred resolution is to modify the design to remove combinatorial logic loops. If the loop is known and understood, this DRC can be bypassed by acknowledging the condition and setting the following XDC constraint on any one of the nets in the loop: 'set_property ALLOW_COMBINATORIAL_LOOPS TRUE [get_nets <myHier/myNet>]'. One net in the loop is meta_node. Please evaluate your design. The cells in the loop are: Q_reg[7]_i_1.
INFO: [Vivado_Tcl 4-198] DRC finished with 0 Errors, 1 Critical Warnings
INFO: [Vivado_Tcl 4-199] Please refer to the DRC report (report_drc) for more information.

Starting Placer Task
INFO: [Place 30-611] Multithreading enabled for place_design using a maximum of 2 CPUs

Phase 1 Placer Initialization

Phase 1.1 Placer Initialization Netlist Sorting
Netlist sorting complete. Time (s): cpu = 00:00:00 ; elapsed = 00:00:00 . Memory (MB): peak = 1884.691 ; gain = 0.000
Phase 1.1 Placer Initialization Netlist Sorting | Checksum: fa6eced4

Time (s): cpu = 00:00:00 ; elapsed = 00:00:00.024 . Memory (MB): peak = 1884.691 ; gain = 0.000
Netlist sorting complete. Time (s): cpu = 00:00:00 ; elapsed = 00:00:00 . Memory (MB): peak = 1884.691 ; gain = 0.000

Phase 1.2 IO Placement/ Clock Placement/ Build Placer Device
INFO: [Timing 38-35] Done setting XDC timing constraints.
Phase 1.2 IO Placement/ Clock Placement/ Build Placer Device | Checksum: 1f34dd8cf

Time (s): cpu = 00:00:01 ; elapsed = 00:00:00.423 . Memory (MB): peak = 1884.691 ; gain = 0.000

Phase 1.3 Build Placer Netlist Model
Phase 1.3 Build Placer Netlist Model | Checksum: 2d86dbc50

Time (s): cpu = 00:00:01 ; elapsed = 00:00:00.533 . Memory (MB): peak = 1884.691 ; gain = 0.000

Phase 1.4 Constrain Clocks/Macros
Phase 1.4 Constrain Clocks/Macros | Checksum: 2d86dbc50

Time (s): cpu = 00:00:01 ; elapsed = 00:00:00.540 . Memory (MB): peak = 1884.691 ; gain = 0.000
Phase 1 Placer Initialization | Checksum: 2d86dbc50

Time (s): cpu = 00:00:01 ; elapsed = 00:00:00.554 . Memory (MB): peak = 1884.691 ; gain = 0.000

Phase 2 Global Placement

Phase 2.1 Floorplanning
Phase 2.1 Floorplanning | Checksum: 2d86dbc50

Time (s): cpu = 00:00:01 ; elapsed = 00:00:00.567 . Memory (MB): peak = 1884.691 ; gain = 0.000

Phase 2.2 Update Timing before SLR Path Opt
Phase 2.2 Update Timing before SLR Path Opt | Checksum: 2d86dbc50

Time (s): cpu = 00:00:01 ; elapsed = 00:00:00.569 . Memory (MB): peak = 1884.691 ; gain = 0.000

Phase 2.3 Post-Processing in Floorplanning
Phase 2.3 Post-Processing in Floorplanning | Checksum: 2d86dbc50

Time (s): cpu = 00:00:01 ; elapsed = 00:00:00.569 . Memory (MB): peak = 1884.691 ; gain = 0.000

Phase 2.4 Global Placement Core
WARNING: [Place 46-29] Timing had been disabled during Placer and, therefore, physical synthesis in Placer will be skipped.
Phase 2.4 Global Placement Core | Checksum: 25b846dc2

Time (s): cpu = 00:00:02 ; elapsed = 00:00:01 . Memory (MB): peak = 1884.691 ; gain = 0.000
Phase 2 Global Placement | Checksum: 25b846dc2

Time (s): cpu = 00:00:02 ; elapsed = 00:00:01 . Memory (MB): peak = 1884.691 ; gain = 0.000

Phase 3 Detail Placement

Phase 3.1 Commit Multi Column Macros
Phase 3.1 Commit Multi Column Macros | Checksum: 25b846dc2

Time (s): cpu = 00:00:02 ; elapsed = 00:00:01 . Memory (MB): peak = 1884.691 ; gain = 0.000

Phase 3.2 Commit Most Macros & LUTRAMs
Phase 3.2 Commit Most Macros & LUTRAMs | Checksum: 2196b6963

Time (s): cpu = 00:00:02 ; elapsed = 00:00:01 . Memory (MB): peak = 1884.691 ; gain = 0.000

Phase 3.3 Area Swap Optimization
Phase 3.3 Area Swap Optimization | Checksum: 28072022e

Time (s): cpu = 00:00:02 ; elapsed = 00:00:01 . Memory (MB): peak = 1884.691 ; gain = 0.000

Phase 3.4 Pipeline Register Optimization
Phase 3.4 Pipeline Register Optimization | Checksum: 28072022e

Time (s): cpu = 00:00:02 ; elapsed = 00:00:01 . Memory (MB): peak = 1884.691 ; gain = 0.000

Phase 3.5 Small Shape Detail Placement
Phase 3.5 Small Shape Detail Placement | Checksum: 2a87af87e

Time (s): cpu = 00:00:02 ; elapsed = 00:00:02 . Memory (MB): peak = 1884.691 ; gain = 0.000

Phase 3.6 Re-assign LUT pins
Phase 3.6 Re-assign LUT pins | Checksum: 2a87af87e

Time (s): cpu = 00:00:02 ; elapsed = 00:00:02 . Memory (MB): peak = 1884.691 ; gain = 0.000

Phase 3.7 Pipeline Register Optimization
Phase 3.7 Pipeline Register Optimization | Checksum: 2a87af87e

Time (s): cpu = 00:00:02 ; elapsed = 00:00:02 . Memory (MB): peak = 1884.691 ; gain = 0.000
Phase 3 Detail Placement | Checksum: 2a87af87e

Time (s): cpu = 00:00:02 ; elapsed = 00:00:02 . Memory (MB): peak = 1884.691 ; gain = 0.000

Phase 4 Post Placement Optimization and Clean-Up

Phase 4.1 Post Commit Optimization
Phase 4.1 Post Commit Optimization | Checksum: 2a87af87e

Time (s): cpu = 00:00:02 ; elapsed = 00:00:02 . Memory (MB): peak = 1884.691 ; gain = 0.000

Phase 4.2 Post Placement Cleanup
Phase 4.2 Post Placement Cleanup | Checksum: 2a87af87e

Time (s): cpu = 00:00:02 ; elapsed = 00:00:02 . Memory (MB): peak = 1884.691 ; gain = 0.000

Phase 4.3 Placer Reporting

Phase 4.3.1 Print Estimated Congestion
INFO: [Place 30-612] Post-Placement Estimated Congestion 
 ____________________________________________________
|           | Global Congestion | Short Congestion  |
| Direction | Region Size       | Region Size       |
|___________|___________________|___________________|
|      North|                1x1|                1x1|
|___________|___________________|___________________|
|      South|                1x1|                1x1|
|___________|___________________|___________________|
|       East|                1x1|                1x1|
|___________|___________________|___________________|
|       West|                1x1|                1x1|
|___________|___________________|___________________|

Phase 4.3.1 Print Estimated Congestion | Checksum: 2a87af87e

Time (s): cpu = 00:00:02 ; elapsed = 00:00:02 . Memory (MB): peak = 1884.691 ; gain = 0.000
Phase 4.3 Placer Reporting | Checksum: 2a87af87e

Time (s): cpu = 00:00:02 ; elapsed = 00:00:02 . Memory (MB): peak = 1884.691 ; gain = 0.000

Phase 4.4 Final Placement Cleanup
Netlist sorting complete. Time (s): cpu = 00:00:00 ; elapsed = 00:00:00 . Memory (MB): peak = 1884.691 ; gain = 0.000

Time (s): cpu = 00:00:02 ; elapsed = 00:00:02 . Memory (MB): peak = 1884.691 ; gain = 0.000
Phase 4 Post Placement Optimization and Clean-Up | Checksum: 2a87af87e

Time (s): cpu = 00:00:02 ; elapsed = 00:00:02 . Memory (MB): peak = 1884.691 ; gain = 0.000
Ending Placer Task | Checksum: 1f217ea8c

Time (s): cpu = 00:00:02 ; elapsed = 00:00:02 . Memory (MB): peak = 1884.691 ; gain = 0.000
INFO: [Common 17-83] Releasing license: Implementation
40 Infos, 1 Warnings, 1 Critical Warnings and 0 Errors encountered.
place_design completed successfully
Writing XDEF routing.
Writing XDEF routing logical nets.
Writing XDEF routing special nets.
Write XDEF Complete: Time (s): cpu = 00:00:01 ; elapsed = 00:00:00.176 . Memory (MB): peak = 1886.266 ; gain = 1.574
INFO: [Common 17-1381] The checkpoint 'C:/Users/narsi/Desktop/projects/Project_BUG/reg_PISO/reg_PISO_meta/reg_PISO_meta_D/reg_PISO_meta_/reg_PISO_meta_bug.runs/impl_1/reg_PISO_meta_placed.dcp' has been generated.
INFO: [runtcl-4] Executing : report_io -file reg_PISO_meta_io_placed.rpt
report_io: Time (s): cpu = 00:00:00 ; elapsed = 00:00:00.139 . Memory (MB): peak = 1886.266 ; gain = 0.000
INFO: [runtcl-4] Executing : report_utilization -file reg_PISO_meta_utilization_placed.rpt -pb reg_PISO_meta_utilization_placed.pb
INFO: [runtcl-4] Executing : report_control_sets -verbose -file reg_PISO_meta_control_sets_placed.rpt
report_control_sets: Time (s): cpu = 00:00:00 ; elapsed = 00:00:00.004 . Memory (MB): peak = 1886.266 ; gain = 0.000
Command: phys_opt_design
Attempting to get a license for feature 'Implementation' and/or device 'xc7z020'
INFO: [Common 17-349] Got license for feature 'Implementation' and/or device 'xc7z020'

Starting Initial Update Timing Task

Time (s): cpu = 00:00:00 ; elapsed = 00:00:00.039 . Memory (MB): peak = 1889.793 ; gain = 3.527
INFO: [Vivado_Tcl 4-235] No timing constraint found. The netlist was not modified.
INFO: [Common 17-83] Releasing license: Implementation
47 Infos, 1 Warnings, 1 Critical Warnings and 0 Errors encountered.
phys_opt_design completed successfully
Writing XDEF routing.
Writing XDEF routing logical nets.
Writing XDEF routing special nets.
Write XDEF Complete: Time (s): cpu = 00:00:00 ; elapsed = 00:00:00.088 . Memory (MB): peak = 1907.684 ; gain = 17.891
INFO: [Common 17-1381] The checkpoint 'C:/Users/narsi/Desktop/projects/Project_BUG/reg_PISO/reg_PISO_meta/reg_PISO_meta_D/reg_PISO_meta_/reg_PISO_meta_bug.runs/impl_1/reg_PISO_meta_physopt.dcp' has been generated.
Command: route_design
Attempting to get a license for feature 'Implementation' and/or device 'xc7z020'
INFO: [Common 17-349] Got license for feature 'Implementation' and/or device 'xc7z020'
Running DRC as a precondition to command route_design
INFO: [DRC 23-27] Running DRC with 2 threads
CRITICAL WARNING: [DRC LUTLP-1] Combinatorial Loop Alert: 1 LUT cells form a combinatorial loop. This can create a race condition. Timing analysis may not be accurate. The preferred resolution is to modify the design to remove combinatorial logic loops. If the loop is known and understood, this DRC can be bypassed by acknowledging the condition and setting the following XDC constraint on any one of the nets in the loop: 'set_property ALLOW_COMBINATORIAL_LOOPS TRUE [get_nets <myHier/myNet>]'. One net in the loop is meta_node. Please evaluate your design. The cells in the loop are: Q_reg[7]_i_1.
INFO: [Vivado_Tcl 4-198] DRC finished with 0 Errors, 1 Critical Warnings
INFO: [Vivado_Tcl 4-199] Please refer to the DRC report (report_drc) for more information.


Starting Routing Task
INFO: [Route 35-254] Multithreading enabled for route_design using a maximum of 2 CPUs

Phase 1 Build RT Design
Checksum: PlaceDB: f7a91bb8 ConstDB: 0 ShapeSum: fa6eced4 RouteDB: 0
Post Restoration Checksum: NetGraph: 52609ec2 NumContArr: 4cda7625 Constraints: 0 Timing: 0
Phase 1 Build RT Design | Checksum: 9f3b14e7

Time (s): cpu = 00:00:41 ; elapsed = 00:00:36 . Memory (MB): peak = 2008.414 ; gain = 91.617

Phase 2 Router Initialization
INFO: [Route 35-64] No timing constraints were detected. The router will operate in resource-optimization mode.

Phase 2.1 Fix Topology Constraints
Phase 2.1 Fix Topology Constraints | Checksum: 9f3b14e7

Time (s): cpu = 00:00:41 ; elapsed = 00:00:36 . Memory (MB): peak = 2015.023 ; gain = 98.227

Phase 2.2 Pre Route Cleanup
Phase 2.2 Pre Route Cleanup | Checksum: 9f3b14e7

Time (s): cpu = 00:00:41 ; elapsed = 00:00:36 . Memory (MB): peak = 2015.023 ; gain = 98.227
 Number of Nodes with overlaps = 0

Router Utilization Summary
  Global Vertical Routing Utilization    = 0 %
  Global Horizontal Routing Utilization  = 0 %
  Routable Net Status*
  *Does not include unroutable nets such as driverless and loadless.
  Run report_route_status for detailed report.
  Number of Failed Nets               = 34
    (Failed Nets is the sum of unrouted and partially routed nets)
  Number of Unrouted Nets             = 34
  Number of Partially Routed Nets     = 0
  Number of Node Overlaps             = 0

Phase 2 Router Initialization | Checksum: b08259e3

Time (s): cpu = 00:00:41 ; elapsed = 00:00:37 . Memory (MB): peak = 2028.887 ; gain = 112.090

Phase 3 Initial Routing

Phase 3.1 Global Routing
Phase 3.1 Global Routing | Checksum: b08259e3

Time (s): cpu = 00:00:41 ; elapsed = 00:00:37 . Memory (MB): peak = 2028.887 ; gain = 112.090
Phase 3 Initial Routing | Checksum: 141b67359

Time (s): cpu = 00:00:41 ; elapsed = 00:00:37 . Memory (MB): peak = 2028.887 ; gain = 112.090

Phase 4 Rip-up And Reroute

Phase 4.1 Global Iteration 0
 Number of Nodes with overlaps = 0
Phase 4.1 Global Iteration 0 | Checksum: 1b4e1ff00

Time (s): cpu = 00:00:41 ; elapsed = 00:00:37 . Memory (MB): peak = 2028.887 ; gain = 112.090
Phase 4 Rip-up And Reroute | Checksum: 1b4e1ff00

Time (s): cpu = 00:00:41 ; elapsed = 00:00:37 . Memory (MB): peak = 2028.887 ; gain = 112.090

Phase 5 Delay and Skew Optimization
Phase 5 Delay and Skew Optimization | Checksum: 1b4e1ff00

Time (s): cpu = 00:00:41 ; elapsed = 00:00:37 . Memory (MB): peak = 2028.887 ; gain = 112.090

Phase 6 Post Hold Fix

Phase 6.1 Hold Fix Iter
Phase 6.1 Hold Fix Iter | Checksum: 1b4e1ff00

Time (s): cpu = 00:00:41 ; elapsed = 00:00:37 . Memory (MB): peak = 2028.887 ; gain = 112.090
Phase 6 Post Hold Fix | Checksum: 1b4e1ff00

Time (s): cpu = 00:00:41 ; elapsed = 00:00:37 . Memory (MB): peak = 2028.887 ; gain = 112.090

Phase 7 Route finalize

Router Utilization Summary
  Global Vertical Routing Utilization    = 0.00574713 %
  Global Horizontal Routing Utilization  = 0.00515551 %
  Routable Net Status*
  *Does not include unroutable nets such as driverless and loadless.
  Run report_route_status for detailed report.
  Number of Failed Nets               = 0
    (Failed Nets is the sum of unrouted and partially routed nets)
  Number of Unrouted Nets             = 0
  Number of Partially Routed Nets     = 0
  Number of Node Overlaps             = 0

Congestion Report
North Dir 1x1 Area, Max Cong = 3.6036%, No Congested Regions.
South Dir 1x1 Area, Max Cong = 23.4234%, No Congested Regions.
East Dir 1x1 Area, Max Cong = 11.7647%, No Congested Regions.
West Dir 1x1 Area, Max Cong = 17.6471%, No Congested Regions.

------------------------------
Reporting congestion hotspots
------------------------------
Direction: North
----------------
Congested clusters found at Level 0
Effective congestion level: 0 Aspect Ratio: 1 Sparse Ratio: 0
Direction: South
----------------
Congested clusters found at Level 0
Effective congestion level: 0 Aspect Ratio: 1 Sparse Ratio: 0
Direction: East
----------------
Congested clusters found at Level 0
Effective congestion level: 0 Aspect Ratio: 1 Sparse Ratio: 0
Direction: West
----------------
Congested clusters found at Level 0
Effective congestion level: 0 Aspect Ratio: 1 Sparse Ratio: 0

Phase 7 Route finalize | Checksum: 1b4e1ff00

Time (s): cpu = 00:00:42 ; elapsed = 00:00:37 . Memory (MB): peak = 2028.887 ; gain = 112.090

Phase 8 Verifying routed nets

 Verification completed successfully
Phase 8 Verifying routed nets | Checksum: 1b4e1ff00

Time (s): cpu = 00:00:42 ; elapsed = 00:00:37 . Memory (MB): peak = 2028.887 ; gain = 112.090

Phase 9 Depositing Routes
Phase 9 Depositing Routes | Checksum: f21f3b51

Time (s): cpu = 00:00:42 ; elapsed = 00:00:37 . Memory (MB): peak = 2028.887 ; gain = 112.090
INFO: [Route 35-16] Router Completed Successfully

Time (s): cpu = 00:00:42 ; elapsed = 00:00:37 . Memory (MB): peak = 2028.887 ; gain = 112.090

Routing Is Done.
INFO: [Common 17-83] Releasing license: Implementation
56 Infos, 1 Warnings, 2 Critical Warnings and 0 Errors encountered.
route_design completed successfully
route_design: Time (s): cpu = 00:00:44 ; elapsed = 00:00:38 . Memory (MB): peak = 2028.887 ; gain = 121.203
Writing XDEF routing.
Writing XDEF routing logical nets.
Writing XDEF routing special nets.
Write XDEF Complete: Time (s): cpu = 00:00:00 ; elapsed = 00:00:00.079 . Memory (MB): peak = 2039.523 ; gain = 10.637
INFO: [Common 17-1381] The checkpoint 'C:/Users/narsi/Desktop/projects/Project_BUG/reg_PISO/reg_PISO_meta/reg_PISO_meta_D/reg_PISO_meta_/reg_PISO_meta_bug.runs/impl_1/reg_PISO_meta_routed.dcp' has been generated.
INFO: [runtcl-4] Executing : report_drc -file reg_PISO_meta_drc_routed.rpt -pb reg_PISO_meta_drc_routed.pb -rpx reg_PISO_meta_drc_routed.rpx
Command: report_drc -file reg_PISO_meta_drc_routed.rpt -pb reg_PISO_meta_drc_routed.pb -rpx reg_PISO_meta_drc_routed.rpx
INFO: [IP_Flow 19-1839] IP Catalog is up to date.
INFO: [DRC 23-27] Running DRC with 2 threads
INFO: [Vivado_Tcl 2-168] The results of DRC are in file C:/Users/narsi/Desktop/projects/Project_BUG/reg_PISO/reg_PISO_meta/reg_PISO_meta_D/reg_PISO_meta_/reg_PISO_meta_bug.runs/impl_1/reg_PISO_meta_drc_routed.rpt.
report_drc completed successfully
INFO: [runtcl-4] Executing : report_methodology -file reg_PISO_meta_methodology_drc_routed.rpt -pb reg_PISO_meta_methodology_drc_routed.pb -rpx reg_PISO_meta_methodology_drc_routed.rpx
Command: report_methodology -file reg_PISO_meta_methodology_drc_routed.rpt -pb reg_PISO_meta_methodology_drc_routed.pb -rpx reg_PISO_meta_methodology_drc_routed.rpx
INFO: [Timing 38-35] Done setting XDC timing constraints.
INFO: [DRC 23-133] Running Methodology with 2 threads
INFO: [Vivado_Tcl 2-1520] The results of Report Methodology are in file C:/Users/narsi/Desktop/projects/Project_BUG/reg_PISO/reg_PISO_meta/reg_PISO_meta_D/reg_PISO_meta_/reg_PISO_meta_bug.runs/impl_1/reg_PISO_meta_methodology_drc_routed.rpt.
report_methodology completed successfully
INFO: [runtcl-4] Executing : report_power -file reg_PISO_meta_power_routed.rpt -pb reg_PISO_meta_power_summary_routed.pb -rpx reg_PISO_meta_power_routed.rpx
Command: report_power -file reg_PISO_meta_power_routed.rpt -pb reg_PISO_meta_power_summary_routed.pb -rpx reg_PISO_meta_power_routed.rpx
INFO: [Timing 38-35] Done setting XDC timing constraints.
WARNING: [Power 33-232] No user defined clocks were found in the design! Power estimation will be inaccurate until this is corrected.
Resolution: Please specify clocks using create_clock/create_generated_clock for sequential elements. For pure combinatorial circuits, please specify a virtual clock, otherwise the vectorless estimation might be inaccurate
Running Vector-less Activity Propagation...

Finished Running Vector-less Activity Propagation
67 Infos, 2 Warnings, 2 Critical Warnings and 0 Errors encountered.
report_power completed successfully
INFO: [runtcl-4] Executing : report_route_status -file reg_PISO_meta_route_status.rpt -pb reg_PISO_meta_route_status.pb
INFO: [runtcl-4] Executing : report_timing_summary -max_paths 10 -report_unconstrained -file reg_PISO_meta_timing_summary_routed.rpt -pb reg_PISO_meta_timing_summary_routed.pb -rpx reg_PISO_meta_timing_summary_routed.rpx -warn_on_violation 
INFO: [Timing 38-91] UpdateTimingParams: Speed grade: -1, Delay Type: min_max.
INFO: [Timing 38-191] Multithreading enabled for timing update using a maximum of 2 CPUs
WARNING: [Timing 38-313] There are no user specified timing constraints. Timing constraints are needed for proper timing analysis.
INFO: [runtcl-4] Executing : report_incremental_reuse -file reg_PISO_meta_incremental_reuse_routed.rpt
INFO: [Vivado_Tcl 4-1062] Incremental flow is disabled. No incremental reuse Info to report.
INFO: [runtcl-4] Executing : report_clock_utilization -file reg_PISO_meta_clock_utilization_routed.rpt
INFO: [runtcl-4] Executing : report_bus_skew -warn_on_violation -file reg_PISO_meta_bus_skew_routed.rpt -pb reg_PISO_meta_bus_skew_routed.pb -rpx reg_PISO_meta_bus_skew_routed.rpx
INFO: [Timing 38-91] UpdateTimingParams: Speed grade: -1, Delay Type: min_max.
INFO: [Timing 38-191] Multithreading enabled for timing update using a maximum of 2 CPUs
INFO: [Common 17-206] Exiting Vivado at Thu Apr  2 21:26:53 2026...
[Thu Apr  2 21:26:58 2026] impl_1 finished
wait_on_runs: Time (s): cpu = 00:00:00 ; elapsed = 00:01:51 . Memory (MB): peak = 982.629 ; gain = 0.000
# open_run impl_1
Netlist sorting complete. Time (s): cpu = 00:00:00 ; elapsed = 00:00:00.001 . Memory (MB): peak = 982.629 ; gain = 0.000
INFO: [Project 1-479] Netlist was created with Vivado 2022.2
INFO: [Project 1-570] Preparing netlist for logic optimization
Reading XDEF placement.
Reading placer database...
Reading XDEF routing.
Read XDEF Files: Time (s): cpu = 00:00:01 ; elapsed = 00:00:00.297 . Memory (MB): peak = 1094.195 ; gain = 24.855
Restored from archive | CPU: 1.000000 secs | Memory: 0.000000 MB |
Finished XDEF File Restore: Time (s): cpu = 00:00:01 ; elapsed = 00:00:00.302 . Memory (MB): peak = 1094.195 ; gain = 24.855
Netlist sorting complete. Time (s): cpu = 00:00:00 ; elapsed = 00:00:00 . Memory (MB): peak = 1480.809 ; gain = 0.000
INFO: [Project 1-111] Unisim Transformation Summary:
No Unisim elements were transformed.

# report_utilization    -file [file join $build_dir utilization.rpt]
# report_timing_summary -file [file join $build_dir timing_summary.rpt]
INFO: [Timing 38-35] Done setting XDC timing constraints.
INFO: [Timing 38-91] UpdateTimingParams: Speed grade: -1, Delay Type: min_max.
INFO: [Timing 38-191] Multithreading enabled for timing update using a maximum of 2 CPUs
report_timing_summary: Time (s): cpu = 00:00:07 ; elapsed = 00:00:07 . Memory (MB): peak = 1652.328 ; gain = 171.520
# set sim_log [file join $build_dir sim.log]
# if {$run_sim} {
#   launch_simulation -simset sim_1 -mode behavioral
#   log_wave -recursive *
#   run all
#   catch { write_waveform -file [file join $build_dir waveform.wdb] }
#   if {[file exists "vivado.log"]} {
#     file copy -force "vivado.log" $sim_log
#   } else {
#     # create empty log
#     set fd [open $sim_log w]; puts $fd "No vivado.log"; close $fd
#   }
# } else {
#   # no sim run
#   set fd [open $sim_log w]; puts $fd "Simulation not run (no TB)"; close $fd
# }
Command: launch_simulation  -simset sim_1 -mode behavioral
INFO: [Vivado 12-12493] Simulation top is 'reg_PISO_meta_tb'
WARNING: [Vivado 12-13340] Unable to auto find GCC executables from simulator install path! (path not set)
WARNING: [Vivado 12-13277] Compiled library path does not exist: ''
INFO: [Vivado 12-5682] Launching behavioral simulation in 'C:/Users/narsi/Desktop/projects/Project_BUG/reg_PISO/reg_PISO_meta/reg_PISO_meta_D/reg_PISO_meta_/reg_PISO_meta_bug.sim/sim_1/behav/xsim'
INFO: [SIM-utils-51] Simulation object is 'sim_1'
INFO: [SIM-utils-72] Using boost library from 'C:/Xilinx/Vivado/2022.2/tps/boost_1_72_0'
INFO: [SIM-utils-54] Inspecting design source files for 'reg_PISO_meta_tb' in fileset 'sim_1'...
INFO: [USF-XSim-97] Finding global include files...
INFO: [USF-XSim-98] Fetching design files from 'sim_1'...
INFO: [USF-XSim-2] XSim::Compile design
INFO: [USF-XSim-61] Executing 'COMPILE and ANALYZE' step in 'C:/Users/narsi/Desktop/projects/Project_BUG/reg_PISO/reg_PISO_meta/reg_PISO_meta_D/reg_PISO_meta_/reg_PISO_meta_bug.sim/sim_1/behav/xsim'
"xvhdl --incr --relax -prj reg_PISO_meta_tb_vhdl.prj"
INFO: [VRFC 10-163] Analyzing VHDL file "C:/Users/narsi/Desktop/projects/Project_BUG/reg_PISO/reg_PISO_meta/reg_PISO_meta_D/rtl/reg_PISO_meta.vhd" into library xil_defaultlib
INFO: [VRFC 10-3107] analyzing entity 'reg_PISO_meta'
INFO: [VRFC 10-163] Analyzing VHDL file "C:/Users/narsi/Desktop/projects/Project_BUG/reg_PISO/reg_PISO_meta/reg_PISO_meta_D/tb/reg_PISO_meta_tb.vhd" into library xil_defaultlib
INFO: [VRFC 10-3107] analyzing entity 'reg_PISO_meta_tb'
INFO: [USF-XSim-69] 'compile' step finished in '2' seconds
INFO: [USF-XSim-3] XSim::Elaborate design
INFO: [USF-XSim-61] Executing 'ELABORATE' step in 'C:/Users/narsi/Desktop/projects/Project_BUG/reg_PISO/reg_PISO_meta/reg_PISO_meta_D/reg_PISO_meta_/reg_PISO_meta_bug.sim/sim_1/behav/xsim'
"xelab --incr --debug typical --relax --mt 2 -L xil_defaultlib -L secureip --snapshot reg_PISO_meta_tb_behav xil_defaultlib.reg_PISO_meta_tb -log elaborate.log"
Vivado Simulator v2022.2
Copyright 1986-1999, 2001-2022 Xilinx, Inc. All Rights Reserved.
Running: C:/Xilinx/Vivado/2022.2/bin/unwrapped/win64.o/xelab.exe --incr --debug typical --relax --mt 2 -L xil_defaultlib -L secureip --snapshot reg_PISO_meta_tb_behav xil_defaultlib.reg_PISO_meta_tb -log elaborate.log 
Using 2 slave threads.
Starting static elaboration
Completed static elaboration
Starting simulation data flow analysis
Completed simulation data flow analysis
Time Resolution for simulation is 1ps
Compiling package std.standard
Compiling package std.textio
Compiling package ieee.std_logic_1164
Compiling package ieee.numeric_std
Compiling package std.env
Compiling architecture behavioral of entity xil_defaultlib.reg_PISO_meta [reg_piso_meta_default]
Compiling architecture behavioral of entity xil_defaultlib.reg_piso_meta_tb
Built simulation snapshot reg_PISO_meta_tb_behav
INFO: [USF-XSim-69] 'elaborate' step finished in '3' seconds
INFO: [USF-XSim-4] XSim::Simulate design
INFO: [USF-XSim-61] Executing 'SIMULATE' step in 'C:/Users/narsi/Desktop/projects/Project_BUG/reg_PISO/reg_PISO_meta/reg_PISO_meta_D/reg_PISO_meta_/reg_PISO_meta_bug.sim/sim_1/behav/xsim'
INFO: [USF-XSim-98] *** Running xsim
   with args "reg_PISO_meta_tb_behav -key {Behavioral:sim_1:Functional:reg_PISO_meta_tb} -tclbatch {reg_PISO_meta_tb.tcl} -log {simulate.log}"
INFO: [USF-XSim-8] Loading simulator feature
Time resolution is 1 ps
source reg_PISO_meta_tb.tcl
## current_wave_config
Error: ERROR: Load failed :- METASTABILITY
Time: 26 ns  Iteration: 0  Process: /reg_PISO_meta_tb/stim  File: C:/Users/narsi/Desktop/projects/Project_BUG/reg_PISO/reg_PISO_meta/reg_PISO_meta_D/tb/reg_PISO_meta_tb.vhd
Note: Simulation completed successfully.
Time: 106 ns  Iteration: 0  Process: /reg_PISO_meta_tb/stim  File: C:/Users/narsi/Desktop/projects/Project_BUG/reg_PISO/reg_PISO_meta/reg_PISO_meta_D/tb/reg_PISO_meta_tb.vhd
$stop called at time : 156 ns : File "C:/Users/narsi/Desktop/projects/Project_BUG/reg_PISO/reg_PISO_meta/reg_PISO_meta_D/tb/reg_PISO_meta_tb.vhd" Line 119
INFO: [USF-XSim-96] XSim completed. Design snapshot 'reg_PISO_meta_tb_behav' loaded.
INFO: [USF-XSim-97] XSim simulation ran for 1000ns
launch_simulation: Time (s): cpu = 00:00:00 ; elapsed = 00:00:08 . Memory (MB): peak = 1663.555 ; gain = 11.227
Error: ERROR: Load failed :- METASTABILITY
Time: 186 ns  Iteration: 0  Process: /reg_PISO_meta_tb/stim  File: C:/Users/narsi/Desktop/projects/Project_BUG/reg_PISO/reg_PISO_meta/reg_PISO_meta_D/tb/reg_PISO_meta_tb.vhd
Note: Simulation completed successfully.
Time: 266 ns  Iteration: 0  Process: /reg_PISO_meta_tb/stim  File: C:/Users/narsi/Desktop/projects/Project_BUG/reg_PISO/reg_PISO_meta/reg_PISO_meta_D/tb/reg_PISO_meta_tb.vhd
$stop called at time : 316 ns : File "C:/Users/narsi/Desktop/projects/Project_BUG/reg_PISO/reg_PISO_meta/reg_PISO_meta_D/tb/reg_PISO_meta_tb.vhd" Line 119
