#-----------------------------------------------------------
# Vivado v2022.2 (64-bit)
# SW Build 3671981 on Fri Oct 14 05:00:03 MDT 2022
# IP Build 3669848 on Fri Oct 14 08:30:02 MDT 2022
# Start of session at: Tue Apr  7 17:27:58 2026
# Process ID: 18732
# Current directory: C:/Users/narsi/Desktop/projects/Project_BUG/f_uart/f_uart_cdc
# Command line: vivado.exe -mode batch -source build.tcl
# Log file: C:/Users/narsi/Desktop/projects/Project_BUG/f_uart/f_uart_cdc/vivado.log
# Journal file: C:/Users/narsi/Desktop/projects/Project_BUG/f_uart/f_uart_cdc\vivado.jou
# Running On: Milan, OS: Windows, CPU Frequency: 1797 MHz, CPU Physical cores: 16, Host memory: 6297 MB
#-----------------------------------------------------------
source build.tcl
# set main_project_name "f_uart_cdc_D"
# set proj_name   "f_uart_cdc_bug"
# set proj_dir    "./$main_project_name/f_uart_cdc_"
# set build_dir   "./$main_project_name/build"
# set part        "xc7z020clg484-1"
# set rtl_glob    "./$main_project_name/rtl/*.vhd"
# set tb_glob     "./$main_project_name/tb/*_tb.vhd"
# set xdc_glob    "./$main_project_name/constraints/*.xdc"
# set rtl_top_e   "f_uart_cdc"
# set tb_top_e   "f_uart_cdc_tb"
# set rtl_top     "./$main_project_name/rtl"
# set tb_top      "./$main_project_name/tb"
# set vivado_tool "Vivado 2022.2"
# set rtl_dir     "./rtl"
# set tb_dir      "./tb"
# set src_dir [glob -type d ./*.srcs]
# set full_src_rtl "$src_dir/sources_1/new"
# set full_src_tb "$src_dir/sim_1/new"
# catch {file mkdir $main_project_name}
# if {[file exists $build_dir]} {
#     puts "Cleaning build directory: $build_dir"
#     file delete -force $build_dir
# }
# file mkdir $build_dir
# catch { exec cmd.exe /c robocopy "./" "./$main_project_name" build.tcl run_case.dat } result
# if {![file exists $tb_top]} {
# catch {file mkdir $rtl_top}
# catch {file mkdir $tb_top}
# catch { exec cmd.exe /c robocopy "$full_src_tb" "$tb_top" /E } result
# catch { exec cmd.exe /c robocopy "$full_src_rtl" "$rtl_top" /E } result
# }
# create_project $proj_name $proj_dir -part $part -force
INFO: [ProjectBase 1-489] The host OS only allows 260 characters in a normal path. The project is stored in a path with more than 80 characters. If you experience issues with IP, Block Designs, or files not being found, please consider moving the project to a location with a shorter path. Alternately consider using the OS subst command to map part of the path to a drive letter.
Current project path is 'C:/Users/narsi/Desktop/projects/Project_BUG/f_uart/f_uart_cdc/f_uart_cdc_D/f_uart_cdc_'
create_project: Time (s): cpu = 00:00:10 ; elapsed = 00:00:14 . Memory (MB): peak = 431.098 ; gain = 110.738
# foreach f [glob -nocomplain $rtl_glob] {
#   add_files $f
# }
# set_property top $rtl_top_e [current_fileset]
# update_compile_order -fileset sources_1
# set tb_list [glob -nocomplain $tb_glob]
# set run_sim 0
# if {[llength $tb_list] > 0} {
#   set run_sim 1
#   foreach f $tb_list {
#     add_files -fileset sim_1 $f
#   }
#   catch { set_property top $tb_top_e [get_filesets sim_1] }
#   update_compile_order -fileset sim_1
# }
# launch_runs synth_1
WARNING: [Vivado 12-7122] Auto Incremental Compile:: No reference checkpoint was found in run synth_1. Auto-incremental flow will not be run, the standard flow will be run instead.
[Tue Apr  7 17:28:22 2026] Launched synth_1...
Run output will be captured here: C:/Users/narsi/Desktop/projects/Project_BUG/f_uart/f_uart_cdc/f_uart_cdc_D/f_uart_cdc_/f_uart_cdc_bug.runs/synth_1/runme.log
# wait_on_run synth_1
[Tue Apr  7 17:28:22 2026] Waiting for synth_1 to finish...

*** Running vivado
    with args -log f_uart_cdc.vds -m64 -product Vivado -mode batch -messageDb vivado.pb -notrace -source f_uart_cdc.tcl



****** Vivado v2022.2 (64-bit)
  **** SW Build 3671981 on Fri Oct 14 05:00:03 MDT 2022
  **** IP Build 3669848 on Fri Oct 14 08:30:02 MDT 2022
    ** Copyright 1986-2022 Xilinx, Inc. All Rights Reserved.

source f_uart_cdc.tcl -notrace
create_project: Time (s): cpu = 00:00:10 ; elapsed = 00:00:11 . Memory (MB): peak = 431.008 ; gain = 109.543
Command: synth_design -top f_uart_cdc -part xc7z020clg484-1
Starting synth_design
Attempting to get a license for feature 'Synthesis' and/or device 'xc7z020'
INFO: [Common 17-349] Got license for feature 'Synthesis' and/or device 'xc7z020'
INFO: [Synth 8-7079] Multithreading enabled for synth_design using a maximum of 2 processes.
INFO: [Synth 8-7078] Launching helper process for spawning children vivado processes
INFO: [Synth 8-7075] Helper process launched with PID 24608
INFO: [Synth 8-11241] undeclared symbol 'REGCCE', assumed default net type 'wire' [C:/Xilinx/Vivado/2022.2/data/verilog/src/unimacro/BRAM_SINGLE_MACRO.v:2170]
---------------------------------------------------------------------------------
Starting Synthesize : Time (s): cpu = 00:00:07 ; elapsed = 00:00:07 . Memory (MB): peak = 865.793 ; gain = 409.621
---------------------------------------------------------------------------------
INFO: [Synth 8-638] synthesizing module 'f_uart_cdc' [C:/Users/narsi/Desktop/projects/Project_BUG/f_uart/f_uart_cdc/f_uart_cdc_D/rtl/f_uart_cdc.vhd:27]
INFO: [Synth 8-638] synthesizing module 'FIFO_cdc' [C:/Users/narsi/Desktop/projects/Project_BUG/f_uart/f_uart_cdc/f_uart_cdc_D/rtl/FIFO_cdc.vhd:45]
	Parameter f_WIDTH bound to: 8 - type: integer 
	Parameter f_DEPTH bound to: 32 - type: integer 
INFO: [Synth 8-256] done synthesizing module 'FIFO_cdc' (0#1) [C:/Users/narsi/Desktop/projects/Project_BUG/f_uart/f_uart_cdc/f_uart_cdc_D/rtl/FIFO_cdc.vhd:45]
INFO: [Synth 8-638] synthesizing module 'UART_TX_cdc' [C:/Users/narsi/Desktop/projects/Project_BUG/f_uart/f_uart_cdc/f_uart_cdc_D/rtl/UART_TX_cdc.vhd:47]
	Parameter CLKS_PER_BIT bound to: 868 - type: integer 
INFO: [Synth 8-256] done synthesizing module 'UART_TX_cdc' (0#1) [C:/Users/narsi/Desktop/projects/Project_BUG/f_uart/f_uart_cdc/f_uart_cdc_D/rtl/UART_TX_cdc.vhd:47]
INFO: [Synth 8-256] done synthesizing module 'f_uart_cdc' (0#1) [C:/Users/narsi/Desktop/projects/Project_BUG/f_uart/f_uart_cdc/f_uart_cdc_D/rtl/f_uart_cdc.vhd:27]
---------------------------------------------------------------------------------
Finished Synthesize : Time (s): cpu = 00:00:09 ; elapsed = 00:00:10 . Memory (MB): peak = 956.574 ; gain = 500.402
---------------------------------------------------------------------------------
---------------------------------------------------------------------------------
Finished Constraint Validation : Time (s): cpu = 00:00:09 ; elapsed = 00:00:10 . Memory (MB): peak = 956.574 ; gain = 500.402
---------------------------------------------------------------------------------
---------------------------------------------------------------------------------
Start Loading Part and Timing Information
---------------------------------------------------------------------------------
Loading part: xc7z020clg484-1
---------------------------------------------------------------------------------
Finished Loading Part and Timing Information : Time (s): cpu = 00:00:09 ; elapsed = 00:00:10 . Memory (MB): peak = 956.574 ; gain = 500.402
---------------------------------------------------------------------------------
INFO: [Device 21-403] Loading part xc7z020clg484-1
INFO: [Synth 8-802] inferred FSM for state register 'state_reg' in module 'UART_TX_cdc'
INFO: [Synth 8-802] inferred FSM for state register 'state_reg_reg' in module 'f_uart_cdc'
---------------------------------------------------------------------------------------------------
                   State |                     New Encoding |                Previous Encoding 
---------------------------------------------------------------------------------------------------
                    idle |                              000 |                              000
               start_bit |                              001 |                              001
               data_bits |                              010 |                              010
                stop_bit |                              011 |                              011
                 cleanup |                              100 |                              100
---------------------------------------------------------------------------------------------------
INFO: [Synth 8-3354] encoded FSM with state register 'state_reg' using encoding 'sequential' in module 'UART_TX_cdc'
---------------------------------------------------------------------------------------------------
                   State |                     New Encoding |                Previous Encoding 
---------------------------------------------------------------------------------------------------
                    idle |                              001 |                               00
               read_fifo |                              010 |                               01
              start_uart |                              100 |                               10
---------------------------------------------------------------------------------------------------
INFO: [Synth 8-3354] encoded FSM with state register 'state_reg_reg' using encoding 'one-hot' in module 'f_uart_cdc'
---------------------------------------------------------------------------------
Finished RTL Optimization Phase 2 : Time (s): cpu = 00:00:10 ; elapsed = 00:00:11 . Memory (MB): peak = 956.574 ; gain = 500.402
---------------------------------------------------------------------------------
No constraint files found.
---------------------------------------------------------------------------------
Start RTL Component Statistics 
---------------------------------------------------------------------------------
Detailed RTL Component Info : 
+---Adders : 
	   2 Input   10 Bit       Adders := 1     
	   3 Input    7 Bit       Adders := 1     
	   2 Input    6 Bit       Adders := 2     
	   2 Input    5 Bit       Adders := 4     
	   2 Input    3 Bit       Adders := 1     
+---Registers : 
	               10 Bit    Registers := 1     
	                8 Bit    Registers := 3     
	                6 Bit    Registers := 2     
	                5 Bit    Registers := 3     
	                3 Bit    Registers := 1     
	                1 Bit    Registers := 7     
+---RAMs : 
	              256 Bit	(32 X 8 bit)          RAMs := 1     
+---Muxes : 
	   2 Input   10 Bit        Muxes := 1     
	   2 Input    3 Bit        Muxes := 1     
	   5 Input    3 Bit        Muxes := 1     
	   5 Input    1 Bit        Muxes := 9     
	   3 Input    1 Bit        Muxes := 2     
---------------------------------------------------------------------------------
Finished RTL Component Statistics 
---------------------------------------------------------------------------------
---------------------------------------------------------------------------------
Start Part Resource Summary
---------------------------------------------------------------------------------
Part Resources:
DSPs: 220 (col length:60)
BRAMs: 280 (col length: RAMB18 60 RAMB36 30)
---------------------------------------------------------------------------------
Finished Part Resource Summary
---------------------------------------------------------------------------------
No constraint files found.
---------------------------------------------------------------------------------
Start Cross Boundary and Area Optimization
---------------------------------------------------------------------------------
WARNING: [Synth 8-7080] Parallel synthesis criteria is not met
---------------------------------------------------------------------------------
Finished Cross Boundary and Area Optimization : Time (s): cpu = 00:00:17 ; elapsed = 00:00:21 . Memory (MB): peak = 1174.695 ; gain = 718.523
---------------------------------------------------------------------------------
---------------------------------------------------------------------------------
Start ROM, RAM, DSP, Shift Register and Retiming Reporting
---------------------------------------------------------------------------------

Distributed RAM: Preliminary Mapping Report (see note below)
+------------+-------------------+-----------+----------------------+-------------+
|Module Name | RTL Object        | Inference | Size (Depth x Width) | Primitives  | 
+------------+-------------------+-----------+----------------------+-------------+
|f_uart_cdc  | FIFO_INST/mem_reg | Implied   | 32 x 8               | RAM32M x 2  | 
+------------+-------------------+-----------+----------------------+-------------+

Note: The table above is a preliminary report that shows the Distributed RAMs at the current stage of the synthesis flow. Some Distributed RAMs may be reimplemented as non Distributed RAM primitives later in the synthesis flow. Multiple instantiated RAMs are reported only once.
---------------------------------------------------------------------------------
Finished ROM, RAM, DSP, Shift Register and Retiming Reporting
---------------------------------------------------------------------------------
No constraint files found.
---------------------------------------------------------------------------------
Start Timing Optimization
---------------------------------------------------------------------------------
---------------------------------------------------------------------------------
Finished Timing Optimization : Time (s): cpu = 00:00:18 ; elapsed = 00:00:21 . Memory (MB): peak = 1174.695 ; gain = 718.523
---------------------------------------------------------------------------------
---------------------------------------------------------------------------------
Start ROM, RAM, DSP, Shift Register and Retiming Reporting
---------------------------------------------------------------------------------

Distributed RAM: Final Mapping Report
+------------+-------------------+-----------+----------------------+-------------+
|Module Name | RTL Object        | Inference | Size (Depth x Width) | Primitives  | 
+------------+-------------------+-----------+----------------------+-------------+
|f_uart_cdc  | FIFO_INST/mem_reg | Implied   | 32 x 8               | RAM32M x 2  | 
+------------+-------------------+-----------+----------------------+-------------+

---------------------------------------------------------------------------------
Finished ROM, RAM, DSP, Shift Register and Retiming Reporting
---------------------------------------------------------------------------------
---------------------------------------------------------------------------------
Start Technology Mapping
---------------------------------------------------------------------------------
---------------------------------------------------------------------------------
Finished Technology Mapping : Time (s): cpu = 00:00:18 ; elapsed = 00:00:21 . Memory (MB): peak = 1174.695 ; gain = 718.523
---------------------------------------------------------------------------------
---------------------------------------------------------------------------------
Start IO Insertion
---------------------------------------------------------------------------------
---------------------------------------------------------------------------------
Start Flattening Before IO Insertion
---------------------------------------------------------------------------------
---------------------------------------------------------------------------------
Finished Flattening Before IO Insertion
---------------------------------------------------------------------------------
---------------------------------------------------------------------------------
Start Final Netlist Cleanup
---------------------------------------------------------------------------------
---------------------------------------------------------------------------------
Finished Final Netlist Cleanup
---------------------------------------------------------------------------------
---------------------------------------------------------------------------------
Finished IO Insertion : Time (s): cpu = 00:00:25 ; elapsed = 00:00:29 . Memory (MB): peak = 1174.695 ; gain = 718.523
---------------------------------------------------------------------------------
---------------------------------------------------------------------------------
Start Renaming Generated Instances
---------------------------------------------------------------------------------
---------------------------------------------------------------------------------
Finished Renaming Generated Instances : Time (s): cpu = 00:00:25 ; elapsed = 00:00:29 . Memory (MB): peak = 1174.695 ; gain = 718.523
---------------------------------------------------------------------------------
---------------------------------------------------------------------------------
Start Rebuilding User Hierarchy
---------------------------------------------------------------------------------
---------------------------------------------------------------------------------
Finished Rebuilding User Hierarchy : Time (s): cpu = 00:00:25 ; elapsed = 00:00:29 . Memory (MB): peak = 1174.695 ; gain = 718.523
---------------------------------------------------------------------------------
---------------------------------------------------------------------------------
Start Renaming Generated Ports
---------------------------------------------------------------------------------
---------------------------------------------------------------------------------
Finished Renaming Generated Ports : Time (s): cpu = 00:00:25 ; elapsed = 00:00:29 . Memory (MB): peak = 1174.695 ; gain = 718.523
---------------------------------------------------------------------------------
---------------------------------------------------------------------------------
Start Handling Custom Attributes
---------------------------------------------------------------------------------
---------------------------------------------------------------------------------
Finished Handling Custom Attributes : Time (s): cpu = 00:00:25 ; elapsed = 00:00:29 . Memory (MB): peak = 1174.695 ; gain = 718.523
---------------------------------------------------------------------------------
---------------------------------------------------------------------------------
Start Renaming Generated Nets
---------------------------------------------------------------------------------
---------------------------------------------------------------------------------
Finished Renaming Generated Nets : Time (s): cpu = 00:00:25 ; elapsed = 00:00:29 . Memory (MB): peak = 1174.695 ; gain = 718.523
---------------------------------------------------------------------------------
---------------------------------------------------------------------------------
Start Writing Synthesis Report
---------------------------------------------------------------------------------

Report BlackBoxes: 
+-+--------------+----------+
| |BlackBox name |Instances |
+-+--------------+----------+
+-+--------------+----------+

Report Cell Usage: 
+------+---------+------+
|      |Cell     |Count |
+------+---------+------+
|1     |BUFG     |     1|
|2     |CARRY4   |     2|
|3     |LUT1     |     6|
|4     |LUT2     |    18|
|5     |LUT3     |     9|
|6     |LUT4     |    12|
|7     |LUT5     |    13|
|8     |LUT6     |    17|
|9     |RAM32M   |     1|
|10    |RAM32X1D |     2|
|11    |FDRE     |    73|
|12    |FDSE     |     3|
|13    |IBUF     |    11|
|14    |OBUF     |     3|
+------+---------+------+

Report Instance Areas: 
+------+------------+------------+------+
|      |Instance    |Module      |Cells |
+------+------------+------------+------+
|1     |top         |            |   171|
|2     |  FIFO_INST |FIFO_cdc    |    73|
|3     |  UART_INST |UART_TX_cdc |    68|
+------+------------+------------+------+
---------------------------------------------------------------------------------
Finished Writing Synthesis Report : Time (s): cpu = 00:00:25 ; elapsed = 00:00:29 . Memory (MB): peak = 1174.695 ; gain = 718.523
---------------------------------------------------------------------------------
Synthesis finished with 0 errors, 0 critical warnings and 1 warnings.
Synthesis Optimization Runtime : Time (s): cpu = 00:00:25 ; elapsed = 00:00:29 . Memory (MB): peak = 1174.695 ; gain = 718.523
Synthesis Optimization Complete : Time (s): cpu = 00:00:25 ; elapsed = 00:00:29 . Memory (MB): peak = 1174.695 ; gain = 718.523
INFO: [Project 1-571] Translating synthesized netlist
Netlist sorting complete. Time (s): cpu = 00:00:00 ; elapsed = 00:00:00.003 . Memory (MB): peak = 1185.008 ; gain = 0.000
INFO: [Netlist 29-17] Analyzing 5 Unisim elements for replacement
INFO: [Netlist 29-28] Unisim Transformation completed in 0 CPU seconds
INFO: [Project 1-570] Preparing netlist for logic optimization
INFO: [Opt 31-138] Pushed 0 inverter(s) to 0 load pin(s).
Netlist sorting complete. Time (s): cpu = 00:00:00 ; elapsed = 00:00:00 . Memory (MB): peak = 1292.156 ; gain = 0.000
INFO: [Project 1-111] Unisim Transformation Summary:
  A total of 3 instances were transformed.
  RAM32M => RAM32M (RAMD32(x6), RAMS32(x2)): 1 instance 
  RAM32X1D => RAM32X1D (RAMD32(x2)): 2 instances

Synth Design complete, checksum: 127f9c88
INFO: [Common 17-83] Releasing license: Synthesis
23 Infos, 1 Warnings, 0 Critical Warnings and 0 Errors encountered.
synth_design completed successfully
synth_design: Time (s): cpu = 00:00:28 ; elapsed = 00:00:32 . Memory (MB): peak = 1292.156 ; gain = 860.887
INFO: [Common 17-1381] The checkpoint 'C:/Users/narsi/Desktop/projects/Project_BUG/f_uart/f_uart_cdc/f_uart_cdc_D/f_uart_cdc_/f_uart_cdc_bug.runs/synth_1/f_uart_cdc.dcp' has been generated.
INFO: [runtcl-4] Executing : report_utilization -file f_uart_cdc_utilization_synth.rpt -pb f_uart_cdc_utilization_synth.pb
INFO: [Common 17-206] Exiting Vivado at Tue Apr  7 17:29:13 2026...
[Tue Apr  7 17:29:17 2026] synth_1 finished
wait_on_runs: Time (s): cpu = 00:00:00 ; elapsed = 00:00:55 . Memory (MB): peak = 455.980 ; gain = 0.000
# open_run synth_1
Design is defaulting to impl run constrset: constrs_1
Design is defaulting to synth run part: xc7z020clg484-1
INFO: [Device 21-403] Loading part xc7z020clg484-1
Netlist sorting complete. Time (s): cpu = 00:00:00 ; elapsed = 00:00:00.001 . Memory (MB): peak = 861.047 ; gain = 0.000
INFO: [Netlist 29-17] Analyzing 5 Unisim elements for replacement
INFO: [Netlist 29-28] Unisim Transformation completed in 0 CPU seconds
INFO: [Project 1-479] Netlist was created with Vivado 2022.2
INFO: [Project 1-570] Preparing netlist for logic optimization
INFO: [Opt 31-138] Pushed 0 inverter(s) to 0 load pin(s).
Netlist sorting complete. Time (s): cpu = 00:00:00 ; elapsed = 00:00:00 . Memory (MB): peak = 977.773 ; gain = 0.000
INFO: [Project 1-111] Unisim Transformation Summary:
  A total of 3 instances were transformed.
  RAM32M => RAM32M (RAMD32(x6), RAMS32(x2)): 1 instance 
  RAM32X1D => RAM32X1D (RAMD32(x2)): 2 instances

open_run: Time (s): cpu = 00:00:07 ; elapsed = 00:00:09 . Memory (MB): peak = 977.773 ; gain = 521.793
# write_checkpoint -force [file join $build_dir post_synth.dcp]
INFO: [Common 17-1381] The checkpoint 'C:/Users/narsi/Desktop/projects/Project_BUG/f_uart/f_uart_cdc/f_uart_cdc_D/build/post_synth.dcp' has been generated.
# launch_runs impl_1
[Tue Apr  7 17:29:27 2026] Launched impl_1...
Run output will be captured here: C:/Users/narsi/Desktop/projects/Project_BUG/f_uart/f_uart_cdc/f_uart_cdc_D/f_uart_cdc_/f_uart_cdc_bug.runs/impl_1/runme.log
# wait_on_run impl_1
[Tue Apr  7 17:29:27 2026] Waiting for impl_1 to finish...

*** Running vivado
    with args -log f_uart_cdc.vdi -applog -m64 -product Vivado -messageDb vivado.pb -mode batch -source f_uart_cdc.tcl -notrace



****** Vivado v2022.2 (64-bit)
  **** SW Build 3671981 on Fri Oct 14 05:00:03 MDT 2022
  **** IP Build 3669848 on Fri Oct 14 08:30:02 MDT 2022
    ** Copyright 1986-2022 Xilinx, Inc. All Rights Reserved.

source f_uart_cdc.tcl -notrace
Command: open_checkpoint C:/Users/narsi/Desktop/projects/Project_BUG/f_uart/f_uart_cdc/f_uart_cdc_D/f_uart_cdc_/f_uart_cdc_bug.runs/impl_1/f_uart_cdc.dcp
INFO: [Device 21-403] Loading part xc7z020clg484-1
Netlist sorting complete. Time (s): cpu = 00:00:00 ; elapsed = 00:00:00.001 . Memory (MB): peak = 860.398 ; gain = 0.000
INFO: [Netlist 29-17] Analyzing 5 Unisim elements for replacement
INFO: [Netlist 29-28] Unisim Transformation completed in 0 CPU seconds
INFO: [Project 1-479] Netlist was created with Vivado 2022.2
INFO: [Project 1-570] Preparing netlist for logic optimization
Netlist sorting complete. Time (s): cpu = 00:00:00 ; elapsed = 00:00:00 . Memory (MB): peak = 952.758 ; gain = 0.000
INFO: [Project 1-111] Unisim Transformation Summary:
  A total of 3 instances were transformed.
  RAM32M => RAM32M (RAMD32(x6), RAMS32(x2)): 1 instance 
  RAM32X1D => RAM32X1D (RAMD32(x2)): 2 instances

INFO: [Project 1-604] Checkpoint was created with Vivado v2022.2 (64-bit) build 3671981
OpenCheckpoint Checksum | Checksum: a020623d
----- Checksum: PlaceDB: 00000000 ShapeSum: a020623d RouteDB: 00000000 
open_checkpoint: Time (s): cpu = 00:00:17 ; elapsed = 00:00:21 . Memory (MB): peak = 956.816 ; gain = 628.777
Command: opt_design
Attempting to get a license for feature 'Implementation' and/or device 'xc7z020'
INFO: [Common 17-349] Got license for feature 'Implementation' and/or device 'xc7z020'
Running DRC as a precondition to command opt_design

Starting DRC Task
INFO: [DRC 23-27] Running DRC with 2 threads
INFO: [Project 1-461] DRC finished with 0 Errors
INFO: [Project 1-462] Please refer to the DRC report (report_drc) for more information.

Time (s): cpu = 00:00:02 ; elapsed = 00:00:01 . Memory (MB): peak = 1006.965 ; gain = 27.965

Starting Cache Timing Information Task
INFO: [Timing 38-35] Done setting XDC timing constraints.
Ending Cache Timing Information Task | Checksum: b29ffec5

Time (s): cpu = 00:00:09 ; elapsed = 00:00:09 . Memory (MB): peak = 1557.836 ; gain = 550.871

Starting Logic Optimization Task

Phase 1 Retarget
INFO: [Opt 31-138] Pushed 1 inverter(s) to 19 load pin(s).
INFO: [Opt 31-49] Retargeted 0 cell(s).
Phase 1 Retarget | Checksum: fc7dcefb

Time (s): cpu = 00:00:00 ; elapsed = 00:00:00.123 . Memory (MB): peak = 1898.246 ; gain = 0.000
INFO: [Opt 31-389] Phase Retarget created 0 cells and removed 1 cells

Phase 2 Constant propagation
INFO: [Opt 31-138] Pushed 0 inverter(s) to 0 load pin(s).
Phase 2 Constant propagation | Checksum: fc7dcefb

Time (s): cpu = 00:00:00 ; elapsed = 00:00:00.127 . Memory (MB): peak = 1898.246 ; gain = 0.000
INFO: [Opt 31-389] Phase Constant propagation created 0 cells and removed 0 cells

Phase 3 Sweep
Phase 3 Sweep | Checksum: 1434e137f

Time (s): cpu = 00:00:00 ; elapsed = 00:00:00.133 . Memory (MB): peak = 1898.246 ; gain = 0.000
INFO: [Opt 31-389] Phase Sweep created 0 cells and removed 0 cells

Phase 4 BUFG optimization
Phase 4 BUFG optimization | Checksum: 1434e137f

Time (s): cpu = 00:00:00 ; elapsed = 00:00:00.185 . Memory (MB): peak = 1898.246 ; gain = 0.000
INFO: [Opt 31-662] Phase BUFG optimization created 0 cells of which 0 are BUFGs and removed 0 cells.

Phase 5 Shift Register Optimization
INFO: [Opt 31-1064] SRL Remap converted 0 SRLs to 0 registers and converted 0 registers of register chains to 0 SRLs
Phase 5 Shift Register Optimization | Checksum: 1434e137f

Time (s): cpu = 00:00:00 ; elapsed = 00:00:00.187 . Memory (MB): peak = 1898.246 ; gain = 0.000
INFO: [Opt 31-389] Phase Shift Register Optimization created 0 cells and removed 0 cells

Phase 6 Post Processing Netlist
Phase 6 Post Processing Netlist | Checksum: 1434e137f

Time (s): cpu = 00:00:00 ; elapsed = 00:00:00.189 . Memory (MB): peak = 1898.246 ; gain = 0.000
INFO: [Opt 31-389] Phase Post Processing Netlist created 0 cells and removed 0 cells
Opt_design Change Summary
=========================


-------------------------------------------------------------------------------------------------------------------------
|  Phase                        |  #Cells created  |  #Cells Removed  |  #Constrained objects preventing optimizations  |
-------------------------------------------------------------------------------------------------------------------------
|  Retarget                     |               0  |               1  |                                              0  |
|  Constant propagation         |               0  |               0  |                                              0  |
|  Sweep                        |               0  |               0  |                                              0  |
|  BUFG optimization            |               0  |               0  |                                              0  |
|  Shift Register Optimization  |               0  |               0  |                                              0  |
|  Post Processing Netlist      |               0  |               0  |                                              0  |
-------------------------------------------------------------------------------------------------------------------------



Starting Connectivity Check Task

Time (s): cpu = 00:00:00 ; elapsed = 00:00:00.001 . Memory (MB): peak = 1898.246 ; gain = 0.000
Ending Logic Optimization Task | Checksum: 11a38020f

Time (s): cpu = 00:00:00 ; elapsed = 00:00:00.196 . Memory (MB): peak = 1898.246 ; gain = 0.000

Starting Power Optimization Task
INFO: [Pwropt 34-132] Skipping clock gating for clocks with a period < 2.00 ns.
Ending Power Optimization Task | Checksum: 11a38020f

Time (s): cpu = 00:00:00 ; elapsed = 00:00:00.022 . Memory (MB): peak = 1898.246 ; gain = 0.000

Starting Final Cleanup Task
Ending Final Cleanup Task | Checksum: 11a38020f

Time (s): cpu = 00:00:00 ; elapsed = 00:00:00.001 . Memory (MB): peak = 1898.246 ; gain = 0.000

Starting Netlist Obfuscation Task
Netlist sorting complete. Time (s): cpu = 00:00:00 ; elapsed = 00:00:00 . Memory (MB): peak = 1898.246 ; gain = 0.000
Ending Netlist Obfuscation Task | Checksum: 11a38020f

Time (s): cpu = 00:00:00 ; elapsed = 00:00:00.001 . Memory (MB): peak = 1898.246 ; gain = 0.000
INFO: [Common 17-83] Releasing license: Implementation
24 Infos, 0 Warnings, 0 Critical Warnings and 0 Errors encountered.
opt_design completed successfully
opt_design: Time (s): cpu = 00:00:15 ; elapsed = 00:00:15 . Memory (MB): peak = 1898.246 ; gain = 941.430
INFO: [Common 17-1381] The checkpoint 'C:/Users/narsi/Desktop/projects/Project_BUG/f_uart/f_uart_cdc/f_uart_cdc_D/f_uart_cdc_/f_uart_cdc_bug.runs/impl_1/f_uart_cdc_opt.dcp' has been generated.
INFO: [runtcl-4] Executing : report_drc -file f_uart_cdc_drc_opted.rpt -pb f_uart_cdc_drc_opted.pb -rpx f_uart_cdc_drc_opted.rpx
Command: report_drc -file f_uart_cdc_drc_opted.rpt -pb f_uart_cdc_drc_opted.pb -rpx f_uart_cdc_drc_opted.rpx
INFO: [IP_Flow 19-234] Refreshing IP repositories
INFO: [IP_Flow 19-1704] No user IP repositories specified
INFO: [IP_Flow 19-2313] Loaded Vivado IP repository 'C:/Xilinx/Vivado/2022.2/data/ip'.
INFO: [DRC 23-27] Running DRC with 2 threads
INFO: [Vivado_Tcl 2-168] The results of DRC are in file C:/Users/narsi/Desktop/projects/Project_BUG/f_uart/f_uart_cdc/f_uart_cdc_D/f_uart_cdc_/f_uart_cdc_bug.runs/impl_1/f_uart_cdc_drc_opted.rpt.
report_drc completed successfully
Command: place_design
Attempting to get a license for feature 'Implementation' and/or device 'xc7z020'
INFO: [Common 17-349] Got license for feature 'Implementation' and/or device 'xc7z020'
INFO: [DRC 23-27] Running DRC with 2 threads
INFO: [Vivado_Tcl 4-198] DRC finished with 0 Errors
INFO: [Vivado_Tcl 4-199] Please refer to the DRC report (report_drc) for more information.
Running DRC as a precondition to command place_design
INFO: [DRC 23-27] Running DRC with 2 threads
INFO: [Vivado_Tcl 4-198] DRC finished with 0 Errors
INFO: [Vivado_Tcl 4-199] Please refer to the DRC report (report_drc) for more information.

Starting Placer Task
INFO: [Place 30-611] Multithreading enabled for place_design using a maximum of 2 CPUs

Phase 1 Placer Initialization

Phase 1.1 Placer Initialization Netlist Sorting
Netlist sorting complete. Time (s): cpu = 00:00:00 ; elapsed = 00:00:00 . Memory (MB): peak = 1898.246 ; gain = 0.000
Phase 1.1 Placer Initialization Netlist Sorting | Checksum: aa0611f4

Time (s): cpu = 00:00:00 ; elapsed = 00:00:00.020 . Memory (MB): peak = 1898.246 ; gain = 0.000
Netlist sorting complete. Time (s): cpu = 00:00:00 ; elapsed = 00:00:00 . Memory (MB): peak = 1898.246 ; gain = 0.000

Phase 1.2 IO Placement/ Clock Placement/ Build Placer Device
INFO: [Timing 38-35] Done setting XDC timing constraints.
Phase 1.2 IO Placement/ Clock Placement/ Build Placer Device | Checksum: 13456cd4e

Time (s): cpu = 00:00:01 ; elapsed = 00:00:00.427 . Memory (MB): peak = 1898.246 ; gain = 0.000

Phase 1.3 Build Placer Netlist Model
Phase 1.3 Build Placer Netlist Model | Checksum: 17eafc6e0

Time (s): cpu = 00:00:01 ; elapsed = 00:00:00.524 . Memory (MB): peak = 1898.246 ; gain = 0.000

Phase 1.4 Constrain Clocks/Macros
Phase 1.4 Constrain Clocks/Macros | Checksum: 17eafc6e0

Time (s): cpu = 00:00:01 ; elapsed = 00:00:00.530 . Memory (MB): peak = 1898.246 ; gain = 0.000
Phase 1 Placer Initialization | Checksum: 17eafc6e0

Time (s): cpu = 00:00:01 ; elapsed = 00:00:00.539 . Memory (MB): peak = 1898.246 ; gain = 0.000

Phase 2 Global Placement

Phase 2.1 Floorplanning
Phase 2.1 Floorplanning | Checksum: 17eafc6e0

Time (s): cpu = 00:00:01 ; elapsed = 00:00:00.550 . Memory (MB): peak = 1898.246 ; gain = 0.000

Phase 2.2 Update Timing before SLR Path Opt
Phase 2.2 Update Timing before SLR Path Opt | Checksum: 17eafc6e0

Time (s): cpu = 00:00:01 ; elapsed = 00:00:00.551 . Memory (MB): peak = 1898.246 ; gain = 0.000

Phase 2.3 Post-Processing in Floorplanning
Phase 2.3 Post-Processing in Floorplanning | Checksum: 17eafc6e0

Time (s): cpu = 00:00:01 ; elapsed = 00:00:00.552 . Memory (MB): peak = 1898.246 ; gain = 0.000

Phase 2.4 Global Placement Core
WARNING: [Place 46-29] Timing had been disabled during Placer and, therefore, physical synthesis in Placer will be skipped.
Phase 2.4 Global Placement Core | Checksum: 1b80449fe

Time (s): cpu = 00:00:03 ; elapsed = 00:00:02 . Memory (MB): peak = 1898.246 ; gain = 0.000
Phase 2 Global Placement | Checksum: 1b80449fe

Time (s): cpu = 00:00:03 ; elapsed = 00:00:02 . Memory (MB): peak = 1898.246 ; gain = 0.000

Phase 3 Detail Placement

Phase 3.1 Commit Multi Column Macros
Phase 3.1 Commit Multi Column Macros | Checksum: 1b80449fe

Time (s): cpu = 00:00:03 ; elapsed = 00:00:02 . Memory (MB): peak = 1898.246 ; gain = 0.000

Phase 3.2 Commit Most Macros & LUTRAMs
Phase 3.2 Commit Most Macros & LUTRAMs | Checksum: 1b4c20d71

Time (s): cpu = 00:00:03 ; elapsed = 00:00:02 . Memory (MB): peak = 1898.246 ; gain = 0.000

Phase 3.3 Area Swap Optimization
Phase 3.3 Area Swap Optimization | Checksum: 116be4b1d

Time (s): cpu = 00:00:03 ; elapsed = 00:00:02 . Memory (MB): peak = 1898.246 ; gain = 0.000

Phase 3.4 Pipeline Register Optimization
Phase 3.4 Pipeline Register Optimization | Checksum: 10b6d6612

Time (s): cpu = 00:00:03 ; elapsed = 00:00:02 . Memory (MB): peak = 1898.246 ; gain = 0.000

Phase 3.5 Small Shape Detail Placement
Phase 3.5 Small Shape Detail Placement | Checksum: fc7f9e29

Time (s): cpu = 00:00:03 ; elapsed = 00:00:03 . Memory (MB): peak = 1898.246 ; gain = 0.000

Phase 3.6 Re-assign LUT pins
Phase 3.6 Re-assign LUT pins | Checksum: fc7f9e29

Time (s): cpu = 00:00:03 ; elapsed = 00:00:03 . Memory (MB): peak = 1898.246 ; gain = 0.000

Phase 3.7 Pipeline Register Optimization
Phase 3.7 Pipeline Register Optimization | Checksum: fc7f9e29

Time (s): cpu = 00:00:03 ; elapsed = 00:00:03 . Memory (MB): peak = 1898.246 ; gain = 0.000
Phase 3 Detail Placement | Checksum: fc7f9e29

Time (s): cpu = 00:00:03 ; elapsed = 00:00:03 . Memory (MB): peak = 1898.246 ; gain = 0.000

Phase 4 Post Placement Optimization and Clean-Up

Phase 4.1 Post Commit Optimization
Phase 4.1 Post Commit Optimization | Checksum: fc7f9e29

Time (s): cpu = 00:00:03 ; elapsed = 00:00:03 . Memory (MB): peak = 1898.246 ; gain = 0.000

Phase 4.2 Post Placement Cleanup
Phase 4.2 Post Placement Cleanup | Checksum: fc7f9e29

Time (s): cpu = 00:00:03 ; elapsed = 00:00:03 . Memory (MB): peak = 1898.246 ; gain = 0.000

Phase 4.3 Placer Reporting

Phase 4.3.1 Print Estimated Congestion
INFO: [Place 30-612] Post-Placement Estimated Congestion 
 ____________________________________________________
|           | Global Congestion | Short Congestion  |
| Direction | Region Size       | Region Size       |
|___________|___________________|___________________|
|      North|                1x1|                1x1|
|___________|___________________|___________________|
|      South|                1x1|                1x1|
|___________|___________________|___________________|
|       East|                1x1|                1x1|
|___________|___________________|___________________|
|       West|                1x1|                1x1|
|___________|___________________|___________________|

Phase 4.3.1 Print Estimated Congestion | Checksum: fc7f9e29

Time (s): cpu = 00:00:03 ; elapsed = 00:00:03 . Memory (MB): peak = 1898.246 ; gain = 0.000
Phase 4.3 Placer Reporting | Checksum: fc7f9e29

Time (s): cpu = 00:00:03 ; elapsed = 00:00:03 . Memory (MB): peak = 1898.246 ; gain = 0.000

Phase 4.4 Final Placement Cleanup
Netlist sorting complete. Time (s): cpu = 00:00:00 ; elapsed = 00:00:00 . Memory (MB): peak = 1898.246 ; gain = 0.000

Time (s): cpu = 00:00:03 ; elapsed = 00:00:03 . Memory (MB): peak = 1898.246 ; gain = 0.000
Phase 4 Post Placement Optimization and Clean-Up | Checksum: 11c744b26

Time (s): cpu = 00:00:03 ; elapsed = 00:00:03 . Memory (MB): peak = 1898.246 ; gain = 0.000
Ending Placer Task | Checksum: bc04b917

Time (s): cpu = 00:00:03 ; elapsed = 00:00:03 . Memory (MB): peak = 1898.246 ; gain = 0.000
INFO: [Common 17-83] Releasing license: Implementation
42 Infos, 1 Warnings, 0 Critical Warnings and 0 Errors encountered.
place_design completed successfully
Writing XDEF routing.
Writing XDEF routing logical nets.
Writing XDEF routing special nets.
Write XDEF Complete: Time (s): cpu = 00:00:00 ; elapsed = 00:00:00.186 . Memory (MB): peak = 1898.246 ; gain = 0.000
INFO: [Common 17-1381] The checkpoint 'C:/Users/narsi/Desktop/projects/Project_BUG/f_uart/f_uart_cdc/f_uart_cdc_D/f_uart_cdc_/f_uart_cdc_bug.runs/impl_1/f_uart_cdc_placed.dcp' has been generated.
INFO: [runtcl-4] Executing : report_io -file f_uart_cdc_io_placed.rpt
report_io: Time (s): cpu = 00:00:00 ; elapsed = 00:00:00.125 . Memory (MB): peak = 1898.246 ; gain = 0.000
INFO: [runtcl-4] Executing : report_utilization -file f_uart_cdc_utilization_placed.rpt -pb f_uart_cdc_utilization_placed.pb
INFO: [runtcl-4] Executing : report_control_sets -verbose -file f_uart_cdc_control_sets_placed.rpt
report_control_sets: Time (s): cpu = 00:00:00 ; elapsed = 00:00:00.005 . Memory (MB): peak = 1898.246 ; gain = 0.000
Command: phys_opt_design
Attempting to get a license for feature 'Implementation' and/or device 'xc7z020'
INFO: [Common 17-349] Got license for feature 'Implementation' and/or device 'xc7z020'

Starting Initial Update Timing Task

Time (s): cpu = 00:00:00 ; elapsed = 00:00:00.052 . Memory (MB): peak = 1899.656 ; gain = 1.410
INFO: [Vivado_Tcl 4-235] No timing constraint found. The netlist was not modified.
INFO: [Common 17-83] Releasing license: Implementation
49 Infos, 1 Warnings, 0 Critical Warnings and 0 Errors encountered.
phys_opt_design completed successfully
Writing XDEF routing.
Writing XDEF routing logical nets.
Writing XDEF routing special nets.
Write XDEF Complete: Time (s): cpu = 00:00:00 ; elapsed = 00:00:00.078 . Memory (MB): peak = 1917.566 ; gain = 14.891
INFO: [Common 17-1381] The checkpoint 'C:/Users/narsi/Desktop/projects/Project_BUG/f_uart/f_uart_cdc/f_uart_cdc_D/f_uart_cdc_/f_uart_cdc_bug.runs/impl_1/f_uart_cdc_physopt.dcp' has been generated.
Command: route_design
Attempting to get a license for feature 'Implementation' and/or device 'xc7z020'
INFO: [Common 17-349] Got license for feature 'Implementation' and/or device 'xc7z020'
Running DRC as a precondition to command route_design
INFO: [DRC 23-27] Running DRC with 2 threads
INFO: [Vivado_Tcl 4-198] DRC finished with 0 Errors
INFO: [Vivado_Tcl 4-199] Please refer to the DRC report (report_drc) for more information.


Starting Routing Task
INFO: [Route 35-254] Multithreading enabled for route_design using a maximum of 2 CPUs

Phase 1 Build RT Design
Checksum: PlaceDB: 5ae39057 ConstDB: 0 ShapeSum: 612128c0 RouteDB: 0
Post Restoration Checksum: NetGraph: d1c89dc5 NumContArr: 6f240ce4 Constraints: 0 Timing: 0
Phase 1 Build RT Design | Checksum: 140ecaaa9

Time (s): cpu = 00:00:36 ; elapsed = 00:00:33 . Memory (MB): peak = 2017.836 ; gain = 91.172

Phase 2 Router Initialization
INFO: [Route 35-64] No timing constraints were detected. The router will operate in resource-optimization mode.

Phase 2.1 Fix Topology Constraints
Phase 2.1 Fix Topology Constraints | Checksum: 140ecaaa9

Time (s): cpu = 00:00:36 ; elapsed = 00:00:33 . Memory (MB): peak = 2023.914 ; gain = 97.250

Phase 2.2 Pre Route Cleanup
Phase 2.2 Pre Route Cleanup | Checksum: 140ecaaa9

Time (s): cpu = 00:00:36 ; elapsed = 00:00:33 . Memory (MB): peak = 2023.914 ; gain = 97.250
 Number of Nodes with overlaps = 0

Router Utilization Summary
  Global Vertical Routing Utilization    = 0 %
  Global Horizontal Routing Utilization  = 0 %
  Routable Net Status*
  *Does not include unroutable nets such as driverless and loadless.
  Run report_route_status for detailed report.
  Number of Failed Nets               = 122
    (Failed Nets is the sum of unrouted and partially routed nets)
  Number of Unrouted Nets             = 122
  Number of Partially Routed Nets     = 0
  Number of Node Overlaps             = 0

Phase 2 Router Initialization | Checksum: 11c44dab1

Time (s): cpu = 00:00:37 ; elapsed = 00:00:34 . Memory (MB): peak = 2038.777 ; gain = 112.113

Phase 3 Initial Routing

Phase 3.1 Global Routing
Phase 3.1 Global Routing | Checksum: 11c44dab1

Time (s): cpu = 00:00:37 ; elapsed = 00:00:34 . Memory (MB): peak = 2038.777 ; gain = 112.113
Phase 3 Initial Routing | Checksum: 17ef6d951

Time (s): cpu = 00:00:37 ; elapsed = 00:00:34 . Memory (MB): peak = 2038.777 ; gain = 112.113

Phase 4 Rip-up And Reroute

Phase 4.1 Global Iteration 0
 Number of Nodes with overlaps = 2
 Number of Nodes with overlaps = 0
Phase 4.1 Global Iteration 0 | Checksum: 34f9ba49

Time (s): cpu = 00:00:37 ; elapsed = 00:00:34 . Memory (MB): peak = 2038.777 ; gain = 112.113
Phase 4 Rip-up And Reroute | Checksum: 34f9ba49

Time (s): cpu = 00:00:37 ; elapsed = 00:00:34 . Memory (MB): peak = 2038.777 ; gain = 112.113

Phase 5 Delay and Skew Optimization
Phase 5 Delay and Skew Optimization | Checksum: 34f9ba49

Time (s): cpu = 00:00:37 ; elapsed = 00:00:34 . Memory (MB): peak = 2038.777 ; gain = 112.113

Phase 6 Post Hold Fix

Phase 6.1 Hold Fix Iter
Phase 6.1 Hold Fix Iter | Checksum: 34f9ba49

Time (s): cpu = 00:00:37 ; elapsed = 00:00:34 . Memory (MB): peak = 2038.777 ; gain = 112.113
Phase 6 Post Hold Fix | Checksum: 34f9ba49

Time (s): cpu = 00:00:37 ; elapsed = 00:00:34 . Memory (MB): peak = 2038.777 ; gain = 112.113

Phase 7 Route finalize

Router Utilization Summary
  Global Vertical Routing Utilization    = 0.0107176 %
  Global Horizontal Routing Utilization  = 0.0139452 %
  Routable Net Status*
  *Does not include unroutable nets such as driverless and loadless.
  Run report_route_status for detailed report.
  Number of Failed Nets               = 0
    (Failed Nets is the sum of unrouted and partially routed nets)
  Number of Unrouted Nets             = 0
  Number of Partially Routed Nets     = 0
  Number of Node Overlaps             = 0

Congestion Report
North Dir 1x1 Area, Max Cong = 10.8108%, No Congested Regions.
South Dir 1x1 Area, Max Cong = 12.6126%, No Congested Regions.
East Dir 1x1 Area, Max Cong = 14.7059%, No Congested Regions.
West Dir 1x1 Area, Max Cong = 22.0588%, No Congested Regions.

------------------------------
Reporting congestion hotspots
------------------------------
Direction: North
----------------
Congested clusters found at Level 0
Effective congestion level: 0 Aspect Ratio: 1 Sparse Ratio: 0
Direction: South
----------------
Congested clusters found at Level 0
Effective congestion level: 0 Aspect Ratio: 1 Sparse Ratio: 0
Direction: East
----------------
Congested clusters found at Level 0
Effective congestion level: 0 Aspect Ratio: 1 Sparse Ratio: 0
Direction: West
----------------
Congested clusters found at Level 0
Effective congestion level: 0 Aspect Ratio: 1 Sparse Ratio: 0

Phase 7 Route finalize | Checksum: 34f9ba49

Time (s): cpu = 00:00:37 ; elapsed = 00:00:34 . Memory (MB): peak = 2038.777 ; gain = 112.113

Phase 8 Verifying routed nets

 Verification completed successfully
Phase 8 Verifying routed nets | Checksum: 34f9ba49

Time (s): cpu = 00:00:37 ; elapsed = 00:00:34 . Memory (MB): peak = 2038.777 ; gain = 112.113

Phase 9 Depositing Routes
Phase 9 Depositing Routes | Checksum: 96e8c824

Time (s): cpu = 00:00:37 ; elapsed = 00:00:34 . Memory (MB): peak = 2038.777 ; gain = 112.113
INFO: [Route 35-16] Router Completed Successfully

Time (s): cpu = 00:00:37 ; elapsed = 00:00:34 . Memory (MB): peak = 2038.777 ; gain = 112.113

Routing Is Done.
INFO: [Common 17-83] Releasing license: Implementation
58 Infos, 1 Warnings, 0 Critical Warnings and 0 Errors encountered.
route_design completed successfully
route_design: Time (s): cpu = 00:00:39 ; elapsed = 00:00:35 . Memory (MB): peak = 2038.777 ; gain = 121.211
Writing XDEF routing.
Writing XDEF routing logical nets.
Writing XDEF routing special nets.
Write XDEF Complete: Time (s): cpu = 00:00:01 ; elapsed = 00:00:00.095 . Memory (MB): peak = 2048.469 ; gain = 9.691
INFO: [Common 17-1381] The checkpoint 'C:/Users/narsi/Desktop/projects/Project_BUG/f_uart/f_uart_cdc/f_uart_cdc_D/f_uart_cdc_/f_uart_cdc_bug.runs/impl_1/f_uart_cdc_routed.dcp' has been generated.
INFO: [runtcl-4] Executing : report_drc -file f_uart_cdc_drc_routed.rpt -pb f_uart_cdc_drc_routed.pb -rpx f_uart_cdc_drc_routed.rpx
Command: report_drc -file f_uart_cdc_drc_routed.rpt -pb f_uart_cdc_drc_routed.pb -rpx f_uart_cdc_drc_routed.rpx
INFO: [IP_Flow 19-1839] IP Catalog is up to date.
INFO: [DRC 23-27] Running DRC with 2 threads
INFO: [Vivado_Tcl 2-168] The results of DRC are in file C:/Users/narsi/Desktop/projects/Project_BUG/f_uart/f_uart_cdc/f_uart_cdc_D/f_uart_cdc_/f_uart_cdc_bug.runs/impl_1/f_uart_cdc_drc_routed.rpt.
report_drc completed successfully
INFO: [runtcl-4] Executing : report_methodology -file f_uart_cdc_methodology_drc_routed.rpt -pb f_uart_cdc_methodology_drc_routed.pb -rpx f_uart_cdc_methodology_drc_routed.rpx
Command: report_methodology -file f_uart_cdc_methodology_drc_routed.rpt -pb f_uart_cdc_methodology_drc_routed.pb -rpx f_uart_cdc_methodology_drc_routed.rpx
INFO: [Timing 38-35] Done setting XDC timing constraints.
INFO: [DRC 23-133] Running Methodology with 2 threads
INFO: [Vivado_Tcl 2-1520] The results of Report Methodology are in file C:/Users/narsi/Desktop/projects/Project_BUG/f_uart/f_uart_cdc/f_uart_cdc_D/f_uart_cdc_/f_uart_cdc_bug.runs/impl_1/f_uart_cdc_methodology_drc_routed.rpt.
report_methodology completed successfully
INFO: [runtcl-4] Executing : report_power -file f_uart_cdc_power_routed.rpt -pb f_uart_cdc_power_summary_routed.pb -rpx f_uart_cdc_power_routed.rpx
Command: report_power -file f_uart_cdc_power_routed.rpt -pb f_uart_cdc_power_summary_routed.pb -rpx f_uart_cdc_power_routed.rpx
INFO: [Timing 38-35] Done setting XDC timing constraints.
WARNING: [Power 33-232] No user defined clocks were found in the design! Power estimation will be inaccurate until this is corrected.
Resolution: Please specify clocks using create_clock/create_generated_clock for sequential elements. For pure combinatorial circuits, please specify a virtual clock, otherwise the vectorless estimation might be inaccurate
Running Vector-less Activity Propagation...

Finished Running Vector-less Activity Propagation
69 Infos, 2 Warnings, 0 Critical Warnings and 0 Errors encountered.
report_power completed successfully
INFO: [runtcl-4] Executing : report_route_status -file f_uart_cdc_route_status.rpt -pb f_uart_cdc_route_status.pb
INFO: [runtcl-4] Executing : report_timing_summary -max_paths 10 -report_unconstrained -file f_uart_cdc_timing_summary_routed.rpt -pb f_uart_cdc_timing_summary_routed.pb -rpx f_uart_cdc_timing_summary_routed.rpx -warn_on_violation 
INFO: [Timing 38-91] UpdateTimingParams: Speed grade: -1, Delay Type: min_max.
INFO: [Timing 38-191] Multithreading enabled for timing update using a maximum of 2 CPUs
WARNING: [Timing 38-313] There are no user specified timing constraints. Timing constraints are needed for proper timing analysis.
INFO: [runtcl-4] Executing : report_incremental_reuse -file f_uart_cdc_incremental_reuse_routed.rpt
INFO: [Vivado_Tcl 4-1062] Incremental flow is disabled. No incremental reuse Info to report.
INFO: [runtcl-4] Executing : report_clock_utilization -file f_uart_cdc_clock_utilization_routed.rpt
INFO: [runtcl-4] Executing : report_bus_skew -warn_on_violation -file f_uart_cdc_bus_skew_routed.rpt -pb f_uart_cdc_bus_skew_routed.pb -rpx f_uart_cdc_bus_skew_routed.rpx
INFO: [Timing 38-91] UpdateTimingParams: Speed grade: -1, Delay Type: min_max.
INFO: [Timing 38-191] Multithreading enabled for timing update using a maximum of 2 CPUs
INFO: [Common 17-206] Exiting Vivado at Tue Apr  7 17:31:05 2026...
[Tue Apr  7 17:31:14 2026] impl_1 finished
wait_on_runs: Time (s): cpu = 00:00:01 ; elapsed = 00:01:46 . Memory (MB): peak = 979.910 ; gain = 0.000
# open_run impl_1
Netlist sorting complete. Time (s): cpu = 00:00:00 ; elapsed = 00:00:00.001 . Memory (MB): peak = 979.910 ; gain = 0.000
INFO: [Netlist 29-17] Analyzing 5 Unisim elements for replacement
INFO: [Netlist 29-28] Unisim Transformation completed in 0 CPU seconds
INFO: [Project 1-479] Netlist was created with Vivado 2022.2
INFO: [Project 1-570] Preparing netlist for logic optimization
Reading XDEF placement.
Reading placer database...
Reading XDEF routing.
Read XDEF Files: Time (s): cpu = 00:00:00 ; elapsed = 00:00:00.304 . Memory (MB): peak = 1094.781 ; gain = 24.840
Restored from archive | CPU: 0.000000 secs | Memory: 0.000000 MB |
Finished XDEF File Restore: Time (s): cpu = 00:00:00 ; elapsed = 00:00:00.307 . Memory (MB): peak = 1094.781 ; gain = 24.840
Netlist sorting complete. Time (s): cpu = 00:00:00 ; elapsed = 00:00:00 . Memory (MB): peak = 1481.484 ; gain = 0.000
INFO: [Project 1-111] Unisim Transformation Summary:
  A total of 3 instances were transformed.
  RAM32M => RAM32M (RAMD32(x6), RAMS32(x2)): 1 instance 
  RAM32X1D => RAM32X1D (RAMD32(x2)): 2 instances

open_run: Time (s): cpu = 00:00:04 ; elapsed = 00:00:05 . Memory (MB): peak = 1481.484 ; gain = 501.574
# report_utilization    -file [file join $build_dir utilization.rpt]
# report_timing_summary -file [file join $build_dir timing_summary.rpt]
INFO: [Timing 38-35] Done setting XDC timing constraints.
INFO: [Timing 38-91] UpdateTimingParams: Speed grade: -1, Delay Type: min_max.
INFO: [Timing 38-191] Multithreading enabled for timing update using a maximum of 2 CPUs
report_timing_summary: Time (s): cpu = 00:00:07 ; elapsed = 00:00:08 . Memory (MB): peak = 1670.754 ; gain = 189.270
# set sim_log [file join $build_dir sim.log]
# if {$run_sim} {
#   launch_simulation -simset sim_1 -mode behavioral
#   log_wave -recursive *
#   run 200 us
#   catch { write_waveform -file [file join $build_dir waveform.wdb] }
#   if {[file exists "vivado.log"]} {
#     file copy -force "vivado.log" $sim_log
#   } else {
#     # create empty log
#     set fd [open $sim_log w]; puts $fd "No vivado.log"; close $fd
#   }
# } else {
#   # no sim run
#   set fd [open $sim_log w]; puts $fd "Simulation not run (no TB)"; close $fd
# }
Command: launch_simulation  -simset sim_1 -mode behavioral
INFO: [Vivado 12-12493] Simulation top is 'f_uart_cdc_tb'
WARNING: [Vivado 12-13340] Unable to auto find GCC executables from simulator install path! (path not set)
WARNING: [Vivado 12-13277] Compiled library path does not exist: ''
INFO: [Vivado 12-5682] Launching behavioral simulation in 'C:/Users/narsi/Desktop/projects/Project_BUG/f_uart/f_uart_cdc/f_uart_cdc_D/f_uart_cdc_/f_uart_cdc_bug.sim/sim_1/behav/xsim'
INFO: [SIM-utils-51] Simulation object is 'sim_1'
INFO: [SIM-utils-72] Using boost library from 'C:/Xilinx/Vivado/2022.2/tps/boost_1_72_0'
INFO: [SIM-utils-54] Inspecting design source files for 'f_uart_cdc_tb' in fileset 'sim_1'...
INFO: [USF-XSim-97] Finding global include files...
INFO: [USF-XSim-98] Fetching design files from 'sim_1'...
INFO: [USF-XSim-2] XSim::Compile design
INFO: [USF-XSim-61] Executing 'COMPILE and ANALYZE' step in 'C:/Users/narsi/Desktop/projects/Project_BUG/f_uart/f_uart_cdc/f_uart_cdc_D/f_uart_cdc_/f_uart_cdc_bug.sim/sim_1/behav/xsim'
"xvhdl --incr --relax -prj f_uart_cdc_tb_vhdl.prj"
INFO: [VRFC 10-163] Analyzing VHDL file "C:/Users/narsi/Desktop/projects/Project_BUG/f_uart/f_uart_cdc/f_uart_cdc_D/rtl/FIFO_cdc.vhd" into library xil_defaultlib
INFO: [VRFC 10-3107] analyzing entity 'FIFO_cdc'
INFO: [VRFC 10-163] Analyzing VHDL file "C:/Users/narsi/Desktop/projects/Project_BUG/f_uart/f_uart_cdc/f_uart_cdc_D/rtl/UART_TX_cdc.vhd" into library xil_defaultlib
INFO: [VRFC 10-3107] analyzing entity 'UART_TX_cdc'
INFO: [VRFC 10-163] Analyzing VHDL file "C:/Users/narsi/Desktop/projects/Project_BUG/f_uart/f_uart_cdc/f_uart_cdc_D/rtl/f_uart_cdc.vhd" into library xil_defaultlib
INFO: [VRFC 10-3107] analyzing entity 'f_uart_cdc'
INFO: [VRFC 10-163] Analyzing VHDL file "C:/Users/narsi/Desktop/projects/Project_BUG/f_uart/f_uart_cdc/f_uart_cdc_D/tb/f_uart_cdc_tb.vhd" into library xil_defaultlib
INFO: [VRFC 10-3107] analyzing entity 'f_uart_cdc_tb'
INFO: [USF-XSim-69] 'compile' step finished in '2' seconds
INFO: [USF-XSim-3] XSim::Elaborate design
INFO: [USF-XSim-61] Executing 'ELABORATE' step in 'C:/Users/narsi/Desktop/projects/Project_BUG/f_uart/f_uart_cdc/f_uart_cdc_D/f_uart_cdc_/f_uart_cdc_bug.sim/sim_1/behav/xsim'
"xelab --incr --debug typical --relax --mt 2 -L xil_defaultlib -L secureip --snapshot f_uart_cdc_tb_behav xil_defaultlib.f_uart_cdc_tb -log elaborate.log"
Vivado Simulator v2022.2
Copyright 1986-1999, 2001-2022 Xilinx, Inc. All Rights Reserved.
Running: C:/Xilinx/Vivado/2022.2/bin/unwrapped/win64.o/xelab.exe --incr --debug typical --relax --mt 2 -L xil_defaultlib -L secureip --snapshot f_uart_cdc_tb_behav xil_defaultlib.f_uart_cdc_tb -log elaborate.log 
Using 2 slave threads.
Starting static elaboration
Completed static elaboration
Starting simulation data flow analysis
Completed simulation data flow analysis
Time Resolution for simulation is 1ps
Compiling package std.standard
Compiling package std.textio
Compiling package ieee.std_logic_1164
Compiling package ieee.numeric_std
Compiling package std.env
Compiling architecture behavioral of entity xil_defaultlib.FIFO_cdc [fifo_cdc_default]
Compiling architecture rtl of entity xil_defaultlib.UART_TX_cdc [uart_tx_cdc_default]
Compiling architecture behavioral of entity xil_defaultlib.f_uart_cdc [f_uart_cdc_default]
Compiling architecture tb of entity xil_defaultlib.f_uart_cdc_tb
Built simulation snapshot f_uart_cdc_tb_behav
INFO: [USF-XSim-69] 'elaborate' step finished in '4' seconds
INFO: [USF-XSim-4] XSim::Simulate design
INFO: [USF-XSim-61] Executing 'SIMULATE' step in 'C:/Users/narsi/Desktop/projects/Project_BUG/f_uart/f_uart_cdc/f_uart_cdc_D/f_uart_cdc_/f_uart_cdc_bug.sim/sim_1/behav/xsim'
INFO: [USF-XSim-98] *** Running xsim
   with args "f_uart_cdc_tb_behav -key {Behavioral:sim_1:Functional:f_uart_cdc_tb} -tclbatch {f_uart_cdc_tb.tcl} -log {simulate.log}"
INFO: [USF-XSim-8] Loading simulator feature
Time resolution is 1 ps
source f_uart_cdc_tb.tcl
## current_wave_config
Error: ERROR: CDC_BUG
Time: 960 ns  Iteration: 0  Process: /f_uart_cdc_tb/stim_proc  File: C:/Users/narsi/Desktop/projects/Project_BUG/f_uart/f_uart_cdc/f_uart_cdc_D/tb/f_uart_cdc_tb.vhd
INFO: [USF-XSim-96] XSim completed. Design snapshot 'f_uart_cdc_tb_behav' loaded.
INFO: [USF-XSim-97] XSim simulation ran for 1000ns
launch_simulation: Time (s): cpu = 00:00:00 ; elapsed = 00:00:09 . Memory (MB): peak = 1682.969 ; gain = 12.215
Note: Simulation completed.
Time: 4912 ns  Iteration: 0  Process: /f_uart_cdc_tb/stim_proc  File: C:/Users/narsi/Desktop/projects/Project_BUG/f_uart/f_uart_cdc/f_uart_cdc_D/tb/f_uart_cdc_tb.vhd
$stop called at time : 4912 ns : File "C:/Users/narsi/Desktop/projects/Project_BUG/f_uart/f_uart_cdc/f_uart_cdc_D/tb/f_uart_cdc_tb.vhd" Line 290
