#-----------------------------------------------------------
# Vivado v2022.2 (64-bit)
# SW Build 3671981 on Fri Oct 14 05:00:03 MDT 2022
# IP Build 3669848 on Fri Oct 14 08:30:02 MDT 2022
# Start of session at: Thu Apr  2 23:34:31 2026
# Process ID: 13956
# Current directory: C:/Users/narsi/Desktop/projects/Project_BUG/fifo
# Command line: vivado.exe -mode batch -source build.tcl
# Log file: C:/Users/narsi/Desktop/projects/Project_BUG/fifo/vivado.log
# Journal file: C:/Users/narsi/Desktop/projects/Project_BUG/fifo\vivado.jou
# Running On: Milan, OS: Windows, CPU Frequency: 1797 MHz, CPU Physical cores: 16, Host memory: 6297 MB
#-----------------------------------------------------------
source build.tcl
# set main_project_name "fifo_g"
# set proj_name   "fifo_bug"
# set proj_dir    "./$main_project_name/fifo_g_"
# set build_dir   "./$main_project_name/build"
# set part        "xc7z020clg484-1"
# set rtl_glob    "./$main_project_name/rtl/*.vhd"
# set tb_glob     "./$main_project_name/tb/*_tb.vhd"
# set xdc_glob    "./constraints/*.xdc"
# set rtl_top_e   "fifo"
# set tb_top_e   "fifo_tb"
# set rtl_top     "./$main_project_name/rtl"
# set tb_top      "./$main_project_name/tb"
# set vivado_tool "Vivado 2022.2"
# set rtl_dir     "./rtl"
# set tb_dir      "./tb"
# set src_dir [glob -type d ./*.srcs]
# set full_src_rtl "$src_dir/sources_1/new"
# set full_src_tb "$src_dir/sim_1/new"
# catch {file mkdir $main_project_name}
# if {[file exists $build_dir]} {
#     puts "Cleaning build directory: $build_dir"
#     file delete -force $build_dir
# }
# file mkdir $build_dir
# catch { exec cmd.exe /c robocopy "./" "./$main_project_name" build.tcl run_case.dat } result
# if {![file exists $tb_top]} {
# catch {file mkdir $rtl_top}
# catch {file mkdir $tb_top}
# catch { exec cmd.exe /c robocopy "$full_src_tb" "$tb_top" /E } result
# catch { exec cmd.exe /c robocopy "$full_src_rtl" "$rtl_top" /E } result
# }
# create_project $proj_name $proj_dir -part $part -force
create_project: Time (s): cpu = 00:00:10 ; elapsed = 00:00:14 . Memory (MB): peak = 430.418 ; gain = 107.207
# foreach f [glob -nocomplain $rtl_glob] {
#   add_files $f
# }
# set_property top $rtl_top_e [current_fileset]
# update_compile_order -fileset sources_1
# set tb_list [glob -nocomplain $tb_glob]
# set run_sim 0
# if {[llength $tb_list] > 0} {
#   set run_sim 1
#   foreach f $tb_list {
#     add_files -fileset sim_1 $f
#   }
#   catch { set_property top $tb_top_e [get_filesets sim_1] }
#   update_compile_order -fileset sim_1
# }
# launch_runs synth_1
WARNING: [Vivado 12-7122] Auto Incremental Compile:: No reference checkpoint was found in run synth_1. Auto-incremental flow will not be run, the standard flow will be run instead.
[Thu Apr  2 23:34:54 2026] Launched synth_1...
Run output will be captured here: C:/Users/narsi/Desktop/projects/Project_BUG/fifo/fifo_g/fifo_g_/fifo_bug.runs/synth_1/runme.log
# wait_on_run synth_1
[Thu Apr  2 23:34:54 2026] Waiting for synth_1 to finish...

*** Running vivado
    with args -log fifo.vds -m64 -product Vivado -mode batch -messageDb vivado.pb -notrace -source fifo.tcl



****** Vivado v2022.2 (64-bit)
  **** SW Build 3671981 on Fri Oct 14 05:00:03 MDT 2022
  **** IP Build 3669848 on Fri Oct 14 08:30:02 MDT 2022
    ** Copyright 1986-2022 Xilinx, Inc. All Rights Reserved.

source fifo.tcl -notrace
create_project: Time (s): cpu = 00:00:09 ; elapsed = 00:00:11 . Memory (MB): peak = 430.836 ; gain = 97.398
Command: synth_design -top fifo -part xc7z020clg484-1
Starting synth_design
Attempting to get a license for feature 'Synthesis' and/or device 'xc7z020'
INFO: [Common 17-349] Got license for feature 'Synthesis' and/or device 'xc7z020'
INFO: [Synth 8-7079] Multithreading enabled for synth_design using a maximum of 2 processes.
INFO: [Synth 8-7078] Launching helper process for spawning children vivado processes
INFO: [Synth 8-7075] Helper process launched with PID 6820
INFO: [Synth 8-11241] undeclared symbol 'REGCCE', assumed default net type 'wire' [C:/Xilinx/Vivado/2022.2/data/verilog/src/unimacro/BRAM_SINGLE_MACRO.v:2170]
---------------------------------------------------------------------------------
Starting Synthesize : Time (s): cpu = 00:00:09 ; elapsed = 00:00:09 . Memory (MB): peak = 866.488 ; gain = 410.797
---------------------------------------------------------------------------------
INFO: [Synth 8-638] synthesizing module 'fifo' [C:/Users/narsi/Desktop/projects/Project_BUG/fifo/fifo_g/rtl/fifo.vhd:54]
INFO: [Synth 8-256] done synthesizing module 'fifo' (0#1) [C:/Users/narsi/Desktop/projects/Project_BUG/fifo/fifo_g/rtl/fifo.vhd:54]
---------------------------------------------------------------------------------
Finished Synthesize : Time (s): cpu = 00:00:11 ; elapsed = 00:00:12 . Memory (MB): peak = 955.867 ; gain = 500.176
---------------------------------------------------------------------------------
---------------------------------------------------------------------------------
Finished Constraint Validation : Time (s): cpu = 00:00:12 ; elapsed = 00:00:13 . Memory (MB): peak = 955.867 ; gain = 500.176
---------------------------------------------------------------------------------
---------------------------------------------------------------------------------
Start Loading Part and Timing Information
---------------------------------------------------------------------------------
Loading part: xc7z020clg484-1
---------------------------------------------------------------------------------
Finished Loading Part and Timing Information : Time (s): cpu = 00:00:12 ; elapsed = 00:00:13 . Memory (MB): peak = 955.867 ; gain = 500.176
---------------------------------------------------------------------------------
INFO: [Device 21-403] Loading part xc7z020clg484-1
---------------------------------------------------------------------------------
Finished RTL Optimization Phase 2 : Time (s): cpu = 00:00:12 ; elapsed = 00:00:13 . Memory (MB): peak = 955.867 ; gain = 500.176
---------------------------------------------------------------------------------
No constraint files found.
---------------------------------------------------------------------------------
Start RTL Component Statistics 
---------------------------------------------------------------------------------
Detailed RTL Component Info : 
+---Adders : 
	   2 Input    6 Bit       Adders := 1     
	   2 Input    5 Bit       Adders := 3     
+---Registers : 
	               16 Bit    Registers := 1     
	                6 Bit    Registers := 1     
	                5 Bit    Registers := 2     
+---RAMs : 
	              512 Bit	(32 X 16 bit)          RAMs := 1     
+---Muxes : 
	   2 Input    1 Bit        Muxes := 3     
---------------------------------------------------------------------------------
Finished RTL Component Statistics 
---------------------------------------------------------------------------------
---------------------------------------------------------------------------------
Start Part Resource Summary
---------------------------------------------------------------------------------
Part Resources:
DSPs: 220 (col length:60)
BRAMs: 280 (col length: RAMB18 60 RAMB36 30)
---------------------------------------------------------------------------------
Finished Part Resource Summary
---------------------------------------------------------------------------------
No constraint files found.
---------------------------------------------------------------------------------
Start Cross Boundary and Area Optimization
---------------------------------------------------------------------------------
WARNING: [Synth 8-7080] Parallel synthesis criteria is not met
---------------------------------------------------------------------------------
Finished Cross Boundary and Area Optimization : Time (s): cpu = 00:00:20 ; elapsed = 00:00:24 . Memory (MB): peak = 1178.074 ; gain = 722.383
---------------------------------------------------------------------------------
---------------------------------------------------------------------------------
Start ROM, RAM, DSP, Shift Register and Retiming Reporting
---------------------------------------------------------------------------------

Distributed RAM: Preliminary Mapping Report (see note below)
+------------+-----------------+-----------+----------------------+-------------+
|Module Name | RTL Object      | Inference | Size (Depth x Width) | Primitives  | 
+------------+-----------------+-----------+----------------------+-------------+
|fifo        | r_fifo_data_reg | Implied   | 32 x 16              | RAM32M x 3  | 
+------------+-----------------+-----------+----------------------+-------------+

Note: The table above is a preliminary report that shows the Distributed RAMs at the current stage of the synthesis flow. Some Distributed RAMs may be reimplemented as non Distributed RAM primitives later in the synthesis flow. Multiple instantiated RAMs are reported only once.
---------------------------------------------------------------------------------
Finished ROM, RAM, DSP, Shift Register and Retiming Reporting
---------------------------------------------------------------------------------
No constraint files found.
---------------------------------------------------------------------------------
Start Timing Optimization
---------------------------------------------------------------------------------
---------------------------------------------------------------------------------
Finished Timing Optimization : Time (s): cpu = 00:00:20 ; elapsed = 00:00:24 . Memory (MB): peak = 1178.074 ; gain = 722.383
---------------------------------------------------------------------------------
---------------------------------------------------------------------------------
Start ROM, RAM, DSP, Shift Register and Retiming Reporting
---------------------------------------------------------------------------------

Distributed RAM: Final Mapping Report
+------------+-----------------+-----------+----------------------+-------------+
|Module Name | RTL Object      | Inference | Size (Depth x Width) | Primitives  | 
+------------+-----------------+-----------+----------------------+-------------+
|fifo        | r_fifo_data_reg | Implied   | 32 x 16              | RAM32M x 3  | 
+------------+-----------------+-----------+----------------------+-------------+

---------------------------------------------------------------------------------
Finished ROM, RAM, DSP, Shift Register and Retiming Reporting
---------------------------------------------------------------------------------
---------------------------------------------------------------------------------
Start Technology Mapping
---------------------------------------------------------------------------------
---------------------------------------------------------------------------------
Finished Technology Mapping : Time (s): cpu = 00:00:20 ; elapsed = 00:00:24 . Memory (MB): peak = 1178.074 ; gain = 722.383
---------------------------------------------------------------------------------
---------------------------------------------------------------------------------
Start IO Insertion
---------------------------------------------------------------------------------
---------------------------------------------------------------------------------
Start Flattening Before IO Insertion
---------------------------------------------------------------------------------
---------------------------------------------------------------------------------
Finished Flattening Before IO Insertion
---------------------------------------------------------------------------------
---------------------------------------------------------------------------------
Start Final Netlist Cleanup
---------------------------------------------------------------------------------
---------------------------------------------------------------------------------
Finished Final Netlist Cleanup
---------------------------------------------------------------------------------
---------------------------------------------------------------------------------
Finished IO Insertion : Time (s): cpu = 00:00:33 ; elapsed = 00:00:37 . Memory (MB): peak = 1178.074 ; gain = 722.383
---------------------------------------------------------------------------------
---------------------------------------------------------------------------------
Start Renaming Generated Instances
---------------------------------------------------------------------------------
---------------------------------------------------------------------------------
Finished Renaming Generated Instances : Time (s): cpu = 00:00:33 ; elapsed = 00:00:38 . Memory (MB): peak = 1178.074 ; gain = 722.383
---------------------------------------------------------------------------------
---------------------------------------------------------------------------------
Start Rebuilding User Hierarchy
---------------------------------------------------------------------------------
---------------------------------------------------------------------------------
Finished Rebuilding User Hierarchy : Time (s): cpu = 00:00:33 ; elapsed = 00:00:38 . Memory (MB): peak = 1178.074 ; gain = 722.383
---------------------------------------------------------------------------------
---------------------------------------------------------------------------------
Start Renaming Generated Ports
---------------------------------------------------------------------------------
---------------------------------------------------------------------------------
Finished Renaming Generated Ports : Time (s): cpu = 00:00:33 ; elapsed = 00:00:38 . Memory (MB): peak = 1178.074 ; gain = 722.383
---------------------------------------------------------------------------------
---------------------------------------------------------------------------------
Start Handling Custom Attributes
---------------------------------------------------------------------------------
---------------------------------------------------------------------------------
Finished Handling Custom Attributes : Time (s): cpu = 00:00:33 ; elapsed = 00:00:38 . Memory (MB): peak = 1178.074 ; gain = 722.383
---------------------------------------------------------------------------------
---------------------------------------------------------------------------------
Start Renaming Generated Nets
---------------------------------------------------------------------------------
---------------------------------------------------------------------------------
Finished Renaming Generated Nets : Time (s): cpu = 00:00:33 ; elapsed = 00:00:38 . Memory (MB): peak = 1178.074 ; gain = 722.383
---------------------------------------------------------------------------------
---------------------------------------------------------------------------------
Start Writing Synthesis Report
---------------------------------------------------------------------------------

Report BlackBoxes: 
+-+--------------+----------+
| |BlackBox name |Instances |
+-+--------------+----------+
+-+--------------+----------+

Report Cell Usage: 
+------+-------+------+
|      |Cell   |Count |
+------+-------+------+
|1     |BUFG   |     1|
|2     |LUT1   |     3|
|3     |LUT2   |     2|
|4     |LUT3   |     2|
|5     |LUT4   |     6|
|6     |LUT5   |     6|
|7     |LUT6   |     9|
|8     |MUXF7  |     2|
|9     |RAM32M |     3|
|10    |FDRE   |    32|
|11    |IBUF   |    20|
|12    |OBUF   |    18|
+------+-------+------+

Report Instance Areas: 
+------+---------+-------+------+
|      |Instance |Module |Cells |
+------+---------+-------+------+
|1     |top      |       |   104|
+------+---------+-------+------+
---------------------------------------------------------------------------------
Finished Writing Synthesis Report : Time (s): cpu = 00:00:33 ; elapsed = 00:00:38 . Memory (MB): peak = 1178.074 ; gain = 722.383
---------------------------------------------------------------------------------
Synthesis finished with 0 errors, 0 critical warnings and 1 warnings.
Synthesis Optimization Runtime : Time (s): cpu = 00:00:33 ; elapsed = 00:00:38 . Memory (MB): peak = 1178.074 ; gain = 722.383
Synthesis Optimization Complete : Time (s): cpu = 00:00:33 ; elapsed = 00:00:38 . Memory (MB): peak = 1178.074 ; gain = 722.383
INFO: [Project 1-571] Translating synthesized netlist
Netlist sorting complete. Time (s): cpu = 00:00:00 ; elapsed = 00:00:00.002 . Memory (MB): peak = 1185.883 ; gain = 0.000
INFO: [Netlist 29-17] Analyzing 5 Unisim elements for replacement
INFO: [Netlist 29-28] Unisim Transformation completed in 0 CPU seconds
INFO: [Project 1-570] Preparing netlist for logic optimization
INFO: [Opt 31-138] Pushed 0 inverter(s) to 0 load pin(s).
Netlist sorting complete. Time (s): cpu = 00:00:00 ; elapsed = 00:00:00 . Memory (MB): peak = 1286.281 ; gain = 0.000
INFO: [Project 1-111] Unisim Transformation Summary:
  A total of 3 instances were transformed.
  RAM32M => RAM32M (RAMD32(x6), RAMS32(x2)): 3 instances

Synth Design complete, checksum: 46cebc81
INFO: [Common 17-83] Releasing license: Synthesis
15 Infos, 1 Warnings, 0 Critical Warnings and 0 Errors encountered.
synth_design completed successfully
synth_design: Time (s): cpu = 00:00:37 ; elapsed = 00:00:42 . Memory (MB): peak = 1286.281 ; gain = 855.445
INFO: [Common 17-1381] The checkpoint 'C:/Users/narsi/Desktop/projects/Project_BUG/fifo/fifo_g/fifo_g_/fifo_bug.runs/synth_1/fifo.dcp' has been generated.
INFO: [runtcl-4] Executing : report_utilization -file fifo_utilization_synth.rpt -pb fifo_utilization_synth.pb
INFO: [Common 17-206] Exiting Vivado at Thu Apr  2 23:35:56 2026...
[Thu Apr  2 23:35:59 2026] synth_1 finished
wait_on_runs: Time (s): cpu = 00:00:00 ; elapsed = 00:01:06 . Memory (MB): peak = 454.309 ; gain = 0.000
# open_run synth_1
Design is defaulting to impl run constrset: constrs_1
Design is defaulting to synth run part: xc7z020clg484-1
INFO: [Device 21-403] Loading part xc7z020clg484-1
Netlist sorting complete. Time (s): cpu = 00:00:00 ; elapsed = 00:00:00.002 . Memory (MB): peak = 859.340 ; gain = 0.000
INFO: [Netlist 29-17] Analyzing 5 Unisim elements for replacement
INFO: [Netlist 29-28] Unisim Transformation completed in 0 CPU seconds
INFO: [Project 1-479] Netlist was created with Vivado 2022.2
INFO: [Project 1-570] Preparing netlist for logic optimization
INFO: [Opt 31-138] Pushed 0 inverter(s) to 0 load pin(s).
Netlist sorting complete. Time (s): cpu = 00:00:00 ; elapsed = 00:00:00 . Memory (MB): peak = 977.660 ; gain = 0.000
INFO: [Project 1-111] Unisim Transformation Summary:
  A total of 3 instances were transformed.
  RAM32M => RAM32M (RAMD32(x6), RAMS32(x2)): 3 instances

open_run: Time (s): cpu = 00:00:10 ; elapsed = 00:00:14 . Memory (MB): peak = 977.660 ; gain = 523.352
# write_checkpoint -force [file join $build_dir post_synth.dcp]
INFO: [Common 17-1381] The checkpoint 'C:/Users/narsi/Desktop/projects/Project_BUG/fifo/fifo_g/build/post_synth.dcp' has been generated.
# launch_runs impl_1
[Thu Apr  2 23:36:14 2026] Launched impl_1...
Run output will be captured here: C:/Users/narsi/Desktop/projects/Project_BUG/fifo/fifo_g/fifo_g_/fifo_bug.runs/impl_1/runme.log
# wait_on_run impl_1
[Thu Apr  2 23:36:14 2026] Waiting for impl_1 to finish...

*** Running vivado
    with args -log fifo.vdi -applog -m64 -product Vivado -messageDb vivado.pb -mode batch -source fifo.tcl -notrace



****** Vivado v2022.2 (64-bit)
  **** SW Build 3671981 on Fri Oct 14 05:00:03 MDT 2022
  **** IP Build 3669848 on Fri Oct 14 08:30:02 MDT 2022
    ** Copyright 1986-2022 Xilinx, Inc. All Rights Reserved.

source fifo.tcl -notrace
Command: open_checkpoint C:/Users/narsi/Desktop/projects/Project_BUG/fifo/fifo_g/fifo_g_/fifo_bug.runs/impl_1/fifo.dcp
INFO: [Device 21-403] Loading part xc7z020clg484-1
Netlist sorting complete. Time (s): cpu = 00:00:00 ; elapsed = 00:00:00.002 . Memory (MB): peak = 860.215 ; gain = 0.000
INFO: [Netlist 29-17] Analyzing 5 Unisim elements for replacement
INFO: [Netlist 29-28] Unisim Transformation completed in 0 CPU seconds
INFO: [Project 1-479] Netlist was created with Vivado 2022.2
INFO: [Project 1-570] Preparing netlist for logic optimization
Netlist sorting complete. Time (s): cpu = 00:00:00 ; elapsed = 00:00:00 . Memory (MB): peak = 952.836 ; gain = 0.000
INFO: [Project 1-111] Unisim Transformation Summary:
  A total of 3 instances were transformed.
  RAM32M => RAM32M (RAMD32(x6), RAMS32(x2)): 3 instances

INFO: [Project 1-604] Checkpoint was created with Vivado v2022.2 (64-bit) build 3671981
OpenCheckpoint Checksum | Checksum: f5cae4ad
----- Checksum: PlaceDB: 00000000 ShapeSum: f5cae4ad RouteDB: 00000000 
open_checkpoint: Time (s): cpu = 00:00:22 ; elapsed = 00:00:28 . Memory (MB): peak = 956.887 ; gain = 623.070
Command: opt_design
Attempting to get a license for feature 'Implementation' and/or device 'xc7z020'
INFO: [Common 17-349] Got license for feature 'Implementation' and/or device 'xc7z020'
Running DRC as a precondition to command opt_design

Starting DRC Task
INFO: [DRC 23-27] Running DRC with 2 threads
INFO: [Project 1-461] DRC finished with 0 Errors
INFO: [Project 1-462] Please refer to the DRC report (report_drc) for more information.

Time (s): cpu = 00:00:02 ; elapsed = 00:00:02 . Memory (MB): peak = 1006.551 ; gain = 27.977

Starting Cache Timing Information Task
INFO: [Timing 38-35] Done setting XDC timing constraints.
Ending Cache Timing Information Task | Checksum: 13c99a12e

Time (s): cpu = 00:00:12 ; elapsed = 00:00:13 . Memory (MB): peak = 1556.938 ; gain = 550.387

Starting Logic Optimization Task

Phase 1 Retarget
INFO: [Opt 31-138] Pushed 0 inverter(s) to 0 load pin(s).
INFO: [Opt 31-49] Retargeted 0 cell(s).
Phase 1 Retarget | Checksum: 13c99a12e

Time (s): cpu = 00:00:00 ; elapsed = 00:00:00.462 . Memory (MB): peak = 1890.930 ; gain = 0.000
INFO: [Opt 31-389] Phase Retarget created 0 cells and removed 0 cells

Phase 2 Constant propagation
INFO: [Opt 31-138] Pushed 0 inverter(s) to 0 load pin(s).
Phase 2 Constant propagation | Checksum: 13c99a12e

Time (s): cpu = 00:00:00 ; elapsed = 00:00:00.469 . Memory (MB): peak = 1890.930 ; gain = 0.000
INFO: [Opt 31-389] Phase Constant propagation created 0 cells and removed 0 cells

Phase 3 Sweep
Phase 3 Sweep | Checksum: 13c99a12e

Time (s): cpu = 00:00:00 ; elapsed = 00:00:00.487 . Memory (MB): peak = 1890.930 ; gain = 0.000
INFO: [Opt 31-389] Phase Sweep created 0 cells and removed 0 cells

Phase 4 BUFG optimization
Phase 4 BUFG optimization | Checksum: 13c99a12e

Time (s): cpu = 00:00:00 ; elapsed = 00:00:00.849 . Memory (MB): peak = 1890.930 ; gain = 0.000
INFO: [Opt 31-662] Phase BUFG optimization created 0 cells of which 0 are BUFGs and removed 0 cells.

Phase 5 Shift Register Optimization
INFO: [Opt 31-1064] SRL Remap converted 0 SRLs to 0 registers and converted 0 registers of register chains to 0 SRLs
Phase 5 Shift Register Optimization | Checksum: 13c99a12e

Time (s): cpu = 00:00:00 ; elapsed = 00:00:00.853 . Memory (MB): peak = 1890.930 ; gain = 0.000
INFO: [Opt 31-389] Phase Shift Register Optimization created 0 cells and removed 0 cells

Phase 6 Post Processing Netlist
Phase 6 Post Processing Netlist | Checksum: 13c99a12e

Time (s): cpu = 00:00:00 ; elapsed = 00:00:00.870 . Memory (MB): peak = 1890.930 ; gain = 0.000
INFO: [Opt 31-389] Phase Post Processing Netlist created 0 cells and removed 0 cells
Opt_design Change Summary
=========================


-------------------------------------------------------------------------------------------------------------------------
|  Phase                        |  #Cells created  |  #Cells Removed  |  #Constrained objects preventing optimizations  |
-------------------------------------------------------------------------------------------------------------------------
|  Retarget                     |               0  |               0  |                                              0  |
|  Constant propagation         |               0  |               0  |                                              0  |
|  Sweep                        |               0  |               0  |                                              0  |
|  BUFG optimization            |               0  |               0  |                                              0  |
|  Shift Register Optimization  |               0  |               0  |                                              0  |
|  Post Processing Netlist      |               0  |               0  |                                              0  |
-------------------------------------------------------------------------------------------------------------------------



Starting Connectivity Check Task

Time (s): cpu = 00:00:00 ; elapsed = 00:00:00.004 . Memory (MB): peak = 1890.930 ; gain = 0.000
Ending Logic Optimization Task | Checksum: 13c99a12e

Time (s): cpu = 00:00:00 ; elapsed = 00:00:00.884 . Memory (MB): peak = 1890.930 ; gain = 0.000

Starting Power Optimization Task
INFO: [Pwropt 34-132] Skipping clock gating for clocks with a period < 2.00 ns.
Ending Power Optimization Task | Checksum: 13c99a12e

Time (s): cpu = 00:00:00 ; elapsed = 00:00:00.030 . Memory (MB): peak = 1890.930 ; gain = 0.000

Starting Final Cleanup Task
Ending Final Cleanup Task | Checksum: 13c99a12e

Time (s): cpu = 00:00:00 ; elapsed = 00:00:00 . Memory (MB): peak = 1890.930 ; gain = 0.000

Starting Netlist Obfuscation Task
Netlist sorting complete. Time (s): cpu = 00:00:00 ; elapsed = 00:00:00 . Memory (MB): peak = 1890.930 ; gain = 0.000
Ending Netlist Obfuscation Task | Checksum: 13c99a12e

Time (s): cpu = 00:00:00 ; elapsed = 00:00:00.001 . Memory (MB): peak = 1890.930 ; gain = 0.000
INFO: [Common 17-83] Releasing license: Implementation
24 Infos, 0 Warnings, 0 Critical Warnings and 0 Errors encountered.
opt_design completed successfully
opt_design: Time (s): cpu = 00:00:20 ; elapsed = 00:00:22 . Memory (MB): peak = 1890.930 ; gain = 934.043
INFO: [Common 17-1381] The checkpoint 'C:/Users/narsi/Desktop/projects/Project_BUG/fifo/fifo_g/fifo_g_/fifo_bug.runs/impl_1/fifo_opt.dcp' has been generated.
INFO: [runtcl-4] Executing : report_drc -file fifo_drc_opted.rpt -pb fifo_drc_opted.pb -rpx fifo_drc_opted.rpx
Command: report_drc -file fifo_drc_opted.rpt -pb fifo_drc_opted.pb -rpx fifo_drc_opted.rpx
INFO: [IP_Flow 19-234] Refreshing IP repositories
INFO: [IP_Flow 19-1704] No user IP repositories specified
INFO: [IP_Flow 19-2313] Loaded Vivado IP repository 'C:/Xilinx/Vivado/2022.2/data/ip'.
INFO: [DRC 23-27] Running DRC with 2 threads
INFO: [Vivado_Tcl 2-168] The results of DRC are in file C:/Users/narsi/Desktop/projects/Project_BUG/fifo/fifo_g/fifo_g_/fifo_bug.runs/impl_1/fifo_drc_opted.rpt.
report_drc completed successfully
Command: place_design
Attempting to get a license for feature 'Implementation' and/or device 'xc7z020'
INFO: [Common 17-349] Got license for feature 'Implementation' and/or device 'xc7z020'
INFO: [DRC 23-27] Running DRC with 2 threads
INFO: [Vivado_Tcl 4-198] DRC finished with 0 Errors
INFO: [Vivado_Tcl 4-199] Please refer to the DRC report (report_drc) for more information.
Running DRC as a precondition to command place_design
INFO: [DRC 23-27] Running DRC with 2 threads
INFO: [Vivado_Tcl 4-198] DRC finished with 0 Errors
INFO: [Vivado_Tcl 4-199] Please refer to the DRC report (report_drc) for more information.

Starting Placer Task
INFO: [Place 30-611] Multithreading enabled for place_design using a maximum of 2 CPUs

Phase 1 Placer Initialization

Phase 1.1 Placer Initialization Netlist Sorting
Netlist sorting complete. Time (s): cpu = 00:00:00 ; elapsed = 00:00:00.007 . Memory (MB): peak = 1890.930 ; gain = 0.000
Phase 1.1 Placer Initialization Netlist Sorting | Checksum: f5cae4ad

Time (s): cpu = 00:00:00 ; elapsed = 00:00:01 . Memory (MB): peak = 1890.930 ; gain = 0.000
Netlist sorting complete. Time (s): cpu = 00:00:00 ; elapsed = 00:00:00 . Memory (MB): peak = 1890.930 ; gain = 0.000

Phase 1.2 IO Placement/ Clock Placement/ Build Placer Device
INFO: [Timing 38-35] Done setting XDC timing constraints.
Phase 1.2 IO Placement/ Clock Placement/ Build Placer Device | Checksum: 293d2726

Time (s): cpu = 00:00:01 ; elapsed = 00:00:04 . Memory (MB): peak = 1890.930 ; gain = 0.000

Phase 1.3 Build Placer Netlist Model
Phase 1.3 Build Placer Netlist Model | Checksum: 124b0e0ab

Time (s): cpu = 00:00:01 ; elapsed = 00:00:05 . Memory (MB): peak = 1890.930 ; gain = 0.000

Phase 1.4 Constrain Clocks/Macros
Phase 1.4 Constrain Clocks/Macros | Checksum: 124b0e0ab

Time (s): cpu = 00:00:01 ; elapsed = 00:00:05 . Memory (MB): peak = 1890.930 ; gain = 0.000
Phase 1 Placer Initialization | Checksum: 124b0e0ab

Time (s): cpu = 00:00:01 ; elapsed = 00:00:05 . Memory (MB): peak = 1890.930 ; gain = 0.000

Phase 2 Global Placement

Phase 2.1 Floorplanning
Phase 2.1 Floorplanning | Checksum: 124b0e0ab

Time (s): cpu = 00:00:02 ; elapsed = 00:00:05 . Memory (MB): peak = 1890.930 ; gain = 0.000

Phase 2.2 Update Timing before SLR Path Opt
Phase 2.2 Update Timing before SLR Path Opt | Checksum: 124b0e0ab

Time (s): cpu = 00:00:02 ; elapsed = 00:00:05 . Memory (MB): peak = 1890.930 ; gain = 0.000

Phase 2.3 Post-Processing in Floorplanning
Phase 2.3 Post-Processing in Floorplanning | Checksum: 124b0e0ab

Time (s): cpu = 00:00:02 ; elapsed = 00:00:05 . Memory (MB): peak = 1890.930 ; gain = 0.000

Phase 2.4 Global Placement Core
WARNING: [Place 46-29] Timing had been disabled during Placer and, therefore, physical synthesis in Placer will be skipped.
Phase 2.4 Global Placement Core | Checksum: 665cb5f0

Time (s): cpu = 00:00:05 ; elapsed = 00:00:07 . Memory (MB): peak = 1890.930 ; gain = 0.000
Phase 2 Global Placement | Checksum: 665cb5f0

Time (s): cpu = 00:00:05 ; elapsed = 00:00:07 . Memory (MB): peak = 1890.930 ; gain = 0.000

Phase 3 Detail Placement

Phase 3.1 Commit Multi Column Macros
Phase 3.1 Commit Multi Column Macros | Checksum: 665cb5f0

Time (s): cpu = 00:00:05 ; elapsed = 00:00:07 . Memory (MB): peak = 1890.930 ; gain = 0.000

Phase 3.2 Commit Most Macros & LUTRAMs
Phase 3.2 Commit Most Macros & LUTRAMs | Checksum: 11b6c824c

Time (s): cpu = 00:00:05 ; elapsed = 00:00:08 . Memory (MB): peak = 1890.930 ; gain = 0.000

Phase 3.3 Area Swap Optimization
Phase 3.3 Area Swap Optimization | Checksum: 15415de10

Time (s): cpu = 00:00:05 ; elapsed = 00:00:08 . Memory (MB): peak = 1890.930 ; gain = 0.000

Phase 3.4 Pipeline Register Optimization
Phase 3.4 Pipeline Register Optimization | Checksum: 15415de10

Time (s): cpu = 00:00:05 ; elapsed = 00:00:08 . Memory (MB): peak = 1890.930 ; gain = 0.000

Phase 3.5 Small Shape Detail Placement
Phase 3.5 Small Shape Detail Placement | Checksum: 10d7bbdfc

Time (s): cpu = 00:00:05 ; elapsed = 00:00:08 . Memory (MB): peak = 1890.930 ; gain = 0.000

Phase 3.6 Re-assign LUT pins
Phase 3.6 Re-assign LUT pins | Checksum: 10d7bbdfc

Time (s): cpu = 00:00:05 ; elapsed = 00:00:08 . Memory (MB): peak = 1890.930 ; gain = 0.000

Phase 3.7 Pipeline Register Optimization
Phase 3.7 Pipeline Register Optimization | Checksum: 10d7bbdfc

Time (s): cpu = 00:00:05 ; elapsed = 00:00:08 . Memory (MB): peak = 1890.930 ; gain = 0.000
Phase 3 Detail Placement | Checksum: 10d7bbdfc

Time (s): cpu = 00:00:05 ; elapsed = 00:00:08 . Memory (MB): peak = 1890.930 ; gain = 0.000

Phase 4 Post Placement Optimization and Clean-Up

Phase 4.1 Post Commit Optimization
Phase 4.1 Post Commit Optimization | Checksum: 10d7bbdfc

Time (s): cpu = 00:00:05 ; elapsed = 00:00:08 . Memory (MB): peak = 1890.930 ; gain = 0.000

Phase 4.2 Post Placement Cleanup
Phase 4.2 Post Placement Cleanup | Checksum: 10d7bbdfc

Time (s): cpu = 00:00:05 ; elapsed = 00:00:08 . Memory (MB): peak = 1890.930 ; gain = 0.000

Phase 4.3 Placer Reporting

Phase 4.3.1 Print Estimated Congestion
INFO: [Place 30-612] Post-Placement Estimated Congestion 
 ____________________________________________________
|           | Global Congestion | Short Congestion  |
| Direction | Region Size       | Region Size       |
|___________|___________________|___________________|
|      North|                1x1|                1x1|
|___________|___________________|___________________|
|      South|                1x1|                1x1|
|___________|___________________|___________________|
|       East|                1x1|                1x1|
|___________|___________________|___________________|
|       West|                1x1|                1x1|
|___________|___________________|___________________|

Phase 4.3.1 Print Estimated Congestion | Checksum: 10d7bbdfc

Time (s): cpu = 00:00:05 ; elapsed = 00:00:08 . Memory (MB): peak = 1890.930 ; gain = 0.000
Phase 4.3 Placer Reporting | Checksum: 10d7bbdfc

Time (s): cpu = 00:00:05 ; elapsed = 00:00:08 . Memory (MB): peak = 1890.930 ; gain = 0.000

Phase 4.4 Final Placement Cleanup
Netlist sorting complete. Time (s): cpu = 00:00:00 ; elapsed = 00:00:00.001 . Memory (MB): peak = 1890.930 ; gain = 0.000

Time (s): cpu = 00:00:05 ; elapsed = 00:00:08 . Memory (MB): peak = 1890.930 ; gain = 0.000
Phase 4 Post Placement Optimization and Clean-Up | Checksum: 17b53f658

Time (s): cpu = 00:00:05 ; elapsed = 00:00:08 . Memory (MB): peak = 1890.930 ; gain = 0.000
Ending Placer Task | Checksum: 1073695fc

Time (s): cpu = 00:00:05 ; elapsed = 00:00:08 . Memory (MB): peak = 1890.930 ; gain = 0.000
INFO: [Common 17-83] Releasing license: Implementation
42 Infos, 1 Warnings, 0 Critical Warnings and 0 Errors encountered.
place_design completed successfully
place_design: Time (s): cpu = 00:00:07 ; elapsed = 00:00:10 . Memory (MB): peak = 1890.930 ; gain = 0.000
Writing XDEF routing.
Writing XDEF routing logical nets.
Writing XDEF routing special nets.
Write XDEF Complete: Time (s): cpu = 00:00:00 ; elapsed = 00:00:00.378 . Memory (MB): peak = 1890.930 ; gain = 0.000
INFO: [Common 17-1381] The checkpoint 'C:/Users/narsi/Desktop/projects/Project_BUG/fifo/fifo_g/fifo_g_/fifo_bug.runs/impl_1/fifo_placed.dcp' has been generated.
INFO: [runtcl-4] Executing : report_io -file fifo_io_placed.rpt
report_io: Time (s): cpu = 00:00:01 ; elapsed = 00:00:00.160 . Memory (MB): peak = 1890.930 ; gain = 0.000
INFO: [runtcl-4] Executing : report_utilization -file fifo_utilization_placed.rpt -pb fifo_utilization_placed.pb
INFO: [runtcl-4] Executing : report_control_sets -verbose -file fifo_control_sets_placed.rpt
report_control_sets: Time (s): cpu = 00:00:00 ; elapsed = 00:00:00.005 . Memory (MB): peak = 1890.930 ; gain = 0.000
Command: phys_opt_design
Attempting to get a license for feature 'Implementation' and/or device 'xc7z020'
INFO: [Common 17-349] Got license for feature 'Implementation' and/or device 'xc7z020'

Starting Initial Update Timing Task

Time (s): cpu = 00:00:00 ; elapsed = 00:00:00.099 . Memory (MB): peak = 1896.406 ; gain = 5.477
INFO: [Vivado_Tcl 4-235] No timing constraint found. The netlist was not modified.
INFO: [Common 17-83] Releasing license: Implementation
49 Infos, 1 Warnings, 0 Critical Warnings and 0 Errors encountered.
phys_opt_design completed successfully
Writing XDEF routing.
Writing XDEF routing logical nets.
Writing XDEF routing special nets.
Write XDEF Complete: Time (s): cpu = 00:00:00 ; elapsed = 00:00:00.091 . Memory (MB): peak = 1914.277 ; gain = 17.871
INFO: [Common 17-1381] The checkpoint 'C:/Users/narsi/Desktop/projects/Project_BUG/fifo/fifo_g/fifo_g_/fifo_bug.runs/impl_1/fifo_physopt.dcp' has been generated.
Command: route_design
Attempting to get a license for feature 'Implementation' and/or device 'xc7z020'
INFO: [Common 17-349] Got license for feature 'Implementation' and/or device 'xc7z020'
Running DRC as a precondition to command route_design
INFO: [DRC 23-27] Running DRC with 2 threads
INFO: [Vivado_Tcl 4-198] DRC finished with 0 Errors
INFO: [Vivado_Tcl 4-199] Please refer to the DRC report (report_drc) for more information.


Starting Routing Task
INFO: [Route 35-254] Multithreading enabled for route_design using a maximum of 2 CPUs

Phase 1 Build RT Design
Checksum: PlaceDB: 76eaae92 ConstDB: 0 ShapeSum: 904be76a RouteDB: 0
Post Restoration Checksum: NetGraph: 176f30cb NumContArr: dd2dbae Constraints: 0 Timing: 0
Phase 1 Build RT Design | Checksum: 25420c79

Time (s): cpu = 00:00:49 ; elapsed = 00:00:44 . Memory (MB): peak = 2015.980 ; gain = 92.570

Phase 2 Router Initialization
INFO: [Route 35-64] No timing constraints were detected. The router will operate in resource-optimization mode.

Phase 2.1 Fix Topology Constraints
Phase 2.1 Fix Topology Constraints | Checksum: 25420c79

Time (s): cpu = 00:00:49 ; elapsed = 00:00:44 . Memory (MB): peak = 2022.027 ; gain = 98.617

Phase 2.2 Pre Route Cleanup
Phase 2.2 Pre Route Cleanup | Checksum: 25420c79

Time (s): cpu = 00:00:49 ; elapsed = 00:00:44 . Memory (MB): peak = 2022.027 ; gain = 98.617
 Number of Nodes with overlaps = 0

Router Utilization Summary
  Global Vertical Routing Utilization    = 0 %
  Global Horizontal Routing Utilization  = 0 %
  Routable Net Status*
  *Does not include unroutable nets such as driverless and loadless.
  Run report_route_status for detailed report.
  Number of Failed Nets               = 61
    (Failed Nets is the sum of unrouted and partially routed nets)
  Number of Unrouted Nets             = 61
  Number of Partially Routed Nets     = 0
  Number of Node Overlaps             = 0

Phase 2 Router Initialization | Checksum: 7391d034

Time (s): cpu = 00:00:50 ; elapsed = 00:00:45 . Memory (MB): peak = 2037.801 ; gain = 114.391

Phase 3 Initial Routing

Phase 3.1 Global Routing
Phase 3.1 Global Routing | Checksum: 7391d034

Time (s): cpu = 00:00:50 ; elapsed = 00:00:45 . Memory (MB): peak = 2037.801 ; gain = 114.391
Phase 3 Initial Routing | Checksum: ab5d2ff2

Time (s): cpu = 00:00:50 ; elapsed = 00:00:46 . Memory (MB): peak = 2037.801 ; gain = 114.391

Phase 4 Rip-up And Reroute

Phase 4.1 Global Iteration 0
 Number of Nodes with overlaps = 4
 Number of Nodes with overlaps = 0
Phase 4.1 Global Iteration 0 | Checksum: 10d4d01cd

Time (s): cpu = 00:00:50 ; elapsed = 00:00:46 . Memory (MB): peak = 2037.801 ; gain = 114.391
Phase 4 Rip-up And Reroute | Checksum: 10d4d01cd

Time (s): cpu = 00:00:50 ; elapsed = 00:00:46 . Memory (MB): peak = 2037.801 ; gain = 114.391

Phase 5 Delay and Skew Optimization
Phase 5 Delay and Skew Optimization | Checksum: 10d4d01cd

Time (s): cpu = 00:00:50 ; elapsed = 00:00:46 . Memory (MB): peak = 2037.801 ; gain = 114.391

Phase 6 Post Hold Fix

Phase 6.1 Hold Fix Iter
Phase 6.1 Hold Fix Iter | Checksum: 10d4d01cd

Time (s): cpu = 00:00:50 ; elapsed = 00:00:46 . Memory (MB): peak = 2037.801 ; gain = 114.391
Phase 6 Post Hold Fix | Checksum: 10d4d01cd

Time (s): cpu = 00:00:50 ; elapsed = 00:00:46 . Memory (MB): peak = 2037.801 ; gain = 114.391

Phase 7 Route finalize

Router Utilization Summary
  Global Vertical Routing Utilization    = 0.0241794 %
  Global Horizontal Routing Utilization  = 0.0162272 %
  Routable Net Status*
  *Does not include unroutable nets such as driverless and loadless.
  Run report_route_status for detailed report.
  Number of Failed Nets               = 0
    (Failed Nets is the sum of unrouted and partially routed nets)
  Number of Unrouted Nets             = 0
  Number of Partially Routed Nets     = 0
  Number of Node Overlaps             = 0

Congestion Report
North Dir 1x1 Area, Max Cong = 29.7297%, No Congested Regions.
South Dir 1x1 Area, Max Cong = 10.8108%, No Congested Regions.
East Dir 1x1 Area, Max Cong = 8.82353%, No Congested Regions.
West Dir 1x1 Area, Max Cong = 17.6471%, No Congested Regions.

------------------------------
Reporting congestion hotspots
------------------------------
Direction: North
----------------
Congested clusters found at Level 0
Effective congestion level: 0 Aspect Ratio: 1 Sparse Ratio: 0
Direction: South
----------------
Congested clusters found at Level 0
Effective congestion level: 0 Aspect Ratio: 1 Sparse Ratio: 0
Direction: East
----------------
Congested clusters found at Level 0
Effective congestion level: 0 Aspect Ratio: 1 Sparse Ratio: 0
Direction: West
----------------
Congested clusters found at Level 0
Effective congestion level: 0 Aspect Ratio: 1 Sparse Ratio: 0

Phase 7 Route finalize | Checksum: 10d4d01cd

Time (s): cpu = 00:00:50 ; elapsed = 00:00:46 . Memory (MB): peak = 2037.801 ; gain = 114.391

Phase 8 Verifying routed nets

 Verification completed successfully
Phase 8 Verifying routed nets | Checksum: 10d4d01cd

Time (s): cpu = 00:00:50 ; elapsed = 00:00:46 . Memory (MB): peak = 2037.801 ; gain = 114.391

Phase 9 Depositing Routes
Phase 9 Depositing Routes | Checksum: 13f9e99b0

Time (s): cpu = 00:00:50 ; elapsed = 00:00:46 . Memory (MB): peak = 2037.801 ; gain = 114.391
INFO: [Route 35-16] Router Completed Successfully

Time (s): cpu = 00:00:50 ; elapsed = 00:00:46 . Memory (MB): peak = 2037.801 ; gain = 114.391

Routing Is Done.
INFO: [Common 17-83] Releasing license: Implementation
58 Infos, 1 Warnings, 0 Critical Warnings and 0 Errors encountered.
route_design completed successfully
route_design: Time (s): cpu = 00:00:52 ; elapsed = 00:00:47 . Memory (MB): peak = 2037.801 ; gain = 123.523
Writing XDEF routing.
Writing XDEF routing logical nets.
Writing XDEF routing special nets.
Write XDEF Complete: Time (s): cpu = 00:00:01 ; elapsed = 00:00:00.310 . Memory (MB): peak = 2047.496 ; gain = 9.695
INFO: [Common 17-1381] The checkpoint 'C:/Users/narsi/Desktop/projects/Project_BUG/fifo/fifo_g/fifo_g_/fifo_bug.runs/impl_1/fifo_routed.dcp' has been generated.
INFO: [runtcl-4] Executing : report_drc -file fifo_drc_routed.rpt -pb fifo_drc_routed.pb -rpx fifo_drc_routed.rpx
Command: report_drc -file fifo_drc_routed.rpt -pb fifo_drc_routed.pb -rpx fifo_drc_routed.rpx
INFO: [IP_Flow 19-1839] IP Catalog is up to date.
INFO: [DRC 23-27] Running DRC with 2 threads
INFO: [Vivado_Tcl 2-168] The results of DRC are in file C:/Users/narsi/Desktop/projects/Project_BUG/fifo/fifo_g/fifo_g_/fifo_bug.runs/impl_1/fifo_drc_routed.rpt.
report_drc completed successfully
report_drc: Time (s): cpu = 00:00:02 ; elapsed = 00:00:06 . Memory (MB): peak = 2065.328 ; gain = 17.832
INFO: [runtcl-4] Executing : report_methodology -file fifo_methodology_drc_routed.rpt -pb fifo_methodology_drc_routed.pb -rpx fifo_methodology_drc_routed.rpx
Command: report_methodology -file fifo_methodology_drc_routed.rpt -pb fifo_methodology_drc_routed.pb -rpx fifo_methodology_drc_routed.rpx
INFO: [Timing 38-35] Done setting XDC timing constraints.
INFO: [DRC 23-133] Running Methodology with 2 threads
INFO: [Vivado_Tcl 2-1520] The results of Report Methodology are in file C:/Users/narsi/Desktop/projects/Project_BUG/fifo/fifo_g/fifo_g_/fifo_bug.runs/impl_1/fifo_methodology_drc_routed.rpt.
report_methodology completed successfully
INFO: [runtcl-4] Executing : report_power -file fifo_power_routed.rpt -pb fifo_power_summary_routed.pb -rpx fifo_power_routed.rpx
Command: report_power -file fifo_power_routed.rpt -pb fifo_power_summary_routed.pb -rpx fifo_power_routed.rpx
INFO: [Timing 38-35] Done setting XDC timing constraints.
WARNING: [Power 33-232] No user defined clocks were found in the design! Power estimation will be inaccurate until this is corrected.
Resolution: Please specify clocks using create_clock/create_generated_clock for sequential elements. For pure combinatorial circuits, please specify a virtual clock, otherwise the vectorless estimation might be inaccurate
Running Vector-less Activity Propagation...

Finished Running Vector-less Activity Propagation
69 Infos, 2 Warnings, 0 Critical Warnings and 0 Errors encountered.
report_power completed successfully
INFO: [runtcl-4] Executing : report_route_status -file fifo_route_status.rpt -pb fifo_route_status.pb
INFO: [runtcl-4] Executing : report_timing_summary -max_paths 10 -report_unconstrained -file fifo_timing_summary_routed.rpt -pb fifo_timing_summary_routed.pb -rpx fifo_timing_summary_routed.rpx -warn_on_violation 
INFO: [Timing 38-91] UpdateTimingParams: Speed grade: -1, Delay Type: min_max.
INFO: [Timing 38-191] Multithreading enabled for timing update using a maximum of 2 CPUs
WARNING: [Timing 38-313] There are no user specified timing constraints. Timing constraints are needed for proper timing analysis.
INFO: [runtcl-4] Executing : report_incremental_reuse -file fifo_incremental_reuse_routed.rpt
INFO: [Vivado_Tcl 4-1062] Incremental flow is disabled. No incremental reuse Info to report.
INFO: [runtcl-4] Executing : report_clock_utilization -file fifo_clock_utilization_routed.rpt
INFO: [runtcl-4] Executing : report_bus_skew -warn_on_violation -file fifo_bus_skew_routed.rpt -pb fifo_bus_skew_routed.pb -rpx fifo_bus_skew_routed.rpx
INFO: [Timing 38-91] UpdateTimingParams: Speed grade: -1, Delay Type: min_max.
INFO: [Timing 38-191] Multithreading enabled for timing update using a maximum of 2 CPUs
INFO: [Common 17-206] Exiting Vivado at Thu Apr  2 23:38:35 2026...
[Thu Apr  2 23:38:41 2026] impl_1 finished
wait_on_runs: Time (s): cpu = 00:00:01 ; elapsed = 00:02:27 . Memory (MB): peak = 979.809 ; gain = 0.000
# open_run impl_1
Netlist sorting complete. Time (s): cpu = 00:00:00 ; elapsed = 00:00:00.001 . Memory (MB): peak = 979.809 ; gain = 0.000
INFO: [Netlist 29-17] Analyzing 5 Unisim elements for replacement
INFO: [Netlist 29-28] Unisim Transformation completed in 0 CPU seconds
INFO: [Project 1-479] Netlist was created with Vivado 2022.2
INFO: [Project 1-570] Preparing netlist for logic optimization
Reading XDEF placement.
Reading placer database...
Reading XDEF routing.
Read XDEF Files: Time (s): cpu = 00:00:00 ; elapsed = 00:00:00.550 . Memory (MB): peak = 1094.340 ; gain = 24.844
Restored from archive | CPU: 0.000000 secs | Memory: 0.000000 MB |
Finished XDEF File Restore: Time (s): cpu = 00:00:00 ; elapsed = 00:00:00.552 . Memory (MB): peak = 1094.340 ; gain = 24.844
Netlist sorting complete. Time (s): cpu = 00:00:00 ; elapsed = 00:00:00.001 . Memory (MB): peak = 1480.453 ; gain = 0.000
INFO: [Project 1-111] Unisim Transformation Summary:
  A total of 3 instances were transformed.
  RAM32M => RAM32M (RAMD32(x6), RAMS32(x2)): 3 instances

open_run: Time (s): cpu = 00:00:04 ; elapsed = 00:00:06 . Memory (MB): peak = 1480.453 ; gain = 500.645
# report_utilization    -file [file join $build_dir utilization.rpt]
# report_timing_summary -file [file join $build_dir timing_summary.rpt]
INFO: [Timing 38-35] Done setting XDC timing constraints.
INFO: [Timing 38-91] UpdateTimingParams: Speed grade: -1, Delay Type: min_max.
INFO: [Timing 38-191] Multithreading enabled for timing update using a maximum of 2 CPUs
report_timing_summary: Time (s): cpu = 00:00:09 ; elapsed = 00:00:11 . Memory (MB): peak = 1670.402 ; gain = 189.949
# set sim_log [file join $build_dir sim.log]
# if {$run_sim} {
#   launch_simulation -simset sim_1 -mode behavioral
#   log_wave -recursive *
#   run all
#   catch { write_waveform -file [file join $build_dir waveform.wdb] }
#   if {[file exists "vivado.log"]} {
#     file copy -force "vivado.log" $sim_log
#   } else {
#     # create empty log
#     set fd [open $sim_log w]; puts $fd "No vivado.log"; close $fd
#   }
# } else {
#   # no sim run
#   set fd [open $sim_log w]; puts $fd "Simulation not run (no TB)"; close $fd
# }
Command: launch_simulation  -simset sim_1 -mode behavioral
INFO: [Vivado 12-12493] Simulation top is 'fifo_tb'
WARNING: [Vivado 12-13340] Unable to auto find GCC executables from simulator install path! (path not set)
WARNING: [Vivado 12-13277] Compiled library path does not exist: ''
INFO: [Vivado 12-5682] Launching behavioral simulation in 'C:/Users/narsi/Desktop/projects/Project_BUG/fifo/fifo_g/fifo_g_/fifo_bug.sim/sim_1/behav/xsim'
INFO: [SIM-utils-51] Simulation object is 'sim_1'
INFO: [SIM-utils-72] Using boost library from 'C:/Xilinx/Vivado/2022.2/tps/boost_1_72_0'
INFO: [SIM-utils-54] Inspecting design source files for 'fifo_tb' in fileset 'sim_1'...
INFO: [USF-XSim-97] Finding global include files...
INFO: [USF-XSim-98] Fetching design files from 'sim_1'...
INFO: [USF-XSim-2] XSim::Compile design
INFO: [USF-XSim-61] Executing 'COMPILE and ANALYZE' step in 'C:/Users/narsi/Desktop/projects/Project_BUG/fifo/fifo_g/fifo_g_/fifo_bug.sim/sim_1/behav/xsim'
"xvhdl --incr --relax -prj fifo_tb_vhdl.prj"
INFO: [VRFC 10-163] Analyzing VHDL file "C:/Users/narsi/Desktop/projects/Project_BUG/fifo/fifo_g/rtl/fifo.vhd" into library xil_defaultlib
INFO: [VRFC 10-3107] analyzing entity 'fifo'
INFO: [VRFC 10-163] Analyzing VHDL file "C:/Users/narsi/Desktop/projects/Project_BUG/fifo/fifo_g/tb/fifo_tb.vhd" into library xil_defaultlib
INFO: [VRFC 10-3107] analyzing entity 'fifo_tb'
run_program: Time (s): cpu = 00:00:00 ; elapsed = 00:00:06 . Memory (MB): peak = 1670.402 ; gain = 0.000
INFO: [USF-XSim-69] 'compile' step finished in '6' seconds
INFO: [USF-XSim-3] XSim::Elaborate design
INFO: [USF-XSim-61] Executing 'ELABORATE' step in 'C:/Users/narsi/Desktop/projects/Project_BUG/fifo/fifo_g/fifo_g_/fifo_bug.sim/sim_1/behav/xsim'
"xelab --incr --debug typical --relax --mt 2 -L xil_defaultlib -L secureip --snapshot fifo_tb_behav xil_defaultlib.fifo_tb -log elaborate.log"
Vivado Simulator v2022.2
Copyright 1986-1999, 2001-2022 Xilinx, Inc. All Rights Reserved.
Running: C:/Xilinx/Vivado/2022.2/bin/unwrapped/win64.o/xelab.exe --incr --debug typical --relax --mt 2 -L xil_defaultlib -L secureip --snapshot fifo_tb_behav xil_defaultlib.fifo_tb -log elaborate.log 
Using 2 slave threads.
Starting static elaboration
Completed static elaboration
Starting simulation data flow analysis
Completed simulation data flow analysis
Time Resolution for simulation is 1ps
Compiling package std.standard
Compiling package std.textio
Compiling package ieee.std_logic_1164
Compiling package std.env
Compiling architecture behavioral of entity xil_defaultlib.fifo [\fifo(f_width=8)\]
Compiling architecture behavioral of entity xil_defaultlib.fifo_tb
Built simulation snapshot fifo_tb_behav
INFO: [USF-XSim-69] 'elaborate' step finished in '4' seconds
INFO: [USF-XSim-4] XSim::Simulate design
INFO: [USF-XSim-61] Executing 'SIMULATE' step in 'C:/Users/narsi/Desktop/projects/Project_BUG/fifo/fifo_g/fifo_g_/fifo_bug.sim/sim_1/behav/xsim'
INFO: [USF-XSim-98] *** Running xsim
   with args "fifo_tb_behav -key {Behavioral:sim_1:Functional:fifo_tb} -tclbatch {fifo_tb.tcl} -log {simulate.log}"
INFO: [USF-XSim-8] Loading simulator feature
Time resolution is 1 ps
source fifo_tb.tcl
## current_wave_config
Note: PUSH 10
Time: 90 ns  Iteration: 0  Process: /fifo_tb/stim  File: C:/Users/narsi/Desktop/projects/Project_BUG/fifo/fifo_g/tb/fifo_tb.vhd
Note: PUSH 20
Time: 110 ns  Iteration: 0  Process: /fifo_tb/stim  File: C:/Users/narsi/Desktop/projects/Project_BUG/fifo/fifo_g/tb/fifo_tb.vhd
Note: PUSH 30
Time: 130 ns  Iteration: 0  Process: /fifo_tb/stim  File: C:/Users/narsi/Desktop/projects/Project_BUG/fifo/fifo_g/tb/fifo_tb.vhd
Note: POP (expect 10)
Time: 150 ns  Iteration: 0  Process: /fifo_tb/stim  File: C:/Users/narsi/Desktop/projects/Project_BUG/fifo/fifo_g/tb/fifo_tb.vhd
Note: POP (expect 20)
Time: 170 ns  Iteration: 0  Process: /fifo_tb/stim  File: C:/Users/narsi/Desktop/projects/Project_BUG/fifo/fifo_g/tb/fifo_tb.vhd
Note: Simulation completed.
Time: 240 ns  Iteration: 0  Process: /fifo_tb/stim  File: C:/Users/narsi/Desktop/projects/Project_BUG/fifo/fifo_g/tb/fifo_tb.vhd
$stop called at time : 240 ns : File "C:/Users/narsi/Desktop/projects/Project_BUG/fifo/fifo_g/tb/fifo_tb.vhd" Line 130
INFO: [USF-XSim-96] XSim completed. Design snapshot 'fifo_tb_behav' loaded.
INFO: [USF-XSim-97] XSim simulation ran for 1000ns
launch_simulation: Time (s): cpu = 00:00:01 ; elapsed = 00:00:13 . Memory (MB): peak = 1681.598 ; gain = 11.195
WARNING: [Simtcl 6-55] No matching HDL object or HDL scope found
Note: PUSH 10
Time: 330 ns  Iteration: 0  Process: /fifo_tb/stim  File: C:/Users/narsi/Desktop/projects/Project_BUG/fifo/fifo_g/tb/fifo_tb.vhd
Note: PUSH 20
Time: 350 ns  Iteration: 0  Process: /fifo_tb/stim  File: C:/Users/narsi/Desktop/projects/Project_BUG/fifo/fifo_g/tb/fifo_tb.vhd
Note: PUSH 30
Time: 370 ns  Iteration: 0  Process: /fifo_tb/stim  File: C:/Users/narsi/Desktop/projects/Project_BUG/fifo/fifo_g/tb/fifo_tb.vhd
Note: POP (expect 10)
Time: 390 ns  Iteration: 0  Process: /fifo_tb/stim  File: C:/Users/narsi/Desktop/projects/Project_BUG/fifo/fifo_g/tb/fifo_tb.vhd
Note: POP (expect 20)
Time: 410 ns  Iteration: 0  Process: /fifo_tb/stim  File: C:/Users/narsi/Desktop/projects/Project_BUG/fifo/fifo_g/tb/fifo_tb.vhd
Note: Simulation completed.
Time: 480 ns  Iteration: 0  Process: /fifo_tb/stim  File: C:/Users/narsi/Desktop/projects/Project_BUG/fifo/fifo_g/tb/fifo_tb.vhd
$stop called at time : 480 ns : File "C:/Users/narsi/Desktop/projects/Project_BUG/fifo/fifo_g/tb/fifo_tb.vhd" Line 130
