#-----------------------------------------------------------
# Vivado v2022.2 (64-bit)
# SW Build 3671981 on Fri Oct 14 05:00:03 MDT 2022
# IP Build 3669848 on Fri Oct 14 08:30:02 MDT 2022
# Start of session at: Tue Apr  7 18:00:44 2026
# Process ID: 7184
# Current directory: C:/Users/narsi/Desktop/projects/Project_BUG/f_uart/f_uart_rseq
# Command line: vivado.exe -mode batch -source build.tcl
# Log file: C:/Users/narsi/Desktop/projects/Project_BUG/f_uart/f_uart_rseq/vivado.log
# Journal file: C:/Users/narsi/Desktop/projects/Project_BUG/f_uart/f_uart_rseq\vivado.jou
# Running On: Milan, OS: Windows, CPU Frequency: 1797 MHz, CPU Physical cores: 16, Host memory: 6297 MB
#-----------------------------------------------------------
source build.tcl
# set main_project_name "f_uart_rseq_D"
# set proj_name   "f_uart_rseq_bug"
# set proj_dir    "./$main_project_name/f_uart_rseq_"
# set build_dir   "./$main_project_name/build"
# set part        "xc7z020clg484-1"
# set rtl_glob    "./$main_project_name/rtl/*.vhd"
# set tb_glob     "./$main_project_name/tb/*_tb.vhd"
# set xdc_glob    "./$main_project_name/constraints/*.xdc"
# set rtl_top_e   "f_uart_rseq"
# set tb_top_e   "f_uart_rseq_tb"
# set rtl_top     "./$main_project_name/rtl"
# set tb_top      "./$main_project_name/tb"
# set vivado_tool "Vivado 2022.2"
# set rtl_dir     "./rtl"
# set tb_dir      "./tb"
# set src_dir [glob -type d ./*.srcs]
# set full_src_rtl "$src_dir/sources_1/new"
# set full_src_tb "$src_dir/sim_1/new"
# catch {file mkdir $main_project_name}
# if {[file exists $build_dir]} {
#     puts "Cleaning build directory: $build_dir"
#     file delete -force $build_dir
# }
# file mkdir $build_dir
# catch { exec cmd.exe /c robocopy "./" "./$main_project_name" build.tcl run_case.dat } result
# if {![file exists $tb_top]} {
# catch {file mkdir $rtl_top}
# catch {file mkdir $tb_top}
# catch { exec cmd.exe /c robocopy "$full_src_tb" "$tb_top" /E } result
# catch { exec cmd.exe /c robocopy "$full_src_rtl" "$rtl_top" /E } result
# }
# create_project $proj_name $proj_dir -part $part -force
INFO: [ProjectBase 1-489] The host OS only allows 260 characters in a normal path. The project is stored in a path with more than 80 characters. If you experience issues with IP, Block Designs, or files not being found, please consider moving the project to a location with a shorter path. Alternately consider using the OS subst command to map part of the path to a drive letter.
Current project path is 'C:/Users/narsi/Desktop/projects/Project_BUG/f_uart/f_uart_rseq/f_uart_rseq_D/f_uart_rseq_'
create_project: Time (s): cpu = 00:00:07 ; elapsed = 00:00:10 . Memory (MB): peak = 429.531 ; gain = 99.062
# foreach f [glob -nocomplain $rtl_glob] {
#   add_files $f
# }
# set_property top $rtl_top_e [current_fileset]
# update_compile_order -fileset sources_1
# set tb_list [glob -nocomplain $tb_glob]
# set run_sim 0
# if {[llength $tb_list] > 0} {
#   set run_sim 1
#   foreach f $tb_list {
#     add_files -fileset sim_1 $f
#   }
#   catch { set_property top $tb_top_e [get_filesets sim_1] }
#   update_compile_order -fileset sim_1
# }
# launch_runs synth_1
WARNING: [Vivado 12-7122] Auto Incremental Compile:: No reference checkpoint was found in run synth_1. Auto-incremental flow will not be run, the standard flow will be run instead.
[Tue Apr  7 18:01:02 2026] Launched synth_1...
Run output will be captured here: C:/Users/narsi/Desktop/projects/Project_BUG/f_uart/f_uart_rseq/f_uart_rseq_D/f_uart_rseq_/f_uart_rseq_bug.runs/synth_1/runme.log
# wait_on_run synth_1
[Tue Apr  7 18:01:02 2026] Waiting for synth_1 to finish...

*** Running vivado
    with args -log f_uart_rseq.vds -m64 -product Vivado -mode batch -messageDb vivado.pb -notrace -source f_uart_rseq.tcl



****** Vivado v2022.2 (64-bit)
  **** SW Build 3671981 on Fri Oct 14 05:00:03 MDT 2022
  **** IP Build 3669848 on Fri Oct 14 08:30:02 MDT 2022
    ** Copyright 1986-2022 Xilinx, Inc. All Rights Reserved.

source f_uart_rseq.tcl -notrace
create_project: Time (s): cpu = 00:00:07 ; elapsed = 00:00:08 . Memory (MB): peak = 430.766 ; gain = 107.762
Command: synth_design -top f_uart_rseq -part xc7z020clg484-1
Starting synth_design
Attempting to get a license for feature 'Synthesis' and/or device 'xc7z020'
INFO: [Common 17-349] Got license for feature 'Synthesis' and/or device 'xc7z020'
INFO: [Synth 8-7079] Multithreading enabled for synth_design using a maximum of 2 processes.
INFO: [Synth 8-7078] Launching helper process for spawning children vivado processes
INFO: [Synth 8-7075] Helper process launched with PID 608
INFO: [Synth 8-11241] undeclared symbol 'REGCCE', assumed default net type 'wire' [C:/Xilinx/Vivado/2022.2/data/verilog/src/unimacro/BRAM_SINGLE_MACRO.v:2170]
---------------------------------------------------------------------------------
Starting Synthesize : Time (s): cpu = 00:00:06 ; elapsed = 00:00:06 . Memory (MB): peak = 866.152 ; gain = 411.484
---------------------------------------------------------------------------------
INFO: [Synth 8-638] synthesizing module 'f_uart_rseq' [C:/Users/narsi/Desktop/projects/Project_BUG/f_uart/f_uart_rseq/f_uart_rseq_D/rtl/f_uart_rseq.vhd:27]
INFO: [Synth 8-638] synthesizing module 'FIFO_RSEQ' [C:/Users/narsi/Desktop/projects/Project_BUG/f_uart/f_uart_rseq/f_uart_rseq_D/rtl/FIFO_RSEQ.vhd:43]
	Parameter f_WIDTH bound to: 8 - type: integer 
	Parameter f_DEPTH bound to: 32 - type: integer 
INFO: [Synth 8-256] done synthesizing module 'FIFO_RSEQ' (0#1) [C:/Users/narsi/Desktop/projects/Project_BUG/f_uart/f_uart_rseq/f_uart_rseq_D/rtl/FIFO_RSEQ.vhd:43]
INFO: [Synth 8-638] synthesizing module 'UART_tx_rseq' [C:/Users/narsi/Desktop/projects/Project_BUG/f_uart/f_uart_rseq/f_uart_rseq_D/rtl/UART_TX_rseq.vhd:43]
	Parameter CLKS_PER_BIT bound to: 868 - type: integer 
WARNING: [Synth 8-614] signal 'tx_reg' is read in the process but is not in the sensitivity list [C:/Users/narsi/Desktop/projects/Project_BUG/f_uart/f_uart_rseq/f_uart_rseq_D/rtl/UART_TX_rseq.vhd:74]
INFO: [Synth 8-256] done synthesizing module 'UART_tx_rseq' (0#1) [C:/Users/narsi/Desktop/projects/Project_BUG/f_uart/f_uart_rseq/f_uart_rseq_D/rtl/UART_TX_rseq.vhd:43]
INFO: [Synth 8-256] done synthesizing module 'f_uart_rseq' (0#1) [C:/Users/narsi/Desktop/projects/Project_BUG/f_uart/f_uart_rseq/f_uart_rseq_D/rtl/f_uart_rseq.vhd:27]
WARNING: [Synth 8-7129] Port clk in module UART_tx_rseq is either unconnected or has no load
WARNING: [Synth 8-7129] Port rst in module UART_tx_rseq is either unconnected or has no load
WARNING: [Synth 8-7129] Port tx_start in module UART_tx_rseq is either unconnected or has no load
WARNING: [Synth 8-7129] Port tx_data[7] in module UART_tx_rseq is either unconnected or has no load
WARNING: [Synth 8-7129] Port tx_data[6] in module UART_tx_rseq is either unconnected or has no load
WARNING: [Synth 8-7129] Port tx_data[5] in module UART_tx_rseq is either unconnected or has no load
WARNING: [Synth 8-7129] Port tx_data[4] in module UART_tx_rseq is either unconnected or has no load
WARNING: [Synth 8-7129] Port tx_data[3] in module UART_tx_rseq is either unconnected or has no load
WARNING: [Synth 8-7129] Port tx_data[2] in module UART_tx_rseq is either unconnected or has no load
WARNING: [Synth 8-7129] Port tx_data[1] in module UART_tx_rseq is either unconnected or has no load
WARNING: [Synth 8-7129] Port tx_data[0] in module UART_tx_rseq is either unconnected or has no load
---------------------------------------------------------------------------------
Finished Synthesize : Time (s): cpu = 00:00:08 ; elapsed = 00:00:08 . Memory (MB): peak = 956.148 ; gain = 501.480
---------------------------------------------------------------------------------
---------------------------------------------------------------------------------
Finished Constraint Validation : Time (s): cpu = 00:00:08 ; elapsed = 00:00:09 . Memory (MB): peak = 956.148 ; gain = 501.480
---------------------------------------------------------------------------------
---------------------------------------------------------------------------------
Start Loading Part and Timing Information
---------------------------------------------------------------------------------
Loading part: xc7z020clg484-1
---------------------------------------------------------------------------------
Finished Loading Part and Timing Information : Time (s): cpu = 00:00:08 ; elapsed = 00:00:09 . Memory (MB): peak = 956.148 ; gain = 501.480
---------------------------------------------------------------------------------
INFO: [Device 21-403] Loading part xc7z020clg484-1
INFO: [Synth 8-802] inferred FSM for state register 'state_reg_reg' in module 'f_uart_rseq'
---------------------------------------------------------------------------------------------------
                   State |                     New Encoding |                Previous Encoding 
---------------------------------------------------------------------------------------------------
                    idle |                              001 |                               00
               read_fifo |                              010 |                               01
              start_uart |                              100 |                               10
---------------------------------------------------------------------------------------------------
INFO: [Synth 8-3354] encoded FSM with state register 'state_reg_reg' using encoding 'one-hot' in module 'f_uart_rseq'
---------------------------------------------------------------------------------
Finished RTL Optimization Phase 2 : Time (s): cpu = 00:00:09 ; elapsed = 00:00:09 . Memory (MB): peak = 956.148 ; gain = 501.480
---------------------------------------------------------------------------------
No constraint files found.
---------------------------------------------------------------------------------
Start RTL Component Statistics 
---------------------------------------------------------------------------------
Detailed RTL Component Info : 
+---Adders : 
	   2 Input    6 Bit       Adders := 1     
	   2 Input    5 Bit       Adders := 3     
+---Registers : 
	                8 Bit    Registers := 2     
	                6 Bit    Registers := 1     
	                5 Bit    Registers := 2     
	                1 Bit    Registers := 2     
+---RAMs : 
	              256 Bit	(32 X 8 bit)          RAMs := 1     
+---Muxes : 
	   2 Input    1 Bit        Muxes := 3     
	   3 Input    1 Bit        Muxes := 2     
---------------------------------------------------------------------------------
Finished RTL Component Statistics 
---------------------------------------------------------------------------------
---------------------------------------------------------------------------------
Start Part Resource Summary
---------------------------------------------------------------------------------
Part Resources:
DSPs: 220 (col length:60)
BRAMs: 280 (col length: RAMB18 60 RAMB36 30)
---------------------------------------------------------------------------------
Finished Part Resource Summary
---------------------------------------------------------------------------------
No constraint files found.
---------------------------------------------------------------------------------
Start Cross Boundary and Area Optimization
---------------------------------------------------------------------------------
WARNING: [Synth 8-7080] Parallel synthesis criteria is not met
WARNING: [Synth 8-6014] Unused sequential element FIFO_INST/mem_reg was removed. 
WARNING: [Synth 8-3917] design f_uart_rseq has port tx_serial driven by constant 1
WARNING: [Synth 8-7129] Port data_write[7] in module f_uart_rseq is either unconnected or has no load
WARNING: [Synth 8-7129] Port data_write[6] in module f_uart_rseq is either unconnected or has no load
WARNING: [Synth 8-7129] Port data_write[5] in module f_uart_rseq is either unconnected or has no load
WARNING: [Synth 8-7129] Port data_write[4] in module f_uart_rseq is either unconnected or has no load
WARNING: [Synth 8-7129] Port data_write[3] in module f_uart_rseq is either unconnected or has no load
WARNING: [Synth 8-7129] Port data_write[2] in module f_uart_rseq is either unconnected or has no load
WARNING: [Synth 8-7129] Port data_write[1] in module f_uart_rseq is either unconnected or has no load
WARNING: [Synth 8-7129] Port data_write[0] in module f_uart_rseq is either unconnected or has no load
---------------------------------------------------------------------------------
Finished Cross Boundary and Area Optimization : Time (s): cpu = 00:00:15 ; elapsed = 00:00:18 . Memory (MB): peak = 1176.352 ; gain = 721.684
---------------------------------------------------------------------------------
No constraint files found.
---------------------------------------------------------------------------------
Start Timing Optimization
---------------------------------------------------------------------------------
---------------------------------------------------------------------------------
Finished Timing Optimization : Time (s): cpu = 00:00:15 ; elapsed = 00:00:18 . Memory (MB): peak = 1176.352 ; gain = 721.684
---------------------------------------------------------------------------------
---------------------------------------------------------------------------------
Start Technology Mapping
---------------------------------------------------------------------------------
---------------------------------------------------------------------------------
Finished Technology Mapping : Time (s): cpu = 00:00:15 ; elapsed = 00:00:18 . Memory (MB): peak = 1176.352 ; gain = 721.684
---------------------------------------------------------------------------------
---------------------------------------------------------------------------------
Start IO Insertion
---------------------------------------------------------------------------------
---------------------------------------------------------------------------------
Start Flattening Before IO Insertion
---------------------------------------------------------------------------------
---------------------------------------------------------------------------------
Finished Flattening Before IO Insertion
---------------------------------------------------------------------------------
---------------------------------------------------------------------------------
Start Final Netlist Cleanup
---------------------------------------------------------------------------------
---------------------------------------------------------------------------------
Finished Final Netlist Cleanup
---------------------------------------------------------------------------------
---------------------------------------------------------------------------------
Finished IO Insertion : Time (s): cpu = 00:00:21 ; elapsed = 00:00:24 . Memory (MB): peak = 1176.352 ; gain = 721.684
---------------------------------------------------------------------------------
---------------------------------------------------------------------------------
Start Renaming Generated Instances
---------------------------------------------------------------------------------
---------------------------------------------------------------------------------
Finished Renaming Generated Instances : Time (s): cpu = 00:00:21 ; elapsed = 00:00:24 . Memory (MB): peak = 1176.352 ; gain = 721.684
---------------------------------------------------------------------------------
---------------------------------------------------------------------------------
Start Rebuilding User Hierarchy
---------------------------------------------------------------------------------
---------------------------------------------------------------------------------
Finished Rebuilding User Hierarchy : Time (s): cpu = 00:00:21 ; elapsed = 00:00:24 . Memory (MB): peak = 1176.352 ; gain = 721.684
---------------------------------------------------------------------------------
---------------------------------------------------------------------------------
Start Renaming Generated Ports
---------------------------------------------------------------------------------
---------------------------------------------------------------------------------
Finished Renaming Generated Ports : Time (s): cpu = 00:00:21 ; elapsed = 00:00:24 . Memory (MB): peak = 1176.352 ; gain = 721.684
---------------------------------------------------------------------------------
---------------------------------------------------------------------------------
Start Handling Custom Attributes
---------------------------------------------------------------------------------
---------------------------------------------------------------------------------
Finished Handling Custom Attributes : Time (s): cpu = 00:00:21 ; elapsed = 00:00:24 . Memory (MB): peak = 1176.352 ; gain = 721.684
---------------------------------------------------------------------------------
---------------------------------------------------------------------------------
Start Renaming Generated Nets
---------------------------------------------------------------------------------
---------------------------------------------------------------------------------
Finished Renaming Generated Nets : Time (s): cpu = 00:00:21 ; elapsed = 00:00:24 . Memory (MB): peak = 1176.352 ; gain = 721.684
---------------------------------------------------------------------------------
---------------------------------------------------------------------------------
Start Writing Synthesis Report
---------------------------------------------------------------------------------

Report BlackBoxes: 
+-+--------------+----------+
| |BlackBox name |Instances |
+-+--------------+----------+
+-+--------------+----------+

Report Cell Usage: 
+------+-----+------+
|      |Cell |Count |
+------+-----+------+
|1     |BUFG |     1|
|2     |LUT1 |     1|
|3     |LUT2 |     2|
|4     |LUT3 |     2|
|5     |LUT4 |     2|
|6     |LUT5 |     4|
|7     |LUT6 |     3|
|8     |FDRE |    10|
|9     |IBUF |     3|
|10    |OBUF |     3|
+------+-----+------+

Report Instance Areas: 
+------+------------+----------+------+
|      |Instance    |Module    |Cells |
+------+------------+----------+------+
|1     |top         |          |    31|
|2     |  FIFO_INST |FIFO_RSEQ |    19|
+------+------------+----------+------+
---------------------------------------------------------------------------------
Finished Writing Synthesis Report : Time (s): cpu = 00:00:21 ; elapsed = 00:00:24 . Memory (MB): peak = 1176.352 ; gain = 721.684
---------------------------------------------------------------------------------
Synthesis finished with 0 errors, 0 critical warnings and 23 warnings.
Synthesis Optimization Runtime : Time (s): cpu = 00:00:21 ; elapsed = 00:00:24 . Memory (MB): peak = 1176.352 ; gain = 721.684
Synthesis Optimization Complete : Time (s): cpu = 00:00:21 ; elapsed = 00:00:24 . Memory (MB): peak = 1176.352 ; gain = 721.684
INFO: [Project 1-571] Translating synthesized netlist
Netlist sorting complete. Time (s): cpu = 00:00:00 ; elapsed = 00:00:00.002 . Memory (MB): peak = 1184.188 ; gain = 0.000
INFO: [Project 1-570] Preparing netlist for logic optimization
INFO: [Opt 31-138] Pushed 0 inverter(s) to 0 load pin(s).
Netlist sorting complete. Time (s): cpu = 00:00:00 ; elapsed = 00:00:00.001 . Memory (MB): peak = 1283.992 ; gain = 0.000
INFO: [Project 1-111] Unisim Transformation Summary:
No Unisim elements were transformed.

Synth Design complete, checksum: c0433220
INFO: [Common 17-83] Releasing license: Synthesis
19 Infos, 23 Warnings, 0 Critical Warnings and 0 Errors encountered.
synth_design completed successfully
synth_design: Time (s): cpu = 00:00:23 ; elapsed = 00:00:26 . Memory (MB): peak = 1283.992 ; gain = 853.227
INFO: [Common 17-1381] The checkpoint 'C:/Users/narsi/Desktop/projects/Project_BUG/f_uart/f_uart_rseq/f_uart_rseq_D/f_uart_rseq_/f_uart_rseq_bug.runs/synth_1/f_uart_rseq.dcp' has been generated.
INFO: [runtcl-4] Executing : report_utilization -file f_uart_rseq_utilization_synth.rpt -pb f_uart_rseq_utilization_synth.pb
INFO: [Common 17-206] Exiting Vivado at Tue Apr  7 18:01:45 2026...
[Tue Apr  7 18:01:48 2026] synth_1 finished
wait_on_runs: Time (s): cpu = 00:00:01 ; elapsed = 00:00:45 . Memory (MB): peak = 453.391 ; gain = 0.000
# open_run synth_1
Design is defaulting to impl run constrset: constrs_1
Design is defaulting to synth run part: xc7z020clg484-1
INFO: [Device 21-403] Loading part xc7z020clg484-1
Netlist sorting complete. Time (s): cpu = 00:00:00 ; elapsed = 00:00:00 . Memory (MB): peak = 860.148 ; gain = 0.000
INFO: [Project 1-479] Netlist was created with Vivado 2022.2
INFO: [Project 1-570] Preparing netlist for logic optimization
INFO: [Opt 31-138] Pushed 0 inverter(s) to 0 load pin(s).
Netlist sorting complete. Time (s): cpu = 00:00:00 ; elapsed = 00:00:00 . Memory (MB): peak = 975.832 ; gain = 0.000
INFO: [Project 1-111] Unisim Transformation Summary:
No Unisim elements were transformed.

open_run: Time (s): cpu = 00:00:05 ; elapsed = 00:00:07 . Memory (MB): peak = 980.801 ; gain = 527.410
# write_checkpoint -force [file join $build_dir post_synth.dcp]
INFO: [Common 17-1381] The checkpoint 'C:/Users/narsi/Desktop/projects/Project_BUG/f_uart/f_uart_rseq/f_uart_rseq_D/build/post_synth.dcp' has been generated.
# launch_runs impl_1
[Tue Apr  7 18:01:56 2026] Launched impl_1...
Run output will be captured here: C:/Users/narsi/Desktop/projects/Project_BUG/f_uart/f_uart_rseq/f_uart_rseq_D/f_uart_rseq_/f_uart_rseq_bug.runs/impl_1/runme.log
# wait_on_run impl_1
[Tue Apr  7 18:01:56 2026] Waiting for impl_1 to finish...

*** Running vivado
    with args -log f_uart_rseq.vdi -applog -m64 -product Vivado -messageDb vivado.pb -mode batch -source f_uart_rseq.tcl -notrace



****** Vivado v2022.2 (64-bit)
  **** SW Build 3671981 on Fri Oct 14 05:00:03 MDT 2022
  **** IP Build 3669848 on Fri Oct 14 08:30:02 MDT 2022
    ** Copyright 1986-2022 Xilinx, Inc. All Rights Reserved.

source f_uart_rseq.tcl -notrace
Command: open_checkpoint C:/Users/narsi/Desktop/projects/Project_BUG/f_uart/f_uart_rseq/f_uart_rseq_D/f_uart_rseq_/f_uart_rseq_bug.runs/impl_1/f_uart_rseq.dcp
INFO: [Device 21-403] Loading part xc7z020clg484-1
Netlist sorting complete. Time (s): cpu = 00:00:00 ; elapsed = 00:00:00 . Memory (MB): peak = 860.301 ; gain = 0.000
INFO: [Project 1-479] Netlist was created with Vivado 2022.2
INFO: [Project 1-570] Preparing netlist for logic optimization
Netlist sorting complete. Time (s): cpu = 00:00:00 ; elapsed = 00:00:00 . Memory (MB): peak = 951.875 ; gain = 0.000
INFO: [Project 1-111] Unisim Transformation Summary:
No Unisim elements were transformed.

INFO: [Project 1-604] Checkpoint was created with Vivado v2022.2 (64-bit) build 3671981
OpenCheckpoint Checksum | Checksum: f704ba52
----- Checksum: PlaceDB: 00000000 ShapeSum: f704ba52 RouteDB: 00000000 
open_checkpoint: Time (s): cpu = 00:00:13 ; elapsed = 00:00:17 . Memory (MB): peak = 955.961 ; gain = 622.902
Command: opt_design
Attempting to get a license for feature 'Implementation' and/or device 'xc7z020'
INFO: [Common 17-349] Got license for feature 'Implementation' and/or device 'xc7z020'
Running DRC as a precondition to command opt_design

Starting DRC Task
INFO: [DRC 23-27] Running DRC with 2 threads
INFO: [Project 1-461] DRC finished with 0 Errors
INFO: [Project 1-462] Please refer to the DRC report (report_drc) for more information.

Time (s): cpu = 00:00:02 ; elapsed = 00:00:01 . Memory (MB): peak = 1007.930 ; gain = 29.926

Starting Cache Timing Information Task
INFO: [Timing 38-35] Done setting XDC timing constraints.
Ending Cache Timing Information Task | Checksum: 1b747ec72

Time (s): cpu = 00:00:07 ; elapsed = 00:00:08 . Memory (MB): peak = 1538.941 ; gain = 531.012

Starting Logic Optimization Task

Phase 1 Retarget
INFO: [Opt 31-138] Pushed 0 inverter(s) to 0 load pin(s).
INFO: [Opt 31-49] Retargeted 0 cell(s).
Phase 1 Retarget | Checksum: 1b747ec72

Time (s): cpu = 00:00:00 ; elapsed = 00:00:00.090 . Memory (MB): peak = 1876.801 ; gain = 0.000
INFO: [Opt 31-389] Phase Retarget created 0 cells and removed 0 cells

Phase 2 Constant propagation
INFO: [Opt 31-138] Pushed 0 inverter(s) to 0 load pin(s).
Phase 2 Constant propagation | Checksum: 1b747ec72

Time (s): cpu = 00:00:00 ; elapsed = 00:00:00.094 . Memory (MB): peak = 1876.801 ; gain = 0.000
INFO: [Opt 31-389] Phase Constant propagation created 0 cells and removed 0 cells

Phase 3 Sweep
Phase 3 Sweep | Checksum: 1b747ec72

Time (s): cpu = 00:00:00 ; elapsed = 00:00:00.100 . Memory (MB): peak = 1876.801 ; gain = 0.000
INFO: [Opt 31-389] Phase Sweep created 0 cells and removed 0 cells

Phase 4 BUFG optimization
Phase 4 BUFG optimization | Checksum: 1b747ec72

Time (s): cpu = 00:00:00 ; elapsed = 00:00:00.163 . Memory (MB): peak = 1876.801 ; gain = 0.000
INFO: [Opt 31-662] Phase BUFG optimization created 0 cells of which 0 are BUFGs and removed 0 cells.

Phase 5 Shift Register Optimization
INFO: [Opt 31-1064] SRL Remap converted 0 SRLs to 0 registers and converted 0 registers of register chains to 0 SRLs
Phase 5 Shift Register Optimization | Checksum: 1b747ec72

Time (s): cpu = 00:00:00 ; elapsed = 00:00:00.166 . Memory (MB): peak = 1876.801 ; gain = 0.000
INFO: [Opt 31-389] Phase Shift Register Optimization created 0 cells and removed 0 cells

Phase 6 Post Processing Netlist
Phase 6 Post Processing Netlist | Checksum: 1b747ec72

Time (s): cpu = 00:00:00 ; elapsed = 00:00:00.168 . Memory (MB): peak = 1876.801 ; gain = 0.000
INFO: [Opt 31-389] Phase Post Processing Netlist created 0 cells and removed 0 cells
Opt_design Change Summary
=========================


-------------------------------------------------------------------------------------------------------------------------
|  Phase                        |  #Cells created  |  #Cells Removed  |  #Constrained objects preventing optimizations  |
-------------------------------------------------------------------------------------------------------------------------
|  Retarget                     |               0  |               0  |                                              0  |
|  Constant propagation         |               0  |               0  |                                              0  |
|  Sweep                        |               0  |               0  |                                              0  |
|  BUFG optimization            |               0  |               0  |                                              0  |
|  Shift Register Optimization  |               0  |               0  |                                              0  |
|  Post Processing Netlist      |               0  |               0  |                                              0  |
-------------------------------------------------------------------------------------------------------------------------



Starting Connectivity Check Task

Time (s): cpu = 00:00:00 ; elapsed = 00:00:00.004 . Memory (MB): peak = 1876.801 ; gain = 0.000
Ending Logic Optimization Task | Checksum: 1b747ec72

Time (s): cpu = 00:00:00 ; elapsed = 00:00:00.176 . Memory (MB): peak = 1876.801 ; gain = 0.000

Starting Power Optimization Task
INFO: [Pwropt 34-132] Skipping clock gating for clocks with a period < 2.00 ns.
Ending Power Optimization Task | Checksum: 1b747ec72

Time (s): cpu = 00:00:00 ; elapsed = 00:00:00.021 . Memory (MB): peak = 1876.801 ; gain = 0.000

Starting Final Cleanup Task
Ending Final Cleanup Task | Checksum: 1b747ec72

Time (s): cpu = 00:00:00 ; elapsed = 00:00:00 . Memory (MB): peak = 1876.801 ; gain = 0.000

Starting Netlist Obfuscation Task
Netlist sorting complete. Time (s): cpu = 00:00:00 ; elapsed = 00:00:00 . Memory (MB): peak = 1876.801 ; gain = 0.000
Ending Netlist Obfuscation Task | Checksum: 1b747ec72

Time (s): cpu = 00:00:00 ; elapsed = 00:00:00.001 . Memory (MB): peak = 1876.801 ; gain = 0.000
INFO: [Common 17-83] Releasing license: Implementation
22 Infos, 0 Warnings, 0 Critical Warnings and 0 Errors encountered.
opt_design completed successfully
opt_design: Time (s): cpu = 00:00:12 ; elapsed = 00:00:12 . Memory (MB): peak = 1876.801 ; gain = 920.840
INFO: [Common 17-1381] The checkpoint 'C:/Users/narsi/Desktop/projects/Project_BUG/f_uart/f_uart_rseq/f_uart_rseq_D/f_uart_rseq_/f_uart_rseq_bug.runs/impl_1/f_uart_rseq_opt.dcp' has been generated.
INFO: [runtcl-4] Executing : report_drc -file f_uart_rseq_drc_opted.rpt -pb f_uart_rseq_drc_opted.pb -rpx f_uart_rseq_drc_opted.rpx
Command: report_drc -file f_uart_rseq_drc_opted.rpt -pb f_uart_rseq_drc_opted.pb -rpx f_uart_rseq_drc_opted.rpx
INFO: [IP_Flow 19-234] Refreshing IP repositories
INFO: [IP_Flow 19-1704] No user IP repositories specified
INFO: [IP_Flow 19-2313] Loaded Vivado IP repository 'C:/Xilinx/Vivado/2022.2/data/ip'.
INFO: [DRC 23-27] Running DRC with 2 threads
INFO: [Vivado_Tcl 2-168] The results of DRC are in file C:/Users/narsi/Desktop/projects/Project_BUG/f_uart/f_uart_rseq/f_uart_rseq_D/f_uart_rseq_/f_uart_rseq_bug.runs/impl_1/f_uart_rseq_drc_opted.rpt.
report_drc completed successfully
Command: place_design
Attempting to get a license for feature 'Implementation' and/or device 'xc7z020'
INFO: [Common 17-349] Got license for feature 'Implementation' and/or device 'xc7z020'
INFO: [DRC 23-27] Running DRC with 2 threads
INFO: [Vivado_Tcl 4-198] DRC finished with 0 Errors
INFO: [Vivado_Tcl 4-199] Please refer to the DRC report (report_drc) for more information.
Running DRC as a precondition to command place_design
INFO: [DRC 23-27] Running DRC with 2 threads
INFO: [Vivado_Tcl 4-198] DRC finished with 0 Errors
INFO: [Vivado_Tcl 4-199] Please refer to the DRC report (report_drc) for more information.

Starting Placer Task
INFO: [Place 30-611] Multithreading enabled for place_design using a maximum of 2 CPUs

Phase 1 Placer Initialization

Phase 1.1 Placer Initialization Netlist Sorting
Netlist sorting complete. Time (s): cpu = 00:00:00 ; elapsed = 00:00:00.004 . Memory (MB): peak = 1876.801 ; gain = 0.000
Phase 1.1 Placer Initialization Netlist Sorting | Checksum: f704ba52

Time (s): cpu = 00:00:00 ; elapsed = 00:00:00.048 . Memory (MB): peak = 1876.801 ; gain = 0.000
Netlist sorting complete. Time (s): cpu = 00:00:00 ; elapsed = 00:00:00 . Memory (MB): peak = 1876.801 ; gain = 0.000

Phase 1.2 IO Placement/ Clock Placement/ Build Placer Device
INFO: [Timing 38-35] Done setting XDC timing constraints.
Phase 1.2 IO Placement/ Clock Placement/ Build Placer Device | Checksum: 14d9d42c1

Time (s): cpu = 00:00:01 ; elapsed = 00:00:00.722 . Memory (MB): peak = 1876.801 ; gain = 0.000

Phase 1.3 Build Placer Netlist Model
Phase 1.3 Build Placer Netlist Model | Checksum: 179cc0c80

Time (s): cpu = 00:00:01 ; elapsed = 00:00:00.829 . Memory (MB): peak = 1876.801 ; gain = 0.000

Phase 1.4 Constrain Clocks/Macros
Phase 1.4 Constrain Clocks/Macros | Checksum: 179cc0c80

Time (s): cpu = 00:00:01 ; elapsed = 00:00:00.835 . Memory (MB): peak = 1876.801 ; gain = 0.000
Phase 1 Placer Initialization | Checksum: 179cc0c80

Time (s): cpu = 00:00:01 ; elapsed = 00:00:00.850 . Memory (MB): peak = 1876.801 ; gain = 0.000

Phase 2 Global Placement

Phase 2.1 Floorplanning
Phase 2.1 Floorplanning | Checksum: 179cc0c80

Time (s): cpu = 00:00:01 ; elapsed = 00:00:00.863 . Memory (MB): peak = 1876.801 ; gain = 0.000

Phase 2.2 Update Timing before SLR Path Opt
Phase 2.2 Update Timing before SLR Path Opt | Checksum: 179cc0c80

Time (s): cpu = 00:00:01 ; elapsed = 00:00:00.864 . Memory (MB): peak = 1876.801 ; gain = 0.000

Phase 2.3 Post-Processing in Floorplanning
Phase 2.3 Post-Processing in Floorplanning | Checksum: 179cc0c80

Time (s): cpu = 00:00:01 ; elapsed = 00:00:00.864 . Memory (MB): peak = 1876.801 ; gain = 0.000

Phase 2.4 Global Placement Core
WARNING: [Place 46-29] Timing had been disabled during Placer and, therefore, physical synthesis in Placer will be skipped.
Phase 2.4 Global Placement Core | Checksum: 190a46d50

Time (s): cpu = 00:00:02 ; elapsed = 00:00:02 . Memory (MB): peak = 1876.801 ; gain = 0.000
Phase 2 Global Placement | Checksum: 190a46d50

Time (s): cpu = 00:00:02 ; elapsed = 00:00:02 . Memory (MB): peak = 1876.801 ; gain = 0.000

Phase 3 Detail Placement

Phase 3.1 Commit Multi Column Macros
Phase 3.1 Commit Multi Column Macros | Checksum: 190a46d50

Time (s): cpu = 00:00:02 ; elapsed = 00:00:02 . Memory (MB): peak = 1876.801 ; gain = 0.000

Phase 3.2 Commit Most Macros & LUTRAMs
Phase 3.2 Commit Most Macros & LUTRAMs | Checksum: 1cb94878a

Time (s): cpu = 00:00:02 ; elapsed = 00:00:02 . Memory (MB): peak = 1876.801 ; gain = 0.000

Phase 3.3 Area Swap Optimization
Phase 3.3 Area Swap Optimization | Checksum: 2039dd5b9

Time (s): cpu = 00:00:02 ; elapsed = 00:00:02 . Memory (MB): peak = 1876.801 ; gain = 0.000

Phase 3.4 Pipeline Register Optimization
Phase 3.4 Pipeline Register Optimization | Checksum: 2039dd5b9

Time (s): cpu = 00:00:02 ; elapsed = 00:00:02 . Memory (MB): peak = 1876.801 ; gain = 0.000

Phase 3.5 Small Shape Detail Placement
Phase 3.5 Small Shape Detail Placement | Checksum: 246921c41

Time (s): cpu = 00:00:02 ; elapsed = 00:00:02 . Memory (MB): peak = 1876.801 ; gain = 0.000

Phase 3.6 Re-assign LUT pins
Phase 3.6 Re-assign LUT pins | Checksum: 246921c41

Time (s): cpu = 00:00:02 ; elapsed = 00:00:02 . Memory (MB): peak = 1876.801 ; gain = 0.000

Phase 3.7 Pipeline Register Optimization
Phase 3.7 Pipeline Register Optimization | Checksum: 246921c41

Time (s): cpu = 00:00:02 ; elapsed = 00:00:02 . Memory (MB): peak = 1876.801 ; gain = 0.000
Phase 3 Detail Placement | Checksum: 246921c41

Time (s): cpu = 00:00:02 ; elapsed = 00:00:02 . Memory (MB): peak = 1876.801 ; gain = 0.000

Phase 4 Post Placement Optimization and Clean-Up

Phase 4.1 Post Commit Optimization
Phase 4.1 Post Commit Optimization | Checksum: 246921c41

Time (s): cpu = 00:00:02 ; elapsed = 00:00:02 . Memory (MB): peak = 1876.801 ; gain = 0.000

Phase 4.2 Post Placement Cleanup
Phase 4.2 Post Placement Cleanup | Checksum: 246921c41

Time (s): cpu = 00:00:02 ; elapsed = 00:00:02 . Memory (MB): peak = 1876.801 ; gain = 0.000

Phase 4.3 Placer Reporting

Phase 4.3.1 Print Estimated Congestion
INFO: [Place 30-612] Post-Placement Estimated Congestion 
 ____________________________________________________
|           | Global Congestion | Short Congestion  |
| Direction | Region Size       | Region Size       |
|___________|___________________|___________________|
|      North|                1x1|                1x1|
|___________|___________________|___________________|
|      South|                1x1|                1x1|
|___________|___________________|___________________|
|       East|                1x1|                1x1|
|___________|___________________|___________________|
|       West|                1x1|                1x1|
|___________|___________________|___________________|

Phase 4.3.1 Print Estimated Congestion | Checksum: 246921c41

Time (s): cpu = 00:00:02 ; elapsed = 00:00:02 . Memory (MB): peak = 1876.801 ; gain = 0.000
Phase 4.3 Placer Reporting | Checksum: 246921c41

Time (s): cpu = 00:00:02 ; elapsed = 00:00:02 . Memory (MB): peak = 1876.801 ; gain = 0.000

Phase 4.4 Final Placement Cleanup
Netlist sorting complete. Time (s): cpu = 00:00:00 ; elapsed = 00:00:00.001 . Memory (MB): peak = 1876.801 ; gain = 0.000

Time (s): cpu = 00:00:02 ; elapsed = 00:00:02 . Memory (MB): peak = 1876.801 ; gain = 0.000
Phase 4 Post Placement Optimization and Clean-Up | Checksum: 1cc410a79

Time (s): cpu = 00:00:02 ; elapsed = 00:00:02 . Memory (MB): peak = 1876.801 ; gain = 0.000
Ending Placer Task | Checksum: 10d5f76cd

Time (s): cpu = 00:00:02 ; elapsed = 00:00:02 . Memory (MB): peak = 1876.801 ; gain = 0.000
INFO: [Common 17-83] Releasing license: Implementation
40 Infos, 1 Warnings, 0 Critical Warnings and 0 Errors encountered.
place_design completed successfully
Writing XDEF routing.
Writing XDEF routing logical nets.
Writing XDEF routing special nets.
Write XDEF Complete: Time (s): cpu = 00:00:01 ; elapsed = 00:00:00.200 . Memory (MB): peak = 1881.500 ; gain = 4.699
INFO: [Common 17-1381] The checkpoint 'C:/Users/narsi/Desktop/projects/Project_BUG/f_uart/f_uart_rseq/f_uart_rseq_D/f_uart_rseq_/f_uart_rseq_bug.runs/impl_1/f_uart_rseq_placed.dcp' has been generated.
INFO: [runtcl-4] Executing : report_io -file f_uart_rseq_io_placed.rpt
report_io: Time (s): cpu = 00:00:00 ; elapsed = 00:00:00.086 . Memory (MB): peak = 1881.500 ; gain = 0.000
INFO: [runtcl-4] Executing : report_utilization -file f_uart_rseq_utilization_placed.rpt -pb f_uart_rseq_utilization_placed.pb
INFO: [runtcl-4] Executing : report_control_sets -verbose -file f_uart_rseq_control_sets_placed.rpt
report_control_sets: Time (s): cpu = 00:00:00 ; elapsed = 00:00:00.004 . Memory (MB): peak = 1881.500 ; gain = 0.000
Command: phys_opt_design
Attempting to get a license for feature 'Implementation' and/or device 'xc7z020'
INFO: [Common 17-349] Got license for feature 'Implementation' and/or device 'xc7z020'

Starting Initial Update Timing Task

Time (s): cpu = 00:00:00 ; elapsed = 00:00:00.046 . Memory (MB): peak = 1883.527 ; gain = 2.027
INFO: [Vivado_Tcl 4-235] No timing constraint found. The netlist was not modified.
INFO: [Common 17-83] Releasing license: Implementation
47 Infos, 1 Warnings, 0 Critical Warnings and 0 Errors encountered.
phys_opt_design completed successfully
Writing XDEF routing.
Writing XDEF routing logical nets.
Writing XDEF routing special nets.
Write XDEF Complete: Time (s): cpu = 00:00:00 ; elapsed = 00:00:00.066 . Memory (MB): peak = 1901.383 ; gain = 17.855
INFO: [Common 17-1381] The checkpoint 'C:/Users/narsi/Desktop/projects/Project_BUG/f_uart/f_uart_rseq/f_uart_rseq_D/f_uart_rseq_/f_uart_rseq_bug.runs/impl_1/f_uart_rseq_physopt.dcp' has been generated.
Command: route_design
Attempting to get a license for feature 'Implementation' and/or device 'xc7z020'
INFO: [Common 17-349] Got license for feature 'Implementation' and/or device 'xc7z020'
Running DRC as a precondition to command route_design
INFO: [DRC 23-27] Running DRC with 2 threads
INFO: [Vivado_Tcl 4-198] DRC finished with 0 Errors
INFO: [Vivado_Tcl 4-199] Please refer to the DRC report (report_drc) for more information.


Starting Routing Task
INFO: [Route 35-254] Multithreading enabled for route_design using a maximum of 2 CPUs

Phase 1 Build RT Design
Checksum: PlaceDB: f9f2b9cc ConstDB: 0 ShapeSum: 136cbd01 RouteDB: 0
Post Restoration Checksum: NetGraph: ac9604eb NumContArr: 1b2133d0 Constraints: 0 Timing: 0
Phase 1 Build RT Design | Checksum: c7b738bb

Time (s): cpu = 00:00:29 ; elapsed = 00:00:26 . Memory (MB): peak = 1999.531 ; gain = 89.016

Phase 2 Router Initialization
INFO: [Route 35-64] No timing constraints were detected. The router will operate in resource-optimization mode.

Phase 2.1 Fix Topology Constraints
Phase 2.1 Fix Topology Constraints | Checksum: c7b738bb

Time (s): cpu = 00:00:29 ; elapsed = 00:00:26 . Memory (MB): peak = 2006.145 ; gain = 95.629

Phase 2.2 Pre Route Cleanup
Phase 2.2 Pre Route Cleanup | Checksum: c7b738bb

Time (s): cpu = 00:00:29 ; elapsed = 00:00:26 . Memory (MB): peak = 2006.145 ; gain = 95.629
 Number of Nodes with overlaps = 0

Router Utilization Summary
  Global Vertical Routing Utilization    = 0 %
  Global Horizontal Routing Utilization  = 0 %
  Routable Net Status*
  *Does not include unroutable nets such as driverless and loadless.
  Run report_route_status for detailed report.
  Number of Failed Nets               = 16
    (Failed Nets is the sum of unrouted and partially routed nets)
  Number of Unrouted Nets             = 16
  Number of Partially Routed Nets     = 0
  Number of Node Overlaps             = 0

Phase 2 Router Initialization | Checksum: f8b5faad

Time (s): cpu = 00:00:30 ; elapsed = 00:00:27 . Memory (MB): peak = 2020.055 ; gain = 109.539

Phase 3 Initial Routing

Phase 3.1 Global Routing
Phase 3.1 Global Routing | Checksum: f8b5faad

Time (s): cpu = 00:00:30 ; elapsed = 00:00:27 . Memory (MB): peak = 2020.055 ; gain = 109.539
Phase 3 Initial Routing | Checksum: 65ac5528

Time (s): cpu = 00:00:30 ; elapsed = 00:00:27 . Memory (MB): peak = 2020.055 ; gain = 109.539

Phase 4 Rip-up And Reroute

Phase 4.1 Global Iteration 0
 Number of Nodes with overlaps = 0
Phase 4.1 Global Iteration 0 | Checksum: 76ce2f57

Time (s): cpu = 00:00:30 ; elapsed = 00:00:27 . Memory (MB): peak = 2020.055 ; gain = 109.539
Phase 4 Rip-up And Reroute | Checksum: 76ce2f57

Time (s): cpu = 00:00:30 ; elapsed = 00:00:27 . Memory (MB): peak = 2020.055 ; gain = 109.539

Phase 5 Delay and Skew Optimization
Phase 5 Delay and Skew Optimization | Checksum: 76ce2f57

Time (s): cpu = 00:00:30 ; elapsed = 00:00:27 . Memory (MB): peak = 2020.055 ; gain = 109.539

Phase 6 Post Hold Fix

Phase 6.1 Hold Fix Iter
Phase 6.1 Hold Fix Iter | Checksum: 76ce2f57

Time (s): cpu = 00:00:30 ; elapsed = 00:00:27 . Memory (MB): peak = 2020.055 ; gain = 109.539
Phase 6 Post Hold Fix | Checksum: 76ce2f57

Time (s): cpu = 00:00:30 ; elapsed = 00:00:27 . Memory (MB): peak = 2020.055 ; gain = 109.539

Phase 7 Route finalize

Router Utilization Summary
  Global Vertical Routing Utilization    = 0.000465983 %
  Global Horizontal Routing Utilization  = 0.000760649 %
  Routable Net Status*
  *Does not include unroutable nets such as driverless and loadless.
  Run report_route_status for detailed report.
  Number of Failed Nets               = 0
    (Failed Nets is the sum of unrouted and partially routed nets)
  Number of Unrouted Nets             = 0
  Number of Partially Routed Nets     = 0
  Number of Node Overlaps             = 0

Congestion Report
North Dir 1x1 Area, Max Cong = 2.7027%, No Congested Regions.
South Dir 1x1 Area, Max Cong = 0.900901%, No Congested Regions.
East Dir 1x1 Area, Max Cong = 2.94118%, No Congested Regions.
West Dir 1x1 Area, Max Cong = 2.94118%, No Congested Regions.

------------------------------
Reporting congestion hotspots
------------------------------
Direction: North
----------------
Congested clusters found at Level 0
Effective congestion level: 0 Aspect Ratio: 1 Sparse Ratio: 0
Direction: South
----------------
Congested clusters found at Level 0
Effective congestion level: 0 Aspect Ratio: 1 Sparse Ratio: 0
Direction: East
----------------
Congested clusters found at Level 0
Effective congestion level: 0 Aspect Ratio: 1 Sparse Ratio: 0
Direction: West
----------------
Congested clusters found at Level 0
Effective congestion level: 0 Aspect Ratio: 1 Sparse Ratio: 0

Phase 7 Route finalize | Checksum: 76ce2f57

Time (s): cpu = 00:00:30 ; elapsed = 00:00:27 . Memory (MB): peak = 2020.055 ; gain = 109.539

Phase 8 Verifying routed nets

 Verification completed successfully
Phase 8 Verifying routed nets | Checksum: 76ce2f57

Time (s): cpu = 00:00:30 ; elapsed = 00:00:27 . Memory (MB): peak = 2020.055 ; gain = 109.539

Phase 9 Depositing Routes
Phase 9 Depositing Routes | Checksum: 8a998c5c

Time (s): cpu = 00:00:30 ; elapsed = 00:00:27 . Memory (MB): peak = 2020.055 ; gain = 109.539
INFO: [Route 35-16] Router Completed Successfully

Time (s): cpu = 00:00:30 ; elapsed = 00:00:27 . Memory (MB): peak = 2020.055 ; gain = 109.539

Routing Is Done.
INFO: [Common 17-83] Releasing license: Implementation
56 Infos, 1 Warnings, 0 Critical Warnings and 0 Errors encountered.
route_design completed successfully
route_design: Time (s): cpu = 00:00:32 ; elapsed = 00:00:28 . Memory (MB): peak = 2020.055 ; gain = 118.672
Writing XDEF routing.
Writing XDEF routing logical nets.
Writing XDEF routing special nets.
Write XDEF Complete: Time (s): cpu = 00:00:00 ; elapsed = 00:00:00.066 . Memory (MB): peak = 2029.695 ; gain = 9.641
INFO: [Common 17-1381] The checkpoint 'C:/Users/narsi/Desktop/projects/Project_BUG/f_uart/f_uart_rseq/f_uart_rseq_D/f_uart_rseq_/f_uart_rseq_bug.runs/impl_1/f_uart_rseq_routed.dcp' has been generated.
INFO: [runtcl-4] Executing : report_drc -file f_uart_rseq_drc_routed.rpt -pb f_uart_rseq_drc_routed.pb -rpx f_uart_rseq_drc_routed.rpx
Command: report_drc -file f_uart_rseq_drc_routed.rpt -pb f_uart_rseq_drc_routed.pb -rpx f_uart_rseq_drc_routed.rpx
INFO: [IP_Flow 19-1839] IP Catalog is up to date.
INFO: [DRC 23-27] Running DRC with 2 threads
INFO: [Vivado_Tcl 2-168] The results of DRC are in file C:/Users/narsi/Desktop/projects/Project_BUG/f_uart/f_uart_rseq/f_uart_rseq_D/f_uart_rseq_/f_uart_rseq_bug.runs/impl_1/f_uart_rseq_drc_routed.rpt.
report_drc completed successfully
INFO: [runtcl-4] Executing : report_methodology -file f_uart_rseq_methodology_drc_routed.rpt -pb f_uart_rseq_methodology_drc_routed.pb -rpx f_uart_rseq_methodology_drc_routed.rpx
Command: report_methodology -file f_uart_rseq_methodology_drc_routed.rpt -pb f_uart_rseq_methodology_drc_routed.pb -rpx f_uart_rseq_methodology_drc_routed.rpx
INFO: [Timing 38-35] Done setting XDC timing constraints.
INFO: [DRC 23-133] Running Methodology with 2 threads
INFO: [Vivado_Tcl 2-1520] The results of Report Methodology are in file C:/Users/narsi/Desktop/projects/Project_BUG/f_uart/f_uart_rseq/f_uart_rseq_D/f_uart_rseq_/f_uart_rseq_bug.runs/impl_1/f_uart_rseq_methodology_drc_routed.rpt.
report_methodology completed successfully
INFO: [runtcl-4] Executing : report_power -file f_uart_rseq_power_routed.rpt -pb f_uart_rseq_power_summary_routed.pb -rpx f_uart_rseq_power_routed.rpx
Command: report_power -file f_uart_rseq_power_routed.rpt -pb f_uart_rseq_power_summary_routed.pb -rpx f_uart_rseq_power_routed.rpx
INFO: [Timing 38-35] Done setting XDC timing constraints.
WARNING: [Power 33-232] No user defined clocks were found in the design! Power estimation will be inaccurate until this is corrected.
Resolution: Please specify clocks using create_clock/create_generated_clock for sequential elements. For pure combinatorial circuits, please specify a virtual clock, otherwise the vectorless estimation might be inaccurate
Running Vector-less Activity Propagation...

Finished Running Vector-less Activity Propagation
67 Infos, 2 Warnings, 0 Critical Warnings and 0 Errors encountered.
report_power completed successfully
INFO: [runtcl-4] Executing : report_route_status -file f_uart_rseq_route_status.rpt -pb f_uart_rseq_route_status.pb
INFO: [runtcl-4] Executing : report_timing_summary -max_paths 10 -report_unconstrained -file f_uart_rseq_timing_summary_routed.rpt -pb f_uart_rseq_timing_summary_routed.pb -rpx f_uart_rseq_timing_summary_routed.rpx -warn_on_violation 
INFO: [Timing 38-91] UpdateTimingParams: Speed grade: -1, Delay Type: min_max.
INFO: [Timing 38-191] Multithreading enabled for timing update using a maximum of 2 CPUs
WARNING: [Timing 38-313] There are no user specified timing constraints. Timing constraints are needed for proper timing analysis.
INFO: [runtcl-4] Executing : report_incremental_reuse -file f_uart_rseq_incremental_reuse_routed.rpt
INFO: [Vivado_Tcl 4-1062] Incremental flow is disabled. No incremental reuse Info to report.
INFO: [runtcl-4] Executing : report_clock_utilization -file f_uart_rseq_clock_utilization_routed.rpt
INFO: [runtcl-4] Executing : report_bus_skew -warn_on_violation -file f_uart_rseq_bus_skew_routed.rpt -pb f_uart_rseq_bus_skew_routed.pb -rpx f_uart_rseq_bus_skew_routed.rpx
INFO: [Timing 38-91] UpdateTimingParams: Speed grade: -1, Delay Type: min_max.
INFO: [Timing 38-191] Multithreading enabled for timing update using a maximum of 2 CPUs
INFO: [Common 17-206] Exiting Vivado at Tue Apr  7 18:03:18 2026...
[Tue Apr  7 18:03:22 2026] impl_1 finished
wait_on_runs: Time (s): cpu = 00:00:00 ; elapsed = 00:01:26 . Memory (MB): peak = 980.801 ; gain = 0.000
# open_run impl_1
Netlist sorting complete. Time (s): cpu = 00:00:00 ; elapsed = 00:00:00 . Memory (MB): peak = 980.801 ; gain = 0.000
INFO: [Project 1-479] Netlist was created with Vivado 2022.2
INFO: [Project 1-570] Preparing netlist for logic optimization
Reading XDEF placement.
Reading placer database...
Reading XDEF routing.
Read XDEF Files: Time (s): cpu = 00:00:00 ; elapsed = 00:00:00.286 . Memory (MB): peak = 1092.047 ; gain = 24.891
Restored from archive | CPU: 0.000000 secs | Memory: 0.000000 MB |
Finished XDEF File Restore: Time (s): cpu = 00:00:00 ; elapsed = 00:00:00.288 . Memory (MB): peak = 1092.047 ; gain = 24.891
Netlist sorting complete. Time (s): cpu = 00:00:00 ; elapsed = 00:00:00 . Memory (MB): peak = 1478.805 ; gain = 0.000
INFO: [Project 1-111] Unisim Transformation Summary:
No Unisim elements were transformed.

# report_utilization    -file [file join $build_dir utilization.rpt]
# report_timing_summary -file [file join $build_dir timing_summary.rpt]
INFO: [Timing 38-35] Done setting XDC timing constraints.
INFO: [Timing 38-91] UpdateTimingParams: Speed grade: -1, Delay Type: min_max.
INFO: [Timing 38-191] Multithreading enabled for timing update using a maximum of 2 CPUs
report_timing_summary: Time (s): cpu = 00:00:05 ; elapsed = 00:00:05 . Memory (MB): peak = 1649.359 ; gain = 170.555
# set sim_log [file join $build_dir sim.log]
# if {$run_sim} {
#   launch_simulation -simset sim_1 -mode behavioral
#   log_wave -recursive *
#   run 1000 us
#   catch { write_waveform -file [file join $build_dir waveform.wdb] }
#   if {[file exists "vivado.log"]} {
#     file copy -force "vivado.log" $sim_log
#   } else {
#     # create empty log
#     set fd [open $sim_log w]; puts $fd "No vivado.log"; close $fd
#   }
# } else {
#   # no sim run
#   set fd [open $sim_log w]; puts $fd "Simulation not run (no TB)"; close $fd
# }
Command: launch_simulation  -simset sim_1 -mode behavioral
INFO: [Vivado 12-12493] Simulation top is 'f_uart_rseq_tb'
WARNING: [Vivado 12-13340] Unable to auto find GCC executables from simulator install path! (path not set)
WARNING: [Vivado 12-13277] Compiled library path does not exist: ''
INFO: [Vivado 12-5682] Launching behavioral simulation in 'C:/Users/narsi/Desktop/projects/Project_BUG/f_uart/f_uart_rseq/f_uart_rseq_D/f_uart_rseq_/f_uart_rseq_bug.sim/sim_1/behav/xsim'
INFO: [SIM-utils-51] Simulation object is 'sim_1'
INFO: [SIM-utils-72] Using boost library from 'C:/Xilinx/Vivado/2022.2/tps/boost_1_72_0'
INFO: [SIM-utils-54] Inspecting design source files for 'f_uart_rseq_tb' in fileset 'sim_1'...
INFO: [USF-XSim-97] Finding global include files...
INFO: [USF-XSim-98] Fetching design files from 'sim_1'...
INFO: [USF-XSim-2] XSim::Compile design
INFO: [USF-XSim-61] Executing 'COMPILE and ANALYZE' step in 'C:/Users/narsi/Desktop/projects/Project_BUG/f_uart/f_uart_rseq/f_uart_rseq_D/f_uart_rseq_/f_uart_rseq_bug.sim/sim_1/behav/xsim'
"xvhdl --incr --relax -prj f_uart_rseq_tb_vhdl.prj"
INFO: [VRFC 10-163] Analyzing VHDL file "C:/Users/narsi/Desktop/projects/Project_BUG/f_uart/f_uart_rseq/f_uart_rseq_D/rtl/FIFO_RSEQ.vhd" into library xil_defaultlib
INFO: [VRFC 10-3107] analyzing entity 'FIFO_RSEQ'
INFO: [VRFC 10-163] Analyzing VHDL file "C:/Users/narsi/Desktop/projects/Project_BUG/f_uart/f_uart_rseq/f_uart_rseq_D/rtl/UART_TX_rseq.vhd" into library xil_defaultlib
INFO: [VRFC 10-3107] analyzing entity 'UART_tx_rseq'
INFO: [VRFC 10-163] Analyzing VHDL file "C:/Users/narsi/Desktop/projects/Project_BUG/f_uart/f_uart_rseq/f_uart_rseq_D/rtl/f_uart_rseq.vhd" into library xil_defaultlib
INFO: [VRFC 10-3107] analyzing entity 'f_uart_rseq'
INFO: [VRFC 10-163] Analyzing VHDL file "C:/Users/narsi/Desktop/projects/Project_BUG/f_uart/f_uart_rseq/f_uart_rseq_D/tb/f_uart_rseq_tb.vhd" into library xil_defaultlib
INFO: [VRFC 10-3107] analyzing entity 'f_uart_rseq_tb'
INFO: [USF-XSim-69] 'compile' step finished in '2' seconds
INFO: [USF-XSim-3] XSim::Elaborate design
INFO: [USF-XSim-61] Executing 'ELABORATE' step in 'C:/Users/narsi/Desktop/projects/Project_BUG/f_uart/f_uart_rseq/f_uart_rseq_D/f_uart_rseq_/f_uart_rseq_bug.sim/sim_1/behav/xsim'
"xelab --incr --debug typical --relax --mt 2 -L xil_defaultlib -L secureip --snapshot f_uart_rseq_tb_behav xil_defaultlib.f_uart_rseq_tb -log elaborate.log"
Vivado Simulator v2022.2
Copyright 1986-1999, 2001-2022 Xilinx, Inc. All Rights Reserved.
Running: C:/Xilinx/Vivado/2022.2/bin/unwrapped/win64.o/xelab.exe --incr --debug typical --relax --mt 2 -L xil_defaultlib -L secureip --snapshot f_uart_rseq_tb_behav xil_defaultlib.f_uart_rseq_tb -log elaborate.log 
Using 2 slave threads.
Starting static elaboration
Completed static elaboration
Starting simulation data flow analysis
Completed simulation data flow analysis
Time Resolution for simulation is 1ps
Compiling package std.standard
Compiling package std.textio
Compiling package ieee.std_logic_1164
Compiling package ieee.numeric_std
Compiling package std.env
Compiling architecture behavioral of entity xil_defaultlib.FIFO_RSEQ [\FIFO_RSEQ(f_width=8)\]
Compiling architecture rtl of entity xil_defaultlib.UART_tx_rseq [uart_tx_rseq_default]
Compiling architecture behavioral of entity xil_defaultlib.f_uart_rseq [f_uart_rseq_default]
Compiling architecture tb of entity xil_defaultlib.f_uart_rseq_tb
Built simulation snapshot f_uart_rseq_tb_behav
INFO: [USF-XSim-69] 'elaborate' step finished in '4' seconds
INFO: [USF-XSim-4] XSim::Simulate design
INFO: [USF-XSim-61] Executing 'SIMULATE' step in 'C:/Users/narsi/Desktop/projects/Project_BUG/f_uart/f_uart_rseq/f_uart_rseq_D/f_uart_rseq_/f_uart_rseq_bug.sim/sim_1/behav/xsim'
INFO: [USF-XSim-98] *** Running xsim
   with args "f_uart_rseq_tb_behav -key {Behavioral:sim_1:Functional:f_uart_rseq_tb} -tclbatch {f_uart_rseq_tb.tcl} -log {simulate.log}"
INFO: [USF-XSim-8] Loading simulator feature
Time resolution is 1 ps
source f_uart_rseq_tb.tcl
## current_wave_config
Error: ERROR: FIFO did not reach full condition RESET_SEQUENCE
Time: 960 ns  Iteration: 0  Process: /f_uart_rseq_tb/stim_proc  File: C:/Users/narsi/Desktop/projects/Project_BUG/f_uart/f_uart_rseq/f_uart_rseq_D/tb/f_uart_rseq_tb.vhd
INFO: [USF-XSim-96] XSim completed. Design snapshot 'f_uart_rseq_tb_behav' loaded.
INFO: [USF-XSim-97] XSim simulation ran for 1000ns
launch_simulation: Time (s): cpu = 00:00:00 ; elapsed = 00:00:08 . Memory (MB): peak = 1660.609 ; gain = 11.250
Note: Simulation completed.
Time: 4912 ns  Iteration: 0  Process: /f_uart_rseq_tb/stim_proc  File: C:/Users/narsi/Desktop/projects/Project_BUG/f_uart/f_uart_rseq/f_uart_rseq_D/tb/f_uart_rseq_tb.vhd
$stop called at time : 4912 ns : File "C:/Users/narsi/Desktop/projects/Project_BUG/f_uart/f_uart_rseq/f_uart_rseq_D/tb/f_uart_rseq_tb.vhd" Line 269
