#-----------------------------------------------------------
# Vivado v2022.2 (64-bit)
# SW Build 3671981 on Fri Oct 14 05:00:03 MDT 2022
# IP Build 3669848 on Fri Oct 14 08:30:02 MDT 2022
# Start of session at: Thu Apr  2 23:35:44 2026
# Process ID: 9384
# Current directory: C:/Users/narsi/Desktop/projects/Project_BUG/fifo/FIFO_RSEQ
# Command line: vivado.exe -mode batch -source build.tcl
# Log file: C:/Users/narsi/Desktop/projects/Project_BUG/fifo/FIFO_RSEQ/vivado.log
# Journal file: C:/Users/narsi/Desktop/projects/Project_BUG/fifo/FIFO_RSEQ\vivado.jou
# Running On: Milan, OS: Windows, CPU Frequency: 1797 MHz, CPU Physical cores: 16, Host memory: 6297 MB
#-----------------------------------------------------------
source build.tcl
# set main_project_name "FIFO_RSEQ_D"
# set proj_name   "FIFO_RSEQ"
# set proj_dir    "./$main_project_name/FIFO_RSEQ_"
# set build_dir   "./$main_project_name/build"
# set part        "xc7z020clg484-1"
# set rtl_glob    "./$main_project_name/rtl/*.vhd"
# set tb_glob     "./$main_project_name/tb/*_tb.vhd"
# set xdc_glob    "./constraints/*.xdc"
# set rtl_top_e   "FIFO_RSEQ"
# set tb_top_e   "FIFO_RSEQ_tb"
# set rtl_top     "./$main_project_name/rtl"
# set tb_top      "./$main_project_name/tb"
# set vivado_tool "Vivado 2022.2"
# set rtl_dir     "./rtl"
# set tb_dir      "./tb"
# set src_dir [glob -type d ./*.srcs]
# set full_src_rtl "$src_dir/sources_1/new"
# set full_src_tb "$src_dir/sim_1/new"
# catch {file mkdir $main_project_name}
# if {[file exists $build_dir]} {
#     puts "Cleaning build directory: $build_dir"
#     file delete -force $build_dir
# }
# file mkdir $build_dir
# catch { exec cmd.exe /c robocopy "./" "./$main_project_name" build.tcl run_case.dat } result
# if {![file exists $tb_top]} {
# catch {file mkdir $rtl_top}
# catch {file mkdir $tb_top}
# catch { exec cmd.exe /c robocopy "$full_src_tb" "$tb_top" /E } result
# catch { exec cmd.exe /c robocopy "$full_src_rtl" "$rtl_top" /E } result
# }
# create_project $proj_name $proj_dir -part $part -force
INFO: [ProjectBase 1-489] The host OS only allows 260 characters in a normal path. The project is stored in a path with more than 80 characters. If you experience issues with IP, Block Designs, or files not being found, please consider moving the project to a location with a shorter path. Alternately consider using the OS subst command to map part of the path to a drive letter.
Current project path is 'C:/Users/narsi/Desktop/projects/Project_BUG/fifo/FIFO_RSEQ/FIFO_RSEQ_D/FIFO_RSEQ_'
create_project: Time (s): cpu = 00:00:11 ; elapsed = 00:00:15 . Memory (MB): peak = 431.582 ; gain = 98.250
# foreach f [glob -nocomplain $rtl_glob] {
#   add_files $f
# }
# set_property top $rtl_top_e [current_fileset]
# update_compile_order -fileset sources_1
# set tb_list [glob -nocomplain $tb_glob]
# set run_sim 0
# if {[llength $tb_list] > 0} {
#   set run_sim 1
#   foreach f $tb_list {
#     add_files -fileset sim_1 $f
#   }
#   catch { set_property top $tb_top_e [get_filesets sim_1] }
#   update_compile_order -fileset sim_1
# }
# launch_runs synth_1
WARNING: [Vivado 12-7122] Auto Incremental Compile:: No reference checkpoint was found in run synth_1. Auto-incremental flow will not be run, the standard flow will be run instead.
[Thu Apr  2 23:36:11 2026] Launched synth_1...
Run output will be captured here: C:/Users/narsi/Desktop/projects/Project_BUG/fifo/FIFO_RSEQ/FIFO_RSEQ_D/FIFO_RSEQ_/FIFO_RSEQ.runs/synth_1/runme.log
# wait_on_run synth_1
[Thu Apr  2 23:36:11 2026] Waiting for synth_1 to finish...

*** Running vivado
    with args -log FIFO_RSEQ.vds -m64 -product Vivado -mode batch -messageDb vivado.pb -notrace -source FIFO_RSEQ.tcl



****** Vivado v2022.2 (64-bit)
  **** SW Build 3671981 on Fri Oct 14 05:00:03 MDT 2022
  **** IP Build 3669848 on Fri Oct 14 08:30:02 MDT 2022
    ** Copyright 1986-2022 Xilinx, Inc. All Rights Reserved.

source FIFO_RSEQ.tcl -notrace
create_project: Time (s): cpu = 00:00:12 ; elapsed = 00:00:13 . Memory (MB): peak = 430.961 ; gain = 97.523
Command: synth_design -top FIFO_RSEQ -part xc7z020clg484-1
Starting synth_design
Attempting to get a license for feature 'Synthesis' and/or device 'xc7z020'
INFO: [Common 17-349] Got license for feature 'Synthesis' and/or device 'xc7z020'
INFO: [Synth 8-7079] Multithreading enabled for synth_design using a maximum of 2 processes.
INFO: [Synth 8-7078] Launching helper process for spawning children vivado processes
INFO: [Synth 8-7075] Helper process launched with PID 12556
INFO: [Synth 8-11241] undeclared symbol 'REGCCE', assumed default net type 'wire' [C:/Xilinx/Vivado/2022.2/data/verilog/src/unimacro/BRAM_SINGLE_MACRO.v:2170]
---------------------------------------------------------------------------------
Starting Synthesize : Time (s): cpu = 00:00:09 ; elapsed = 00:00:10 . Memory (MB): peak = 866.840 ; gain = 411.035
---------------------------------------------------------------------------------
INFO: [Synth 8-638] synthesizing module 'FIFO_RSEQ' [C:/Users/narsi/Desktop/projects/Project_BUG/fifo/FIFO_RSEQ/FIFO_RSEQ_D/rtl/FIFO_RSEQ.vhd:43]
INFO: [Synth 8-256] done synthesizing module 'FIFO_RSEQ' (0#1) [C:/Users/narsi/Desktop/projects/Project_BUG/fifo/FIFO_RSEQ/FIFO_RSEQ_D/rtl/FIFO_RSEQ.vhd:43]
---------------------------------------------------------------------------------
Finished Synthesize : Time (s): cpu = 00:00:12 ; elapsed = 00:00:14 . Memory (MB): peak = 955.461 ; gain = 499.656
---------------------------------------------------------------------------------
---------------------------------------------------------------------------------
Finished Constraint Validation : Time (s): cpu = 00:00:13 ; elapsed = 00:00:14 . Memory (MB): peak = 955.461 ; gain = 499.656
---------------------------------------------------------------------------------
---------------------------------------------------------------------------------
Start Loading Part and Timing Information
---------------------------------------------------------------------------------
Loading part: xc7z020clg484-1
---------------------------------------------------------------------------------
Finished Loading Part and Timing Information : Time (s): cpu = 00:00:13 ; elapsed = 00:00:14 . Memory (MB): peak = 955.461 ; gain = 499.656
---------------------------------------------------------------------------------
INFO: [Device 21-403] Loading part xc7z020clg484-1
---------------------------------------------------------------------------------
Finished RTL Optimization Phase 2 : Time (s): cpu = 00:00:13 ; elapsed = 00:00:15 . Memory (MB): peak = 955.461 ; gain = 499.656
---------------------------------------------------------------------------------
No constraint files found.
---------------------------------------------------------------------------------
Start RTL Component Statistics 
---------------------------------------------------------------------------------
Detailed RTL Component Info : 
+---Adders : 
	   2 Input    6 Bit       Adders := 1     
	   2 Input    5 Bit       Adders := 3     
+---Registers : 
	               16 Bit    Registers := 1     
	                6 Bit    Registers := 1     
	                5 Bit    Registers := 2     
+---RAMs : 
	              512 Bit	(32 X 16 bit)          RAMs := 1     
+---Muxes : 
	   2 Input    1 Bit        Muxes := 3     
---------------------------------------------------------------------------------
Finished RTL Component Statistics 
---------------------------------------------------------------------------------
---------------------------------------------------------------------------------
Start Part Resource Summary
---------------------------------------------------------------------------------
Part Resources:
DSPs: 220 (col length:60)
BRAMs: 280 (col length: RAMB18 60 RAMB36 30)
---------------------------------------------------------------------------------
Finished Part Resource Summary
---------------------------------------------------------------------------------
No constraint files found.
---------------------------------------------------------------------------------
Start Cross Boundary and Area Optimization
---------------------------------------------------------------------------------
WARNING: [Synth 8-7080] Parallel synthesis criteria is not met
---------------------------------------------------------------------------------
Finished Cross Boundary and Area Optimization : Time (s): cpu = 00:00:22 ; elapsed = 00:00:28 . Memory (MB): peak = 1172.492 ; gain = 716.688
---------------------------------------------------------------------------------
---------------------------------------------------------------------------------
Start ROM, RAM, DSP, Shift Register and Retiming Reporting
---------------------------------------------------------------------------------

Distributed RAM: Preliminary Mapping Report (see note below)
+------------+------------+-----------+----------------------+-------------+
|Module Name | RTL Object | Inference | Size (Depth x Width) | Primitives  | 
+------------+------------+-----------+----------------------+-------------+
|FIFO_RSEQ   | mem_reg    | Implied   | 32 x 16              | RAM32M x 3  | 
+------------+------------+-----------+----------------------+-------------+

Note: The table above is a preliminary report that shows the Distributed RAMs at the current stage of the synthesis flow. Some Distributed RAMs may be reimplemented as non Distributed RAM primitives later in the synthesis flow. Multiple instantiated RAMs are reported only once.
---------------------------------------------------------------------------------
Finished ROM, RAM, DSP, Shift Register and Retiming Reporting
---------------------------------------------------------------------------------
No constraint files found.
---------------------------------------------------------------------------------
Start Timing Optimization
---------------------------------------------------------------------------------
---------------------------------------------------------------------------------
Finished Timing Optimization : Time (s): cpu = 00:00:22 ; elapsed = 00:00:28 . Memory (MB): peak = 1172.492 ; gain = 716.688
---------------------------------------------------------------------------------
---------------------------------------------------------------------------------
Start ROM, RAM, DSP, Shift Register and Retiming Reporting
---------------------------------------------------------------------------------

Distributed RAM: Final Mapping Report
+------------+------------+-----------+----------------------+-------------+
|Module Name | RTL Object | Inference | Size (Depth x Width) | Primitives  | 
+------------+------------+-----------+----------------------+-------------+
|FIFO_RSEQ   | mem_reg    | Implied   | 32 x 16              | RAM32M x 3  | 
+------------+------------+-----------+----------------------+-------------+

---------------------------------------------------------------------------------
Finished ROM, RAM, DSP, Shift Register and Retiming Reporting
---------------------------------------------------------------------------------
---------------------------------------------------------------------------------
Start Technology Mapping
---------------------------------------------------------------------------------
---------------------------------------------------------------------------------
Finished Technology Mapping : Time (s): cpu = 00:00:23 ; elapsed = 00:00:28 . Memory (MB): peak = 1172.492 ; gain = 716.688
---------------------------------------------------------------------------------
---------------------------------------------------------------------------------
Start IO Insertion
---------------------------------------------------------------------------------
---------------------------------------------------------------------------------
Start Flattening Before IO Insertion
---------------------------------------------------------------------------------
---------------------------------------------------------------------------------
Finished Flattening Before IO Insertion
---------------------------------------------------------------------------------
---------------------------------------------------------------------------------
Start Final Netlist Cleanup
---------------------------------------------------------------------------------
---------------------------------------------------------------------------------
Finished Final Netlist Cleanup
---------------------------------------------------------------------------------
---------------------------------------------------------------------------------
Finished IO Insertion : Time (s): cpu = 00:00:35 ; elapsed = 00:00:41 . Memory (MB): peak = 1172.492 ; gain = 716.688
---------------------------------------------------------------------------------
---------------------------------------------------------------------------------
Start Renaming Generated Instances
---------------------------------------------------------------------------------
---------------------------------------------------------------------------------
Finished Renaming Generated Instances : Time (s): cpu = 00:00:35 ; elapsed = 00:00:41 . Memory (MB): peak = 1172.492 ; gain = 716.688
---------------------------------------------------------------------------------
---------------------------------------------------------------------------------
Start Rebuilding User Hierarchy
---------------------------------------------------------------------------------
---------------------------------------------------------------------------------
Finished Rebuilding User Hierarchy : Time (s): cpu = 00:00:35 ; elapsed = 00:00:41 . Memory (MB): peak = 1172.492 ; gain = 716.688
---------------------------------------------------------------------------------
---------------------------------------------------------------------------------
Start Renaming Generated Ports
---------------------------------------------------------------------------------
---------------------------------------------------------------------------------
Finished Renaming Generated Ports : Time (s): cpu = 00:00:35 ; elapsed = 00:00:41 . Memory (MB): peak = 1172.492 ; gain = 716.688
---------------------------------------------------------------------------------
---------------------------------------------------------------------------------
Start Handling Custom Attributes
---------------------------------------------------------------------------------
---------------------------------------------------------------------------------
Finished Handling Custom Attributes : Time (s): cpu = 00:00:35 ; elapsed = 00:00:41 . Memory (MB): peak = 1172.492 ; gain = 716.688
---------------------------------------------------------------------------------
---------------------------------------------------------------------------------
Start Renaming Generated Nets
---------------------------------------------------------------------------------
---------------------------------------------------------------------------------
Finished Renaming Generated Nets : Time (s): cpu = 00:00:35 ; elapsed = 00:00:41 . Memory (MB): peak = 1172.492 ; gain = 716.688
---------------------------------------------------------------------------------
---------------------------------------------------------------------------------
Start Writing Synthesis Report
---------------------------------------------------------------------------------

Report BlackBoxes: 
+-+--------------+----------+
| |BlackBox name |Instances |
+-+--------------+----------+
+-+--------------+----------+

Report Cell Usage: 
+------+-------+------+
|      |Cell   |Count |
+------+-------+------+
|1     |BUFG   |     1|
|2     |LUT1   |     3|
|3     |LUT2   |     5|
|4     |LUT3   |     3|
|5     |LUT4   |     4|
|6     |LUT5   |     4|
|7     |LUT6   |     3|
|8     |RAM32M |     3|
|9     |FDRE   |    32|
|10    |IBUF   |    20|
|11    |OBUF   |    18|
+------+-------+------+

Report Instance Areas: 
+------+---------+-------+------+
|      |Instance |Module |Cells |
+------+---------+-------+------+
|1     |top      |       |    96|
+------+---------+-------+------+
---------------------------------------------------------------------------------
Finished Writing Synthesis Report : Time (s): cpu = 00:00:35 ; elapsed = 00:00:41 . Memory (MB): peak = 1172.492 ; gain = 716.688
---------------------------------------------------------------------------------
Synthesis finished with 0 errors, 0 critical warnings and 1 warnings.
Synthesis Optimization Runtime : Time (s): cpu = 00:00:35 ; elapsed = 00:00:41 . Memory (MB): peak = 1172.492 ; gain = 716.688
Synthesis Optimization Complete : Time (s): cpu = 00:00:35 ; elapsed = 00:00:41 . Memory (MB): peak = 1172.492 ; gain = 716.688
INFO: [Project 1-571] Translating synthesized netlist
Netlist sorting complete. Time (s): cpu = 00:00:00 ; elapsed = 00:00:00.001 . Memory (MB): peak = 1180.172 ; gain = 0.000
INFO: [Netlist 29-17] Analyzing 3 Unisim elements for replacement
INFO: [Netlist 29-28] Unisim Transformation completed in 0 CPU seconds
INFO: [Project 1-570] Preparing netlist for logic optimization
INFO: [Opt 31-138] Pushed 0 inverter(s) to 0 load pin(s).
Netlist sorting complete. Time (s): cpu = 00:00:00 ; elapsed = 00:00:00 . Memory (MB): peak = 1282.656 ; gain = 0.000
INFO: [Project 1-111] Unisim Transformation Summary:
  A total of 3 instances were transformed.
  RAM32M => RAM32M (RAMD32(x6), RAMS32(x2)): 3 instances

Synth Design complete, checksum: 89a15749
INFO: [Common 17-83] Releasing license: Synthesis
15 Infos, 1 Warnings, 0 Critical Warnings and 0 Errors encountered.
synth_design completed successfully
synth_design: Time (s): cpu = 00:00:39 ; elapsed = 00:00:49 . Memory (MB): peak = 1282.656 ; gain = 851.695
INFO: [Common 17-1381] The checkpoint 'C:/Users/narsi/Desktop/projects/Project_BUG/fifo/FIFO_RSEQ/FIFO_RSEQ_D/FIFO_RSEQ_/FIFO_RSEQ.runs/synth_1/FIFO_RSEQ.dcp' has been generated.
INFO: [runtcl-4] Executing : report_utilization -file FIFO_RSEQ_utilization_synth.rpt -pb FIFO_RSEQ_utilization_synth.pb
INFO: [Common 17-206] Exiting Vivado at Thu Apr  2 23:37:23 2026...
[Thu Apr  2 23:37:36 2026] synth_1 finished
wait_on_runs: Time (s): cpu = 00:00:00 ; elapsed = 00:01:26 . Memory (MB): peak = 456.418 ; gain = 0.000
# open_run synth_1
Design is defaulting to impl run constrset: constrs_1
Design is defaulting to synth run part: xc7z020clg484-1
INFO: [Device 21-403] Loading part xc7z020clg484-1
Netlist sorting complete. Time (s): cpu = 00:00:00 ; elapsed = 00:00:00.001 . Memory (MB): peak = 860.297 ; gain = 0.000
INFO: [Netlist 29-17] Analyzing 3 Unisim elements for replacement
INFO: [Netlist 29-28] Unisim Transformation completed in 1 CPU seconds
INFO: [Project 1-479] Netlist was created with Vivado 2022.2
INFO: [Project 1-570] Preparing netlist for logic optimization
INFO: [Opt 31-138] Pushed 0 inverter(s) to 0 load pin(s).
Netlist sorting complete. Time (s): cpu = 00:00:00 ; elapsed = 00:00:00 . Memory (MB): peak = 977.098 ; gain = 0.000
INFO: [Project 1-111] Unisim Transformation Summary:
  A total of 3 instances were transformed.
  RAM32M => RAM32M (RAMD32(x6), RAMS32(x2)): 3 instances

open_run: Time (s): cpu = 00:00:09 ; elapsed = 00:00:13 . Memory (MB): peak = 977.098 ; gain = 520.680
# write_checkpoint -force [file join $build_dir post_synth.dcp]
INFO: [Common 17-1381] The checkpoint 'C:/Users/narsi/Desktop/projects/Project_BUG/fifo/FIFO_RSEQ/FIFO_RSEQ_D/build/post_synth.dcp' has been generated.
# launch_runs impl_1
[Thu Apr  2 23:37:50 2026] Launched impl_1...
Run output will be captured here: C:/Users/narsi/Desktop/projects/Project_BUG/fifo/FIFO_RSEQ/FIFO_RSEQ_D/FIFO_RSEQ_/FIFO_RSEQ.runs/impl_1/runme.log
# wait_on_run impl_1
[Thu Apr  2 23:37:51 2026] Waiting for impl_1 to finish...

*** Running vivado
    with args -log FIFO_RSEQ.vdi -applog -m64 -product Vivado -messageDb vivado.pb -mode batch -source FIFO_RSEQ.tcl -notrace



****** Vivado v2022.2 (64-bit)
  **** SW Build 3671981 on Fri Oct 14 05:00:03 MDT 2022
  **** IP Build 3669848 on Fri Oct 14 08:30:02 MDT 2022
    ** Copyright 1986-2022 Xilinx, Inc. All Rights Reserved.

source FIFO_RSEQ.tcl -notrace
Command: open_checkpoint C:/Users/narsi/Desktop/projects/Project_BUG/fifo/FIFO_RSEQ/FIFO_RSEQ_D/FIFO_RSEQ_/FIFO_RSEQ.runs/impl_1/FIFO_RSEQ.dcp
INFO: [Device 21-403] Loading part xc7z020clg484-1
Netlist sorting complete. Time (s): cpu = 00:00:00 ; elapsed = 00:00:00.001 . Memory (MB): peak = 860.852 ; gain = 0.000
INFO: [Netlist 29-17] Analyzing 3 Unisim elements for replacement
INFO: [Netlist 29-28] Unisim Transformation completed in 0 CPU seconds
INFO: [Project 1-479] Netlist was created with Vivado 2022.2
INFO: [Project 1-570] Preparing netlist for logic optimization
Netlist sorting complete. Time (s): cpu = 00:00:00 ; elapsed = 00:00:00 . Memory (MB): peak = 951.664 ; gain = 0.000
INFO: [Project 1-111] Unisim Transformation Summary:
  A total of 3 instances were transformed.
  RAM32M => RAM32M (RAMD32(x6), RAMS32(x2)): 3 instances

INFO: [Project 1-604] Checkpoint was created with Vivado v2022.2 (64-bit) build 3671981
OpenCheckpoint Checksum | Checksum: dfc3d5a4
----- Checksum: PlaceDB: 00000000 ShapeSum: dfc3d5a4 RouteDB: 00000000 
open_checkpoint: Time (s): cpu = 00:00:20 ; elapsed = 00:00:28 . Memory (MB): peak = 955.684 ; gain = 628.168
Command: opt_design
Attempting to get a license for feature 'Implementation' and/or device 'xc7z020'
INFO: [Common 17-349] Got license for feature 'Implementation' and/or device 'xc7z020'
Running DRC as a precondition to command opt_design

Starting DRC Task
INFO: [DRC 23-27] Running DRC with 2 threads
INFO: [Project 1-461] DRC finished with 0 Errors
INFO: [Project 1-462] Please refer to the DRC report (report_drc) for more information.

Time (s): cpu = 00:00:02 ; elapsed = 00:00:02 . Memory (MB): peak = 1004.750 ; gain = 26.930

Starting Cache Timing Information Task
INFO: [Timing 38-35] Done setting XDC timing constraints.
Ending Cache Timing Information Task | Checksum: 169652ced

Time (s): cpu = 00:00:11 ; elapsed = 00:00:12 . Memory (MB): peak = 1556.914 ; gain = 552.164

Starting Logic Optimization Task

Phase 1 Retarget
INFO: [Opt 31-138] Pushed 0 inverter(s) to 0 load pin(s).
INFO: [Opt 31-49] Retargeted 0 cell(s).
Phase 1 Retarget | Checksum: 169652ced

Time (s): cpu = 00:00:00 ; elapsed = 00:00:00.224 . Memory (MB): peak = 1892.715 ; gain = 0.000
INFO: [Opt 31-389] Phase Retarget created 0 cells and removed 0 cells

Phase 2 Constant propagation
INFO: [Opt 31-138] Pushed 0 inverter(s) to 0 load pin(s).
Phase 2 Constant propagation | Checksum: 169652ced

Time (s): cpu = 00:00:00 ; elapsed = 00:00:00.232 . Memory (MB): peak = 1892.715 ; gain = 0.000
INFO: [Opt 31-389] Phase Constant propagation created 0 cells and removed 0 cells

Phase 3 Sweep
Phase 3 Sweep | Checksum: 169652ced

Time (s): cpu = 00:00:00 ; elapsed = 00:00:00.249 . Memory (MB): peak = 1892.715 ; gain = 0.000
INFO: [Opt 31-389] Phase Sweep created 0 cells and removed 0 cells

Phase 4 BUFG optimization
Phase 4 BUFG optimization | Checksum: 169652ced

Time (s): cpu = 00:00:01 ; elapsed = 00:00:00.335 . Memory (MB): peak = 1892.715 ; gain = 0.000
INFO: [Opt 31-662] Phase BUFG optimization created 0 cells of which 0 are BUFGs and removed 0 cells.

Phase 5 Shift Register Optimization
INFO: [Opt 31-1064] SRL Remap converted 0 SRLs to 0 registers and converted 0 registers of register chains to 0 SRLs
Phase 5 Shift Register Optimization | Checksum: 169652ced

Time (s): cpu = 00:00:01 ; elapsed = 00:00:00.339 . Memory (MB): peak = 1892.715 ; gain = 0.000
INFO: [Opt 31-389] Phase Shift Register Optimization created 0 cells and removed 0 cells

Phase 6 Post Processing Netlist
Phase 6 Post Processing Netlist | Checksum: 169652ced

Time (s): cpu = 00:00:01 ; elapsed = 00:00:00.362 . Memory (MB): peak = 1892.715 ; gain = 0.000
INFO: [Opt 31-389] Phase Post Processing Netlist created 0 cells and removed 0 cells
Opt_design Change Summary
=========================


-------------------------------------------------------------------------------------------------------------------------
|  Phase                        |  #Cells created  |  #Cells Removed  |  #Constrained objects preventing optimizations  |
-------------------------------------------------------------------------------------------------------------------------
|  Retarget                     |               0  |               0  |                                              0  |
|  Constant propagation         |               0  |               0  |                                              0  |
|  Sweep                        |               0  |               0  |                                              0  |
|  BUFG optimization            |               0  |               0  |                                              0  |
|  Shift Register Optimization  |               0  |               0  |                                              0  |
|  Post Processing Netlist      |               0  |               0  |                                              0  |
-------------------------------------------------------------------------------------------------------------------------



Starting Connectivity Check Task

Time (s): cpu = 00:00:00 ; elapsed = 00:00:00.007 . Memory (MB): peak = 1892.715 ; gain = 0.000
Ending Logic Optimization Task | Checksum: 169652ced

Time (s): cpu = 00:00:01 ; elapsed = 00:00:00.390 . Memory (MB): peak = 1892.715 ; gain = 0.000

Starting Power Optimization Task
INFO: [Pwropt 34-132] Skipping clock gating for clocks with a period < 2.00 ns.
Ending Power Optimization Task | Checksum: 169652ced

Time (s): cpu = 00:00:00 ; elapsed = 00:00:00.037 . Memory (MB): peak = 1892.715 ; gain = 0.000

Starting Final Cleanup Task
Ending Final Cleanup Task | Checksum: 169652ced

Time (s): cpu = 00:00:00 ; elapsed = 00:00:00.001 . Memory (MB): peak = 1892.715 ; gain = 0.000

Starting Netlist Obfuscation Task
Netlist sorting complete. Time (s): cpu = 00:00:00 ; elapsed = 00:00:00 . Memory (MB): peak = 1892.715 ; gain = 0.000
Ending Netlist Obfuscation Task | Checksum: 169652ced

Time (s): cpu = 00:00:00 ; elapsed = 00:00:00.001 . Memory (MB): peak = 1892.715 ; gain = 0.000
INFO: [Common 17-83] Releasing license: Implementation
24 Infos, 0 Warnings, 0 Critical Warnings and 0 Errors encountered.
opt_design completed successfully
opt_design: Time (s): cpu = 00:00:20 ; elapsed = 00:00:22 . Memory (MB): peak = 1892.715 ; gain = 937.031
INFO: [Common 17-1381] The checkpoint 'C:/Users/narsi/Desktop/projects/Project_BUG/fifo/FIFO_RSEQ/FIFO_RSEQ_D/FIFO_RSEQ_/FIFO_RSEQ.runs/impl_1/FIFO_RSEQ_opt.dcp' has been generated.
INFO: [runtcl-4] Executing : report_drc -file FIFO_RSEQ_drc_opted.rpt -pb FIFO_RSEQ_drc_opted.pb -rpx FIFO_RSEQ_drc_opted.rpx
Command: report_drc -file FIFO_RSEQ_drc_opted.rpt -pb FIFO_RSEQ_drc_opted.pb -rpx FIFO_RSEQ_drc_opted.rpx
INFO: [IP_Flow 19-234] Refreshing IP repositories
INFO: [IP_Flow 19-1704] No user IP repositories specified
INFO: [IP_Flow 19-2313] Loaded Vivado IP repository 'C:/Xilinx/Vivado/2022.2/data/ip'.
INFO: [DRC 23-27] Running DRC with 2 threads
INFO: [Vivado_Tcl 2-168] The results of DRC are in file C:/Users/narsi/Desktop/projects/Project_BUG/fifo/FIFO_RSEQ/FIFO_RSEQ_D/FIFO_RSEQ_/FIFO_RSEQ.runs/impl_1/FIFO_RSEQ_drc_opted.rpt.
report_drc completed successfully
report_drc: Time (s): cpu = 00:00:03 ; elapsed = 00:00:06 . Memory (MB): peak = 1892.715 ; gain = 0.000
Command: place_design
Attempting to get a license for feature 'Implementation' and/or device 'xc7z020'
INFO: [Common 17-349] Got license for feature 'Implementation' and/or device 'xc7z020'
INFO: [DRC 23-27] Running DRC with 2 threads
INFO: [Vivado_Tcl 4-198] DRC finished with 0 Errors
INFO: [Vivado_Tcl 4-199] Please refer to the DRC report (report_drc) for more information.
Running DRC as a precondition to command place_design
INFO: [DRC 23-27] Running DRC with 2 threads
INFO: [Vivado_Tcl 4-198] DRC finished with 0 Errors
INFO: [Vivado_Tcl 4-199] Please refer to the DRC report (report_drc) for more information.

Starting Placer Task
INFO: [Place 30-611] Multithreading enabled for place_design using a maximum of 2 CPUs

Phase 1 Placer Initialization

Phase 1.1 Placer Initialization Netlist Sorting
Netlist sorting complete. Time (s): cpu = 00:00:00 ; elapsed = 00:00:00.001 . Memory (MB): peak = 1892.715 ; gain = 0.000
Phase 1.1 Placer Initialization Netlist Sorting | Checksum: dfc3d5a4

Time (s): cpu = 00:00:00 ; elapsed = 00:00:00.024 . Memory (MB): peak = 1892.715 ; gain = 0.000
Netlist sorting complete. Time (s): cpu = 00:00:00 ; elapsed = 00:00:00.001 . Memory (MB): peak = 1892.715 ; gain = 0.000

Phase 1.2 IO Placement/ Clock Placement/ Build Placer Device
INFO: [Timing 38-35] Done setting XDC timing constraints.
Phase 1.2 IO Placement/ Clock Placement/ Build Placer Device | Checksum: 1479ad3b

Time (s): cpu = 00:00:01 ; elapsed = 00:00:01 . Memory (MB): peak = 1892.715 ; gain = 0.000

Phase 1.3 Build Placer Netlist Model
Phase 1.3 Build Placer Netlist Model | Checksum: f4d49e99

Time (s): cpu = 00:00:01 ; elapsed = 00:00:01 . Memory (MB): peak = 1892.715 ; gain = 0.000

Phase 1.4 Constrain Clocks/Macros
Phase 1.4 Constrain Clocks/Macros | Checksum: f4d49e99

Time (s): cpu = 00:00:01 ; elapsed = 00:00:01 . Memory (MB): peak = 1892.715 ; gain = 0.000
Phase 1 Placer Initialization | Checksum: f4d49e99

Time (s): cpu = 00:00:01 ; elapsed = 00:00:01 . Memory (MB): peak = 1892.715 ; gain = 0.000

Phase 2 Global Placement

Phase 2.1 Floorplanning
Phase 2.1 Floorplanning | Checksum: f4d49e99

Time (s): cpu = 00:00:01 ; elapsed = 00:00:01 . Memory (MB): peak = 1892.715 ; gain = 0.000

Phase 2.2 Update Timing before SLR Path Opt
Phase 2.2 Update Timing before SLR Path Opt | Checksum: f4d49e99

Time (s): cpu = 00:00:01 ; elapsed = 00:00:01 . Memory (MB): peak = 1892.715 ; gain = 0.000

Phase 2.3 Post-Processing in Floorplanning
Phase 2.3 Post-Processing in Floorplanning | Checksum: f4d49e99

Time (s): cpu = 00:00:01 ; elapsed = 00:00:01 . Memory (MB): peak = 1892.715 ; gain = 0.000

Phase 2.4 Global Placement Core
WARNING: [Place 46-29] Timing had been disabled during Placer and, therefore, physical synthesis in Placer will be skipped.
Phase 2.4 Global Placement Core | Checksum: 7260998a

Time (s): cpu = 00:00:03 ; elapsed = 00:00:03 . Memory (MB): peak = 1892.715 ; gain = 0.000
Phase 2 Global Placement | Checksum: 7260998a

Time (s): cpu = 00:00:03 ; elapsed = 00:00:03 . Memory (MB): peak = 1892.715 ; gain = 0.000

Phase 3 Detail Placement

Phase 3.1 Commit Multi Column Macros
Phase 3.1 Commit Multi Column Macros | Checksum: 7260998a

Time (s): cpu = 00:00:03 ; elapsed = 00:00:03 . Memory (MB): peak = 1892.715 ; gain = 0.000

Phase 3.2 Commit Most Macros & LUTRAMs
Phase 3.2 Commit Most Macros & LUTRAMs | Checksum: 10d32240f

Time (s): cpu = 00:00:03 ; elapsed = 00:00:03 . Memory (MB): peak = 1892.715 ; gain = 0.000

Phase 3.3 Area Swap Optimization
Phase 3.3 Area Swap Optimization | Checksum: bbbbb89e

Time (s): cpu = 00:00:03 ; elapsed = 00:00:03 . Memory (MB): peak = 1892.715 ; gain = 0.000

Phase 3.4 Pipeline Register Optimization
Phase 3.4 Pipeline Register Optimization | Checksum: bbbbb89e

Time (s): cpu = 00:00:03 ; elapsed = 00:00:03 . Memory (MB): peak = 1892.715 ; gain = 0.000

Phase 3.5 Small Shape Detail Placement
Phase 3.5 Small Shape Detail Placement | Checksum: b0575dcf

Time (s): cpu = 00:00:03 ; elapsed = 00:00:03 . Memory (MB): peak = 1892.715 ; gain = 0.000

Phase 3.6 Re-assign LUT pins
Phase 3.6 Re-assign LUT pins | Checksum: b0575dcf

Time (s): cpu = 00:00:03 ; elapsed = 00:00:03 . Memory (MB): peak = 1892.715 ; gain = 0.000

Phase 3.7 Pipeline Register Optimization
Phase 3.7 Pipeline Register Optimization | Checksum: b0575dcf

Time (s): cpu = 00:00:03 ; elapsed = 00:00:03 . Memory (MB): peak = 1892.715 ; gain = 0.000
Phase 3 Detail Placement | Checksum: b0575dcf

Time (s): cpu = 00:00:03 ; elapsed = 00:00:03 . Memory (MB): peak = 1892.715 ; gain = 0.000

Phase 4 Post Placement Optimization and Clean-Up

Phase 4.1 Post Commit Optimization
Phase 4.1 Post Commit Optimization | Checksum: b0575dcf

Time (s): cpu = 00:00:03 ; elapsed = 00:00:03 . Memory (MB): peak = 1892.715 ; gain = 0.000

Phase 4.2 Post Placement Cleanup
Phase 4.2 Post Placement Cleanup | Checksum: b0575dcf

Time (s): cpu = 00:00:03 ; elapsed = 00:00:03 . Memory (MB): peak = 1892.715 ; gain = 0.000

Phase 4.3 Placer Reporting

Phase 4.3.1 Print Estimated Congestion
INFO: [Place 30-612] Post-Placement Estimated Congestion 
 ____________________________________________________
|           | Global Congestion | Short Congestion  |
| Direction | Region Size       | Region Size       |
|___________|___________________|___________________|
|      North|                1x1|                1x1|
|___________|___________________|___________________|
|      South|                1x1|                1x1|
|___________|___________________|___________________|
|       East|                1x1|                1x1|
|___________|___________________|___________________|
|       West|                1x1|                1x1|
|___________|___________________|___________________|

Phase 4.3.1 Print Estimated Congestion | Checksum: b0575dcf

Time (s): cpu = 00:00:03 ; elapsed = 00:00:03 . Memory (MB): peak = 1892.715 ; gain = 0.000
Phase 4.3 Placer Reporting | Checksum: b0575dcf

Time (s): cpu = 00:00:03 ; elapsed = 00:00:03 . Memory (MB): peak = 1892.715 ; gain = 0.000

Phase 4.4 Final Placement Cleanup
Netlist sorting complete. Time (s): cpu = 00:00:00 ; elapsed = 00:00:00.001 . Memory (MB): peak = 1892.715 ; gain = 0.000

Time (s): cpu = 00:00:03 ; elapsed = 00:00:03 . Memory (MB): peak = 1892.715 ; gain = 0.000
Phase 4 Post Placement Optimization and Clean-Up | Checksum: 117ed3211

Time (s): cpu = 00:00:03 ; elapsed = 00:00:03 . Memory (MB): peak = 1892.715 ; gain = 0.000
Ending Placer Task | Checksum: e50bac39

Time (s): cpu = 00:00:03 ; elapsed = 00:00:03 . Memory (MB): peak = 1892.715 ; gain = 0.000
INFO: [Common 17-83] Releasing license: Implementation
42 Infos, 1 Warnings, 0 Critical Warnings and 0 Errors encountered.
place_design completed successfully
Writing XDEF routing.
Writing XDEF routing logical nets.
Writing XDEF routing special nets.
Write XDEF Complete: Time (s): cpu = 00:00:00 ; elapsed = 00:00:00.353 . Memory (MB): peak = 1892.715 ; gain = 0.000
INFO: [Common 17-1381] The checkpoint 'C:/Users/narsi/Desktop/projects/Project_BUG/fifo/FIFO_RSEQ/FIFO_RSEQ_D/FIFO_RSEQ_/FIFO_RSEQ.runs/impl_1/FIFO_RSEQ_placed.dcp' has been generated.
INFO: [runtcl-4] Executing : report_io -file FIFO_RSEQ_io_placed.rpt
report_io: Time (s): cpu = 00:00:00 ; elapsed = 00:00:00.166 . Memory (MB): peak = 1892.715 ; gain = 0.000
INFO: [runtcl-4] Executing : report_utilization -file FIFO_RSEQ_utilization_placed.rpt -pb FIFO_RSEQ_utilization_placed.pb
INFO: [runtcl-4] Executing : report_control_sets -verbose -file FIFO_RSEQ_control_sets_placed.rpt
report_control_sets: Time (s): cpu = 00:00:00 ; elapsed = 00:00:00.005 . Memory (MB): peak = 1892.715 ; gain = 0.000
Command: phys_opt_design
Attempting to get a license for feature 'Implementation' and/or device 'xc7z020'
INFO: [Common 17-349] Got license for feature 'Implementation' and/or device 'xc7z020'

Starting Initial Update Timing Task

Time (s): cpu = 00:00:00 ; elapsed = 00:00:00.082 . Memory (MB): peak = 1900.066 ; gain = 7.352
INFO: [Vivado_Tcl 4-235] No timing constraint found. The netlist was not modified.
INFO: [Common 17-83] Releasing license: Implementation
49 Infos, 1 Warnings, 0 Critical Warnings and 0 Errors encountered.
phys_opt_design completed successfully
Writing XDEF routing.
Writing XDEF routing logical nets.
Writing XDEF routing special nets.
Write XDEF Complete: Time (s): cpu = 00:00:00 ; elapsed = 00:00:00.092 . Memory (MB): peak = 1917.977 ; gain = 14.906
INFO: [Common 17-1381] The checkpoint 'C:/Users/narsi/Desktop/projects/Project_BUG/fifo/FIFO_RSEQ/FIFO_RSEQ_D/FIFO_RSEQ_/FIFO_RSEQ.runs/impl_1/FIFO_RSEQ_physopt.dcp' has been generated.
Command: route_design
Attempting to get a license for feature 'Implementation' and/or device 'xc7z020'
INFO: [Common 17-349] Got license for feature 'Implementation' and/or device 'xc7z020'
Running DRC as a precondition to command route_design
INFO: [DRC 23-27] Running DRC with 2 threads
INFO: [Vivado_Tcl 4-198] DRC finished with 0 Errors
INFO: [Vivado_Tcl 4-199] Please refer to the DRC report (report_drc) for more information.


Starting Routing Task
INFO: [Route 35-254] Multithreading enabled for route_design using a maximum of 2 CPUs

Phase 1 Build RT Design
Checksum: PlaceDB: 6fc5a2d4 ConstDB: 0 ShapeSum: 75460965 RouteDB: 0
Post Restoration Checksum: NetGraph: f359689d NumContArr: 25ee32f5 Constraints: 0 Timing: 0
Phase 1 Build RT Design | Checksum: 119479b92

Time (s): cpu = 00:00:47 ; elapsed = 00:00:42 . Memory (MB): peak = 2016.145 ; gain = 89.066

Phase 2 Router Initialization
INFO: [Route 35-64] No timing constraints were detected. The router will operate in resource-optimization mode.

Phase 2.1 Fix Topology Constraints
Phase 2.1 Fix Topology Constraints | Checksum: 119479b92

Time (s): cpu = 00:00:47 ; elapsed = 00:00:42 . Memory (MB): peak = 2022.797 ; gain = 95.719

Phase 2.2 Pre Route Cleanup
Phase 2.2 Pre Route Cleanup | Checksum: 119479b92

Time (s): cpu = 00:00:47 ; elapsed = 00:00:42 . Memory (MB): peak = 2022.797 ; gain = 95.719
 Number of Nodes with overlaps = 0

Router Utilization Summary
  Global Vertical Routing Utilization    = 0 %
  Global Horizontal Routing Utilization  = 0 %
  Routable Net Status*
  *Does not include unroutable nets such as driverless and loadless.
  Run report_route_status for detailed report.
  Number of Failed Nets               = 57
    (Failed Nets is the sum of unrouted and partially routed nets)
  Number of Unrouted Nets             = 57
  Number of Partially Routed Nets     = 0
  Number of Node Overlaps             = 0

Phase 2 Router Initialization | Checksum: edf5d2e0

Time (s): cpu = 00:00:47 ; elapsed = 00:00:43 . Memory (MB): peak = 2036.574 ; gain = 109.496

Phase 3 Initial Routing

Phase 3.1 Global Routing
Phase 3.1 Global Routing | Checksum: edf5d2e0

Time (s): cpu = 00:00:47 ; elapsed = 00:00:43 . Memory (MB): peak = 2036.574 ; gain = 109.496
Phase 3 Initial Routing | Checksum: fb2171bb

Time (s): cpu = 00:00:48 ; elapsed = 00:00:43 . Memory (MB): peak = 2036.574 ; gain = 109.496

Phase 4 Rip-up And Reroute

Phase 4.1 Global Iteration 0
 Number of Nodes with overlaps = 0
Phase 4.1 Global Iteration 0 | Checksum: 194a99d9d

Time (s): cpu = 00:00:48 ; elapsed = 00:00:43 . Memory (MB): peak = 2036.574 ; gain = 109.496
Phase 4 Rip-up And Reroute | Checksum: 194a99d9d

Time (s): cpu = 00:00:48 ; elapsed = 00:00:43 . Memory (MB): peak = 2036.574 ; gain = 109.496

Phase 5 Delay and Skew Optimization
Phase 5 Delay and Skew Optimization | Checksum: 194a99d9d

Time (s): cpu = 00:00:48 ; elapsed = 00:00:43 . Memory (MB): peak = 2036.574 ; gain = 109.496

Phase 6 Post Hold Fix

Phase 6.1 Hold Fix Iter
Phase 6.1 Hold Fix Iter | Checksum: 194a99d9d

Time (s): cpu = 00:00:48 ; elapsed = 00:00:43 . Memory (MB): peak = 2036.574 ; gain = 109.496
Phase 6 Post Hold Fix | Checksum: 194a99d9d

Time (s): cpu = 00:00:48 ; elapsed = 00:00:43 . Memory (MB): peak = 2036.574 ; gain = 109.496

Phase 7 Route finalize

Router Utilization Summary
  Global Vertical Routing Utilization    = 0.0215906 %
  Global Horizontal Routing Utilization  = 0.0143678 %
  Routable Net Status*
  *Does not include unroutable nets such as driverless and loadless.
  Run report_route_status for detailed report.
  Number of Failed Nets               = 0
    (Failed Nets is the sum of unrouted and partially routed nets)
  Number of Unrouted Nets             = 0
  Number of Partially Routed Nets     = 0
  Number of Node Overlaps             = 0

Congestion Report
North Dir 1x1 Area, Max Cong = 37.8378%, No Congested Regions.
South Dir 1x1 Area, Max Cong = 6.30631%, No Congested Regions.
East Dir 1x1 Area, Max Cong = 7.35294%, No Congested Regions.
West Dir 1x1 Area, Max Cong = 11.7647%, No Congested Regions.

------------------------------
Reporting congestion hotspots
------------------------------
Direction: North
----------------
Congested clusters found at Level 0
Effective congestion level: 0 Aspect Ratio: 1 Sparse Ratio: 0
Direction: South
----------------
Congested clusters found at Level 0
Effective congestion level: 0 Aspect Ratio: 1 Sparse Ratio: 0
Direction: East
----------------
Congested clusters found at Level 0
Effective congestion level: 0 Aspect Ratio: 1 Sparse Ratio: 0
Direction: West
----------------
Congested clusters found at Level 0
Effective congestion level: 0 Aspect Ratio: 1 Sparse Ratio: 0

Phase 7 Route finalize | Checksum: 194a99d9d

Time (s): cpu = 00:00:48 ; elapsed = 00:00:43 . Memory (MB): peak = 2036.574 ; gain = 109.496

Phase 8 Verifying routed nets

 Verification completed successfully
Phase 8 Verifying routed nets | Checksum: 194a99d9d

Time (s): cpu = 00:00:48 ; elapsed = 00:00:43 . Memory (MB): peak = 2036.574 ; gain = 109.496

Phase 9 Depositing Routes
Phase 9 Depositing Routes | Checksum: 101e59b82

Time (s): cpu = 00:00:48 ; elapsed = 00:00:43 . Memory (MB): peak = 2036.574 ; gain = 109.496
INFO: [Route 35-16] Router Completed Successfully

Time (s): cpu = 00:00:48 ; elapsed = 00:00:43 . Memory (MB): peak = 2036.574 ; gain = 109.496

Routing Is Done.
INFO: [Common 17-83] Releasing license: Implementation
58 Infos, 1 Warnings, 0 Critical Warnings and 0 Errors encountered.
route_design completed successfully
route_design: Time (s): cpu = 00:00:50 ; elapsed = 00:00:44 . Memory (MB): peak = 2036.574 ; gain = 118.598
Writing XDEF routing.
Writing XDEF routing logical nets.
Writing XDEF routing special nets.
Write XDEF Complete: Time (s): cpu = 00:00:00 ; elapsed = 00:00:00.087 . Memory (MB): peak = 2046.270 ; gain = 9.695
INFO: [Common 17-1381] The checkpoint 'C:/Users/narsi/Desktop/projects/Project_BUG/fifo/FIFO_RSEQ/FIFO_RSEQ_D/FIFO_RSEQ_/FIFO_RSEQ.runs/impl_1/FIFO_RSEQ_routed.dcp' has been generated.
INFO: [runtcl-4] Executing : report_drc -file FIFO_RSEQ_drc_routed.rpt -pb FIFO_RSEQ_drc_routed.pb -rpx FIFO_RSEQ_drc_routed.rpx
Command: report_drc -file FIFO_RSEQ_drc_routed.rpt -pb FIFO_RSEQ_drc_routed.pb -rpx FIFO_RSEQ_drc_routed.rpx
INFO: [IP_Flow 19-1839] IP Catalog is up to date.
INFO: [DRC 23-27] Running DRC with 2 threads
INFO: [Vivado_Tcl 2-168] The results of DRC are in file C:/Users/narsi/Desktop/projects/Project_BUG/fifo/FIFO_RSEQ/FIFO_RSEQ_D/FIFO_RSEQ_/FIFO_RSEQ.runs/impl_1/FIFO_RSEQ_drc_routed.rpt.
report_drc completed successfully
INFO: [runtcl-4] Executing : report_methodology -file FIFO_RSEQ_methodology_drc_routed.rpt -pb FIFO_RSEQ_methodology_drc_routed.pb -rpx FIFO_RSEQ_methodology_drc_routed.rpx
Command: report_methodology -file FIFO_RSEQ_methodology_drc_routed.rpt -pb FIFO_RSEQ_methodology_drc_routed.pb -rpx FIFO_RSEQ_methodology_drc_routed.rpx
INFO: [Timing 38-35] Done setting XDC timing constraints.
INFO: [DRC 23-133] Running Methodology with 2 threads
INFO: [Vivado_Tcl 2-1520] The results of Report Methodology are in file C:/Users/narsi/Desktop/projects/Project_BUG/fifo/FIFO_RSEQ/FIFO_RSEQ_D/FIFO_RSEQ_/FIFO_RSEQ.runs/impl_1/FIFO_RSEQ_methodology_drc_routed.rpt.
report_methodology completed successfully
INFO: [runtcl-4] Executing : report_power -file FIFO_RSEQ_power_routed.rpt -pb FIFO_RSEQ_power_summary_routed.pb -rpx FIFO_RSEQ_power_routed.rpx
Command: report_power -file FIFO_RSEQ_power_routed.rpt -pb FIFO_RSEQ_power_summary_routed.pb -rpx FIFO_RSEQ_power_routed.rpx
INFO: [Timing 38-35] Done setting XDC timing constraints.
WARNING: [Power 33-232] No user defined clocks were found in the design! Power estimation will be inaccurate until this is corrected.
Resolution: Please specify clocks using create_clock/create_generated_clock for sequential elements. For pure combinatorial circuits, please specify a virtual clock, otherwise the vectorless estimation might be inaccurate
Running Vector-less Activity Propagation...

Finished Running Vector-less Activity Propagation
69 Infos, 2 Warnings, 0 Critical Warnings and 0 Errors encountered.
report_power completed successfully
INFO: [runtcl-4] Executing : report_route_status -file FIFO_RSEQ_route_status.rpt -pb FIFO_RSEQ_route_status.pb
INFO: [runtcl-4] Executing : report_timing_summary -max_paths 10 -report_unconstrained -file FIFO_RSEQ_timing_summary_routed.rpt -pb FIFO_RSEQ_timing_summary_routed.pb -rpx FIFO_RSEQ_timing_summary_routed.rpx -warn_on_violation 
INFO: [Timing 38-91] UpdateTimingParams: Speed grade: -1, Delay Type: min_max.
INFO: [Timing 38-191] Multithreading enabled for timing update using a maximum of 2 CPUs
WARNING: [Timing 38-313] There are no user specified timing constraints. Timing constraints are needed for proper timing analysis.
INFO: [runtcl-4] Executing : report_incremental_reuse -file FIFO_RSEQ_incremental_reuse_routed.rpt
INFO: [Vivado_Tcl 4-1062] Incremental flow is disabled. No incremental reuse Info to report.
INFO: [runtcl-4] Executing : report_clock_utilization -file FIFO_RSEQ_clock_utilization_routed.rpt
INFO: [runtcl-4] Executing : report_bus_skew -warn_on_violation -file FIFO_RSEQ_bus_skew_routed.rpt -pb FIFO_RSEQ_bus_skew_routed.pb -rpx FIFO_RSEQ_bus_skew_routed.rpx
INFO: [Timing 38-91] UpdateTimingParams: Speed grade: -1, Delay Type: min_max.
INFO: [Timing 38-191] Multithreading enabled for timing update using a maximum of 2 CPUs
INFO: [Common 17-206] Exiting Vivado at Thu Apr  2 23:40:01 2026...
[Thu Apr  2 23:40:07 2026] impl_1 finished
wait_on_runs: Time (s): cpu = 00:00:00 ; elapsed = 00:02:17 . Memory (MB): peak = 979.234 ; gain = 0.000
# open_run impl_1
Netlist sorting complete. Time (s): cpu = 00:00:00 ; elapsed = 00:00:00.001 . Memory (MB): peak = 979.234 ; gain = 0.000
INFO: [Netlist 29-17] Analyzing 3 Unisim elements for replacement
INFO: [Netlist 29-28] Unisim Transformation completed in 0 CPU seconds
INFO: [Project 1-479] Netlist was created with Vivado 2022.2
INFO: [Project 1-570] Preparing netlist for logic optimization
Reading XDEF placement.
Reading placer database...
Reading XDEF routing.
Read XDEF Files: Time (s): cpu = 00:00:00 ; elapsed = 00:00:00.400 . Memory (MB): peak = 1094.176 ; gain = 24.883
Restored from archive | CPU: 0.000000 secs | Memory: 0.000000 MB |
Finished XDEF File Restore: Time (s): cpu = 00:00:00 ; elapsed = 00:00:00.402 . Memory (MB): peak = 1094.176 ; gain = 24.883
Netlist sorting complete. Time (s): cpu = 00:00:00 ; elapsed = 00:00:00 . Memory (MB): peak = 1480.824 ; gain = 0.000
INFO: [Project 1-111] Unisim Transformation Summary:
  A total of 3 instances were transformed.
  RAM32M => RAM32M (RAMD32(x6), RAMS32(x2)): 3 instances

open_run: Time (s): cpu = 00:00:04 ; elapsed = 00:00:06 . Memory (MB): peak = 1480.824 ; gain = 501.590
# report_utilization    -file [file join $build_dir utilization.rpt]
# report_timing_summary -file [file join $build_dir timing_summary.rpt]
INFO: [Timing 38-35] Done setting XDC timing constraints.
INFO: [Timing 38-91] UpdateTimingParams: Speed grade: -1, Delay Type: min_max.
INFO: [Timing 38-191] Multithreading enabled for timing update using a maximum of 2 CPUs
report_timing_summary: Time (s): cpu = 00:00:08 ; elapsed = 00:00:08 . Memory (MB): peak = 1671.379 ; gain = 190.555
# set sim_log [file join $build_dir sim.log]
# if {$run_sim} {
#   launch_simulation -simset sim_1 -mode behavioral
#   log_wave -recursive *
#   run all
#   catch { write_waveform -file [file join $build_dir waveform.wdb] }
#   if {[file exists "vivado.log"]} {
#     file copy -force "vivado.log" $sim_log
#   } else {
#     # create empty log
#     set fd [open $sim_log w]; puts $fd "No vivado.log"; close $fd
#   }
# } else {
#   # no sim run
#   set fd [open $sim_log w]; puts $fd "Simulation not run (no TB)"; close $fd
# }
Command: launch_simulation  -simset sim_1 -mode behavioral
INFO: [Vivado 12-12493] Simulation top is 'FIFO_RSEQ_tb'
WARNING: [Vivado 12-13340] Unable to auto find GCC executables from simulator install path! (path not set)
WARNING: [Vivado 12-13277] Compiled library path does not exist: ''
INFO: [Vivado 12-5682] Launching behavioral simulation in 'C:/Users/narsi/Desktop/projects/Project_BUG/fifo/FIFO_RSEQ/FIFO_RSEQ_D/FIFO_RSEQ_/FIFO_RSEQ.sim/sim_1/behav/xsim'
INFO: [SIM-utils-51] Simulation object is 'sim_1'
INFO: [SIM-utils-72] Using boost library from 'C:/Xilinx/Vivado/2022.2/tps/boost_1_72_0'
INFO: [SIM-utils-54] Inspecting design source files for 'FIFO_RSEQ_tb' in fileset 'sim_1'...
INFO: [USF-XSim-97] Finding global include files...
INFO: [USF-XSim-98] Fetching design files from 'sim_1'...
INFO: [USF-XSim-2] XSim::Compile design
INFO: [USF-XSim-61] Executing 'COMPILE and ANALYZE' step in 'C:/Users/narsi/Desktop/projects/Project_BUG/fifo/FIFO_RSEQ/FIFO_RSEQ_D/FIFO_RSEQ_/FIFO_RSEQ.sim/sim_1/behav/xsim'
"xvhdl --incr --relax -prj FIFO_RSEQ_tb_vhdl.prj"
INFO: [VRFC 10-163] Analyzing VHDL file "C:/Users/narsi/Desktop/projects/Project_BUG/fifo/FIFO_RSEQ/FIFO_RSEQ_D/rtl/FIFO_RSEQ.vhd" into library xil_defaultlib
INFO: [VRFC 10-3107] analyzing entity 'FIFO_RSEQ'
INFO: [VRFC 10-163] Analyzing VHDL file "C:/Users/narsi/Desktop/projects/Project_BUG/fifo/FIFO_RSEQ/FIFO_RSEQ_D/tb/FIFO_RSEQ_tb.vhd" into library xil_defaultlib
INFO: [VRFC 10-3107] analyzing entity 'FIFO_RSEQ_tb'
INFO: [USF-XSim-69] 'compile' step finished in '3' seconds
INFO: [USF-XSim-3] XSim::Elaborate design
INFO: [USF-XSim-61] Executing 'ELABORATE' step in 'C:/Users/narsi/Desktop/projects/Project_BUG/fifo/FIFO_RSEQ/FIFO_RSEQ_D/FIFO_RSEQ_/FIFO_RSEQ.sim/sim_1/behav/xsim'
"xelab --incr --debug typical --relax --mt 2 -L xil_defaultlib -L secureip --snapshot FIFO_RSEQ_tb_behav xil_defaultlib.FIFO_RSEQ_tb -log elaborate.log"
Vivado Simulator v2022.2
Copyright 1986-1999, 2001-2022 Xilinx, Inc. All Rights Reserved.
Running: C:/Xilinx/Vivado/2022.2/bin/unwrapped/win64.o/xelab.exe --incr --debug typical --relax --mt 2 -L xil_defaultlib -L secureip --snapshot FIFO_RSEQ_tb_behav xil_defaultlib.FIFO_RSEQ_tb -log elaborate.log 
Using 2 slave threads.
Starting static elaboration
Completed static elaboration
Starting simulation data flow analysis
Completed simulation data flow analysis
Time Resolution for simulation is 1ps
Compiling package std.standard
Compiling package std.textio
Compiling package ieee.std_logic_1164
Compiling package ieee.numeric_std
Compiling package std.env
Compiling architecture behavioral of entity xil_defaultlib.FIFO_RSEQ [fifo_rseq_default]
Compiling architecture tb of entity xil_defaultlib.fifo_rseq_tb
Built simulation snapshot FIFO_RSEQ_tb_behav
INFO: [USF-XSim-69] 'elaborate' step finished in '4' seconds
INFO: [USF-XSim-4] XSim::Simulate design
INFO: [USF-XSim-61] Executing 'SIMULATE' step in 'C:/Users/narsi/Desktop/projects/Project_BUG/fifo/FIFO_RSEQ/FIFO_RSEQ_D/FIFO_RSEQ_/FIFO_RSEQ.sim/sim_1/behav/xsim'
INFO: [USF-XSim-98] *** Running xsim
   with args "FIFO_RSEQ_tb_behav -key {Behavioral:sim_1:Functional:FIFO_RSEQ_tb} -tclbatch {FIFO_RSEQ_tb.tcl} -log {simulate.log}"
INFO: [USF-XSim-8] Loading simulator feature
Time resolution is 1 ps
source FIFO_RSEQ_tb.tcl
## current_wave_config
Error: ERROR: Data mismatch in FIFO RESET_SEQUENCE
Time: 245 ns  Iteration: 1  Process: /FIFO_RSEQ_tb/checker  File: C:/Users/narsi/Desktop/projects/Project_BUG/fifo/FIFO_RSEQ/FIFO_RSEQ_D/tb/FIFO_RSEQ_tb.vhd
Error: ERROR: Data mismatch in FIFO RESET_SEQUENCE
Time: 255 ns  Iteration: 1  Process: /FIFO_RSEQ_tb/checker  File: C:/Users/narsi/Desktop/projects/Project_BUG/fifo/FIFO_RSEQ/FIFO_RSEQ_D/tb/FIFO_RSEQ_tb.vhd
Error: ERROR: Data mismatch in FIFO RESET_SEQUENCE
Time: 265 ns  Iteration: 1  Process: /FIFO_RSEQ_tb/checker  File: C:/Users/narsi/Desktop/projects/Project_BUG/fifo/FIFO_RSEQ/FIFO_RSEQ_D/tb/FIFO_RSEQ_tb.vhd
Error: ERROR: Data mismatch in FIFO RESET_SEQUENCE
Time: 275 ns  Iteration: 1  Process: /FIFO_RSEQ_tb/checker  File: C:/Users/narsi/Desktop/projects/Project_BUG/fifo/FIFO_RSEQ/FIFO_RSEQ_D/tb/FIFO_RSEQ_tb.vhd
Error: ERROR: Data mismatch in FIFO RESET_SEQUENCE
Time: 285 ns  Iteration: 1  Process: /FIFO_RSEQ_tb/checker  File: C:/Users/narsi/Desktop/projects/Project_BUG/fifo/FIFO_RSEQ/FIFO_RSEQ_D/tb/FIFO_RSEQ_tb.vhd
Error: ERROR: Data mismatch in FIFO RESET_SEQUENCE
Time: 295 ns  Iteration: 1  Process: /FIFO_RSEQ_tb/checker  File: C:/Users/narsi/Desktop/projects/Project_BUG/fifo/FIFO_RSEQ/FIFO_RSEQ_D/tb/FIFO_RSEQ_tb.vhd
Error: ERROR: Data mismatch in FIFO RESET_SEQUENCE
Time: 305 ns  Iteration: 1  Process: /FIFO_RSEQ_tb/checker  File: C:/Users/narsi/Desktop/projects/Project_BUG/fifo/FIFO_RSEQ/FIFO_RSEQ_D/tb/FIFO_RSEQ_tb.vhd
Error: ERROR: Data mismatch in FIFO RESET_SEQUENCE
Time: 315 ns  Iteration: 1  Process: /FIFO_RSEQ_tb/checker  File: C:/Users/narsi/Desktop/projects/Project_BUG/fifo/FIFO_RSEQ/FIFO_RSEQ_D/tb/FIFO_RSEQ_tb.vhd
Error: ERROR: Data mismatch in FIFO RESET_SEQUENCE
Time: 325 ns  Iteration: 1  Process: /FIFO_RSEQ_tb/checker  File: C:/Users/narsi/Desktop/projects/Project_BUG/fifo/FIFO_RSEQ/FIFO_RSEQ_D/tb/FIFO_RSEQ_tb.vhd
Error: ERROR: Data mismatch in FIFO RESET_SEQUENCE
Time: 335 ns  Iteration: 1  Process: /FIFO_RSEQ_tb/checker  File: C:/Users/narsi/Desktop/projects/Project_BUG/fifo/FIFO_RSEQ/FIFO_RSEQ_D/tb/FIFO_RSEQ_tb.vhd
Error: ERROR: Data mismatch in FIFO RESET_SEQUENCE
Time: 345 ns  Iteration: 1  Process: /FIFO_RSEQ_tb/checker  File: C:/Users/narsi/Desktop/projects/Project_BUG/fifo/FIFO_RSEQ/FIFO_RSEQ_D/tb/FIFO_RSEQ_tb.vhd
Error: ERROR: Data mismatch in FIFO RESET_SEQUENCE
Time: 355 ns  Iteration: 1  Process: /FIFO_RSEQ_tb/checker  File: C:/Users/narsi/Desktop/projects/Project_BUG/fifo/FIFO_RSEQ/FIFO_RSEQ_D/tb/FIFO_RSEQ_tb.vhd
Error: ERROR: Data mismatch in FIFO RESET_SEQUENCE
Time: 365 ns  Iteration: 1  Process: /FIFO_RSEQ_tb/checker  File: C:/Users/narsi/Desktop/projects/Project_BUG/fifo/FIFO_RSEQ/FIFO_RSEQ_D/tb/FIFO_RSEQ_tb.vhd
Error: ERROR: Data mismatch in FIFO RESET_SEQUENCE
Time: 375 ns  Iteration: 1  Process: /FIFO_RSEQ_tb/checker  File: C:/Users/narsi/Desktop/projects/Project_BUG/fifo/FIFO_RSEQ/FIFO_RSEQ_D/tb/FIFO_RSEQ_tb.vhd
Error: ERROR: Data mismatch in FIFO RESET_SEQUENCE
Time: 385 ns  Iteration: 1  Process: /FIFO_RSEQ_tb/checker  File: C:/Users/narsi/Desktop/projects/Project_BUG/fifo/FIFO_RSEQ/FIFO_RSEQ_D/tb/FIFO_RSEQ_tb.vhd
Error: ERROR: Data mismatch in FIFO RESET_SEQUENCE
Time: 395 ns  Iteration: 1  Process: /FIFO_RSEQ_tb/checker  File: C:/Users/narsi/Desktop/projects/Project_BUG/fifo/FIFO_RSEQ/FIFO_RSEQ_D/tb/FIFO_RSEQ_tb.vhd
Error: ERROR: Data mismatch in FIFO RESET_SEQUENCE
Time: 405 ns  Iteration: 1  Process: /FIFO_RSEQ_tb/checker  File: C:/Users/narsi/Desktop/projects/Project_BUG/fifo/FIFO_RSEQ/FIFO_RSEQ_D/tb/FIFO_RSEQ_tb.vhd
Error: ERROR: Data mismatch in FIFO RESET_SEQUENCE
Time: 415 ns  Iteration: 1  Process: /FIFO_RSEQ_tb/checker  File: C:/Users/narsi/Desktop/projects/Project_BUG/fifo/FIFO_RSEQ/FIFO_RSEQ_D/tb/FIFO_RSEQ_tb.vhd
Error: ERROR: Data mismatch in FIFO RESET_SEQUENCE
Time: 425 ns  Iteration: 1  Process: /FIFO_RSEQ_tb/checker  File: C:/Users/narsi/Desktop/projects/Project_BUG/fifo/FIFO_RSEQ/FIFO_RSEQ_D/tb/FIFO_RSEQ_tb.vhd
Note: Simulation completed successfully.
Time: 435 ns  Iteration: 1  Process: /FIFO_RSEQ_tb/stimulus  File: C:/Users/narsi/Desktop/projects/Project_BUG/fifo/FIFO_RSEQ/FIFO_RSEQ_D/tb/FIFO_RSEQ_tb.vhd
Error: ERROR: Data mismatch in FIFO RESET_SEQUENCE
Time: 435 ns  Iteration: 1  Process: /FIFO_RSEQ_tb/checker  File: C:/Users/narsi/Desktop/projects/Project_BUG/fifo/FIFO_RSEQ/FIFO_RSEQ_D/tb/FIFO_RSEQ_tb.vhd
$stop called at time : 485 ns : File "C:/Users/narsi/Desktop/projects/Project_BUG/fifo/FIFO_RSEQ/FIFO_RSEQ_D/tb/FIFO_RSEQ_tb.vhd" Line 99
INFO: [USF-XSim-96] XSim completed. Design snapshot 'FIFO_RSEQ_tb_behav' loaded.
INFO: [USF-XSim-97] XSim simulation ran for 1000ns
launch_simulation: Time (s): cpu = 00:00:00 ; elapsed = 00:00:09 . Memory (MB): peak = 1682.574 ; gain = 11.195
Error: ERROR: Data mismatch in FIFO RESET_SEQUENCE
Time: 725 ns  Iteration: 1  Process: /FIFO_RSEQ_tb/checker  File: C:/Users/narsi/Desktop/projects/Project_BUG/fifo/FIFO_RSEQ/FIFO_RSEQ_D/tb/FIFO_RSEQ_tb.vhd
Error: ERROR: Data mismatch in FIFO RESET_SEQUENCE
Time: 735 ns  Iteration: 1  Process: /FIFO_RSEQ_tb/checker  File: C:/Users/narsi/Desktop/projects/Project_BUG/fifo/FIFO_RSEQ/FIFO_RSEQ_D/tb/FIFO_RSEQ_tb.vhd
Error: ERROR: Data mismatch in FIFO RESET_SEQUENCE
Time: 745 ns  Iteration: 1  Process: /FIFO_RSEQ_tb/checker  File: C:/Users/narsi/Desktop/projects/Project_BUG/fifo/FIFO_RSEQ/FIFO_RSEQ_D/tb/FIFO_RSEQ_tb.vhd
Error: ERROR: Data mismatch in FIFO RESET_SEQUENCE
Time: 755 ns  Iteration: 1  Process: /FIFO_RSEQ_tb/checker  File: C:/Users/narsi/Desktop/projects/Project_BUG/fifo/FIFO_RSEQ/FIFO_RSEQ_D/tb/FIFO_RSEQ_tb.vhd
Error: ERROR: Data mismatch in FIFO RESET_SEQUENCE
Time: 765 ns  Iteration: 1  Process: /FIFO_RSEQ_tb/checker  File: C:/Users/narsi/Desktop/projects/Project_BUG/fifo/FIFO_RSEQ/FIFO_RSEQ_D/tb/FIFO_RSEQ_tb.vhd
Error: ERROR: Data mismatch in FIFO RESET_SEQUENCE
Time: 775 ns  Iteration: 1  Process: /FIFO_RSEQ_tb/checker  File: C:/Users/narsi/Desktop/projects/Project_BUG/fifo/FIFO_RSEQ/FIFO_RSEQ_D/tb/FIFO_RSEQ_tb.vhd
Error: ERROR: Data mismatch in FIFO RESET_SEQUENCE
Time: 785 ns  Iteration: 1  Process: /FIFO_RSEQ_tb/checker  File: C:/Users/narsi/Desktop/projects/Project_BUG/fifo/FIFO_RSEQ/FIFO_RSEQ_D/tb/FIFO_RSEQ_tb.vhd
Error: ERROR: Data mismatch in FIFO RESET_SEQUENCE
Time: 795 ns  Iteration: 1  Process: /FIFO_RSEQ_tb/checker  File: C:/Users/narsi/Desktop/projects/Project_BUG/fifo/FIFO_RSEQ/FIFO_RSEQ_D/tb/FIFO_RSEQ_tb.vhd
Error: ERROR: Data mismatch in FIFO RESET_SEQUENCE
Time: 805 ns  Iteration: 1  Process: /FIFO_RSEQ_tb/checker  File: C:/Users/narsi/Desktop/projects/Project_BUG/fifo/FIFO_RSEQ/FIFO_RSEQ_D/tb/FIFO_RSEQ_tb.vhd
Error: ERROR: Data mismatch in FIFO RESET_SEQUENCE
Time: 815 ns  Iteration: 1  Process: /FIFO_RSEQ_tb/checker  File: C:/Users/narsi/Desktop/projects/Project_BUG/fifo/FIFO_RSEQ/FIFO_RSEQ_D/tb/FIFO_RSEQ_tb.vhd
Error: ERROR: Data mismatch in FIFO RESET_SEQUENCE
Time: 825 ns  Iteration: 1  Process: /FIFO_RSEQ_tb/checker  File: C:/Users/narsi/Desktop/projects/Project_BUG/fifo/FIFO_RSEQ/FIFO_RSEQ_D/tb/FIFO_RSEQ_tb.vhd
Error: ERROR: Data mismatch in FIFO RESET_SEQUENCE
Time: 835 ns  Iteration: 1  Process: /FIFO_RSEQ_tb/checker  File: C:/Users/narsi/Desktop/projects/Project_BUG/fifo/FIFO_RSEQ/FIFO_RSEQ_D/tb/FIFO_RSEQ_tb.vhd
Error: ERROR: Data mismatch in FIFO RESET_SEQUENCE
Time: 845 ns  Iteration: 1  Process: /FIFO_RSEQ_tb/checker  File: C:/Users/narsi/Desktop/projects/Project_BUG/fifo/FIFO_RSEQ/FIFO_RSEQ_D/tb/FIFO_RSEQ_tb.vhd
Error: ERROR: Data mismatch in FIFO RESET_SEQUENCE
Time: 855 ns  Iteration: 1  Process: /FIFO_RSEQ_tb/checker  File: C:/Users/narsi/Desktop/projects/Project_BUG/fifo/FIFO_RSEQ/FIFO_RSEQ_D/tb/FIFO_RSEQ_tb.vhd
Error: ERROR: Data mismatch in FIFO RESET_SEQUENCE
Time: 865 ns  Iteration: 1  Process: /FIFO_RSEQ_tb/checker  File: C:/Users/narsi/Desktop/projects/Project_BUG/fifo/FIFO_RSEQ/FIFO_RSEQ_D/tb/FIFO_RSEQ_tb.vhd
Error: ERROR: Data mismatch in FIFO RESET_SEQUENCE
Time: 875 ns  Iteration: 1  Process: /FIFO_RSEQ_tb/checker  File: C:/Users/narsi/Desktop/projects/Project_BUG/fifo/FIFO_RSEQ/FIFO_RSEQ_D/tb/FIFO_RSEQ_tb.vhd
Error: ERROR: Data mismatch in FIFO RESET_SEQUENCE
Time: 885 ns  Iteration: 1  Process: /FIFO_RSEQ_tb/checker  File: C:/Users/narsi/Desktop/projects/Project_BUG/fifo/FIFO_RSEQ/FIFO_RSEQ_D/tb/FIFO_RSEQ_tb.vhd
Error: ERROR: Data mismatch in FIFO RESET_SEQUENCE
Time: 895 ns  Iteration: 1  Process: /FIFO_RSEQ_tb/checker  File: C:/Users/narsi/Desktop/projects/Project_BUG/fifo/FIFO_RSEQ/FIFO_RSEQ_D/tb/FIFO_RSEQ_tb.vhd
Error: ERROR: Data mismatch in FIFO RESET_SEQUENCE
Time: 905 ns  Iteration: 1  Process: /FIFO_RSEQ_tb/checker  File: C:/Users/narsi/Desktop/projects/Project_BUG/fifo/FIFO_RSEQ/FIFO_RSEQ_D/tb/FIFO_RSEQ_tb.vhd
Note: Simulation completed successfully.
Time: 915 ns  Iteration: 1  Process: /FIFO_RSEQ_tb/stimulus  File: C:/Users/narsi/Desktop/projects/Project_BUG/fifo/FIFO_RSEQ/FIFO_RSEQ_D/tb/FIFO_RSEQ_tb.vhd
Error: ERROR: Data mismatch in FIFO RESET_SEQUENCE
Time: 915 ns  Iteration: 1  Process: /FIFO_RSEQ_tb/checker  File: C:/Users/narsi/Desktop/projects/Project_BUG/fifo/FIFO_RSEQ/FIFO_RSEQ_D/tb/FIFO_RSEQ_tb.vhd
$stop called at time : 965 ns : File "C:/Users/narsi/Desktop/projects/Project_BUG/fifo/FIFO_RSEQ/FIFO_RSEQ_D/tb/FIFO_RSEQ_tb.vhd" Line 99
